[deval_hl] pt b=1.0 s=101: {'full_Region7_s0': 24.2184, 'full_Region7_s0.1': 23.4185, 'full_Region7_s0.2': 25.412, 'full_Region7_s0.3': 22.9726, 'full_Region6_s0': 23.0938, 'full_Region6_s0.1': 21.4593, 'full_Region6_s0.2': 23.1455, 'full_Region6_s0.3': 22.2727}
[deval_hl] pt b=1.0 s=102: {'full_Region7_s0': 24.2165, 'full_Region7_s0.1': 23.3326, 'full_Region7_s0.2': 25.412, 'full_Region7_s0.3': 22.8225, 'full_Region6_s0': 23.1885, 'full_Region6_s0.1': 21.3683, 'full_Region6_s0.2': 23.2187, 'full_Region6_s0.3': 22.3921}
[deval_hl] pt b=1.0 s=103: {'full_Region7_s0': 24.183, 'full_Region7_s0.1': 23.376, 'full_Region7_s0.2': 25.412, 'full_Region7_s0.3': 22.7808, 'full_Region6_s0': 23.2133, 'full_Region6_s0.1': 21.2656, 'full_Region6_s0.2': 23.1523, 'full_Region6_s0.3': 22.3459}
[deval_hl] eim b=1.0 s=101: {'full_Region7_s0': 24.4338, 'full_Region7_s0.1': 23.5391, 'full_Region7_s0.2': 25.412, 'full_Region7_s0.3': 23.3482, 'full_Region6_s0': 23.7656, 'full_Region6_s0.1': 22.0818, 'full_Region6_s0.2': 23.7677, 'full_Region6_s0.3': 22.9986}
[deval_hl] eim b=1.0 s=102: {'full_Region7_s0': 24.3744, 'full_Region7_s0.1': 23.7221, 'full_Region7_s0.2': 25.412, 'full_Region7_s0.3': 23.0518, 'full_Region6_s0': 23.4075, 'full_Region6_s0.1': 21.7655, 'full_Region6_s0.2': 23.797, 'full_Region6_s0.3': 22.9161}
[deval_hl] eim b=1.0 s=103: {'full_Region7_s0': 24.7368, 'full_Region7_s0.1': 23.7874, 'full_Region7_s0.2': 25.412, 'full_Region7_s0.3': 23.2944, 'full_Region6_s0': 23.4001, 'full_Region6_s0.1': 22.1715, 'full_Region6_s0.2': 23.5446, 'full_Region6_s0.3': 22.8111}
[deval_hl] sb b=1.0 s=101: {'full_Region7_s0': 24.3084, 'full_Region7_s0.1': 23.767, 'full_Region7_s0.2': 25.7281, 'full_Region7_s0.3': 22.6816, 'full_Region6_s0': 25.4281, 'full_Region6_s0.1': 23.7359, 'full_Region6_s0.2': 25.0699, 'full_Region6_s0.3': 24.6712}
[deval_hl] sb b=1.0 s=102: {'full_Region7_s0': 24.4155, 'full_Region7_s0.1': 23.5677, 'full_Region7_s0.2': 25.7062, 'full_Region7_s0.3': 25.1598, 'full_Region6_s0': 25.4281, 'full_Region6_s0.1': 21.2441, 'full_Region6_s0.2': 25.0699, 'full_Region6_s0.3': 24.6712}
[deval_hl] sb b=1.0 s=103: {'full_Region7_s0': 24.2946, 'full_Region7_s0.1': 23.4783, 'full_Region7_s0.2': 25.7742, 'full_Region7_s0.3': 25.1598, 'full_Region6_s0': 23.0646, 'full_Region6_s0.1': 23.7359, 'full_Region6_s0.2': 25.0699, 'full_Region6_s0.3': 22.1302}
[deval_hl] mq b=1.0 s=101: {'full_Region7_s0': 24.2806, 'full_Region7_s0.1': 23.4758, 'full_Region7_s0.2': 25.5944, 'full_Region7_s0.3': 22.6665, 'full_Region6_s0': 25.3523, 'full_Region6_s0.1': 23.7275, 'full_Region6_s0.2': 25.0028, 'full_Region6_s0.3': 24.6634}
[deval_hl] mq b=1.0 s=102: {'full_Region7_s0': 24.4155, 'full_Region7_s0.1': 23.4248, 'full_Region7_s0.2': 25.5373, 'full_Region7_s0.3': 25.1114, 'full_Region6_s0': 25.3035, 'full_Region6_s0.1': 21.2231, 'full_Region6_s0.2': 25.0075, 'full_Region6_s0.3': 24.6543}
[deval_hl] mq b=1.0 s=103: {'full_Region7_s0': 24.2946, 'full_Region7_s0.1': 23.4247, 'full_Region7_s0.2': 25.7112, 'full_Region7_s0.3': 25.1267, 'full_Region6_s0': 25.3512, 'full_Region6_s0.1': 23.7274, 'full_Region6_s0.2': 25.0131, 'full_Region6_s0.3': 22.1139}
[deval_hl] lp b=1.0 s=101: {'full_Region7_s0': 24.3084, 'full_Region7_s0.1': 23.7678, 'full_Region7_s0.2': 25.7281, 'full_Region7_s0.3': 22.6816, 'full_Region6_s0': 25.4281, 'full_Region6_s0.1': 23.7359, 'full_Region6_s0.2': 25.0699, 'full_Region6_s0.3': 24.6712}
[deval_hl] milp b=1.0 s=101: {'full_Region7_s0': 24.3019, 'full_Region7_s0.1': 23.3061, 'full_Region7_s0.2': 25.6669, 'full_Region7_s0.3': 22.6816, 'full_Region6_s0': 25.3949, 'full_Region6_s0.1': 23.7359, 'full_Region6_s0.2': 25.0669, 'full_Region6_s0.3': 24.6651}
[deval_hl] milp b=1.0 s=102: {'full_Region7_s0': 24.4155, 'full_Region7_s0.1': 23.3535, 'full_Region7_s0.2': 25.6669, 'full_Region7_s0.3': 25.1474, 'full_Region6_s0': 25.3992, 'full_Region6_s0.1': 21.2441, 'full_Region6_s0.2': 25.0699, 'full_Region6_s0.3': 24.6651}
[deval_hl] milp b=1.0 s=103: {'full_Region7_s0': 24.2278, 'full_Region7_s0.1': 23.476, 'full_Region7_s0.2': 25.6952, 'full_Region7_s0.3': 25.1473, 'full_Region6_s0': 25.4281, 'full_Region6_s0.1': 23.7359, 'full_Region6_s0.2': 25.0687, 'full_Region6_s0.3': 22.1198}
[deval_hl] cpsat b=1.0 s=101: {'full_Region7_s0': 24.3811, 'full_Region7_s0.1': 23.4393, 'full_Region7_s0.2': 25.6669, 'full_Region7_s0.3': 25.1598, 'full_Region6_s0': 25.4281, 'full_Region6_s0.1': 23.7359, 'full_Region6_s0.2': 25.0699, 'full_Region6_s0.3': 24.6712}
[deval_hl] cpsat b=1.0 s=102: {'full_Region7_s0': 24.3811, 'full_Region7_s0.1': 23.4393, 'full_Region7_s0.2': 25.412, 'full_Region7_s0.3': 25.1598, 'full_Region6_s0': 25.4281, 'full_Region6_s0.1': 23.7359, 'full_Region6_s0.2': 25.0699, 'full_Region6_s0.3': 24.6712}
[deval_hl] cpsat b=1.0 s=103: {'full_Region7_s0': 24.3811, 'full_Region7_s0.1': 23.4393, 'full_Region7_s0.2': 25.6669, 'full_Region7_s0.3': 25.1598, 'full_Region6_s0': 25.4281, 'full_Region6_s0.1': 23.7359, 'full_Region6_s0.2': 25.0699, 'full_Region6_s0.3': 24.6712}
[deval_hl] ls b=1.0 s=101: {'full_Region7_s0': 24.2624, 'full_Region7_s0.1': 23.2945, 'full_Region7_s0.2': 25.412, 'full_Region7_s0.3': 22.5743, 'full_Region6_s0': 22.6141, 'full_Region6_s0.1': 21.0006, 'full_Region6_s0.2': 22.8345, 'full_Region6_s0.3': 22.1075}
[deval_hl] ls b=1.0 s=102: {'full_Region7_s0': 24.2312, 'full_Region7_s0.1': 23.3289, 'full_Region7_s0.2': 25.412, 'full_Region7_s0.3': 22.4847, 'full_Region6_s0': 22.6511, 'full_Region6_s0.1': 20.9954, 'full_Region6_s0.2': 22.7456, 'full_Region6_s0.3': 21.9776}
[deval_hl] ls b=1.0 s=103: {'full_Region7_s0': 24.2726, 'full_Region7_s0.1': 23.2945, 'full_Region7_s0.2': 25.412, 'full_Region7_s0.3': 22.4046, 'full_Region6_s0': 22.7447, 'full_Region6_s0.1': 20.8798, 'full_Region6_s0.2': 22.8509, 'full_Region6_s0.3': 22.0252}
[deval_hl] greedy b=1.0 s=101: {'full_Region7_s0': 32.4894, 'full_Region7_s0.1': 33.0233, 'full_Region7_s0.2': 34.5362, 'full_Region7_s0.3': 30.5261, 'full_Region6_s0': 33.3081, 'full_Region6_s0.1': 31.0062, 'full_Region6_s0.2': 29.8964, 'full_Region6_s0.3': 31.91}
[deval_hl] pgreedy b=1.0 s=101: {'full_Region7_s0': 27.4141, 'full_Region7_s0.1': 27.5033, 'full_Region7_s0.2': 27.4611, 'full_Region7_s0.3': 26.9409, 'full_Region6_s0': 26.654, 'full_Region6_s0.1': 25.5855, 'full_Region6_s0.2': 26.5215, 'full_Region6_s0.3': 26.1451}
[deval_hl] pt b=3.0 s=101: {'full_Region7_s0': 24.1013, 'full_Region7_s0.1': 23.1651, 'full_Region7_s0.2': 25.412, 'full_Region7_s0.3': 22.0657, 'full_Region6_s0': 22.4054, 'full_Region6_s0.1': 20.7549, 'full_Region6_s0.2': 22.447, 'full_Region6_s0.3': 21.6197}
[deval_hl] pt b=3.0 s=102: {'full_Region7_s0': 24.108, 'full_Region7_s0.1': 23.1455, 'full_Region7_s0.2': 25.412, 'full_Region7_s0.3': 22.0916, 'full_Region6_s0': 22.4123, 'full_Region6_s0.1': 20.7393, 'full_Region6_s0.2': 22.4351, 'full_Region6_s0.3': 21.6198}
[deval_hl] pt b=3.0 s=103: {'full_Region7_s0': 24.0942, 'full_Region7_s0.1': 23.1838, 'full_Region7_s0.2': 25.412, 'full_Region7_s0.3': 22.0456, 'full_Region6_s0': 22.38, 'full_Region6_s0.1': 20.732, 'full_Region6_s0.2': 22.4271, 'full_Region6_s0.3': 21.6102}
[deval_hl] eim b=3.0 s=101: {'full_Region7_s0': 24.1319, 'full_Region7_s0.1': 23.1832, 'full_Region7_s0.2': 25.412, 'full_Region7_s0.3': 22.1007, 'full_Region6_s0': 22.3342, 'full_Region6_s0.1': 20.7125, 'full_Region6_s0.2': 22.4987, 'full_Region6_s0.3': 21.6089}
[deval_hl] eim b=3.0 s=102: {'full_Region7_s0': 24.1319, 'full_Region7_s0.1': 23.1752, 'full_Region7_s0.2': 25.412, 'full_Region7_s0.3': 22.1389, 'full_Region6_s0': 22.2654, 'full_Region6_s0.1': 20.6839, 'full_Region6_s0.2': 22.4253, 'full_Region6_s0.3': 21.6366}
[deval_hl] eim b=3.0 s=103: {'full_Region7_s0': 24.129, 'full_Region7_s0.1': 23.2025, 'full_Region7_s0.2': 25.412, 'full_Region7_s0.3': 22.0956, 'full_Region6_s0': 22.2774, 'full_Region6_s0.1': 20.7299, 'full_Region6_s0.2': 22.4638, 'full_Region6_s0.3': 21.6007}
[deval_hl] sb b=3.0 s=101: {'full_Region7_s0': 24.3084, 'full_Region7_s0.1': 23.6478, 'full_Region7_s0.2': 25.9543, 'full_Region7_s0.3': 22.6816, 'full_Region6_s0': 23.0646, 'full_Region6_s0.1': 21.2107, 'full_Region6_s0.2': 22.9608, 'full_Region6_s0.3': 22.1302}
[deval_hl] sb b=3.0 s=102: {'full_Region7_s0': 24.4273, 'full_Region7_s0.1': 23.4588, 'full_Region7_s0.2': 25.6669, 'full_Region7_s0.3': 22.6739, 'full_Region6_s0': 23.0646, 'full_Region6_s0.1': 21.1682, 'full_Region6_s0.2': 22.9608, 'full_Region6_s0.3': 22.1302}
[deval_hl] sb b=3.0 s=103: {'full_Region7_s0': 24.3015, 'full_Region7_s0.1': 23.4518, 'full_Region7_s0.2': 25.7742, 'full_Region7_s0.3': 22.6816, 'full_Region6_s0': 22.9752, 'full_Region6_s0.1': 21.1875, 'full_Region6_s0.2': 22.9608, 'full_Region6_s0.3': 22.098}
[deval_hl] mq b=3.0 s=101: {'full_Region7_s0': 24.1353, 'full_Region7_s0.1': 23.2266, 'full_Region7_s0.2': 25.412, 'full_Region7_s0.3': 22.2671, 'full_Region6_s0': 22.5285, 'full_Region6_s0.1': 20.8742, 'full_Region6_s0.2': 22.6274, 'full_Region6_s0.3': 21.7315}
[deval_hl] mq b=3.0 s=102: {'full_Region7_s0': 24.179, 'full_Region7_s0.1': 23.2348, 'full_Region7_s0.2': 25.412, 'full_Region7_s0.3': 22.2688, 'full_Region6_s0': 22.5799, 'full_Region6_s0.1': 20.8784, 'full_Region6_s0.2': 22.6575, 'full_Region6_s0.3': 21.7429}
[deval_hl] mq b=3.0 s=103: {'full_Region7_s0': 24.1711, 'full_Region7_s0.1': 23.2228, 'full_Region7_s0.2': 25.412, 'full_Region7_s0.3': 22.2515, 'full_Region6_s0': 22.5898, 'full_Region6_s0.1': 20.8475, 'full_Region6_s0.2': 22.6373, 'full_Region6_s0.3': 21.7976}
[deval_hl] lp b=3.0 s=101: {'full_Region7_s0': 24.3084, 'full_Region7_s0.1': 23.7678, 'full_Region7_s0.2': 25.7281, 'full_Region7_s0.3': 22.6816, 'full_Region6_s0': 23.0646, 'full_Region6_s0.1': 21.2232, 'full_Region6_s0.2': 22.9613, 'full_Region6_s0.3': 22.1302}
[deval_hl] milp b=3.0 s=101: {'full_Region7_s0': 24.1685, 'full_Region7_s0.1': 23.2632, 'full_Region7_s0.2': 25.6669, 'full_Region7_s0.3': 22.5139, 'full_Region6_s0': 22.5326, 'full_Region6_s0.1': 21.2063, 'full_Region6_s0.2': 23.2236, 'full_Region6_s0.3': 22.0226}
[deval_hl] milp b=3.0 s=102: {'full_Region7_s0': 24.3407, 'full_Region7_s0.1': 23.3455, 'full_Region7_s0.2': 25.6669, 'full_Region7_s0.3': 22.395, 'full_Region6_s0': 22.7957, 'full_Region6_s0.1': 21.1536, 'full_Region6_s0.2': 23.323, 'full_Region6_s0.3': 22.1144}
[deval_hl] milp b=3.0 s=103: {'full_Region7_s0': 24.1826, 'full_Region7_s0.1': 23.4546, 'full_Region7_s0.2': 25.6811, 'full_Region7_s0.3': 22.5726, 'full_Region6_s0': 22.4688, 'full_Region6_s0.1': 20.9974, 'full_Region6_s0.2': 22.8222, 'full_Region6_s0.3': 22.1144}
[deval_hl] cpsat b=3.0 s=101: {'full_Region7_s0': 24.2608, 'full_Region7_s0.1': 23.3573, 'full_Region7_s0.2': 25.412, 'full_Region7_s0.3': 22.5702, 'full_Region6_s0': 22.7756, 'full_Region6_s0.1': 21.1062, 'full_Region6_s0.2': 22.8091, 'full_Region6_s0.3': 22.0502}
[deval_hl] cpsat b=3.0 s=102: {'full_Region7_s0': 24.3054, 'full_Region7_s0.1': 23.4215, 'full_Region7_s0.2': 25.412, 'full_Region7_s0.3': 22.5641, 'full_Region6_s0': 22.8426, 'full_Region6_s0.1': 21.0857, 'full_Region6_s0.2': 22.7942, 'full_Region6_s0.3': 22.0642}
[deval_hl] cpsat b=3.0 s=103: {'full_Region7_s0': 24.3106, 'full_Region7_s0.1': 23.3612, 'full_Region7_s0.2': 25.412, 'full_Region7_s0.3': 22.5825, 'full_Region6_s0': 22.802, 'full_Region6_s0.1': 21.0851, 'full_Region6_s0.2': 22.7566, 'full_Region6_s0.3': 22.1086}
[deval_hl] ls b=3.0 s=101: {'full_Region7_s0': 24.1595, 'full_Region7_s0.1': 23.244, 'full_Region7_s0.2': 25.412, 'full_Region7_s0.3': 22.3396, 'full_Region6_s0': 22.3302, 'full_Region6_s0.1': 20.7519, 'full_Region6_s0.2': 22.5021, 'full_Region6_s0.3': 21.6602}
[deval_hl] ls b=3.0 s=102: {'full_Region7_s0': 24.1645, 'full_Region7_s0.1': 23.2426, 'full_Region7_s0.2': 25.412, 'full_Region7_s0.3': 22.3088, 'full_Region6_s0': 22.3914, 'full_Region6_s0.1': 20.7525, 'full_Region6_s0.2': 22.4914, 'full_Region6_s0.3': 21.6729}
[deval_hl] ls b=3.0 s=103: {'full_Region7_s0': 24.1738, 'full_Region7_s0.1': 23.2363, 'full_Region7_s0.2': 25.412, 'full_Region7_s0.3': 22.2914, 'full_Region6_s0': 22.3644, 'full_Region6_s0.1': 20.7375, 'full_Region6_s0.2': 22.4926, 'full_Region6_s0.3': 21.7061}
[deval_hl] greedy b=3.0 s=101: {'full_Region7_s0': 32.4894, 'full_Region7_s0.1': 33.0233, 'full_Region7_s0.2': 34.5362, 'full_Region7_s0.3': 30.5261, 'full_Region6_s0': 33.3081, 'full_Region6_s0.1': 31.0062, 'full_Region6_s0.2': 29.8964, 'full_Region6_s0.3': 31.91}
[deval_hl] pgreedy b=3.0 s=101: {'full_Region7_s0': 27.4141, 'full_Region7_s0.1': 27.5033, 'full_Region7_s0.2': 27.4611, 'full_Region7_s0.3': 26.9409, 'full_Region6_s0': 26.654, 'full_Region6_s0.1': 25.5855, 'full_Region6_s0.2': 26.5215, 'full_Region6_s0.3': 26.1451}
[deval_hl] pt b=10.0 s=101: {'full_Region7_s0': 24.0947, 'full_Region7_s0.1': 23.1612, 'full_Region7_s0.2': 25.412, 'full_Region7_s0.3': 22.0602, 'full_Region6_s0': 22.2429, 'full_Region6_s0.1': 20.6402, 'full_Region6_s0.2': 22.3169, 'full_Region6_s0.3': 21.5255}
[deval_hl] pt b=10.0 s=102: {'full_Region7_s0': 24.1018, 'full_Region7_s0.1': 23.1855, 'full_Region7_s0.2': 25.412, 'full_Region7_s0.3': 22.0544, 'full_Region6_s0': 22.2411, 'full_Region6_s0.1': 20.7125, 'full_Region6_s0.2': 22.2969, 'full_Region6_s0.3': 21.53}
[deval_hl] pt b=10.0 s=103: {'full_Region7_s0': 24.0947, 'full_Region7_s0.1': 23.1486, 'full_Region7_s0.2': 25.412, 'full_Region7_s0.3': 22.056, 'full_Region6_s0': 22.2393, 'full_Region6_s0.1': 20.721, 'full_Region6_s0.2': 22.3072, 'full_Region6_s0.3': 21.5359}
[deval_hl] eim b=10.0 s=101: {'full_Region7_s0': 24.1319, 'full_Region7_s0.1': 23.1684, 'full_Region7_s0.2': 25.412, 'full_Region7_s0.3': 22.0654, 'full_Region6_s0': 22.2179, 'full_Region6_s0.1': 20.6349, 'full_Region6_s0.2': 22.3657, 'full_Region6_s0.3': 21.5471}
[deval_hl] eim b=10.0 s=102: {'full_Region7_s0': 24.1252, 'full_Region7_s0.1': 23.1646, 'full_Region7_s0.2': 25.412, 'full_Region7_s0.3': 22.0346, 'full_Region6_s0': 22.2526, 'full_Region6_s0.1': 20.6075, 'full_Region6_s0.2': 22.4004, 'full_Region6_s0.3': 21.5386}
[deval_hl] eim b=10.0 s=103: {'full_Region7_s0': 24.1319, 'full_Region7_s0.1': 23.1689, 'full_Region7_s0.2': 25.412, 'full_Region7_s0.3': 22.0527, 'full_Region6_s0': 22.2533, 'full_Region6_s0.1': 20.5877, 'full_Region6_s0.2': 22.3994, 'full_Region6_s0.3': 21.5494}
[deval_hl] sb b=10.0 s=101: {'full_Region7_s0': 24.252, 'full_Region7_s0.1': 23.2701, 'full_Region7_s0.2': 25.6669, 'full_Region7_s0.3': 22.5701, 'full_Region6_s0': 22.9579, 'full_Region6_s0.1': 20.9015, 'full_Region6_s0.2': 22.6749, 'full_Region6_s0.3': 22.0366}
[deval_hl] sb b=10.0 s=102: {'full_Region7_s0': 24.3879, 'full_Region7_s0.1': 23.5871, 'full_Region7_s0.2': 25.6669, 'full_Region7_s0.3': 22.5086, 'full_Region6_s0': 22.9247, 'full_Region6_s0.1': 20.9282, 'full_Region6_s0.2': 22.6874, 'full_Region6_s0.3': 22.0945}
[deval_hl] sb b=10.0 s=103: {'full_Region7_s0': 24.2646, 'full_Region7_s0.1': 23.3867, 'full_Region7_s0.2': 25.6669, 'full_Region7_s0.3': 22.5807, 'full_Region6_s0': 22.9879, 'full_Region6_s0.1': 20.871, 'full_Region6_s0.2': 22.7468, 'full_Region6_s0.3': 22.0686}
[deval_hl] mq b=10.0 s=101: {'full_Region7_s0': 24.1094, 'full_Region7_s0.1': 23.2161, 'full_Region7_s0.2': 25.412, 'full_Region7_s0.3': 22.1681, 'full_Region6_s0': 22.3982, 'full_Region6_s0.1': 20.7733, 'full_Region6_s0.2': 22.515, 'full_Region6_s0.3': 21.6322}
[deval_hl] mq b=10.0 s=102: {'full_Region7_s0': 24.1049, 'full_Region7_s0.1': 23.1845, 'full_Region7_s0.2': 25.412, 'full_Region7_s0.3': 22.2489, 'full_Region6_s0': 22.5218, 'full_Region6_s0.1': 20.7548, 'full_Region6_s0.2': 22.4618, 'full_Region6_s0.3': 21.6027}
[deval_hl] mq b=10.0 s=103: {'full_Region7_s0': 24.1075, 'full_Region7_s0.1': 23.1692, 'full_Region7_s0.2': 25.412, 'full_Region7_s0.3': 22.1473, 'full_Region6_s0': 22.418, 'full_Region6_s0.1': 20.7476, 'full_Region6_s0.2': 22.4523, 'full_Region6_s0.3': 21.6934}
[deval_hl] lp b=10.0 s=101: {'full_Region7_s0': 24.3084, 'full_Region7_s0.1': 23.7678, 'full_Region7_s0.2': 25.7281, 'full_Region7_s0.3': 22.6816, 'full_Region6_s0': 23.0646, 'full_Region6_s0.1': 21.2232, 'full_Region6_s0.2': 22.9613, 'full_Region6_s0.3': 22.1302}
[deval_hl] milp b=10.0 s=101: {'full_Region7_s0': 24.262, 'full_Region7_s0.1': 23.5582, 'full_Region7_s0.2': 25.7281, 'full_Region7_s0.3': 22.392, 'full_Region6_s0': 22.3965, 'full_Region6_s0.1': 20.7712, 'full_Region6_s0.2': 22.6936, 'full_Region6_s0.3': 21.9622}
[deval_hl] milp b=10.0 s=102: {'full_Region7_s0': 24.3122, 'full_Region7_s0.1': 23.5183, 'full_Region7_s0.2': 25.412, 'full_Region7_s0.3': 22.3941, 'full_Region6_s0': 22.3857, 'full_Region6_s0.1': 20.8515, 'full_Region6_s0.2': 22.7123, 'full_Region6_s0.3': 21.7961}
[deval_hl] milp b=10.0 s=103: {'full_Region7_s0': 24.2289, 'full_Region7_s0.1': 23.3756, 'full_Region7_s0.2': 25.7742, 'full_Region7_s0.3': 22.3538, 'full_Region6_s0': 22.419, 'full_Region6_s0.1': 20.9174, 'full_Region6_s0.2': 22.7077, 'full_Region6_s0.3': 21.8607}
[deval_hl] cpsat b=10.0 s=101: {'full_Region7_s0': 24.1431, 'full_Region7_s0.1': 23.196, 'full_Region7_s0.2': 25.412, 'full_Region7_s0.3': 22.1793, 'full_Region6_s0': 22.4268, 'full_Region6_s0.1': 20.738, 'full_Region6_s0.2': 22.5648, 'full_Region6_s0.3': 21.7069}
[deval_hl] cpsat b=10.0 s=102: {'full_Region7_s0': 24.1436, 'full_Region7_s0.1': 23.1747, 'full_Region7_s0.2': 25.412, 'full_Region7_s0.3': 22.2716, 'full_Region6_s0': 22.4708, 'full_Region6_s0.1': 20.7672, 'full_Region6_s0.2': 22.559, 'full_Region6_s0.3': 21.7532}
[deval_hl] cpsat b=10.0 s=103: {'full_Region7_s0': 24.1415, 'full_Region7_s0.1': 23.4291, 'full_Region7_s0.2': 25.412, 'full_Region7_s0.3': 22.1936, 'full_Region6_s0': 22.4682, 'full_Region6_s0.1': 20.7856, 'full_Region6_s0.2': 22.5655, 'full_Region6_s0.3': 21.7804}
[deval_hl] ls b=10.0 s=101: {'full_Region7_s0': 24.1313, 'full_Region7_s0.1': 23.1799, 'full_Region7_s0.2': 25.412, 'full_Region7_s0.3': 22.1042, 'full_Region6_s0': 22.1923, 'full_Region6_s0.1': 20.6106, 'full_Region6_s0.2': 22.3056, 'full_Region6_s0.3': 21.4916}
[deval_hl] ls b=10.0 s=102: {'full_Region7_s0': 24.1313, 'full_Region7_s0.1': 23.1883, 'full_Region7_s0.2': 25.412, 'full_Region7_s0.3': 22.112, 'full_Region6_s0': 22.2074, 'full_Region6_s0.1': 20.6063, 'full_Region6_s0.2': 22.2906, 'full_Region6_s0.3': 21.4908}
[deval_hl] ls b=10.0 s=103: {'full_Region7_s0': 24.1247, 'full_Region7_s0.1': 23.2445, 'full_Region7_s0.2': 25.412, 'full_Region7_s0.3': 22.1006, 'full_Region6_s0': 22.208, 'full_Region6_s0.1': 20.6212, 'full_Region6_s0.2': 22.2835, 'full_Region6_s0.3': 21.5241}
[deval_hl] greedy b=10.0 s=101: {'full_Region7_s0': 32.4894, 'full_Region7_s0.1': 33.0233, 'full_Region7_s0.2': 34.5362, 'full_Region7_s0.3': 30.5261, 'full_Region6_s0': 33.3081, 'full_Region6_s0.1': 31.0062, 'full_Region6_s0.2': 29.8964, 'full_Region6_s0.3': 31.91}
[deval_hl] pgreedy b=10.0 s=101: {'full_Region7_s0': 27.4141, 'full_Region7_s0.1': 27.5033, 'full_Region7_s0.2': 27.4611, 'full_Region7_s0.3': 26.9409, 'full_Region6_s0': 26.654, 'full_Region6_s0.1': 25.5855, 'full_Region6_s0.2': 26.5215, 'full_Region6_s0.3': 26.1451}
