[deval] pt b=1.0 s=101: {'full_Region7_s0': 24.251, 'full_Region7_s0.1': 23.4241, 'full_Region7_s0.2': 25.412, 'full_Region7_s0.3': 22.7718, 'full_Region6_s0': 23.1924, 'full_Region6_s0.1': 21.3875, 'full_Region6_s0.2': 23.2399, 'full_Region6_s0.3': 22.4786}
[deval] pt b=1.0 s=102: {'full_Region7_s0': 24.2538, 'full_Region7_s0.1': 23.3938, 'full_Region7_s0.2': 25.412, 'full_Region7_s0.3': 22.8585, 'full_Region6_s0': 23.2015, 'full_Region6_s0.1': 21.3144, 'full_Region6_s0.2': 23.2746, 'full_Region6_s0.3': 22.4187}
[deval] pt b=1.0 s=103: {'full_Region7_s0': 24.2162, 'full_Region7_s0.1': 23.3562, 'full_Region7_s0.2': 25.412, 'full_Region7_s0.3': 22.7481, 'full_Region6_s0': 23.1704, 'full_Region6_s0.1': 21.3965, 'full_Region6_s0.2': 23.1053, 'full_Region6_s0.3': 22.3311}
[deval] eim b=1.0 s=101: {'full_Region7_s0': 24.4038, 'full_Region7_s0.1': 23.6082, 'full_Region7_s0.2': 25.4191, 'full_Region7_s0.3': 23.1979, 'full_Region6_s0': 23.4815, 'full_Region6_s0.1': 21.8037, 'full_Region6_s0.2': 23.6377, 'full_Region6_s0.3': 22.8617}
[deval] eim b=1.0 s=102: {'full_Region7_s0': 24.4435, 'full_Region7_s0.1': 23.6566, 'full_Region7_s0.2': 25.412, 'full_Region7_s0.3': 23.1917, 'full_Region6_s0': 23.771, 'full_Region6_s0.1': 21.7446, 'full_Region6_s0.2': 23.6287, 'full_Region6_s0.3': 22.7824}
[deval] eim b=1.0 s=103: {'full_Region7_s0': 24.3579, 'full_Region7_s0.1': 23.6224, 'full_Region7_s0.2': 25.4191, 'full_Region7_s0.3': 23.0652, 'full_Region6_s0': 23.4429, 'full_Region6_s0.1': 21.7653, 'full_Region6_s0.2': 23.4796, 'full_Region6_s0.3': 22.748}
[deval] sb b=1.0 s=101: {'full_Region7_s0': 24.3084, 'full_Region7_s0.1': 23.7678, 'full_Region7_s0.2': 25.7281, 'full_Region7_s0.3': 25.1598, 'full_Region6_s0': 25.4281, 'full_Region6_s0.1': 23.7359, 'full_Region6_s0.2': 25.0699, 'full_Region6_s0.3': 24.6712}
[deval] sb b=1.0 s=102: {'full_Region7_s0': 24.4155, 'full_Region7_s0.1': 23.5779, 'full_Region7_s0.2': 25.7062, 'full_Region7_s0.3': 25.1598, 'full_Region6_s0': 25.4281, 'full_Region6_s0.1': 23.7359, 'full_Region6_s0.2': 25.0699, 'full_Region6_s0.3': 24.6712}
[deval] sb b=1.0 s=103: {'full_Region7_s0': 24.2946, 'full_Region7_s0.1': 23.4783, 'full_Region7_s0.2': 25.7742, 'full_Region7_s0.3': 25.1598, 'full_Region6_s0': 25.4281, 'full_Region6_s0.1': 23.7359, 'full_Region6_s0.2': 25.0699, 'full_Region6_s0.3': 24.6712}
[deval] mq b=1.0 s=101: {'full_Region7_s0': 24.3078, 'full_Region7_s0.1': 23.7209, 'full_Region7_s0.2': 25.7281, 'full_Region7_s0.3': 25.0552, 'full_Region6_s0': 25.247, 'full_Region6_s0.1': 23.6852, 'full_Region6_s0.2': 24.9716, 'full_Region6_s0.3': 24.6261}
[deval] mq b=1.0 s=102: {'full_Region7_s0': 24.4141, 'full_Region7_s0.1': 23.5418, 'full_Region7_s0.2': 25.6847, 'full_Region7_s0.3': 25.1179, 'full_Region6_s0': 25.3, 'full_Region6_s0.1': 23.7017, 'full_Region6_s0.2': 24.9817, 'full_Region6_s0.3': 24.6364}
[deval] mq b=1.0 s=103: {'full_Region7_s0': 24.2684, 'full_Region7_s0.1': 23.4388, 'full_Region7_s0.2': 25.7742, 'full_Region7_s0.3': 25.0663, 'full_Region6_s0': 25.283, 'full_Region6_s0.1': 23.671, 'full_Region6_s0.2': 24.9933, 'full_Region6_s0.3': 24.6377}
[deval] lp b=1.0 s=101: {'full_Region7_s0': 24.3084, 'full_Region7_s0.1': 23.7678, 'full_Region7_s0.2': 25.7281, 'full_Region7_s0.3': 25.1598, 'full_Region6_s0': 25.4281, 'full_Region6_s0.1': 23.7359, 'full_Region6_s0.2': 25.0699, 'full_Region6_s0.3': 24.6712}
[deval] milp b=1.0 s=101: {'full_Region7_s0': 24.3084, 'full_Region7_s0.1': 23.7534, 'full_Region7_s0.2': 25.7281, 'full_Region7_s0.3': 25.1474, 'full_Region6_s0': 25.3949, 'full_Region6_s0.1': 23.7229, 'full_Region6_s0.2': 25.0669, 'full_Region6_s0.3': 24.6492}
[deval] milp b=1.0 s=102: {'full_Region7_s0': 24.4155, 'full_Region7_s0.1': 23.5574, 'full_Region7_s0.2': 25.7062, 'full_Region7_s0.3': 25.1474, 'full_Region6_s0': 25.4281, 'full_Region6_s0.1': 23.7229, 'full_Region6_s0.2': 25.0699, 'full_Region6_s0.3': 24.6492}
[deval] milp b=1.0 s=103: {'full_Region7_s0': 24.2842, 'full_Region7_s0.1': 23.4573, 'full_Region7_s0.2': 25.7742, 'full_Region7_s0.3': 25.1473, 'full_Region6_s0': 25.4281, 'full_Region6_s0.1': 23.7229, 'full_Region6_s0.2': 25.0699, 'full_Region6_s0.3': 24.6492}
[deval] cpsat b=1.0 s=101: {'full_Region7_s0': 24.3811, 'full_Region7_s0.1': 23.4393, 'full_Region7_s0.2': 25.7771, 'full_Region7_s0.3': 25.1496, 'full_Region6_s0': 25.3819, 'full_Region6_s0.1': 23.7352, 'full_Region6_s0.2': 25.0417, 'full_Region6_s0.3': 24.6652}
[deval] cpsat b=1.0 s=102: {'full_Region7_s0': 24.3811, 'full_Region7_s0.1': 23.4393, 'full_Region7_s0.2': 25.7771, 'full_Region7_s0.3': 25.1417, 'full_Region6_s0': 25.3668, 'full_Region6_s0.1': 23.7356, 'full_Region6_s0.2': 25.06, 'full_Region6_s0.3': 24.6651}
[deval] cpsat b=1.0 s=103: {'full_Region7_s0': 24.3811, 'full_Region7_s0.1': 23.4393, 'full_Region7_s0.2': 25.7771, 'full_Region7_s0.3': 25.1507, 'full_Region6_s0': 25.3708, 'full_Region6_s0.1': 23.7353, 'full_Region6_s0.2': 25.0566, 'full_Region6_s0.3': 24.6652}
[deval] ls b=1.0 s=101: {'full_Region7_s0': 24.2452, 'full_Region7_s0.1': 23.3782, 'full_Region7_s0.2': 25.412, 'full_Region7_s0.3': 22.5196, 'full_Region6_s0': 22.7133, 'full_Region6_s0.1': 20.9947, 'full_Region6_s0.2': 22.8144, 'full_Region6_s0.3': 22.0334}
[deval] ls b=1.0 s=102: {'full_Region7_s0': 24.2645, 'full_Region7_s0.1': 23.4169, 'full_Region7_s0.2': 25.412, 'full_Region7_s0.3': 22.5272, 'full_Region6_s0': 22.7089, 'full_Region6_s0.1': 20.9609, 'full_Region6_s0.2': 22.7804, 'full_Region6_s0.3': 22.2437}
[deval] ls b=1.0 s=103: {'full_Region7_s0': 24.285, 'full_Region7_s0.1': 23.477, 'full_Region7_s0.2': 25.412, 'full_Region7_s0.3': 22.5359, 'full_Region6_s0': 22.7342, 'full_Region6_s0.1': 20.9894, 'full_Region6_s0.2': 22.8509, 'full_Region6_s0.3': 22.0289}
[deval] greedy b=1.0 s=101: {'full_Region7_s0': 32.4894, 'full_Region7_s0.1': 33.0233, 'full_Region7_s0.2': 34.5362, 'full_Region7_s0.3': 30.5261, 'full_Region6_s0': 33.3081, 'full_Region6_s0.1': 31.0062, 'full_Region6_s0.2': 29.8964, 'full_Region6_s0.3': 31.91}
[deval] pgreedy b=1.0 s=101: {'full_Region7_s0': 27.4141, 'full_Region7_s0.1': 27.5033, 'full_Region7_s0.2': 27.4611, 'full_Region7_s0.3': 26.9409, 'full_Region6_s0': 26.654, 'full_Region6_s0.1': 25.5855, 'full_Region6_s0.2': 26.5215, 'full_Region6_s0.3': 26.1451}
