[deval] pt b=1.0 s=101: {'full_Region7_s0': 24.2407, 'full_Region7_s0.1': 23.5308, 'full_Region7_s0.2': 25.412, 'full_Region7_s0.3': 22.8089, 'full_Region6_s0': 23.2338, 'full_Region6_s0.1': 21.3189, 'full_Region6_s0.2': 23.2172, 'full_Region6_s0.3': 22.5153}
[deval] pt b=1.0 s=102: {'full_Region7_s0': 24.259, 'full_Region7_s0.1': 23.4998, 'full_Region7_s0.2': 25.412, 'full_Region7_s0.3': 22.7674, 'full_Region6_s0': 23.1097, 'full_Region6_s0.1': 21.3294, 'full_Region6_s0.2': 23.1094, 'full_Region6_s0.3': 22.5591}
[deval] pt b=1.0 s=103: {'full_Region7_s0': 24.2167, 'full_Region7_s0.1': 23.3921, 'full_Region7_s0.2': 25.412, 'full_Region7_s0.3': 22.7447, 'full_Region6_s0': 23.2648, 'full_Region6_s0.1': 21.3949, 'full_Region6_s0.2': 23.1753, 'full_Region6_s0.3': 22.3353}
[deval] eim b=1.0 s=101: {'full_Region7_s0': 24.4087, 'full_Region7_s0.1': 23.5999, 'full_Region7_s0.2': 25.412, 'full_Region7_s0.3': 23.083, 'full_Region6_s0': 23.422, 'full_Region6_s0.1': 21.7036, 'full_Region6_s0.2': 23.7217, 'full_Region6_s0.3': 22.6419}
[deval] eim b=1.0 s=102: {'full_Region7_s0': 24.3642, 'full_Region7_s0.1': 23.5524, 'full_Region7_s0.2': 25.412, 'full_Region7_s0.3': 23.103, 'full_Region6_s0': 23.4451, 'full_Region6_s0.1': 21.6543, 'full_Region6_s0.2': 23.589, 'full_Region6_s0.3': 22.5941}
[deval] eim b=1.0 s=103: {'full_Region7_s0': 24.3631, 'full_Region7_s0.1': 23.5584, 'full_Region7_s0.2': 25.412, 'full_Region7_s0.3': 23.0044, 'full_Region6_s0': 23.4944, 'full_Region6_s0.1': 21.769, 'full_Region6_s0.2': 23.4412, 'full_Region6_s0.3': 22.6496}
[deval] sb b=1.0 s=101: {'full_Region7_s0': 24.3084, 'full_Region7_s0.1': 23.767, 'full_Region7_s0.2': 25.7281, 'full_Region7_s0.3': 25.1598, 'full_Region6_s0': 25.4281, 'full_Region6_s0.1': 23.7359, 'full_Region6_s0.2': 25.0699, 'full_Region6_s0.3': 24.6712}
[deval] sb b=1.0 s=102: {'full_Region7_s0': 24.4155, 'full_Region7_s0.1': 23.5677, 'full_Region7_s0.2': 25.7062, 'full_Region7_s0.3': 25.1598, 'full_Region6_s0': 25.4281, 'full_Region6_s0.1': 23.7359, 'full_Region6_s0.2': 25.0699, 'full_Region6_s0.3': 24.6712}
[deval] sb b=1.0 s=103: {'full_Region7_s0': 24.2946, 'full_Region7_s0.1': 23.4783, 'full_Region7_s0.2': 25.7742, 'full_Region7_s0.3': 25.1598, 'full_Region6_s0': 25.4281, 'full_Region6_s0.1': 23.7359, 'full_Region6_s0.2': 25.0699, 'full_Region6_s0.3': 24.6712}
[deval] mq b=1.0 s=101: {'full_Region7_s0': 24.2948, 'full_Region7_s0.1': 23.7241, 'full_Region7_s0.2': 25.6722, 'full_Region7_s0.3': 25.0605, 'full_Region6_s0': 25.2504, 'full_Region6_s0.1': 23.6855, 'full_Region6_s0.2': 24.9716, 'full_Region6_s0.3': 24.6261}
[deval] mq b=1.0 s=102: {'full_Region7_s0': 24.4141, 'full_Region7_s0.1': 23.5412, 'full_Region7_s0.2': 25.6847, 'full_Region7_s0.3': 25.0779, 'full_Region6_s0': 25.2321, 'full_Region6_s0.1': 23.6778, 'full_Region6_s0.2': 24.9638, 'full_Region6_s0.3': 24.6356}
[deval] mq b=1.0 s=103: {'full_Region7_s0': 24.2728, 'full_Region7_s0.1': 23.4388, 'full_Region7_s0.2': 25.7742, 'full_Region7_s0.3': 25.0643, 'full_Region6_s0': 25.34, 'full_Region6_s0.1': 23.701, 'full_Region6_s0.2': 25.0003, 'full_Region6_s0.3': 24.6324}
[deval] lp b=1.0 s=101: {'full_Region7_s0': 24.3084, 'full_Region7_s0.1': 23.7678, 'full_Region7_s0.2': 25.7281, 'full_Region7_s0.3': 25.1598, 'full_Region6_s0': 25.4281, 'full_Region6_s0.1': 23.7359, 'full_Region6_s0.2': 25.0699, 'full_Region6_s0.3': 24.6712}
[deval] milp b=1.0 s=101: {'full_Region7_s0': 24.3043, 'full_Region7_s0.1': 23.7534, 'full_Region7_s0.2': 25.7281, 'full_Region7_s0.3': 25.1474, 'full_Region6_s0': 25.3949, 'full_Region6_s0.1': 23.7229, 'full_Region6_s0.2': 25.0699, 'full_Region6_s0.3': 24.6492}
[deval] milp b=1.0 s=102: {'full_Region7_s0': 24.4155, 'full_Region7_s0.1': 23.5534, 'full_Region7_s0.2': 25.7062, 'full_Region7_s0.3': 25.1474, 'full_Region6_s0': 25.4281, 'full_Region6_s0.1': 23.7229, 'full_Region6_s0.2': 25.0669, 'full_Region6_s0.3': 24.6492}
[deval] milp b=1.0 s=103: {'full_Region7_s0': 24.2842, 'full_Region7_s0.1': 23.4573, 'full_Region7_s0.2': 25.7742, 'full_Region7_s0.3': 25.1087, 'full_Region6_s0': 25.2955, 'full_Region6_s0.1': 23.7229, 'full_Region6_s0.2': 25.0699, 'full_Region6_s0.3': 24.6492}
[deval] cpsat b=1.0 s=101: {'full_Region7_s0': 24.3811, 'full_Region7_s0.1': 23.4393, 'full_Region7_s0.2': 25.7771, 'full_Region7_s0.3': 25.1503, 'full_Region6_s0': 25.354, 'full_Region6_s0.1': 23.7356, 'full_Region6_s0.2': 25.0599, 'full_Region6_s0.3': 24.6652}
[deval] cpsat b=1.0 s=102: {'full_Region7_s0': 24.3811, 'full_Region7_s0.1': 23.4393, 'full_Region7_s0.2': 25.7771, 'full_Region7_s0.3': 25.1474, 'full_Region6_s0': 25.4281, 'full_Region6_s0.1': 23.7309, 'full_Region6_s0.2': 25.0239, 'full_Region6_s0.3': 24.6652}
[deval] cpsat b=1.0 s=103: {'full_Region7_s0': 24.3811, 'full_Region7_s0.1': 23.4393, 'full_Region7_s0.2': 25.7771, 'full_Region7_s0.3': 25.1403, 'full_Region6_s0': 25.3936, 'full_Region6_s0.1': 23.7352, 'full_Region6_s0.2': 25.0566, 'full_Region6_s0.3': 24.6631}
[deval] ls b=1.0 s=101: {'full_Region7_s0': 24.2731, 'full_Region7_s0.1': 23.3784, 'full_Region7_s0.2': 25.412, 'full_Region7_s0.3': 22.5397, 'full_Region6_s0': 22.6746, 'full_Region6_s0.1': 20.9442, 'full_Region6_s0.2': 22.8132, 'full_Region6_s0.3': 21.9987}
[deval] ls b=1.0 s=102: {'full_Region7_s0': 24.2475, 'full_Region7_s0.1': 23.3994, 'full_Region7_s0.2': 25.412, 'full_Region7_s0.3': 22.4953, 'full_Region6_s0': 22.7648, 'full_Region6_s0.1': 20.9296, 'full_Region6_s0.2': 22.7885, 'full_Region6_s0.3': 22.1024}
[deval] ls b=1.0 s=103: {'full_Region7_s0': 24.2757, 'full_Region7_s0.1': 23.3719, 'full_Region7_s0.2': 25.412, 'full_Region7_s0.3': 22.5342, 'full_Region6_s0': 22.6183, 'full_Region6_s0.1': 21.0119, 'full_Region6_s0.2': 22.8123, 'full_Region6_s0.3': 22.1088}
[deval] greedy b=1.0 s=101: {'full_Region7_s0': 32.4894, 'full_Region7_s0.1': 33.0233, 'full_Region7_s0.2': 34.5362, 'full_Region7_s0.3': 30.5261, 'full_Region6_s0': 33.3081, 'full_Region6_s0.1': 31.0062, 'full_Region6_s0.2': 29.8964, 'full_Region6_s0.3': 31.91}
[deval] pgreedy b=1.0 s=101: {'full_Region7_s0': 27.4141, 'full_Region7_s0.1': 27.5033, 'full_Region7_s0.2': 27.4611, 'full_Region7_s0.3': 26.9409, 'full_Region6_s0': 26.654, 'full_Region6_s0.1': 25.5855, 'full_Region6_s0.2': 26.5215, 'full_Region6_s0.3': 26.1451}
[deval] pt b=3.0 s=101: {'full_Region7_s0': 24.0942, 'full_Region7_s0.1': 23.1672, 'full_Region7_s0.2': 25.5131, 'full_Region7_s0.3': 22.0498, 'full_Region6_s0': 22.3138, 'full_Region6_s0.1': 20.7158, 'full_Region6_s0.2': 22.4014, 'full_Region6_s0.3': 21.5712}
[deval] pt b=3.0 s=102: {'full_Region7_s0': 24.2151, 'full_Region7_s0.1': 23.1789, 'full_Region7_s0.2': 25.412, 'full_Region7_s0.3': 22.0586, 'full_Region6_s0': 22.341, 'full_Region6_s0.1': 20.677, 'full_Region6_s0.2': 22.3807, 'full_Region6_s0.3': 21.5972}
[deval] pt b=3.0 s=103: {'full_Region7_s0': 24.1017, 'full_Region7_s0.1': 23.1838, 'full_Region7_s0.2': 25.412, 'full_Region7_s0.3': 22.0562, 'full_Region6_s0': 22.3274, 'full_Region6_s0.1': 20.6854, 'full_Region6_s0.2': 22.3932, 'full_Region6_s0.3': 21.5986}
[deval] eim b=3.0 s=101: {'full_Region7_s0': 24.1296, 'full_Region7_s0.1': 23.2151, 'full_Region7_s0.2': 25.412, 'full_Region7_s0.3': 22.1789, 'full_Region6_s0': 22.4264, 'full_Region6_s0.1': 20.72, 'full_Region6_s0.2': 22.4807, 'full_Region6_s0.3': 21.5883}
[deval] eim b=3.0 s=102: {'full_Region7_s0': 24.1361, 'full_Region7_s0.1': 23.2175, 'full_Region7_s0.2': 25.412, 'full_Region7_s0.3': 22.1898, 'full_Region6_s0': 22.4329, 'full_Region6_s0.1': 20.7173, 'full_Region6_s0.2': 22.4763, 'full_Region6_s0.3': 21.6098}
[deval] eim b=3.0 s=103: {'full_Region7_s0': 24.1361, 'full_Region7_s0.1': 23.2085, 'full_Region7_s0.2': 25.412, 'full_Region7_s0.3': 22.1783, 'full_Region6_s0': 22.4307, 'full_Region6_s0.1': 20.7218, 'full_Region6_s0.2': 22.4849, 'full_Region6_s0.3': 21.6554}
[deval] sb b=3.0 s=101: {'full_Region7_s0': 24.3084, 'full_Region7_s0.1': 23.7269, 'full_Region7_s0.2': 25.7281, 'full_Region7_s0.3': 22.6816, 'full_Region6_s0': 22.9635, 'full_Region6_s0.1': 21.1414, 'full_Region6_s0.2': 22.9613, 'full_Region6_s0.3': 22.1353}
[deval] sb b=3.0 s=102: {'full_Region7_s0': 24.3746, 'full_Region7_s0.1': 23.5461, 'full_Region7_s0.2': 25.7062, 'full_Region7_s0.3': 22.6627, 'full_Region6_s0': 22.9516, 'full_Region6_s0.1': 21.176, 'full_Region6_s0.2': 22.9806, 'full_Region6_s0.3': 22.1288}
[deval] sb b=3.0 s=103: {'full_Region7_s0': 24.2946, 'full_Region7_s0.1': 23.4783, 'full_Region7_s0.2': 25.7742, 'full_Region7_s0.3': 22.6729, 'full_Region6_s0': 22.9534, 'full_Region6_s0.1': 21.1895, 'full_Region6_s0.2': 22.9613, 'full_Region6_s0.3': 22.1172}
[deval] mq b=3.0 s=101: {'full_Region7_s0': 24.2223, 'full_Region7_s0.1': 23.2857, 'full_Region7_s0.2': 25.412, 'full_Region7_s0.3': 22.2503, 'full_Region6_s0': 22.6842, 'full_Region6_s0.1': 20.9415, 'full_Region6_s0.2': 22.6954, 'full_Region6_s0.3': 21.8105}
[deval] mq b=3.0 s=102: {'full_Region7_s0': 24.2626, 'full_Region7_s0.1': 23.3089, 'full_Region7_s0.2': 25.4253, 'full_Region7_s0.3': 22.342, 'full_Region6_s0': 22.4987, 'full_Region6_s0.1': 20.8476, 'full_Region6_s0.2': 22.5799, 'full_Region6_s0.3': 21.6933}
[deval] mq b=3.0 s=103: {'full_Region7_s0': 24.254, 'full_Region7_s0.1': 23.2292, 'full_Region7_s0.2': 25.412, 'full_Region7_s0.3': 22.2189, 'full_Region6_s0': 22.502, 'full_Region6_s0.1': 20.817, 'full_Region6_s0.2': 22.5442, 'full_Region6_s0.3': 21.7133}
[deval] lp b=3.0 s=101: {'full_Region7_s0': 24.3084, 'full_Region7_s0.1': 23.7678, 'full_Region7_s0.2': 25.7281, 'full_Region7_s0.3': 22.6816, 'full_Region6_s0': 23.0646, 'full_Region6_s0.1': 21.2232, 'full_Region6_s0.2': 22.9613, 'full_Region6_s0.3': 22.1302}
[deval] milp b=3.0 s=101: {'full_Region7_s0': 24.1685, 'full_Region7_s0.1': 23.5775, 'full_Region7_s0.2': 25.6669, 'full_Region7_s0.3': 22.5803, 'full_Region6_s0': 22.6249, 'full_Region6_s0.1': 21.1682, 'full_Region6_s0.2': 22.8215, 'full_Region6_s0.3': 22.0285}
[deval] milp b=3.0 s=102: {'full_Region7_s0': 24.3407, 'full_Region7_s0.1': 23.3455, 'full_Region7_s0.2': 25.6669, 'full_Region7_s0.3': 22.4952, 'full_Region6_s0': 22.4568, 'full_Region6_s0.1': 21.1536, 'full_Region6_s0.2': 22.8222, 'full_Region6_s0.3': 21.9305}
[deval] milp b=3.0 s=103: {'full_Region7_s0': 24.1826, 'full_Region7_s0.1': 23.4383, 'full_Region7_s0.2': 25.6811, 'full_Region7_s0.3': 22.3645, 'full_Region6_s0': 22.6675, 'full_Region6_s0.1': 20.9176, 'full_Region6_s0.2': 22.9521, 'full_Region6_s0.3': 22.0259}
[deval] cpsat b=3.0 s=101: {'full_Region7_s0': 24.2672, 'full_Region7_s0.1': 23.3185, 'full_Region7_s0.2': 25.412, 'full_Region7_s0.3': 22.4805, 'full_Region6_s0': 22.8282, 'full_Region6_s0.1': 21.0931, 'full_Region6_s0.2': 22.9598, 'full_Region6_s0.3': 24.661}
[deval] cpsat b=3.0 s=102: {'full_Region7_s0': 24.2486, 'full_Region7_s0.1': 23.3527, 'full_Region7_s0.2': 25.412, 'full_Region7_s0.3': 22.6494, 'full_Region6_s0': 22.8958, 'full_Region6_s0.1': 23.6517, 'full_Region6_s0.2': 22.9464, 'full_Region6_s0.3': 24.6309}
[deval] cpsat b=3.0 s=103: {'full_Region7_s0': 24.2497, 'full_Region7_s0.1': 23.3491, 'full_Region7_s0.2': 25.412, 'full_Region7_s0.3': 22.5561, 'full_Region6_s0': 22.8675, 'full_Region6_s0.1': 23.6389, 'full_Region6_s0.2': 22.8668, 'full_Region6_s0.3': 24.614}
[deval] ls b=3.0 s=101: {'full_Region7_s0': 24.2102, 'full_Region7_s0.1': 23.2916, 'full_Region7_s0.2': 25.5131, 'full_Region7_s0.3': 22.3634, 'full_Region6_s0': 22.4576, 'full_Region6_s0.1': 20.8136, 'full_Region6_s0.2': 22.5877, 'full_Region6_s0.3': 21.7225}
[deval] ls b=3.0 s=102: {'full_Region7_s0': 24.196, 'full_Region7_s0.1': 23.3017, 'full_Region7_s0.2': 25.5131, 'full_Region7_s0.3': 22.3826, 'full_Region6_s0': 22.4616, 'full_Region6_s0.1': 20.8501, 'full_Region6_s0.2': 22.5273, 'full_Region6_s0.3': 21.7489}
[deval] ls b=3.0 s=103: {'full_Region7_s0': 24.1871, 'full_Region7_s0.1': 23.2995, 'full_Region7_s0.2': 25.5131, 'full_Region7_s0.3': 22.3816, 'full_Region6_s0': 22.4585, 'full_Region6_s0.1': 20.8359, 'full_Region6_s0.2': 22.5673, 'full_Region6_s0.3': 21.7306}
[deval] greedy b=3.0 s=101: {'full_Region7_s0': 32.4894, 'full_Region7_s0.1': 33.0233, 'full_Region7_s0.2': 34.5362, 'full_Region7_s0.3': 30.5261, 'full_Region6_s0': 33.3081, 'full_Region6_s0.1': 31.0062, 'full_Region6_s0.2': 29.8964, 'full_Region6_s0.3': 31.91}
[deval] pgreedy b=3.0 s=101: {'full_Region7_s0': 27.4141, 'full_Region7_s0.1': 27.5033, 'full_Region7_s0.2': 27.4611, 'full_Region7_s0.3': 26.9409, 'full_Region6_s0': 26.654, 'full_Region6_s0.1': 25.5855, 'full_Region6_s0.2': 26.5215, 'full_Region6_s0.3': 26.1451}
[deval] pt b=10.0 s=101: {'full_Region7_s0': 24.0947, 'full_Region7_s0.1': 23.1536, 'full_Region7_s0.2': 25.412, 'full_Region7_s0.3': 22.0646, 'full_Region6_s0': 22.2421, 'full_Region6_s0.1': 20.6676, 'full_Region6_s0.2': 22.3033, 'full_Region6_s0.3': 21.5291}
[deval] pt b=10.0 s=102: {'full_Region7_s0': 24.0947, 'full_Region7_s0.1': 23.1573, 'full_Region7_s0.2': 25.412, 'full_Region7_s0.3': 22.046, 'full_Region6_s0': 22.2392, 'full_Region6_s0.1': 20.6465, 'full_Region6_s0.2': 22.309, 'full_Region6_s0.3': 21.5308}
[deval] pt b=10.0 s=103: {'full_Region7_s0': 24.0947, 'full_Region7_s0.1': 23.1688, 'full_Region7_s0.2': 25.412, 'full_Region7_s0.3': 22.0691, 'full_Region6_s0': 22.2491, 'full_Region6_s0.1': 20.7037, 'full_Region6_s0.2': 22.3268, 'full_Region6_s0.3': 21.5227}
[deval] eim b=10.0 s=101: {'full_Region7_s0': 24.1319, 'full_Region7_s0.1': 23.1904, 'full_Region7_s0.2': 25.412, 'full_Region7_s0.3': 22.0848, 'full_Region6_s0': 22.2403, 'full_Region6_s0.1': 20.6631, 'full_Region6_s0.2': 22.3541, 'full_Region6_s0.3': 21.5562}
[deval] eim b=10.0 s=102: {'full_Region7_s0': 24.1319, 'full_Region7_s0.1': 23.1693, 'full_Region7_s0.2': 25.412, 'full_Region7_s0.3': 22.0691, 'full_Region6_s0': 22.2353, 'full_Region6_s0.1': 20.647, 'full_Region6_s0.2': 22.3744, 'full_Region6_s0.3': 21.5668}
[deval] eim b=10.0 s=103: {'full_Region7_s0': 24.1319, 'full_Region7_s0.1': 23.176, 'full_Region7_s0.2': 25.412, 'full_Region7_s0.3': 22.0814, 'full_Region6_s0': 22.2581, 'full_Region6_s0.1': 20.6405, 'full_Region6_s0.2': 22.4009, 'full_Region6_s0.3': 21.5045}
[deval] sb b=10.0 s=101: {'full_Region7_s0': 24.252, 'full_Region7_s0.1': 23.6226, 'full_Region7_s0.2': 25.6669, 'full_Region7_s0.3': 22.5426, 'full_Region6_s0': 22.9141, 'full_Region6_s0.1': 21.0991, 'full_Region6_s0.2': 22.7837, 'full_Region6_s0.3': 22.0171}
[deval] sb b=10.0 s=102: {'full_Region7_s0': 24.3924, 'full_Region7_s0.1': 23.5117, 'full_Region7_s0.2': 25.6669, 'full_Region7_s0.3': 22.5572, 'full_Region6_s0': 22.9882, 'full_Region6_s0.1': 20.9301, 'full_Region6_s0.2': 22.6741, 'full_Region6_s0.3': 22.0819}
[deval] sb b=10.0 s=103: {'full_Region7_s0': 24.2646, 'full_Region7_s0.1': 23.433, 'full_Region7_s0.2': 25.6669, 'full_Region7_s0.3': 22.5612, 'full_Region6_s0': 22.9582, 'full_Region6_s0.1': 20.871, 'full_Region6_s0.2': 22.7585, 'full_Region6_s0.3': 22.0312}
[deval] mq b=10.0 s=101: {'full_Region7_s0': 24.1225, 'full_Region7_s0.1': 23.1769, 'full_Region7_s0.2': 25.412, 'full_Region7_s0.3': 22.1681, 'full_Region6_s0': 22.3939, 'full_Region6_s0.1': 20.7726, 'full_Region6_s0.2': 22.4923, 'full_Region6_s0.3': 21.6324}
[deval] mq b=10.0 s=102: {'full_Region7_s0': 24.2402, 'full_Region7_s0.1': 23.2084, 'full_Region7_s0.2': 25.412, 'full_Region7_s0.3': 22.1684, 'full_Region6_s0': 22.4445, 'full_Region6_s0.1': 20.7522, 'full_Region6_s0.2': 22.4813, 'full_Region6_s0.3': 21.6093}
[deval] mq b=10.0 s=103: {'full_Region7_s0': 24.1256, 'full_Region7_s0.1': 23.2639, 'full_Region7_s0.2': 25.412, 'full_Region7_s0.3': 22.1293, 'full_Region6_s0': 22.4539, 'full_Region6_s0.1': 20.7184, 'full_Region6_s0.2': 22.4837, 'full_Region6_s0.3': 21.6804}
[deval] lp b=10.0 s=101: {'full_Region7_s0': 24.3084, 'full_Region7_s0.1': 23.7678, 'full_Region7_s0.2': 25.7281, 'full_Region7_s0.3': 22.6816, 'full_Region6_s0': 23.0646, 'full_Region6_s0.1': 21.2232, 'full_Region6_s0.2': 22.9613, 'full_Region6_s0.3': 22.1302}
[deval] milp b=10.0 s=101: {'full_Region7_s0': 24.1787, 'full_Region7_s0.1': 23.2916, 'full_Region7_s0.2': 25.6669, 'full_Region7_s0.3': 22.392, 'full_Region6_s0': 22.3965, 'full_Region6_s0.1': 20.7712, 'full_Region6_s0.2': 22.6936, 'full_Region6_s0.3': 21.9622}
[deval] milp b=10.0 s=102: {'full_Region7_s0': 24.2342, 'full_Region7_s0.1': 23.3404, 'full_Region7_s0.2': 25.6669, 'full_Region7_s0.3': 22.3941, 'full_Region6_s0': 22.3857, 'full_Region6_s0.1': 20.8515, 'full_Region6_s0.2': 22.7123, 'full_Region6_s0.3': 21.7961}
[deval] milp b=10.0 s=103: {'full_Region7_s0': 24.1696, 'full_Region7_s0.1': 23.2895, 'full_Region7_s0.2': 25.6811, 'full_Region7_s0.3': 22.3538, 'full_Region6_s0': 22.419, 'full_Region6_s0.1': 20.8482, 'full_Region6_s0.2': 22.7077, 'full_Region6_s0.3': 21.8607}
[deval] cpsat b=10.0 s=101: {'full_Region7_s0': 24.1592, 'full_Region7_s0.1': 23.2537, 'full_Region7_s0.2': 25.412, 'full_Region7_s0.3': 22.2192, 'full_Region6_s0': 22.3693, 'full_Region6_s0.1': 20.7239, 'full_Region6_s0.2': 22.6363, 'full_Region6_s0.3': 21.6835}
[deval] cpsat b=10.0 s=102: {'full_Region7_s0': 24.1716, 'full_Region7_s0.1': 23.2553, 'full_Region7_s0.2': 25.412, 'full_Region7_s0.3': 22.0865, 'full_Region6_s0': 22.3415, 'full_Region6_s0.1': 20.7881, 'full_Region6_s0.2': 22.598, 'full_Region6_s0.3': 21.7352}
[deval] cpsat b=10.0 s=103: {'full_Region7_s0': 24.1756, 'full_Region7_s0.1': 23.4826, 'full_Region7_s0.2': 25.412, 'full_Region7_s0.3': 22.2135, 'full_Region6_s0': 22.352, 'full_Region6_s0.1': 20.7757, 'full_Region6_s0.2': 22.615, 'full_Region6_s0.3': 21.673}
[deval] ls b=10.0 s=101: {'full_Region7_s0': 24.1354, 'full_Region7_s0.1': 23.3307, 'full_Region7_s0.2': 25.412, 'full_Region7_s0.3': 22.1484, 'full_Region6_s0': 22.2239, 'full_Region6_s0.1': 20.6263, 'full_Region6_s0.2': 22.3415, 'full_Region6_s0.3': 21.5022}
[deval] ls b=10.0 s=102: {'full_Region7_s0': 24.1147, 'full_Region7_s0.1': 23.1858, 'full_Region7_s0.2': 25.412, 'full_Region7_s0.3': 22.1263, 'full_Region6_s0': 22.2353, 'full_Region6_s0.1': 20.6437, 'full_Region6_s0.2': 22.3043, 'full_Region6_s0.3': 21.5032}
[deval] ls b=10.0 s=103: {'full_Region7_s0': 24.1147, 'full_Region7_s0.1': 23.2208, 'full_Region7_s0.2': 25.412, 'full_Region7_s0.3': 22.1757, 'full_Region6_s0': 22.251, 'full_Region6_s0.1': 20.6276, 'full_Region6_s0.2': 22.3242, 'full_Region6_s0.3': 21.5072}
[deval] greedy b=10.0 s=101: {'full_Region7_s0': 32.4894, 'full_Region7_s0.1': 33.0233, 'full_Region7_s0.2': 34.5362, 'full_Region7_s0.3': 30.5261, 'full_Region6_s0': 33.3081, 'full_Region6_s0.1': 31.0062, 'full_Region6_s0.2': 29.8964, 'full_Region6_s0.3': 31.91}
[deval] pgreedy b=10.0 s=101: {'full_Region7_s0': 27.4141, 'full_Region7_s0.1': 27.5033, 'full_Region7_s0.2': 27.4611, 'full_Region7_s0.3': 26.9409, 'full_Region6_s0': 26.654, 'full_Region6_s0.1': 25.5855, 'full_Region6_s0.2': 26.5215, 'full_Region6_s0.3': 26.1451}
