RESULT {"instance": "full_Region7_s0.4", "solver": "pt", "budget": 1.0, "full_peak_util": 26.762189199689203, "n_over_budget": 0, "max_block_wall": 1.042, "status": "ok"}
RESULT {"instance": "full_Region7_s0.5", "solver": "pt", "budget": 1.0, "full_peak_util": 27.828007640507664, "n_over_budget": 0, "max_block_wall": 1.04, "status": "ok"}
RESULT {"instance": "full_Region7_s0.6", "solver": "pt", "budget": 1.0, "full_peak_util": 27.452133514633513, "n_over_budget": 0, "max_block_wall": 1.044, "status": "ok"}
RESULT {"instance": "full_Region6_s0.4", "solver": "pt", "budget": 1.0, "full_peak_util": 26.105218855218915, "n_over_budget": 0, "max_block_wall": 1.051, "status": "ok"}
RESULT {"instance": "full_Region6_s0.5", "solver": "pt", "budget": 1.0, "full_peak_util": 27.731173918673925, "n_over_budget": 0, "max_block_wall": 1.049, "status": "ok"}
RESULT {"instance": "full_Region6_s0.6", "solver": "pt", "budget": 1.0, "full_peak_util": 25.537279849779864, "n_over_budget": 0, "max_block_wall": 1.05, "status": "ok"}
RESULT {"instance": "full_Region7_s0.4", "solver": "eim", "budget": 1.0, "full_peak_util": 27.03559634809634, "n_over_budget": 0, "max_block_wall": 1.098, "status": "ok"}
RESULT {"instance": "full_Region7_s0.5", "solver": "eim", "budget": 1.0, "full_peak_util": 27.534366096866062, "n_over_budget": 0, "max_block_wall": 1.085, "status": "ok"}
RESULT {"instance": "full_Region7_s0.6", "solver": "eim", "budget": 1.0, "full_peak_util": 27.22502266252263, "n_over_budget": 0, "max_block_wall": 1.09, "status": "ok"}
RESULT {"instance": "full_Region6_s0.4", "solver": "eim", "budget": 1.0, "full_peak_util": 26.14709595959592, "n_over_budget": 0, "max_block_wall": 1.111, "status": "ok"}
RESULT {"instance": "full_Region6_s0.5", "solver": "eim", "budget": 1.0, "full_peak_util": 27.68450530950537, "n_over_budget": 0, "max_block_wall": 1.11, "status": "ok"}
RESULT {"instance": "full_Region6_s0.6", "solver": "eim", "budget": 1.0, "full_peak_util": 25.53486790986797, "n_over_budget": 0, "max_block_wall": 1.118, "status": "ok"}
RESULT {"instance": "full_Region7_s0.4", "solver": "ls", "budget": 1.0, "full_peak_util": 26.904202279202284, "n_over_budget": 0, "max_block_wall": 1.016, "status": "ok"}
RESULT {"instance": "full_Region7_s0.5", "solver": "ls", "budget": 1.0, "full_peak_util": 27.461522274022293, "n_over_budget": 0, "max_block_wall": 1.017, "status": "ok"}
RESULT {"instance": "full_Region7_s0.6", "solver": "ls", "budget": 1.0, "full_peak_util": 27.138807951307914, "n_over_budget": 0, "max_block_wall": 1.017, "status": "ok"}
RESULT {"instance": "full_Region6_s0.4", "solver": "ls", "budget": 1.0, "full_peak_util": 26.010878010878066, "n_over_budget": 0, "max_block_wall": 1.018, "status": "ok"}
RESULT {"instance": "full_Region6_s0.5", "solver": "ls", "budget": 1.0, "full_peak_util": 27.4896238021237, "n_over_budget": 0, "max_block_wall": 1.017, "status": "ok"}
RESULT {"instance": "full_Region6_s0.6", "solver": "ls", "budget": 1.0, "full_peak_util": 25.435104247604308, "n_over_budget": 0, "max_block_wall": 1.019, "status": "ok"}
RESULT {"instance": "full_Region7_s0.4", "solver": "milp", "budget": 1.0, "full_peak_util": 26.547299922299903, "n_over_budget": 0, "max_block_wall": 0.758, "status": "ok"}
RESULT {"instance": "full_Region7_s0.5", "solver": "milp", "budget": 1.0, "full_peak_util": 26.961716524216463, "n_over_budget": 0, "max_block_wall": 0.757, "status": "ok"}
RESULT {"instance": "full_Region7_s0.6", "solver": "milp", "budget": 1.0, "full_peak_util": 26.663283475783462, "n_over_budget": 0, "max_block_wall": 0.759, "status": "ok"}
RESULT {"instance": "full_Region6_s0.4", "solver": "milp", "budget": 1.0, "full_peak_util": 25.82219632219633, "n_over_budget": 0, "max_block_wall": 0.759, "status": "ok"}
RESULT {"instance": "full_Region6_s0.5", "solver": "milp", "budget": 1.0, "full_peak_util": 27.397694897694876, "n_over_budget": 0, "max_block_wall": 0.757, "status": "ok"}
RESULT {"instance": "full_Region6_s0.6", "solver": "milp", "budget": 1.0, "full_peak_util": 25.278425278425264, "n_over_budget": 0, "max_block_wall": 0.762, "status": "ok"}
RESULT {"instance": "full_Region7_s0.4", "solver": "cpsat", "budget": 1.0, "full_peak_util": 26.50812613312613, "n_over_budget": 0, "max_block_wall": 0.954, "status": "ok"}
RESULT {"instance": "full_Region7_s0.5", "solver": "cpsat", "budget": 1.0, "full_peak_util": 27.02623996373992, "n_over_budget": 0, "max_block_wall": 0.995, "status": "ok"}
RESULT {"instance": "full_Region7_s0.6", "solver": "cpsat", "budget": 1.0, "full_peak_util": 26.659754597254615, "n_over_budget": 0, "max_block_wall": 1.008, "status": "ok"}
RESULT {"instance": "full_Region6_s0.4", "solver": "cpsat", "budget": 1.0, "full_peak_util": 25.82093369593366, "n_over_budget": 0, "max_block_wall": 0.909, "status": "ok"}
RESULT {"instance": "full_Region6_s0.5", "solver": "cpsat", "budget": 1.0, "full_peak_util": 27.41741129241119, "n_over_budget": 0, "max_block_wall": 0.916, "status": "ok"}
RESULT {"instance": "full_Region6_s0.6", "solver": "cpsat", "budget": 1.0, "full_peak_util": 25.207216394716454, "n_over_budget": 0, "max_block_wall": 0.908, "status": "ok"}
RESULT {"instance": "full_Region7_s0.4", "solver": "lp", "budget": 1.0, "full_peak_util": 26.74915824915821, "n_over_budget": 0, "max_block_wall": 0.023, "status": "ok"}
RESULT {"instance": "full_Region7_s0.5", "solver": "lp", "budget": 1.0, "full_peak_util": 27.035709660709664, "n_over_budget": 0, "max_block_wall": 0.01, "status": "ok"}
RESULT {"instance": "full_Region7_s0.6", "solver": "lp", "budget": 1.0, "full_peak_util": 27.387529137529185, "n_over_budget": 0, "max_block_wall": 0.005, "status": "ok"}
RESULT {"instance": "full_Region6_s0.4", "solver": "lp", "budget": 1.0, "full_peak_util": 25.854684667184625, "n_over_budget": 0, "max_block_wall": 0.004, "status": "ok"}
RESULT {"instance": "full_Region6_s0.5", "solver": "lp", "budget": 1.0, "full_peak_util": 27.75416019166022, "n_over_budget": 0, "max_block_wall": 0.01, "status": "ok"}
RESULT {"instance": "full_Region6_s0.6", "solver": "lp", "budget": 1.0, "full_peak_util": 25.464808339808396, "n_over_budget": 0, "max_block_wall": 0.004, "status": "ok"}
RESULT {"instance": "full_Region7_s0.4", "solver": "pgreedy", "budget": 1.0, "full_peak_util": 28.63812807562803, "n_over_budget": 0, "max_block_wall": 0.015, "status": "ok"}
RESULT {"instance": "full_Region7_s0.5", "solver": "pgreedy", "budget": 1.0, "full_peak_util": 30.197698135198124, "n_over_budget": 0, "max_block_wall": 0.004, "status": "ok"}
RESULT {"instance": "full_Region7_s0.6", "solver": "pgreedy", "budget": 1.0, "full_peak_util": 30.440737503237557, "n_over_budget": 0, "max_block_wall": 0.002, "status": "ok"}
RESULT {"instance": "full_Region6_s0.4", "solver": "pgreedy", "budget": 1.0, "full_peak_util": 29.26732064232071, "n_over_budget": 0, "max_block_wall": 0.001, "status": "ok"}
RESULT {"instance": "full_Region6_s0.5", "solver": "pgreedy", "budget": 1.0, "full_peak_util": 32.06348743848746, "n_over_budget": 0, "max_block_wall": 0.004, "status": "ok"}
RESULT {"instance": "full_Region6_s0.6", "solver": "pgreedy", "budget": 1.0, "full_peak_util": 27.745726495726558, "n_over_budget": 0, "max_block_wall": 0.001, "status": "ok"}
RESULT {"instance": "full_Region7_s0.4", "solver": "greedy", "budget": 1.0, "full_peak_util": 34.21673465423459, "n_over_budget": 0, "max_block_wall": 0.015, "status": "ok"}
RESULT {"instance": "full_Region7_s0.5", "solver": "greedy", "budget": 1.0, "full_peak_util": 32.799210049210046, "n_over_budget": 0, "max_block_wall": 0.0, "status": "ok"}
RESULT {"instance": "full_Region7_s0.6", "solver": "greedy", "budget": 1.0, "full_peak_util": 34.87559893809885, "n_over_budget": 0, "max_block_wall": 0.0, "status": "ok"}
RESULT {"instance": "full_Region6_s0.4", "solver": "greedy", "budget": 1.0, "full_peak_util": 34.724375161875116, "n_over_budget": 0, "max_block_wall": 0.0, "status": "ok"}
RESULT {"instance": "full_Region6_s0.5", "solver": "greedy", "budget": 1.0, "full_peak_util": 33.62759000259002, "n_over_budget": 0, "max_block_wall": 0.0, "status": "ok"}
RESULT {"instance": "full_Region6_s0.6", "solver": "greedy", "budget": 1.0, "full_peak_util": 32.50493719243713, "n_over_budget": 0, "max_block_wall": 0.0, "status": "ok"}
