RESULT {"instance": "day1_Region6_s0.1", "solver": "cpsat", "budget": 1.0, "seed": 101, "wall": 0.19, "objective": 21.978897549210085, "peak_W_util": 21.704318829318876, "status": "ok", "over_budget": 0}
RESULT {"instance": "day1_Region6_s0.2", "solver": "cpsat", "budget": 1.0, "seed": 101, "wall": 0.613, "objective": 23.672993962056474, "peak_W_util": 23.055458430458437, "status": "ok", "over_budget": 0}
RESULT {"instance": "day1_Region6_s0.3", "solver": "cpsat", "budget": 1.0, "seed": 101, "wall": 0.92, "objective": 24.68531266187521, "peak_W_util": 20.91956423206425, "status": "ok", "over_budget": 0}
RESULT {"instance": "day1_Region6_s0", "solver": "cpsat", "budget": 1.0, "seed": 101, "wall": 0.915, "objective": 21.62593685249934, "peak_W_util": 20.849617974618003, "status": "ok", "over_budget": 0}
RESULT {"instance": "day1_Region7_s0.1", "solver": "cpsat", "budget": 1.0, "seed": 101, "wall": 0.916, "objective": 23.286804341491845, "peak_W_util": 22.668269230769237, "status": "ok", "over_budget": 0}
RESULT {"instance": "day1_Region7_s0.2", "solver": "cpsat", "budget": 1.0, "seed": 101, "wall": 0.912, "objective": 23.035865465552966, "peak_W_util": 22.42534317534318, "status": "ok", "over_budget": 0}
RESULT {"instance": "day1_Region7_s0.3", "solver": "cpsat", "budget": 1.0, "seed": 101, "wall": 0.329, "objective": 22.833323216135685, "peak_W_util": 22.697034447034426, "status": "ok", "over_budget": 0}
RESULT {"instance": "day1_Region7_s0", "solver": "cpsat", "budget": 1.0, "seed": 101, "wall": 0.911, "objective": 23.420420146982636, "peak_W_util": 22.88657407407405, "status": "ok", "over_budget": 0}
RESULT {"instance": "day1_Region6_s0.1", "solver": "cpsat", "budget": 3.0, "seed": 101, "wall": 1.299, "objective": 21.83274046555301, "peak_W_util": 21.704318829318876, "status": "ok", "over_budget": 0}
RESULT {"instance": "day1_Region6_s0.2", "solver": "cpsat", "budget": 3.0, "seed": 101, "wall": 2.489, "objective": 23.592151482776494, "peak_W_util": 23.055458430458437, "status": "ok", "over_budget": 0}
RESULT {"instance": "day1_Region6_s0.3", "solver": "cpsat", "budget": 3.0, "seed": 101, "wall": 2.905, "objective": 20.957669645169663, "peak_W_util": 20.31798756798757, "status": "ok", "over_budget": 0}
RESULT {"instance": "day1_Region6_s0", "solver": "cpsat", "budget": 3.0, "seed": 101, "wall": 2.904, "objective": 21.33763314232068, "peak_W_util": 20.673853923853965, "status": "ok", "over_budget": 0}
RESULT {"instance": "day1_Region7_s0.1", "solver": "cpsat", "budget": 3.0, "seed": 101, "wall": 2.912, "objective": 23.039558242683263, "peak_W_util": 22.55710955710961, "status": "ok", "over_budget": 0}
RESULT {"instance": "day1_Region7_s0.2", "solver": "cpsat", "budget": 3.0, "seed": 101, "wall": 2.908, "objective": 22.787775592463106, "peak_W_util": 22.27649896399893, "status": "ok", "over_budget": 0}
RESULT {"instance": "day1_Region7_s0.3", "solver": "cpsat", "budget": 3.0, "seed": 101, "wall": 1.733, "objective": 22.67998696904945, "peak_W_util": 22.527065527065506, "status": "ok", "over_budget": 0}
RESULT {"instance": "day1_Region7_s0", "solver": "cpsat", "budget": 3.0, "seed": 101, "wall": 2.912, "objective": 23.39726997539499, "peak_W_util": 22.825239575239603, "status": "ok", "over_budget": 0}
RESULT {"instance": "day1_Region6_s0.1", "solver": "cpsat", "budget": 10.0, "seed": 101, "wall": 3.301, "objective": 21.780580241517782, "peak_W_util": 21.704318829318876, "status": "ok", "over_budget": 0}
RESULT {"instance": "day1_Region6_s0.2", "solver": "cpsat", "budget": 10.0, "seed": 101, "wall": 9.411, "objective": 23.43918350168352, "peak_W_util": 22.85207847707851, "status": "ok", "over_budget": 0}
RESULT {"instance": "day1_Region6_s0.3", "solver": "cpsat", "budget": 10.0, "seed": 101, "wall": 9.788, "objective": 20.7585287975913, "peak_W_util": 20.188600751100797, "status": "ok", "over_budget": 0}
RESULT {"instance": "day1_Region6_s0", "solver": "cpsat", "budget": 10.0, "seed": 101, "wall": 8.84, "objective": 21.200929568117097, "peak_W_util": 20.61656630406635, "status": "ok", "over_budget": 0}
RESULT {"instance": "day1_Region7_s0.1", "solver": "cpsat", "budget": 10.0, "seed": 101, "wall": 9.726, "objective": 22.802263419450938, "peak_W_util": 22.26562095312095, "status": "ok", "over_budget": 0}
RESULT {"instance": "day1_Region7_s0.2", "solver": "cpsat", "budget": 10.0, "seed": 101, "wall": 9.792, "objective": 22.497958349520864, "peak_W_util": 22.007770007770034, "status": "ok", "over_budget": 0}
RESULT {"instance": "day1_Region7_s0.3", "solver": "cpsat", "budget": 10.0, "seed": 101, "wall": 5.311, "objective": 22.584336959336966, "peak_W_util": 22.43398730898729, "status": "ok", "over_budget": 0}
RESULT {"instance": "day1_Region7_s0", "solver": "cpsat", "budget": 10.0, "seed": 101, "wall": 9.808, "objective": 22.99961352305104, "peak_W_util": 22.458608521108555, "status": "ok", "over_budget": 0}
RESULT {"instance": "day1_Region6_s0.1", "solver": "eim", "budget": 1.0, "seed": 101, "wall": 1.028, "objective": 22.002988620176147, "peak_W_util": 21.704318829318876, "status": "ok", "over_budget": 0}
RESULT {"instance": "day1_Region6_s0.2", "solver": "eim", "budget": 1.0, "seed": 101, "wall": 1.012, "objective": 23.67459045584048, "peak_W_util": 22.95410839160844, "status": "ok", "over_budget": 0}
RESULT {"instance": "day1_Region6_s0.3", "solver": "eim", "budget": 1.0, "seed": 101, "wall": 1.01, "objective": 21.1256110787361, "peak_W_util": 20.381960631960645, "status": "ok", "over_budget": 0}
RESULT {"instance": "day1_Region6_s0", "solver": "eim", "budget": 1.0, "seed": 101, "wall": 0.982, "objective": 21.662627881377894, "peak_W_util": 20.95509583009587, "status": "ok", "over_budget": 0}
RESULT {"instance": "day1_Region7_s0.1", "solver": "eim", "budget": 1.0, "seed": 101, "wall": 1.022, "objective": 23.402893113830622, "peak_W_util": 22.759194509194636, "status": "ok", "over_budget": 0}
RESULT {"instance": "day1_Region7_s0.2", "solver": "eim", "budget": 1.0, "seed": 101, "wall": 1.028, "objective": 23.254071160321207, "peak_W_util": 22.610868298368338, "status": "ok", "over_budget": 0}
RESULT {"instance": "day1_Region7_s0.3", "solver": "eim", "budget": 1.0, "seed": 101, "wall": 1.004, "objective": 22.85644303613053, "peak_W_util": 22.43398730898729, "status": "ok", "over_budget": 0}
RESULT {"instance": "day1_Region7_s0", "solver": "eim", "budget": 1.0, "seed": 101, "wall": 1.06, "objective": 23.525962752525253, "peak_W_util": 22.803111240611177, "status": "ok", "over_budget": 0}
RESULT {"instance": "day1_Region6_s0.1", "solver": "eim", "budget": 3.0, "seed": 101, "wall": 3.008, "objective": 21.812348242035792, "peak_W_util": 21.704318829318876, "status": "ok", "over_budget": 0}
RESULT {"instance": "day1_Region6_s0.2", "solver": "eim", "budget": 3.0, "seed": 101, "wall": 3.014, "objective": 23.598909770784786, "peak_W_util": 23.043949106449112, "status": "ok", "over_budget": 0}
RESULT {"instance": "day1_Region6_s0.3", "solver": "eim", "budget": 3.0, "seed": 101, "wall": 3.016, "objective": 20.823602612665084, "peak_W_util": 20.253091815591823, "status": "ok", "over_budget": 0}
RESULT {"instance": "day1_Region6_s0", "solver": "eim", "budget": 3.0, "seed": 101, "wall": 3.007, "objective": 21.271974553224588, "peak_W_util": 20.65815203315203, "status": "ok", "over_budget": 0}
RESULT {"instance": "day1_Region7_s0.1", "solver": "eim", "budget": 3.0, "seed": 101, "wall": 3.011, "objective": 22.92278757122507, "peak_W_util": 22.365157990157996, "status": "ok", "over_budget": 0}
RESULT {"instance": "day1_Region7_s0.2", "solver": "eim", "budget": 3.0, "seed": 101, "wall": 3.021, "objective": 22.637830630018165, "peak_W_util": 22.129322066822144, "status": "ok", "over_budget": 0}
RESULT {"instance": "day1_Region7_s0.3", "solver": "eim", "budget": 3.0, "seed": 101, "wall": 3.006, "objective": 22.789979118104103, "peak_W_util": 22.648471898471875, "status": "ok", "over_budget": 0}
RESULT {"instance": "day1_Region7_s0", "solver": "eim", "budget": 3.0, "seed": 101, "wall": 3.023, "objective": 23.23404922623677, "peak_W_util": 22.738506863506874, "status": "ok", "over_budget": 0}
RESULT {"instance": "day1_Region6_s0.1", "solver": "eim", "budget": 10.0, "seed": 101, "wall": 10.011, "objective": 21.79822463416218, "peak_W_util": 21.704318829318876, "status": "ok", "over_budget": 0}
RESULT {"instance": "day1_Region6_s0.2", "solver": "eim", "budget": 10.0, "seed": 101, "wall": 10.022, "objective": 23.461566789691812, "peak_W_util": 22.8948458948459, "status": "ok", "over_budget": 0}
RESULT {"instance": "day1_Region6_s0.3", "solver": "eim", "budget": 10.0, "seed": 101, "wall": 10.013, "objective": 20.721194314944334, "peak_W_util": 20.11096542346548, "status": "ok", "over_budget": 0}
RESULT {"instance": "day1_Region6_s0", "solver": "eim", "budget": 10.0, "seed": 101, "wall": 10.019, "objective": 21.2378957847708, "peak_W_util": 20.669920357420402, "status": "ok", "over_budget": 0}
RESULT {"instance": "day1_Region7_s0.1", "solver": "eim", "budget": 10.0, "seed": 101, "wall": 10.013, "objective": 22.94861070642322, "peak_W_util": 22.42029267029272, "status": "ok", "over_budget": 0}
RESULT {"instance": "day1_Region7_s0.2", "solver": "eim", "budget": 10.0, "seed": 101, "wall": 10.023, "objective": 22.58817744755253, "peak_W_util": 22.09338578088579, "status": "ok", "over_budget": 0}
RESULT {"instance": "day1_Region7_s0.3", "solver": "eim", "budget": 10.0, "seed": 101, "wall": 10.007, "objective": 22.78838464775965, "peak_W_util": 22.648471898471875, "status": "ok", "over_budget": 0}
RESULT {"instance": "day1_Region7_s0", "solver": "eim", "budget": 10.0, "seed": 101, "wall": 10.017, "objective": 23.06132235819738, "peak_W_util": 22.394894457394457, "status": "ok", "over_budget": 0}
RESULT {"instance": "day1_Region6_s0.1", "solver": "ls", "budget": 1.0, "seed": 101, "wall": 1.003, "objective": 21.96521707459212, "peak_W_util": 21.704318829318876, "status": "ok", "over_budget": 0}
RESULT {"instance": "day1_Region6_s0.2", "solver": "ls", "budget": 1.0, "seed": 101, "wall": 1.005, "objective": 23.778629645817144, "peak_W_util": 23.078218078218082, "status": "ok", "over_budget": 0}
RESULT {"instance": "day1_Region6_s0.3", "solver": "ls", "budget": 1.0, "seed": 101, "wall": 1.006, "objective": 21.060666763791765, "peak_W_util": 20.435460372960296, "status": "ok", "over_budget": 0}
RESULT {"instance": "day1_Region6_s0", "solver": "ls", "budget": 1.0, "seed": 101, "wall": 1.007, "objective": 21.73183355995858, "peak_W_util": 21.09372571872574, "status": "ok", "over_budget": 0}
RESULT {"instance": "day1_Region7_s0.1", "solver": "ls", "budget": 1.0, "seed": 101, "wall": 1.004, "objective": 23.337519829707343, "peak_W_util": 22.75807757057762, "status": "ok", "over_budget": 0}
RESULT {"instance": "day1_Region7_s0.2", "solver": "ls", "budget": 1.0, "seed": 101, "wall": 1.02, "objective": 23.017496681559173, "peak_W_util": 22.45091945091949, "status": "ok", "over_budget": 0}
RESULT {"instance": "day1_Region7_s0.3", "solver": "ls", "budget": 1.0, "seed": 101, "wall": 1.03, "objective": 22.945326664076624, "peak_W_util": 22.60395622895621, "status": "ok", "over_budget": 0}
RESULT {"instance": "day1_Region7_s0", "solver": "ls", "budget": 1.0, "seed": 101, "wall": 1.02, "objective": 23.492203687516234, "peak_W_util": 22.85686998187003, "status": "ok", "over_budget": 0}
RESULT {"instance": "day1_Region6_s0.1", "solver": "ls", "budget": 3.0, "seed": 101, "wall": 3.005, "objective": 21.85937702343957, "peak_W_util": 21.704318829318876, "status": "ok", "over_budget": 0}
RESULT {"instance": "day1_Region6_s0.2", "solver": "ls", "budget": 3.0, "seed": 101, "wall": 3.007, "objective": 23.539720117845146, "peak_W_util": 22.83755827505828, "status": "ok", "over_budget": 0}
RESULT {"instance": "day1_Region6_s0.3", "solver": "ls", "budget": 3.0, "seed": 101, "wall": 3.003, "objective": 20.8416152713028, "peak_W_util": 20.294968919968955, "status": "ok", "over_budget": 0}
RESULT {"instance": "day1_Region6_s0", "solver": "ls", "budget": 3.0, "seed": 101, "wall": 3.004, "objective": 21.211445383320402, "peak_W_util": 20.479862729862774, "status": "ok", "over_budget": 0}
RESULT {"instance": "day1_Region7_s0.1", "solver": "ls", "budget": 3.0, "seed": 101, "wall": 3.009, "objective": 22.881001521626537, "peak_W_util": 22.143210955710998, "status": "ok", "over_budget": 0}
RESULT {"instance": "day1_Region7_s0.2", "solver": "ls", "budget": 3.0, "seed": 101, "wall": 3.005, "objective": 22.573345635845726, "peak_W_util": 21.94706682206686, "status": "ok", "over_budget": 0}
RESULT {"instance": "day1_Region7_s0.3", "solver": "ls", "budget": 3.0, "seed": 101, "wall": 3.017, "objective": 22.678528069153053, "peak_W_util": 22.43398730898729, "status": "ok", "over_budget": 0}
RESULT {"instance": "day1_Region7_s0", "solver": "ls", "budget": 3.0, "seed": 101, "wall": 3.01, "objective": 23.102428532116054, "peak_W_util": 22.437742812742847, "status": "ok", "over_budget": 0}
RESULT {"instance": "day1_Region6_s0.1", "solver": "ls", "budget": 10.0, "seed": 101, "wall": 10.004, "objective": 21.81150649119403, "peak_W_util": 21.704318829318876, "status": "ok", "over_budget": 0}
RESULT {"instance": "day1_Region6_s0.2", "solver": "ls", "budget": 10.0, "seed": 101, "wall": 10.001, "objective": 23.455016915954424, "peak_W_util": 22.83755827505828, "status": "ok", "over_budget": 0}
RESULT {"instance": "day1_Region6_s0.3", "solver": "ls", "budget": 10.0, "seed": 101, "wall": 10.0, "objective": 20.701338302900822, "peak_W_util": 20.126893939393952, "status": "ok", "over_budget": 0}
RESULT {"instance": "day1_Region6_s0", "solver": "ls", "budget": 10.0, "seed": 101, "wall": 10.002, "objective": 21.184636833074343, "peak_W_util": 20.52790727790725, "status": "ok", "over_budget": 0}
RESULT {"instance": "day1_Region7_s0.1", "solver": "ls", "budget": 10.0, "seed": 101, "wall": 10.006, "objective": 22.75405294936548, "peak_W_util": 22.059262496762553, "status": "ok", "over_budget": 0}
RESULT {"instance": "day1_Region7_s0.2", "solver": "ls", "budget": 10.0, "seed": 101, "wall": 10.01, "objective": 22.520240465552988, "peak_W_util": 21.907634032634146, "status": "ok", "over_budget": 0}
RESULT {"instance": "day1_Region7_s0.3", "solver": "ls", "budget": 10.0, "seed": 101, "wall": 10.004, "objective": 22.627640588578068, "peak_W_util": 22.357096607096587, "status": "ok", "over_budget": 0}
RESULT {"instance": "day1_Region7_s0", "solver": "ls", "budget": 10.0, "seed": 101, "wall": 10.005, "objective": 23.087364024864087, "peak_W_util": 22.423076923076973, "status": "ok", "over_budget": 0}
RESULT {"instance": "day1_Region6_s0.1", "solver": "pt", "budget": 1.0, "seed": 101, "wall": 1.024, "objective": 22.087190009065026, "peak_W_util": 21.796765734265783, "status": "ok", "over_budget": 0}
RESULT {"instance": "day1_Region6_s0.2", "solver": "pt", "budget": 1.0, "seed": 101, "wall": 1.011, "objective": 23.771428224553244, "peak_W_util": 23.085680523180528, "status": "ok", "over_budget": 0}
RESULT {"instance": "day1_Region6_s0.3", "solver": "pt", "budget": 1.0, "seed": 101, "wall": 0.985, "objective": 21.19939377751871, "peak_W_util": 20.583414270914062, "status": "ok", "over_budget": 0}
RESULT {"instance": "day1_Region6_s0", "solver": "pt", "budget": 1.0, "seed": 101, "wall": 1.043, "objective": 21.775940494690495, "peak_W_util": 21.05184861434871, "status": "ok", "over_budget": 0}
RESULT {"instance": "day1_Region7_s0.1", "solver": "pt", "budget": 1.0, "seed": 101, "wall": 1.033, "objective": 23.70156695156696, "peak_W_util": 22.99342786842787, "status": "ok", "over_budget": 0}
RESULT {"instance": "day1_Region7_s0.2", "solver": "pt", "budget": 1.0, "seed": 101, "wall": 0.987, "objective": 23.158129775317292, "peak_W_util": 22.632365319865357, "status": "ok", "over_budget": 0}
RESULT {"instance": "day1_Region7_s0.3", "solver": "pt", "budget": 1.0, "seed": 101, "wall": 1.056, "objective": 23.081880503755468, "peak_W_util": 22.482549857549834, "status": "ok", "over_budget": 0}
RESULT {"instance": "day1_Region7_s0", "solver": "pt", "budget": 1.0, "seed": 101, "wall": 0.988, "objective": 23.707457184019653, "peak_W_util": 23.11104636104639, "status": "ok", "over_budget": 0}
RESULT {"instance": "day1_Region6_s0.1", "solver": "pt", "budget": 3.0, "seed": 101, "wall": 3.074, "objective": 21.823402292152345, "peak_W_util": 21.704318829318876, "status": "ok", "over_budget": 0}
RESULT {"instance": "day1_Region6_s0.2", "solver": "pt", "budget": 3.0, "seed": 101, "wall": 3.025, "objective": 23.571900900025923, "peak_W_util": 22.916828541828572, "status": "ok", "over_budget": 0}
RESULT {"instance": "day1_Region6_s0.3", "solver": "pt", "budget": 3.0, "seed": 101, "wall": 3.08, "objective": 20.9369799760425, "peak_W_util": 20.35782504532505, "status": "ok", "over_budget": 0}
RESULT {"instance": "day1_Region6_s0", "solver": "pt", "budget": 3.0, "seed": 101, "wall": 3.072, "objective": 21.332424808987327, "peak_W_util": 20.771982646982615, "status": "ok", "over_budget": 0}
RESULT {"instance": "day1_Region7_s0.1", "solver": "pt", "budget": 3.0, "seed": 101, "wall": 3.063, "objective": 22.957131410256416, "peak_W_util": 22.4534123284123, "status": "ok", "over_budget": 0}
RESULT {"instance": "day1_Region7_s0.2", "solver": "pt", "budget": 3.0, "seed": 101, "wall": 3.033, "objective": 22.686306170681178, "peak_W_util": 22.19544807044807, "status": "ok", "over_budget": 0}
RESULT {"instance": "day1_Region7_s0.3", "solver": "pt", "budget": 3.0, "seed": 101, "wall": 3.054, "objective": 22.649348047785452, "peak_W_util": 22.43398730898729, "status": "ok", "over_budget": 0}
RESULT {"instance": "day1_Region7_s0", "solver": "pt", "budget": 3.0, "seed": 101, "wall": 3.028, "objective": 23.295302787490307, "peak_W_util": 22.764423076923073, "status": "ok", "over_budget": 0}
RESULT {"instance": "day1_Region6_s0.1", "solver": "pt", "budget": 10.0, "seed": 101, "wall": 10.008, "objective": 21.903443489381036, "peak_W_util": 21.796765734265783, "status": "ok", "over_budget": 0}
RESULT {"instance": "day1_Region6_s0.2", "solver": "pt", "budget": 10.0, "seed": 101, "wall": 10.002, "objective": 23.654507818570337, "peak_W_util": 23.193392255892288, "status": "ok", "over_budget": 0}
RESULT {"instance": "day1_Region6_s0.3", "solver": "pt", "budget": 10.0, "seed": 101, "wall": 10.009, "objective": 21.806696775446774, "peak_W_util": 20.97432659932652, "status": "ok", "over_budget": 0}
RESULT {"instance": "day1_Region6_s0", "solver": "pt", "budget": 10.0, "seed": 101, "wall": 10.003, "objective": 21.494672283734822, "peak_W_util": 20.966087153587214, "status": "ok", "over_budget": 0}
RESULT {"instance": "day1_Region7_s0.1", "solver": "pt", "budget": 10.0, "seed": 101, "wall": 10.015, "objective": 23.01016373672627, "peak_W_util": 22.509955322455337, "status": "ok", "over_budget": 0}
RESULT {"instance": "day1_Region7_s0.2", "solver": "pt", "budget": 10.0, "seed": 101, "wall": 10.015, "objective": 22.8185258029008, "peak_W_util": 22.391592204092152, "status": "ok", "over_budget": 0}
RESULT {"instance": "day1_Region7_s0.3", "solver": "pt", "budget": 10.0, "seed": 101, "wall": 10.005, "objective": 22.788491890054384, "peak_W_util": 22.652518777518758, "status": "ok", "over_budget": 0}
RESULT {"instance": "day1_Region7_s0", "solver": "pt", "budget": 10.0, "seed": 101, "wall": 10.02, "objective": 23.380453169515683, "peak_W_util": 22.886655011654952, "status": "ok", "over_budget": 0}
