RESULT {"instance": "full_Region7_s0", "solver": "pt", "budget": 3.0, "full_peak_util": 27.91336441336441, "n_over_budget": 0, "max_block_wall": 3.051, "status": "ok"}
RESULT {"instance": "full_Region7_s0.1", "solver": "pt", "budget": 3.0, "full_peak_util": 26.98818311318314, "n_over_budget": 0, "max_block_wall": 3.051, "status": "ok"}
RESULT {"instance": "full_Region7_s0.2", "solver": "pt", "budget": 3.0, "full_peak_util": 27.394214581714593, "n_over_budget": 0, "max_block_wall": 3.057, "status": "ok"}
RESULT {"instance": "full_Region7_s0.3", "solver": "pt", "budget": 3.0, "full_peak_util": 26.082944832944843, "n_over_budget": 0, "max_block_wall": 3.046, "status": "ok"}
RESULT {"instance": "full_Region6_s0", "solver": "pt", "budget": 3.0, "full_peak_util": 26.678127428127347, "n_over_budget": 0, "max_block_wall": 3.06, "status": "ok"}
RESULT {"instance": "full_Region6_s0.1", "solver": "pt", "budget": 3.0, "full_peak_util": 25.007770007770073, "n_over_budget": 0, "max_block_wall": 3.068, "status": "ok"}
RESULT {"instance": "full_Region6_s0.2", "solver": "pt", "budget": 3.0, "full_peak_util": 25.763160450660624, "n_over_budget": 0, "max_block_wall": 3.056, "status": "ok"}
RESULT {"instance": "full_Region6_s0.3", "solver": "pt", "budget": 3.0, "full_peak_util": 26.214112276612383, "n_over_budget": 0, "max_block_wall": 3.062, "status": "ok"}
RESULT {"instance": "full_Region7_s0", "solver": "eim", "budget": 3.0, "full_peak_util": 27.972724035224058, "n_over_budget": 0, "max_block_wall": 3.019, "status": "ok"}
RESULT {"instance": "full_Region7_s0.1", "solver": "eim", "budget": 3.0, "full_peak_util": 27.10275835275838, "n_over_budget": 0, "max_block_wall": 3.013, "status": "ok"}
RESULT {"instance": "full_Region7_s0.2", "solver": "eim", "budget": 3.0, "full_peak_util": 27.489445739445753, "n_over_budget": 0, "max_block_wall": 3.014, "status": "ok"}
RESULT {"instance": "full_Region7_s0.3", "solver": "eim", "budget": 3.0, "full_peak_util": 26.146804584304594, "n_over_budget": 0, "max_block_wall": 3.018, "status": "ok"}
RESULT {"instance": "full_Region6_s0", "solver": "eim", "budget": 3.0, "full_peak_util": 26.648390960890946, "n_over_budget": 0, "max_block_wall": 3.016, "status": "ok"}
RESULT {"instance": "full_Region6_s0.1", "solver": "eim", "budget": 3.0, "full_peak_util": 24.86816886816886, "n_over_budget": 0, "max_block_wall": 3.014, "status": "ok"}
RESULT {"instance": "full_Region6_s0.2", "solver": "eim", "budget": 3.0, "full_peak_util": 25.84031015281014, "n_over_budget": 0, "max_block_wall": 3.015, "status": "ok"}
RESULT {"instance": "full_Region6_s0.3", "solver": "eim", "budget": 3.0, "full_peak_util": 26.22409997409994, "n_over_budget": 0, "max_block_wall": 3.019, "status": "ok"}
RESULT {"instance": "full_Region7_s0", "solver": "ls", "budget": 3.0, "full_peak_util": 27.975880600880622, "n_over_budget": 0, "max_block_wall": 3.007, "status": "ok"}
RESULT {"instance": "full_Region7_s0.1", "solver": "ls", "budget": 3.0, "full_peak_util": 27.42157148407151, "n_over_budget": 0, "max_block_wall": 3.008, "status": "ok"}
RESULT {"instance": "full_Region7_s0.2", "solver": "ls", "budget": 3.0, "full_peak_util": 27.5684893809894, "n_over_budget": 0, "max_block_wall": 3.006, "status": "ok"}
RESULT {"instance": "full_Region7_s0.3", "solver": "ls", "budget": 3.0, "full_peak_util": 26.46624902874904, "n_over_budget": 0, "max_block_wall": 3.007, "status": "ok"}
RESULT {"instance": "full_Region6_s0", "solver": "ls", "budget": 3.0, "full_peak_util": 26.740206552706503, "n_over_budget": 0, "max_block_wall": 3.009, "status": "ok"}
RESULT {"instance": "full_Region6_s0.1", "solver": "ls", "budget": 3.0, "full_peak_util": 23.990255115255167, "n_over_budget": 0, "max_block_wall": 3.008, "status": "ok"}
RESULT {"instance": "full_Region6_s0.2", "solver": "ls", "budget": 3.0, "full_peak_util": 25.873316498316488, "n_over_budget": 0, "max_block_wall": 3.005, "status": "ok"}
RESULT {"instance": "full_Region6_s0.3", "solver": "ls", "budget": 3.0, "full_peak_util": 26.302026677026657, "n_over_budget": 0, "max_block_wall": 3.006, "status": "ok"}
RESULT {"instance": "full_Region7_s0", "solver": "pgreedy", "budget": 3.0, "full_peak_util": 31.53465747215749, "n_over_budget": 0, "max_block_wall": 0.003, "status": "ok"}
RESULT {"instance": "full_Region7_s0.1", "solver": "pgreedy", "budget": 3.0, "full_peak_util": 33.979085729085654, "n_over_budget": 0, "max_block_wall": 0.002, "status": "ok"}
RESULT {"instance": "full_Region7_s0.2", "solver": "pgreedy", "budget": 3.0, "full_peak_util": 29.803289303289283, "n_over_budget": 0, "max_block_wall": 0.002, "status": "ok"}
RESULT {"instance": "full_Region7_s0.3", "solver": "pgreedy", "budget": 3.0, "full_peak_util": 30.307854182854157, "n_over_budget": 0, "max_block_wall": 0.002, "status": "ok"}
RESULT {"instance": "full_Region6_s0", "solver": "pgreedy", "budget": 3.0, "full_peak_util": 29.13796620046614, "n_over_budget": 0, "max_block_wall": 0.001, "status": "ok"}
RESULT {"instance": "full_Region6_s0.1", "solver": "pgreedy", "budget": 3.0, "full_peak_util": 28.114769489769493, "n_over_budget": 0, "max_block_wall": 0.001, "status": "ok"}
RESULT {"instance": "full_Region6_s0.2", "solver": "pgreedy", "budget": 3.0, "full_peak_util": 28.370435120435104, "n_over_budget": 0, "max_block_wall": 0.001, "status": "ok"}
RESULT {"instance": "full_Region6_s0.3", "solver": "pgreedy", "budget": 3.0, "full_peak_util": 30.467981092981145, "n_over_budget": 0, "max_block_wall": 0.001, "status": "ok"}
