RESULT {"instance": "full_Region7_s0", "solver": "milp", "budget": 3.0, "full_peak_util": 27.834239834239856, "n_over_budget": 0, "max_block_wall": 2.46, "status": "ok"}
RESULT {"instance": "full_Region7_s0.1", "solver": "milp", "budget": 3.0, "full_peak_util": 26.98818311318314, "n_over_budget": 0, "max_block_wall": 2.46, "status": "ok"}
RESULT {"instance": "full_Region7_s0.2", "solver": "milp", "budget": 3.0, "full_peak_util": 27.19781144781153, "n_over_budget": 0, "max_block_wall": 2.46, "status": "ok"}
RESULT {"instance": "full_Region7_s0.3", "solver": "milp", "budget": 3.0, "full_peak_util": 26.032342657342678, "n_over_budget": 0, "max_block_wall": 2.46, "status": "ok"}
RESULT {"instance": "full_Region6_s0", "solver": "milp", "budget": 3.0, "full_peak_util": 26.616161616161534, "n_over_budget": 0, "max_block_wall": 2.463, "status": "ok"}
RESULT {"instance": "full_Region6_s0.1", "solver": "milp", "budget": 3.0, "full_peak_util": 24.96930846930849, "n_over_budget": 0, "max_block_wall": 2.463, "status": "ok"}
RESULT {"instance": "full_Region6_s0.2", "solver": "milp", "budget": 3.0, "full_peak_util": 25.763160450660624, "n_over_budget": 0, "max_block_wall": 2.477, "status": "ok"}
RESULT {"instance": "full_Region6_s0.3", "solver": "milp", "budget": 3.0, "full_peak_util": 26.137108262108363, "n_over_budget": 0, "max_block_wall": 2.465, "status": "ok"}
RESULT {"instance": "full_Region7_s0", "solver": "cpsat", "budget": 3.0, "full_peak_util": 27.740870240870212, "n_over_budget": 0, "max_block_wall": 2.758, "status": "ok"}
RESULT {"instance": "full_Region7_s0.1", "solver": "cpsat", "budget": 3.0, "full_peak_util": 27.04547073297076, "n_over_budget": 0, "max_block_wall": 2.742, "status": "ok"}
RESULT {"instance": "full_Region7_s0.2", "solver": "cpsat", "budget": 3.0, "full_peak_util": 27.13862988862997, "n_over_budget": 0, "max_block_wall": 2.764, "status": "ok"}
RESULT {"instance": "full_Region7_s0.3", "solver": "cpsat", "budget": 3.0, "full_peak_util": 25.958721833721835, "n_over_budget": 0, "max_block_wall": 2.82, "status": "ok"}
RESULT {"instance": "full_Region6_s0", "solver": "cpsat", "budget": 3.0, "full_peak_util": 26.64107420357417, "n_over_budget": 0, "max_block_wall": 2.719, "status": "ok"}
RESULT {"instance": "full_Region6_s0.1", "solver": "cpsat", "budget": 3.0, "full_peak_util": 24.98716329966335, "n_over_budget": 0, "max_block_wall": 2.737, "status": "ok"}
RESULT {"instance": "full_Region6_s0.2", "solver": "cpsat", "budget": 3.0, "full_peak_util": 25.691287878787893, "n_over_budget": 0, "max_block_wall": 2.727, "status": "ok"}
RESULT {"instance": "full_Region6_s0.3", "solver": "cpsat", "budget": 3.0, "full_peak_util": 26.12040274540285, "n_over_budget": 0, "max_block_wall": 2.704, "status": "ok"}
RESULT {"instance": "full_Region7_s0", "solver": "lp", "budget": 3.0, "full_peak_util": 28.10408572908572, "n_over_budget": 0, "max_block_wall": 0.028, "status": "ok"}
RESULT {"instance": "full_Region7_s0.1", "solver": "lp", "budget": 3.0, "full_peak_util": 27.135133385133408, "n_over_budget": 0, "max_block_wall": 0.006, "status": "ok"}
RESULT {"instance": "full_Region7_s0.2", "solver": "lp", "budget": 3.0, "full_peak_util": 28.182352369852378, "n_over_budget": 0, "max_block_wall": 0.005, "status": "ok"}
RESULT {"instance": "full_Region7_s0.3", "solver": "lp", "budget": 3.0, "full_peak_util": 26.156937969437998, "n_over_budget": 0, "max_block_wall": 0.005, "status": "ok"}
RESULT {"instance": "full_Region6_s0", "solver": "lp", "budget": 3.0, "full_peak_util": 26.855558793058712, "n_over_budget": 0, "max_block_wall": 0.01, "status": "ok"}
RESULT {"instance": "full_Region6_s0.1", "solver": "lp", "budget": 3.0, "full_peak_util": 25.156873219373285, "n_over_budget": 0, "max_block_wall": 0.004, "status": "ok"}
RESULT {"instance": "full_Region6_s0.2", "solver": "lp", "budget": 3.0, "full_peak_util": 25.95875420875424, "n_over_budget": 0, "max_block_wall": 0.005, "status": "ok"}
RESULT {"instance": "full_Region6_s0.3", "solver": "lp", "budget": 3.0, "full_peak_util": 26.331471768971877, "n_over_budget": 0, "max_block_wall": 0.005, "status": "ok"}
