RESULT {"instance": "full_Region7_s0", "solver": "greedy", "budget": 1.0, "full_peak_util": 34.54286454286461, "n_over_budget": 0, "max_block_wall": 0.015, "status": "ok"}
RESULT {"instance": "full_Region7_s0.1", "solver": "greedy", "budget": 1.0, "full_peak_util": 33.92053548303541, "n_over_budget": 0, "max_block_wall": 0.003, "status": "ok"}
RESULT {"instance": "full_Region7_s0.2", "solver": "greedy", "budget": 1.0, "full_peak_util": 34.77112470862464, "n_over_budget": 0, "max_block_wall": 0.003, "status": "ok"}
RESULT {"instance": "full_Region7_s0.3", "solver": "greedy", "budget": 1.0, "full_peak_util": 32.8302900802901, "n_over_budget": 0, "max_block_wall": 0.003, "status": "ok"}
RESULT {"instance": "full_Region6_s0", "solver": "greedy", "budget": 1.0, "full_peak_util": 33.30974812224806, "n_over_budget": 0, "max_block_wall": 0.003, "status": "ok"}
RESULT {"instance": "full_Region6_s0.1", "solver": "greedy", "budget": 1.0, "full_peak_util": 30.75229862729855, "n_over_budget": 0, "max_block_wall": 0.0, "status": "ok"}
RESULT {"instance": "full_Region6_s0.2", "solver": "greedy", "budget": 1.0, "full_peak_util": 29.774734524734498, "n_over_budget": 0, "max_block_wall": 0.0, "status": "ok"}
RESULT {"instance": "full_Region6_s0.3", "solver": "greedy", "budget": 1.0, "full_peak_util": 31.302269489769486, "n_over_budget": 0, "max_block_wall": 0.0, "status": "ok"}
RESULT {"instance": "full_Region7_s0", "solver": "pgreedy", "budget": 1.0, "full_peak_util": 31.53465747215749, "n_over_budget": 0, "max_block_wall": 0.003, "status": "ok"}
RESULT {"instance": "full_Region7_s0.1", "solver": "pgreedy", "budget": 1.0, "full_peak_util": 33.979085729085654, "n_over_budget": 0, "max_block_wall": 0.002, "status": "ok"}
RESULT {"instance": "full_Region7_s0.2", "solver": "pgreedy", "budget": 1.0, "full_peak_util": 29.803289303289283, "n_over_budget": 0, "max_block_wall": 0.002, "status": "ok"}
RESULT {"instance": "full_Region7_s0.3", "solver": "pgreedy", "budget": 1.0, "full_peak_util": 30.307854182854157, "n_over_budget": 0, "max_block_wall": 0.002, "status": "ok"}
RESULT {"instance": "full_Region6_s0", "solver": "pgreedy", "budget": 1.0, "full_peak_util": 29.13796620046614, "n_over_budget": 0, "max_block_wall": 0.001, "status": "ok"}
RESULT {"instance": "full_Region6_s0.1", "solver": "pgreedy", "budget": 1.0, "full_peak_util": 28.114769489769493, "n_over_budget": 0, "max_block_wall": 0.001, "status": "ok"}
RESULT {"instance": "full_Region6_s0.2", "solver": "pgreedy", "budget": 1.0, "full_peak_util": 28.370435120435104, "n_over_budget": 0, "max_block_wall": 0.001, "status": "ok"}
RESULT {"instance": "full_Region6_s0.3", "solver": "pgreedy", "budget": 1.0, "full_peak_util": 30.467981092981145, "n_over_budget": 0, "max_block_wall": 0.001, "status": "ok"}
RESULT {"instance": "full_Region7_s0", "solver": "lp", "budget": 1.0, "full_peak_util": 28.10408572908572, "n_over_budget": 0, "max_block_wall": 0.028, "status": "ok"}
RESULT {"instance": "full_Region7_s0.1", "solver": "lp", "budget": 1.0, "full_peak_util": 27.135133385133408, "n_over_budget": 0, "max_block_wall": 0.009, "status": "ok"}
RESULT {"instance": "full_Region7_s0.2", "solver": "lp", "budget": 1.0, "full_peak_util": 28.182352369852378, "n_over_budget": 0, "max_block_wall": 0.01, "status": "ok"}
RESULT {"instance": "full_Region7_s0.3", "solver": "lp", "budget": 1.0, "full_peak_util": 26.156937969437998, "n_over_budget": 0, "max_block_wall": 0.005, "status": "ok"}
RESULT {"instance": "full_Region6_s0", "solver": "lp", "budget": 1.0, "full_peak_util": 26.855558793058712, "n_over_budget": 0, "max_block_wall": 0.004, "status": "ok"}
RESULT {"instance": "full_Region6_s0.1", "solver": "lp", "budget": 1.0, "full_peak_util": 25.156873219373285, "n_over_budget": 0, "max_block_wall": 0.004, "status": "ok"}
RESULT {"instance": "full_Region6_s0.2", "solver": "lp", "budget": 1.0, "full_peak_util": 25.95875420875424, "n_over_budget": 0, "max_block_wall": 0.006, "status": "ok"}
RESULT {"instance": "full_Region6_s0.3", "solver": "lp", "budget": 1.0, "full_peak_util": 26.331471768971877, "n_over_budget": 0, "max_block_wall": 0.005, "status": "ok"}
RESULT {"instance": "full_Region7_s0", "solver": "milp", "budget": 1.0, "full_peak_util": 27.866436803936786, "n_over_budget": 0, "max_block_wall": 0.759, "status": "ok"}
RESULT {"instance": "full_Region7_s0.1", "solver": "milp", "budget": 1.0, "full_peak_util": 26.930895493395518, "n_over_budget": 0, "max_block_wall": 0.756, "status": "ok"}
RESULT {"instance": "full_Region7_s0.2", "solver": "milp", "budget": 1.0, "full_peak_util": 27.121325433825486, "n_over_budget": 0, "max_block_wall": 0.755, "status": "ok"}
RESULT {"instance": "full_Region7_s0.3", "solver": "milp", "budget": 1.0, "full_peak_util": 26.082944832944843, "n_over_budget": 0, "max_block_wall": 0.764, "status": "ok"}
RESULT {"instance": "full_Region6_s0", "solver": "milp", "budget": 1.0, "full_peak_util": 26.641818829318776, "n_over_budget": 0, "max_block_wall": 0.77, "status": "ok"}
RESULT {"instance": "full_Region6_s0.1", "solver": "milp", "budget": 1.0, "full_peak_util": 25.008401320901385, "n_over_budget": 0, "max_block_wall": 0.764, "status": "ok"}
RESULT {"instance": "full_Region6_s0.2", "solver": "milp", "budget": 1.0, "full_peak_util": 25.750388500388674, "n_over_budget": 0, "max_block_wall": 0.763, "status": "ok"}
RESULT {"instance": "full_Region6_s0.3", "solver": "milp", "budget": 1.0, "full_peak_util": 26.190349002849103, "n_over_budget": 0, "max_block_wall": 0.762, "status": "ok"}
RESULT {"instance": "full_Region7_s0", "solver": "cpsat", "budget": 1.0, "full_peak_util": 27.809586247086266, "n_over_budget": 0, "max_block_wall": 1.031, "status": "ok"}
RESULT {"instance": "full_Region7_s0.1", "solver": "cpsat", "budget": 1.0, "full_peak_util": 27.057692307692328, "n_over_budget": 0, "max_block_wall": 1.054, "status": "ok"}
RESULT {"instance": "full_Region7_s0.2", "solver": "cpsat", "budget": 1.0, "full_peak_util": 27.237422299922255, "n_over_budget": 0, "max_block_wall": 0.948, "status": "ok"}
RESULT {"instance": "full_Region7_s0.3", "solver": "cpsat", "budget": 1.0, "full_peak_util": 26.072811447811468, "n_over_budget": 0, "max_block_wall": 0.937, "status": "ok"}
RESULT {"instance": "full_Region6_s0", "solver": "cpsat", "budget": 1.0, "full_peak_util": 26.648277648277627, "n_over_budget": 0, "max_block_wall": 0.933, "status": "ok"}
RESULT {"instance": "full_Region6_s0.1", "solver": "cpsat", "budget": 1.0, "full_peak_util": 25.00056656306658, "n_over_budget": 0, "max_block_wall": 0.941, "status": "ok"}
RESULT {"instance": "full_Region6_s0.2", "solver": "cpsat", "budget": 1.0, "full_peak_util": 25.74404299404298, "n_over_budget": 0, "max_block_wall": 0.918, "status": "ok"}
RESULT {"instance": "full_Region6_s0.3", "solver": "cpsat", "budget": 1.0, "full_peak_util": 26.170227920227887, "n_over_budget": 0, "max_block_wall": 0.897, "status": "ok"}
RESULT {"instance": "full_Region7_s0", "solver": "ls", "budget": 1.0, "full_peak_util": 28.912975912975842, "n_over_budget": 0, "max_block_wall": 1.017, "status": "ok"}
RESULT {"instance": "full_Region7_s0.1", "solver": "ls", "budget": 1.0, "full_peak_util": 27.33684602434595, "n_over_budget": 0, "max_block_wall": 1.017, "status": "ok"}
RESULT {"instance": "full_Region7_s0.2", "solver": "ls", "budget": 1.0, "full_peak_util": 27.588092463092483, "n_over_budget": 0, "max_block_wall": 1.02, "status": "ok"}
RESULT {"instance": "full_Region7_s0.3", "solver": "ls", "budget": 1.0, "full_peak_util": 26.27073620823622, "n_over_budget": 0, "max_block_wall": 1.018, "status": "ok"}
RESULT {"instance": "full_Region6_s0", "solver": "ls", "budget": 1.0, "full_peak_util": 26.784608909608885, "n_over_budget": 0, "max_block_wall": 1.019, "status": "ok"}
RESULT {"instance": "full_Region6_s0.1", "solver": "ls", "budget": 1.0, "full_peak_util": 25.392741517741513, "n_over_budget": 0, "max_block_wall": 1.021, "status": "ok"}
RESULT {"instance": "full_Region6_s0.2", "solver": "ls", "budget": 1.0, "full_peak_util": 26.037085599585772, "n_over_budget": 0, "max_block_wall": 1.02, "status": "ok"}
RESULT {"instance": "full_Region6_s0.3", "solver": "ls", "budget": 1.0, "full_peak_util": 26.58211926961924, "n_over_budget": 0, "max_block_wall": 1.019, "status": "ok"}
RESULT {"instance": "full_Region7_s0", "solver": "pt", "budget": 1.0, "full_peak_util": 29.185168997668924, "n_over_budget": 0, "max_block_wall": 1.044, "status": "ok"}
RESULT {"instance": "full_Region7_s0.1", "solver": "pt", "budget": 1.0, "full_peak_util": 27.572309634809653, "n_over_budget": 0, "max_block_wall": 1.041, "status": "ok"}
RESULT {"instance": "full_Region7_s0.2", "solver": "pt", "budget": 1.0, "full_peak_util": 27.987988862988843, "n_over_budget": 0, "max_block_wall": 1.041, "status": "ok"}
RESULT {"instance": "full_Region7_s0.3", "solver": "pt", "budget": 1.0, "full_peak_util": 26.592592592592613, "n_over_budget": 0, "max_block_wall": 1.042, "status": "ok"}
RESULT {"instance": "full_Region6_s0", "solver": "pt", "budget": 1.0, "full_peak_util": 26.897921522921497, "n_over_budget": 0, "max_block_wall": 1.05, "status": "ok"}
RESULT {"instance": "full_Region6_s0.1", "solver": "pt", "budget": 1.0, "full_peak_util": 24.046021108521042, "n_over_budget": 0, "max_block_wall": 1.049, "status": "ok"}
RESULT {"instance": "full_Region6_s0.2", "solver": "pt", "budget": 1.0, "full_peak_util": 26.070577570577598, "n_over_budget": 0, "max_block_wall": 1.048, "status": "ok"}
RESULT {"instance": "full_Region6_s0.3", "solver": "pt", "budget": 1.0, "full_peak_util": 26.570609945609938, "n_over_budget": 0, "max_block_wall": 1.051, "status": "ok"}
RESULT {"instance": "full_Region7_s0", "solver": "eim", "budget": 1.0, "full_peak_util": 28.37734718984718, "n_over_budget": 0, "max_block_wall": 1.093, "status": "ok"}
RESULT {"instance": "full_Region7_s0.1", "solver": "eim", "budget": 1.0, "full_peak_util": 27.619609557109513, "n_over_budget": 0, "max_block_wall": 1.104, "status": "ok"}
RESULT {"instance": "full_Region7_s0.2", "solver": "eim", "budget": 1.0, "full_peak_util": 27.83606902356911, "n_over_budget": 0, "max_block_wall": 1.098, "status": "ok"}
RESULT {"instance": "full_Region7_s0.3", "solver": "eim", "budget": 1.0, "full_peak_util": 26.890540015540044, "n_over_budget": 0, "max_block_wall": 1.095, "status": "ok"}
RESULT {"instance": "full_Region6_s0", "solver": "eim", "budget": 1.0, "full_peak_util": 26.816838254338197, "n_over_budget": 0, "max_block_wall": 1.107, "status": "ok"}
RESULT {"instance": "full_Region6_s0.1", "solver": "eim", "budget": 1.0, "full_peak_util": 25.095538720538716, "n_over_budget": 0, "max_block_wall": 1.105, "status": "ok"}
RESULT {"instance": "full_Region6_s0.2", "solver": "eim", "budget": 1.0, "full_peak_util": 26.042654105154096, "n_over_budget": 0, "max_block_wall": 1.113, "status": "ok"}
RESULT {"instance": "full_Region6_s0.3", "solver": "eim", "budget": 1.0, "full_peak_util": 26.4377266252266, "n_over_budget": 0, "max_block_wall": 1.116, "status": "ok"}
RESULT {"instance": "full_Region7_s0", "solver": "sb", "budget": 1.0, "full_peak_util": 28.10408572908572, "n_over_budget": 0, "max_block_wall": 0.981, "status": "ok"}
RESULT {"instance": "full_Region7_s0.1", "solver": "sb", "budget": 1.0, "full_peak_util": 27.135133385133408, "n_over_budget": 0, "max_block_wall": 0.981, "status": "ok"}
RESULT {"instance": "full_Region7_s0.2", "solver": "sb", "budget": 1.0, "full_peak_util": 28.182352369852378, "n_over_budget": 0, "max_block_wall": 0.981, "status": "ok"}
RESULT {"instance": "full_Region7_s0.3", "solver": "sb", "budget": 1.0, "full_peak_util": 26.156937969437998, "n_over_budget": 0, "max_block_wall": 0.981, "status": "ok"}
RESULT {"instance": "full_Region6_s0", "solver": "sb", "budget": 1.0, "full_peak_util": 26.855558793058712, "n_over_budget": 0, "max_block_wall": 0.981, "status": "ok"}
RESULT {"instance": "full_Region6_s0.1", "solver": "sb", "budget": 1.0, "full_peak_util": 25.156873219373285, "n_over_budget": 0, "max_block_wall": 0.981, "status": "ok"}
RESULT {"instance": "full_Region6_s0.2", "solver": "sb", "budget": 1.0, "full_peak_util": 25.95875420875424, "n_over_budget": 0, "max_block_wall": 0.981, "status": "ok"}
RESULT {"instance": "full_Region6_s0.3", "solver": "sb", "budget": 1.0, "full_peak_util": 26.331471768971877, "n_over_budget": 0, "max_block_wall": 0.98, "status": "ok"}
RESULT {"instance": "full_Region7_s0", "solver": "mq", "budget": 1.0, "full_peak_util": 28.10408572908572, "n_over_budget": 0, "max_block_wall": 1.04, "status": "ok"}
RESULT {"instance": "full_Region7_s0.1", "solver": "mq", "budget": 1.0, "full_peak_util": 27.135133385133408, "n_over_budget": 0, "max_block_wall": 1.063, "status": "ok"}
RESULT {"instance": "full_Region7_s0.2", "solver": "mq", "budget": 1.0, "full_peak_util": 28.182352369852378, "n_over_budget": 0, "max_block_wall": 1.041, "status": "ok"}
RESULT {"instance": "full_Region7_s0.3", "solver": "mq", "budget": 1.0, "full_peak_util": 26.156937969437998, "n_over_budget": 0, "max_block_wall": 1.053, "status": "ok"}
RESULT {"instance": "full_Region6_s0", "solver": "mq", "budget": 1.0, "full_peak_util": 26.86086829836827, "n_over_budget": 0, "max_block_wall": 1.003, "status": "ok"}
RESULT {"instance": "full_Region6_s0.1", "solver": "mq", "budget": 1.0, "full_peak_util": 24.00592463092462, "n_over_budget": 0, "max_block_wall": 0.988, "status": "ok"}
RESULT {"instance": "full_Region6_s0.2", "solver": "mq", "budget": 1.0, "full_peak_util": 25.91872248122247, "n_over_budget": 0, "max_block_wall": 1.003, "status": "ok"}
RESULT {"instance": "full_Region6_s0.3", "solver": "mq", "budget": 1.0, "full_peak_util": 26.331471768971877, "n_over_budget": 0, "max_block_wall": 0.989, "status": "ok"}
