[scale] /home/sxing/project/OS_final_project/changes/2_deployable_peak/wp1_offline/inst/full_Region4_s0.npz|day1||mfsb|32|500|||: ok n=5007 solve=0.14605712890625 rss=366.51953125
[scale] /home/sxing/project/OS_final_project/changes/2_deployable_peak/wp1_offline/inst/full_Region4_s0.npz|day1||pt|16||20000|5.0|: ok n=5007 solve=5.005377769470215 rss=361.29296875
[scale] /home/sxing/project/OS_final_project/changes/2_deployable_peak/wp1_offline/inst/full_Region4_s0.npz|full||mfsb|32|500|||: ok n=32311 solve=0.2501106262207031 rss=410.25390625
[scale] /home/sxing/project/OS_final_project/changes/2_deployable_peak/wp1_offline/inst/full_Region4_s0.npz|full||pt|16||20000|5.0|: ok n=32311 solve=5.006845474243164 rss=377.29296875
[scale] /home/sxing/project/OS_final_project/changes/2_deployable_peak/wp1_offline/inst/full_Region4_s0.npz|day1||dense|32|100|||64: ok n=5007 solve=0.25681138038635254 rss=610.4453125
[scale] /home/sxing/project/OS_final_project/changes/2_deployable_peak/wp1_offline/inst/full_Region4_s0.2.npz|day1||mfsb|32|500|||: ok n=7062 solve=0.19624090194702148 rss=372.0078125
[scale] /home/sxing/project/OS_final_project/changes/2_deployable_peak/wp1_offline/inst/full_Region4_s0.2.npz|day1||pt|16||20000|5.0|: ok n=7062 solve=5.006617069244385 rss=364.15625
[scale] /home/sxing/project/OS_final_project/changes/2_deployable_peak/wp1_offline/inst/full_Region4_s0.2.npz|full||mfsb|32|500|||: ok n=49615 solve=0.5180323123931885 rss=418.07421875
[scale] /home/sxing/project/OS_final_project/changes/2_deployable_peak/wp1_offline/inst/full_Region4_s0.2.npz|full||pt|16||20000|5.0|: ok n=49615 solve=5.0128493309021 rss=392.00390625
[scale] /home/sxing/project/OS_final_project/changes/2_deployable_peak/wp1_offline/inst/full_Region4_s0.2.npz|day1||dense|32|100|||64: ok n=7062 solve=0.6561911106109619 rss=695.8984375
[scale] /home/sxing/project/OS_final_project/changes/2_deployable_peak/wp1_offline/inst/full_Region4_s0.3.npz|day1||mfsb|32|500|||: ok n=7053 solve=0.16849184036254883 rss=373.08203125
[scale] /home/sxing/project/OS_final_project/changes/2_deployable_peak/wp1_offline/inst/full_Region4_s0.3.npz|day1||pt|16||20000|5.0|: ok n=7053 solve=5.00632643699646 rss=364.44921875
[scale] /home/sxing/project/OS_final_project/changes/2_deployable_peak/wp1_offline/inst/full_Region4_s0.3.npz|full||mfsb|32|500|||: ok n=61662 solve=0.7738456726074219 rss=432.7109375
[scale] /home/sxing/project/OS_final_project/changes/2_deployable_peak/wp1_offline/inst/full_Region4_s0.3.npz|full||pt|16||20000|5.0|: ok n=61662 solve=5.000758171081543 rss=397.96484375
[scale] /home/sxing/project/OS_final_project/changes/2_deployable_peak/wp1_offline/inst/full_Region4_s0.3.npz|day1||dense|32|100|||64: ok n=7053 solve=0.8431458473205566 rss=762.63671875
[scale] /home/sxing/project/OS_final_project/changes/2_deployable_peak/wp1_offline/inst/full_Region5_s0.npz|day1||mfsb|32|500|||: ok n=10796 solve=0.18188142776489258 rss=374.8046875
[scale] /home/sxing/project/OS_final_project/changes/2_deployable_peak/wp1_offline/inst/full_Region5_s0.npz|day1||pt|16||20000|5.0|: ok n=10796 solve=5.003146648406982 rss=366.93359375
[scale] /home/sxing/project/OS_final_project/changes/2_deployable_peak/wp1_offline/inst/full_Region5_s0.npz|full||mfsb|32|500|||: ok n=70408 solve=0.5251474380493164 rss=424.28515625
[scale] /home/sxing/project/OS_final_project/changes/2_deployable_peak/wp1_offline/inst/full_Region5_s0.npz|full||pt|16||20000|5.0|: ok n=70408 solve=5.002323150634766 rss=403.2109375
[scale] /home/sxing/project/OS_final_project/changes/2_deployable_peak/wp1_offline/inst/full_Region5_s0.npz|day1||dense|32|100|||64: ok n=10796 solve=1.2018017768859863 rss=826.015625
[scale] /home/sxing/project/OS_final_project/changes/2_deployable_peak/wp1_offline/inst/full_Region5_s0.1.npz|day1||mfsb|32|500|||: ok n=11414 solve=0.14997577667236328 rss=373.56640625
[scale] /home/sxing/project/OS_final_project/changes/2_deployable_peak/wp1_offline/inst/full_Region5_s0.1.npz|day1||pt|16||20000|5.0|: ok n=11414 solve=5.0005786418914795 rss=367.5
[scale] /home/sxing/project/OS_final_project/changes/2_deployable_peak/wp1_offline/inst/full_Region5_s0.1.npz|full||mfsb|32|500|||: ok n=73041 solve=0.5432543754577637 rss=425.70703125
[scale] /home/sxing/project/OS_final_project/changes/2_deployable_peak/wp1_offline/inst/full_Region5_s0.1.npz|full||pt|16||20000|5.0|: ok n=73041 solve=5.008523464202881 rss=405.1953125
[scale] /home/sxing/project/OS_final_project/changes/2_deployable_peak/wp1_offline/inst/full_Region5_s0.1.npz|day1||dense|32|100|||64: ok n=11414 solve=1.3032073974609375 rss=867.2890625
[scale] /home/sxing/project/OS_final_project/changes/2_deployable_peak/wp1_offline/inst/full_Region5_s0.2.npz|day1||mfsb|32|500|||: ok n=10609 solve=0.14998698234558105 rss=373.53125
[scale] /home/sxing/project/OS_final_project/changes/2_deployable_peak/wp1_offline/inst/full_Region5_s0.2.npz|day1||pt|16||20000|5.0|: ok n=10609 solve=5.001023530960083 rss=367.3828125
[scale] /home/sxing/project/OS_final_project/changes/2_deployable_peak/wp1_offline/inst/full_Region5_s0.2.npz|full||mfsb|32|500|||: ok n=69504 solve=0.30990028381347656 rss=415.9296875
[scale] /home/sxing/project/OS_final_project/changes/2_deployable_peak/wp1_offline/inst/full_Region5_s0.2.npz|full||pt|16||20000|5.0|: ok n=69504 solve=5.006042718887329 rss=403.26953125
[scale] /home/sxing/project/OS_final_project/changes/2_deployable_peak/wp1_offline/inst/full_Region5_s0.2.npz|day1||dense|32|100|||64: ok n=10609 solve=1.0313220024108887 rss=807.1015625
[scale] /home/sxing/project/OS_final_project/changes/2_deployable_peak/wp1_offline/inst/full_Region5_s0.3.npz|day1||mfsb|32|500|||: ok n=11219 solve=0.15048599243164062 rss=374.9453125
[scale] /home/sxing/project/OS_final_project/changes/2_deployable_peak/wp1_offline/inst/full_Region5_s0.3.npz|day1||pt|16||20000|5.0|: ok n=11219 solve=5.00065016746521 rss=368.26953125
[scale] /home/sxing/project/OS_final_project/changes/2_deployable_peak/wp1_offline/inst/full_Region5_s0.3.npz|full||mfsb|32|500|||: ok n=73474 solve=0.3310840129852295 rss=417.8515625
[scale] /home/sxing/project/OS_final_project/changes/2_deployable_peak/wp1_offline/inst/full_Region5_s0.3.npz|full||pt|16||20000|5.0|: ok n=73474 solve=5.0033814907073975 rss=405.38671875
[scale] /home/sxing/project/OS_final_project/changes/2_deployable_peak/wp1_offline/inst/full_Region5_s0.3.npz|day1||dense|32|100|||64: ok n=11219 solve=1.1256978511810303 rss=829.3984375
[scale] /home/sxing/project/OS_final_project/changes/2_deployable_peak/wp1_offline/inst/full_Region6_s0.npz|day1||mfsb|32|500|||: ok n=8843 solve=0.19008874893188477 rss=374.0625
[scale] /home/sxing/project/OS_final_project/changes/2_deployable_peak/wp1_offline/inst/full_Region6_s0.npz|day1||pt|16||20000|5.0|: ok n=8843 solve=5.00377631187439 rss=365.65234375
[scale] /home/sxing/project/OS_final_project/changes/2_deployable_peak/wp1_offline/inst/full_Region6_s0.npz|full||mfsb|32|500|||: ok n=61903 solve=0.37883710861206055 rss=432.6640625
[scale] /home/sxing/project/OS_final_project/changes/2_deployable_peak/wp1_offline/inst/full_Region6_s0.npz|full||pt|16||20000|5.0|: ok n=61903 solve=5.009400844573975 rss=395.94921875
[scale] /home/sxing/project/OS_final_project/changes/2_deployable_peak/wp1_offline/inst/full_Region6_s0.npz|day1||dense|32|100|||64: ok n=8843 solve=1.1320078372955322 rss=807.1640625
[scale] /home/sxing/project/OS_final_project/changes/2_deployable_peak/wp1_offline/inst/full_Region6_s0.1.npz|day1||mfsb|32|500|||: ok n=8451 solve=0.135850191116333 rss=371.69140625
[scale] /home/sxing/project/OS_final_project/changes/2_deployable_peak/wp1_offline/inst/full_Region6_s0.1.npz|day1||pt|16||20000|5.0|: ok n=8451 solve=5.004868507385254 rss=365.07421875
[scale] /home/sxing/project/OS_final_project/changes/2_deployable_peak/wp1_offline/inst/full_Region6_s0.1.npz|full||mfsb|32|500|||: ok n=57517 solve=0.5903551578521729 rss=423.296875
[scale] /home/sxing/project/OS_final_project/changes/2_deployable_peak/wp1_offline/inst/full_Region6_s0.1.npz|full||pt|16||20000|5.0|: ok n=57517 solve=5.0019447803497314 rss=398.25390625
[scale] /home/sxing/project/OS_final_project/changes/2_deployable_peak/wp1_offline/inst/full_Region6_s0.1.npz|day1||dense|32|100|||64: ok n=8451 solve=1.0141563415527344 rss=759.92578125
[scale] /home/sxing/project/OS_final_project/changes/2_deployable_peak/wp1_offline/inst/full_Region6_s0.2.npz|day1||mfsb|32|500|||: ok n=9040 solve=0.1377713680267334 rss=372.38671875
[scale] /home/sxing/project/OS_final_project/changes/2_deployable_peak/wp1_offline/inst/full_Region6_s0.2.npz|day1||pt|16||20000|5.0|: ok n=9040 solve=5.004417419433594 rss=366.4140625
[scale] /home/sxing/project/OS_final_project/changes/2_deployable_peak/wp1_offline/inst/full_Region6_s0.2.npz|full||mfsb|32|500|||: ok n=63012 solve=0.5244231224060059 rss=427.96875
[scale] /home/sxing/project/OS_final_project/changes/2_deployable_peak/wp1_offline/inst/full_Region6_s0.2.npz|full||pt|16||20000|5.0|: ok n=63012 solve=5.0033252239227295 rss=399.13671875
[scale] /home/sxing/project/OS_final_project/changes/2_deployable_peak/wp1_offline/inst/full_Region6_s0.2.npz|day1||dense|32|100|||64: ok n=9040 solve=1.3326411247253418 rss=837.5234375
[scale] /home/sxing/project/OS_final_project/changes/2_deployable_peak/wp1_offline/inst/full_Region6_s0.3.npz|day1||mfsb|32|500|||: ok n=8722 solve=0.1511974334716797 rss=372.60546875
[scale] /home/sxing/project/OS_final_project/changes/2_deployable_peak/wp1_offline/inst/full_Region6_s0.3.npz|day1||pt|16||20000|5.0|: ok n=8722 solve=5.010498762130737 rss=365.5625
[scale] /home/sxing/project/OS_final_project/changes/2_deployable_peak/wp1_offline/inst/full_Region6_s0.3.npz|full||mfsb|32|500|||: ok n=60119 solve=0.485029935836792 rss=424.22265625
[scale] /home/sxing/project/OS_final_project/changes/2_deployable_peak/wp1_offline/inst/full_Region6_s0.3.npz|full||pt|16||20000|5.0|: ok n=60119 solve=5.013580083847046 rss=400.30078125
[scale] /home/sxing/project/OS_final_project/changes/2_deployable_peak/wp1_offline/inst/full_Region6_s0.3.npz|day1||dense|32|100|||64: ok n=8722 solve=1.1457014083862305 rss=781.47265625
[scale] /home/sxing/project/OS_final_project/changes/2_deployable_peak/wp1_offline/inst/full_Region7_s0.npz|day1||mfsb|32|500|||: ok n=12987 solve=0.1547832489013672 rss=378.72265625
[scale] /home/sxing/project/OS_final_project/changes/2_deployable_peak/wp1_offline/inst/full_Region7_s0.npz|day1||pt|16||20000|5.0|: ok n=12987 solve=5.00654149055481 rss=369.875
[scale] /home/sxing/project/OS_final_project/changes/2_deployable_peak/wp1_offline/inst/full_Region7_s0.npz|full||mfsb|32|500|||: ok n=87828 solve=0.4941716194152832 rss=434.9375
[scale] /home/sxing/project/OS_final_project/changes/2_deployable_peak/wp1_offline/inst/full_Region7_s0.npz|full||pt|16||20000|5.0|: ok n=87828 solve=5.012353897094727 rss=414.9609375
[scale] /home/sxing/project/OS_final_project/changes/2_deployable_peak/wp1_offline/inst/full_Region7_s0.npz|day1||dense|32|100|||64: ok n=12987 solve=2.449591636657715 rss=1065.85546875
[scale] /home/sxing/project/OS_final_project/changes/2_deployable_peak/wp1_offline/inst/full_Region7_s0.1.npz|day1||mfsb|32|500|||: ok n=13008 solve=0.16700148582458496 rss=376.8828125
[scale] /home/sxing/project/OS_final_project/changes/2_deployable_peak/wp1_offline/inst/full_Region7_s0.1.npz|day1||pt|16||20000|5.0|: ok n=13008 solve=5.003446340560913 rss=369.62890625
[scale] /home/sxing/project/OS_final_project/changes/2_deployable_peak/wp1_offline/inst/full_Region7_s0.1.npz|full||mfsb|32|500|||: ok n=86569 solve=0.6981863975524902 rss=455.12890625
[scale] /home/sxing/project/OS_final_project/changes/2_deployable_peak/wp1_offline/inst/full_Region7_s0.1.npz|full||pt|16||20000|5.0|: ok n=86569 solve=5.0055859088897705 rss=414.14453125
[scale] /home/sxing/project/OS_final_project/changes/2_deployable_peak/wp1_offline/inst/full_Region7_s0.1.npz|day1||dense|32|100|||64: ok n=13008 solve=2.4515085220336914 rss=1093.50390625
[scale] /home/sxing/project/OS_final_project/changes/2_deployable_peak/wp1_offline/inst/full_Region7_s0.2.npz|day1||mfsb|32|500|||: ok n=13010 solve=0.16287851333618164 rss=379.08984375
[scale] /home/sxing/project/OS_final_project/changes/2_deployable_peak/wp1_offline/inst/full_Region7_s0.2.npz|day1||pt|16||20000|5.0|: ok n=13010 solve=5.004035711288452 rss=369.4375
[scale] /home/sxing/project/OS_final_project/changes/2_deployable_peak/wp1_offline/inst/full_Region7_s0.2.npz|full||mfsb|32|500|||: ok n=88507 solve=0.9277498722076416 rss=437.7734375
[scale] /home/sxing/project/OS_final_project/changes/2_deployable_peak/wp1_offline/inst/full_Region7_s0.2.npz|full||pt|16||20000|5.0|: ok n=88507 solve=5.0113525390625 rss=415.13671875
[scale] /home/sxing/project/OS_final_project/changes/2_deployable_peak/wp1_offline/inst/full_Region7_s0.2.npz|day1||dense|32|100|||64: ok n=13010 solve=2.492142677307129 rss=1097.82421875
[scale] /home/sxing/project/OS_final_project/changes/2_deployable_peak/wp1_offline/inst/full_Region7_s0.3.npz|day1||mfsb|32|500|||: ok n=12434 solve=0.17794203758239746 rss=376.109375
[scale] /home/sxing/project/OS_final_project/changes/2_deployable_peak/wp1_offline/inst/full_Region7_s0.3.npz|day1||pt|16||20000|5.0|: ok n=12434 solve=5.002830982208252 rss=368.74609375
[scale] /home/sxing/project/OS_final_project/changes/2_deployable_peak/wp1_offline/inst/full_Region7_s0.3.npz|full||mfsb|32|500|||: ok n=84790 solve=0.6562776565551758 rss=435.65234375
[scale] /home/sxing/project/OS_final_project/changes/2_deployable_peak/wp1_offline/inst/full_Region7_s0.3.npz|full||pt|16||20000|5.0|: ok n=84790 solve=5.013489246368408 rss=411.140625
[scale] /home/sxing/project/OS_final_project/changes/2_deployable_peak/wp1_offline/inst/full_Region7_s0.3.npz|day1||dense|32|100|||64: ok n=12434 solve=2.3617324829101562 rss=1053.03515625
[scale] /home/sxing/project/OS_final_project/changes/2_deployable_peak/wp1_offline/inst/full_Region4_s0.3.npz|full||dense|32|50|||64: ok n=61662 solve=177.49779510498047 rss=20906.1015625
[scale] /home/sxing/project/OS_final_project/changes/2_deployable_peak/wp1_offline/inst/full_Region5_s0.npz|full||dense|32|50|||64: ok n=70408 solve=75.6469509601593 rss=12674.09765625
[scale] /home/sxing/project/OS_final_project/changes/2_deployable_peak/wp1_offline/inst/full_Region6_s0.npz|full||dense|32|50|||64: ok n=61903 solve=107.97245764732361 rss=15402.6796875
[scale] /home/sxing/project/OS_final_project/changes/2_deployable_peak/wp1_offline/inst/full_Region7_s0.npz|full||dense|32|50|||64: ok n=87828 solve=177.574688911438 rss=21945.74609375
[scale] /home/sxing/project/OS_final_project/changes/2_deployable_peak/wp1_offline/inst/full_Region7_s0.npz,/home/sxing/project/OS_final_project/changes/2_deployable_peak/wp1_offline/inst/full_Region7_s0.1.npz|union||mfsb|32|500|||: ok n=174397 solve=2.264923572540283 rss=492.65234375
[scale] /home/sxing/project/OS_final_project/changes/2_deployable_peak/wp1_offline/inst/full_Region7_s0.npz,/home/sxing/project/OS_final_project/changes/2_deployable_peak/wp1_offline/inst/full_Region7_s0.1.npz|union||pt|16||20000|5.0|: ok n=174397 solve=5.008322238922119 rss=470.23046875
[scale] /home/sxing/project/OS_final_project/changes/2_deployable_peak/wp1_offline/inst/full_Region7_s0.npz,/home/sxing/project/OS_final_project/changes/2_deployable_peak/wp1_offline/inst/full_Region7_s0.1.npz|union||dense|32|50|||64: oom: RuntimeError("[enforce fail at alloc_cpu.cpp:127] err == 0. DefaultCPUAllocator: can't allocate memory: you tried to allocate 15632500900 bytes. Error code 12 ( n=174397 solve=None rss=55129.44140625
[scale] /home/sxing/project/OS_final_project/changes/2_deployable_peak/wp1_offline/inst/full_Region7_s0.npz,/home/sxing/project/OS_final_project/changes/2_deployable_peak/wp1_offline/inst/full_Region7_s0.1.npz,/home/sxing/project/OS_final_project/changes/2_deployable_peak/wp1_offline/inst/full_Region7_s0.2.npz,/home/sxing/project/OS_final_project/changes/2_deployable_peak/wp1_offline/inst/full_Region7_s0.3.npz|union||mfsb|32|500|||: ok n=347694 solve=6.353320121765137 rss=623.05859375
[scale] /home/sxing/project/OS_final_project/changes/2_deployable_peak/wp1_offline/inst/full_Region7_s0.npz,/home/sxing/project/OS_final_project/changes/2_deployable_peak/wp1_offline/inst/full_Region7_s0.1.npz,/home/sxing/project/OS_final_project/changes/2_deployable_peak/wp1_offline/inst/full_Region7_s0.2.npz,/home/sxing/project/OS_final_project/changes/2_deployable_peak/wp1_offline/inst/full_Region7_s0.3.npz|union||pt|16||20000|5.0|: ok n=347694 solve=5.0152246952056885 rss=574.26953125
[scale] /home/sxing/project/OS_final_project/changes/2_deployable_peak/wp1_offline/inst/full_Region7_s0.npz,/home/sxing/project/OS_final_project/changes/2_deployable_peak/wp1_offline/inst/full_Region7_s0.1.npz,/home/sxing/project/OS_final_project/changes/2_deployable_peak/wp1_offline/inst/full_Region7_s0.2.npz,/home/sxing/project/OS_final_project/changes/2_deployable_peak/wp1_offline/inst/full_Region7_s0.3.npz|union||dense|32|50|||64: oom: RuntimeError("[enforce fail at alloc_cpu.cpp:127] err == 0. DefaultCPUAllocator: can't allocate memory: you tried to allocate 63042170724 bytes. Error code 12 ( n=347694 solve=None rss=40693.62890625
[scale] /home/sxing/project/OS_final_project/changes/2_deployable_peak/wp1_offline/inst/full_Region5_s0.npz,/home/sxing/project/OS_final_project/changes/2_deployable_peak/wp1_offline/inst/full_Region5_s0.1.npz,/home/sxing/project/OS_final_project/changes/2_deployable_peak/wp1_offline/inst/full_Region5_s0.2.npz,/home/sxing/project/OS_final_project/changes/2_deployable_peak/wp1_offline/inst/full_Region5_s0.3.npz|union||mfsb|32|500|||: ok n=286427 solve=4.113352298736572 rss=571.73828125
[scale] /home/sxing/project/OS_final_project/changes/2_deployable_peak/wp1_offline/inst/full_Region5_s0.npz,/home/sxing/project/OS_final_project/changes/2_deployable_peak/wp1_offline/inst/full_Region5_s0.1.npz,/home/sxing/project/OS_final_project/changes/2_deployable_peak/wp1_offline/inst/full_Region5_s0.2.npz,/home/sxing/project/OS_final_project/changes/2_deployable_peak/wp1_offline/inst/full_Region5_s0.3.npz|union||pt|16||20000|5.0|: ok n=286427 solve=5.009933948516846 rss=544.5078125
[scale] /home/sxing/project/OS_final_project/changes/2_deployable_peak/wp1_offline/inst/full_Region5_s0.npz,/home/sxing/project/OS_final_project/changes/2_deployable_peak/wp1_offline/inst/full_Region5_s0.1.npz,/home/sxing/project/OS_final_project/changes/2_deployable_peak/wp1_offline/inst/full_Region5_s0.2.npz,/home/sxing/project/OS_final_project/changes/2_deployable_peak/wp1_offline/inst/full_Region5_s0.3.npz|union||dense|32|50|||64: oom: RuntimeError("[enforce fail at alloc_cpu.cpp:127] err == 0. DefaultCPUAllocator: can't allocate memory: you tried to allocate 37925225536 bytes. Error code 12 ( n=286427 solve=None rss=24501.40234375
