[I 2026-10-01 15:00:22,751] A new study created in RDB with name: F1__pt__b1
[F1__pt__b1] trial 0: -0.08571 [-0.1181, -0.1516, -0.0746, -0.0757, -0.0576, -0.0822, -0.0644, -0.0614] {"eim_R": 16, "eim_Tmax": 7.3329031629428645e-06, "eim_Tmin": 1.1006348269620852e-06, "eim_anneal": 0.9462286962175356, "eim_hscale": 1.8587633596816164, "eim_m
[I 2026-10-01 15:00:32,251] Trial 0 finished with value: -0.08571088142281542 and parameters: {'start': 'lp', 'eim_R': 16, 'eim_Tmin': 1.1006348269620852e-06, 'eim_Tratio': 6.662430611234392, 'eim_moves': 18358, 'p_add': 0.22230587257383633, 'p_swap': 0.46272105013386755, 'topw': 20, 'eim_rho': 3.506794739778118, 'eim_hscale': 1.8587633596816164, 'eim_anneal': 0.9462286962175356, 'g_scale': 774.8399988560119}. Best is trial 0 with value: -0.08571088142281542.
[F1__pt__b1] trial 1: -0.08631 [-0.0566, -0.1121, -0.064, -0.1042, -0.0753, -0.1163, -0.0761, -0.086] {"eim_R": 64, "eim_Tmax": 0.022388264096178515, "eim_Tmin": 5.6279320474151646e-06, "eim_anneal": 0.07032569761590807, "eim_hscale": 59.812219011525556, "eim_mo
[I 2026-10-01 15:00:44,173] Trial 1 finished with value: -0.08630894797286418 and parameters: {'start': 'pgreedy', 'eim_R': 64, 'eim_Tmin': 5.6279320474151646e-06, 'eim_Tratio': 3978.0622629338873, 'eim_moves': 174910, 'p_add': 0.19172075941288885, 'p_swap': 0.6420036530145916, 'topw': 11, 'eim_rho': 18.71450068624066, 'eim_hscale': 59.812219011525556, 'eim_anneal': 0.07032569761590807, 'g_scale': 149.36835544198456}. Best is trial 1 with value: -0.08630894797286418.
[F1__pt__b1] trial 2: -0.08932 [-0.0751, -0.1068, -0.0552, -0.1131, -0.0793, -0.1123, -0.0846, -0.0881] {"eim_R": 32, "eim_Tmax": 0.01081686613933192, "eim_Tmin": 7.013219779945795e-06, "eim_anneal": 0.2619100559835807, "eim_hscale": 1.7538232373118046, "eim_moves
[I 2026-10-01 15:00:53,746] Trial 2 finished with value: -0.08931905013814351 and parameters: {'start': 'pgreedy', 'eim_R': 32, 'eim_Tmin': 7.013219779945795e-06, 'eim_Tratio': 1542.3537945099908, 'eim_moves': 7734, 'p_add': 0.3199605106637619, 'p_swap': 0.2616475745120573, 'topw': 52, 'eim_rho': 12.229065947034353, 'eim_hscale': 1.7538232373118046, 'eim_anneal': 0.2619100559835807, 'g_scale': 3535.6346291488144}. Best is trial 2 with value: -0.08931905013814351.
[F1__pt__b1] trial 3: -0.09414 [-0.0867, -0.116, -0.0566, -0.1195, -0.0853, -0.1166, -0.0775, -0.095] {"eim_R": 16, "eim_Tmax": 0.3963283547730436, "eim_Tmin": 0.0005956516018710562, "eim_anneal": 0.2082787354631025, "eim_hscale": 10.278118224157009, "eim_moves"
[I 2026-10-01 15:01:03,221] Trial 3 finished with value: -0.0941395708357867 and parameters: {'start': 'pgreedy', 'eim_R': 16, 'eim_Tmin': 0.0005956516018710562, 'eim_Tratio': 665.369409782665, 'eim_moves': 18832, 'p_add': 0.21851597689967073, 'p_swap': 0.5707798346517168, 'topw': 2, 'eim_rho': 46.458679515124714, 'eim_hscale': 10.278118224157009, 'eim_anneal': 0.2082787354631025, 'g_scale': 181.07254066631089}. Best is trial 3 with value: -0.0941395708357867.
[F1__pt__b1] trial 4: -0.10857 [-0.0962, -0.1213, -0.0549, -0.1266, -0.0999, -0.1449, -0.1038, -0.1211] {"eim_R": 16, "eim_Tmax": 0.0018454771330095238, "eim_Tmin": 2.3364917297093765e-06, "eim_anneal": 0.37442683988677017, "eim_hscale": 15.798790043320883, "eim_m
[I 2026-10-01 15:01:12,615] Trial 4 finished with value: -0.1085708462561199 and parameters: {'start': 'pgreedy', 'eim_R': 16, 'eim_Tmin': 2.3364917297093765e-06, 'eim_Tratio': 789.8496320545815, 'eim_moves': 10230, 'p_add': 0.3385264442295092, 'p_swap': 0.22443066908599205, 'topw': 2, 'eim_rho': 1.291360202801736, 'eim_hscale': 15.798790043320883, 'eim_anneal': 0.37442683988677017, 'g_scale': 1367.4385728086665}. Best is trial 4 with value: -0.1085708462561199.
[F1__pt__b1] trial 5: -0.11473 [-0.0937, -0.1241, -0.0695, -0.1363, -0.1099, -0.1467, -0.1132, -0.1243] {"eim_R": 16, "eim_Tmax": 9.652015291543115e-05, "eim_Tmin": 9.103174488464979e-07, "eim_anneal": 0.6940426877145585, "eim_hscale": 51.087850352945644, "eim_mov
[I 2026-10-01 15:01:22,111] Trial 5 finished with value: -0.11472522579728041 and parameters: {'start': 'pgreedy', 'eim_R': 16, 'eim_Tmin': 9.103174488464979e-07, 'eim_Tratio': 106.02911439051944, 'eim_moves': 15662, 'p_add': 0.05214329821518898, 'p_swap': 0.8827286755648714, 'topw': 3, 'eim_rho': 0.27042397645623645, 'eim_hscale': 51.087850352945644, 'eim_anneal': 0.6940426877145585, 'g_scale': 5671.407524071687}. Best is trial 5 with value: -0.11472522579728041.
[F1__pt__b1] trial 6: -0.12176 [-0.1016, -0.1363, -0.0746, -0.1406, -0.1151, -0.1559, -0.1175, -0.1325] {"eim_R": 16, "eim_Tmax": 3.949337716221304e-05, "eim_Tmin": 4.436381976497595e-06, "eim_anneal": 0.7788059172121389, "eim_hscale": 11.150146265598396, "eim_mov
[I 2026-10-01 15:01:31,612] Trial 6 finished with value: -0.12175654514241761 and parameters: {'start': 'pgreedy', 'eim_R': 16, 'eim_Tmin': 4.436381976497595e-06, 'eim_Tratio': 8.902158869870805, 'eim_moves': 25466, 'p_add': 0.09456781797506153, 'p_swap': 0.8125918619786677, 'topw': 4, 'eim_rho': 1.0318704311651328, 'eim_hscale': 11.150146265598396, 'eim_anneal': 0.7788059172121389, 'g_scale': 7195.057490616544}. Best is trial 6 with value: -0.12175654514241761.
[F1__pt__b1] trial 7: -0.12951 [-0.1074, -0.1438, -0.0746, -0.1529, -0.1273, -0.1635, -0.1237, -0.143] {"eim_R": 16, "eim_Tmax": 0.028957879838155714, "eim_Tmin": 0.00014085806091378926, "eim_anneal": 0.6667937093223893, "eim_hscale": 14.397526962964195, "eim_mov
[I 2026-10-01 15:01:41,226] Trial 7 finished with value: -0.12950630693617976 and parameters: {'start': 'pgreedy', 'eim_R': 16, 'eim_Tmin': 0.00014085806091378926, 'eim_Tratio': 205.58198551291352, 'eim_moves': 21240, 'p_add': 0.016112416050217765, 'p_swap': 0.9199404544251992, 'topw': 29, 'eim_rho': 0.2732819455468925, 'eim_hscale': 14.397526962964195, 'eim_anneal': 0.6667937093223893, 'g_scale': 1371.7796754231676}. Best is trial 7 with value: -0.12950630693617976.
[F1__pt__b1] trial 8: -0.10458 [-0.0936, -0.1225, -0.0678, -0.125, -0.1028, -0.1225, -0.0855, -0.117] {"eim_R": 16, "eim_Tmax": 0.1398543194837322, "eim_Tmin": 0.000983450271945902, "eim_anneal": 0.5129117643167751, "eim_hscale": 0.6947762045632158, "eim_moves":
[I 2026-10-01 15:01:51,037] Trial 8 finished with value: -0.10457858221902416 and parameters: {'start': 'pgreedy', 'eim_R': 16, 'eim_Tmin': 0.000983450271945902, 'eim_Tratio': 142.20782023580074, 'eim_moves': 64978, 'p_add': 0.3458380936480273, 'p_swap': 0.3538353950720029, 'topw': 3, 'eim_rho': 12.667905610173959, 'eim_hscale': 0.6947762045632158, 'eim_anneal': 0.5129117643167751, 'g_scale': 2747.380147053342}. Best is trial 7 with value: -0.12950630693617976.
[F1__pt__b1] trial 9: -0.13009 [-0.1122, -0.1432, -0.0709, -0.1539, -0.1285, -0.1675, -0.1242, -0.1402] {"eim_R": 16, "eim_Tmax": 0.008864549059196352, "eim_Tmin": 1.0984360218168416e-06, "eim_anneal": 0.5384470725102187, "eim_hscale": 1.2835823710365764, "eim_mov
[I 2026-10-01 15:02:01,151] Trial 9 finished with value: -0.13008638792056837 and parameters: {'start': 'pgreedy', 'eim_R': 16, 'eim_Tmin': 1.0984360218168416e-06, 'eim_Tratio': 8070.155096092132, 'eim_moves': 140985, 'p_add': 0.039777647903175034, 'p_swap': 0.7399689064220577, 'topw': 20, 'eim_rho': 14.353412217010282, 'eim_hscale': 1.2835823710365764, 'eim_anneal': 0.5384470725102187, 'g_scale': 1163.4607209533538}. Best is trial 9 with value: -0.13008638792056837.
[F1__pt__b1] trial 10: -0.11641 [-0.0964, -0.1348, -0.0729, -0.1335, -0.1144, -0.1475, -0.1112, -0.1205] {"eim_R": 16, "eim_Tmax": 0.004394809951257144, "eim_Tmin": 2.67013172576051e-06, "eim_anneal": 0.21083850426545225, "eim_hscale": 3.8286983000605996, "eim_move
[I 2026-10-01 15:02:10,931] Trial 10 finished with value: -0.11641127482935135 and parameters: {'start': 'pgreedy', 'eim_R': 16, 'eim_Tmin': 2.67013172576051e-06, 'eim_Tratio': 1645.9150343998137, 'eim_moves': 44557, 'p_add': 0.3179598841522244, 'p_swap': 0.36034612283482087, 'topw': 32, 'eim_rho': 28.48283157246602, 'eim_hscale': 3.8286983000605996, 'eim_anneal': 0.21083850426545225, 'g_scale': 1021.1798073808751}. Best is trial 9 with value: -0.13008638792056837.
[F1__pt__b1] trial 11: -0.12917 [-0.1087, -0.1402, -0.0746, -0.1481, -0.131, -0.1612, -0.1266, -0.143] {"eim_R": 16, "eim_Tmax": 0.0029829953274759097, "eim_Tmin": 3.2962861812862887e-07, "eim_anneal": 0.7266103063004783, "eim_hscale": 3.9004549474068635, "eim_mo
[I 2026-10-01 15:02:20,600] Trial 11 finished with value: -0.12917361743709477 and parameters: {'start': 'pgreedy', 'eim_R': 16, 'eim_Tmin': 3.2962861812862887e-07, 'eim_Tratio': 9049.564156204042, 'eim_moves': 89010, 'p_add': 0.11420272465356197, 'p_swap': 0.7197283444498023, 'topw': 19, 'eim_rho': 12.00149180168365, 'eim_hscale': 3.9004549474068635, 'eim_anneal': 0.7266103063004783, 'g_scale': 864.108836036295}. Best is trial 9 with value: -0.13008638792056837.
[F1__pt__b1] BEST t9 -0.13009 cfg={"eim_R": 16, "eim_Tmax": 0.008864549059196352, "eim_Tmin": 1.0984360218168416e-06, "eim_anneal": 0.5384470725102187, "eim_hscale": 1.2835823710365764, "eim_moves": 140985, "eim_rho": 14.353412217010282, "g_scale": 1163.4607209533538, "p_add": 0.039777647903175034, "p_swap": 0.7399689064220577, "start": "pgreedy", "topw": 20}
[I 2026-10-01 15:02:20,635] A new study created in RDB with name: F1__lp__b1
[F1__lp__b1] trial 0: -0.07690 [-0.1106, -0.1478, -0.0613, -0.0661, -0.046, -0.0723, -0.0547, -0.0564] {"lexi": false}
[I 2026-10-01 15:02:25,748] Trial 0 finished with value: -0.07690324199304074 and parameters: {'start': 'lp', 'lexi': False}. Best is trial 0 with value: -0.07690324199304074.
[F1__lp__b1] trial 1: -0.06560 [-0.1118, -0.0636, -0.054, -0.0661, -0.046, -0.0723, -0.0547, -0.0564] {"lexi": false}
[I 2026-10-01 15:02:30,791] Trial 1 finished with value: -0.06560412509869364 and parameters: {'start': 'pgreedy', 'lexi': False}. Best is trial 0 with value: -0.07690324199304074.
[F1__lp__b1] trial 2: +0.33806 [1.0, 1.0, 1.0, -0.0661, -0.046, -0.0723, -0.0547, -0.0564] {"lexi": true}
[I 2026-10-01 15:03:00,606] Trial 2 finished with value: 0.33806221744088694 and parameters: {'start': 'pgreedy', 'lexi': True}. Best is trial 0 with value: -0.07690324199304074.
[F1__lp__b1] trial 3: -0.05763 [-0.0407, -0.0637, -0.0611, -0.0661, -0.046, -0.0723, -0.0547, -0.0564] {"lexi": false}
[I 2026-10-01 15:03:06,332] Trial 3 finished with value: -0.0576305743348646 and parameters: {'start': 'lp', 'lexi': False}. Best is trial 0 with value: -0.07690324199304074.
[F1__lp__b1] trial 4: +0.33810 [1.0, 1.0, 1.0, -0.0658, -0.046, -0.0723, -0.0547, -0.0564] {"lexi": true}
[I 2026-10-01 15:03:30,846] Trial 4 finished with value: 0.3381003528861215 and parameters: {'start': 'lp', 'lexi': True}. Best is trial 0 with value: -0.07690324199304074.
[F1__lp__b1] trial 5: -0.07798 [-0.1144, -0.1502, -0.0637, -0.0661, -0.046, -0.0723, -0.0547, -0.0564] {"lexi": false}
[I 2026-10-01 15:03:35,662] Trial 5 finished with value: -0.07797978787378511 and parameters: {'start': 'lp', 'lexi': False}. Best is trial 5 with value: -0.07797978787378511.
[F1__lp__b1] trial 6: -0.06710 [-0.0401, -0.1368, -0.0644, -0.0661, -0.046, -0.0723, -0.0547, -0.0564] {"lexi": false}
[I 2026-10-01 15:03:40,956] Trial 6 finished with value: -0.0670988725544643 and parameters: {'start': 'lp', 'lexi': False}. Best is trial 5 with value: -0.07797978787378511.
[F1__lp__b1] trial 7: +0.20804 [-0.0401, 1.0, 1.0, -0.0661, -0.046, -0.0723, -0.0547, -0.0564] {"lexi": true}
[I 2026-10-01 15:04:08,623] Trial 7 finished with value: 0.20804412210557297 and parameters: {'start': 'lp', 'lexi': True}. Best is trial 5 with value: -0.07797978787378511.
[F1__lp__b1] trial 8: -0.07684 [-0.1117, -0.1466, -0.0609, -0.0661, -0.046, -0.0723, -0.0547, -0.0564] {"lexi": false}
[I 2026-10-01 15:04:13,798] Trial 8 finished with value: -0.0768354515746061 and parameters: {'start': 'pgreedy', 'lexi': False}. Best is trial 5 with value: -0.07797978787378511.
[F1__lp__b1] trial 9: -0.07673 [-0.11, -0.1446, -0.0637, -0.0661, -0.046, -0.0723, -0.0547, -0.0564] {"lexi": false}
[I 2026-10-01 15:04:18,943] Trial 9 finished with value: -0.07672891042060988 and parameters: {'start': 'lp', 'lexi': False}. Best is trial 5 with value: -0.07797978787378511.
[F1__lp__b1] trial 10: +0.33806 [1.0, 1.0, 1.0, -0.0661, -0.046, -0.0723, -0.0547, -0.0564] {"lexi": true}
[I 2026-10-01 15:04:53,207] Trial 10 finished with value: 0.33806221744088694 and parameters: {'start': 'pgreedy', 'lexi': True}. Best is trial 5 with value: -0.07797978787378511.
[F1__lp__b1] trial 11: -0.06815 [-0.0401, -0.1487, -0.0609, -0.0661, -0.046, -0.0723, -0.0547, -0.0564] {"lexi": false}
[I 2026-10-01 15:04:58,350] Trial 11 finished with value: -0.06815048748274437 and parameters: {'start': 'lp', 'lexi': False}. Best is trial 5 with value: -0.07797978787378511.
[F1__lp__b1] BEST t5 -0.07798 cfg={"lexi": false}
[I 2026-10-01 15:04:58,384] A new study created in RDB with name: F1__eim__b1
[F1__eim__b1] trial 0: -0.08496 [-0.1186, -0.1524, -0.0746, -0.0755, -0.0555, -0.0818, -0.0632, -0.0581] {"eim_R": 16, "eim_Tmax": 0.0007255047403074508, "eim_Tmin": 0.00013246974647468452, "eim_anneal": 0.7664913525398744, "eim_eta": 0.23358825194833557, "eim_hsca
[I 2026-10-01 15:05:08,174] Trial 0 finished with value: -0.08495624275639291 and parameters: {'start': 'lp', 'eim_R': 16, 'eim_Tmin': 0.00013246974647468452, 'eim_Tratio': 5.476757973912916, 'eim_moves': 52984, 'p_add': 0.0716766437045232, 'p_swap': 0.8407909904010871, 'topw': 11, 'eim_rho': 4.5566719139214715, 'eim_hscale': 0.6218230782016851, 'eim_anneal': 0.7664913525398744, 'eim_eta': 0.23358825194833557, 'g_scale': 1370.4648392849028}. Best is trial 0 with value: -0.08495624275639291.
[F1__eim__b1] trial 1: +0.43751 [1.0, 1.0, 1.0, 1.0, -0.1134, -0.1478, -0.1104, -0.1283] {"eim_R": 64, "eim_Tmax": 0.022388264096178515, "eim_Tmin": 5.6279320474151646e-06, "eim_anneal": 0.07032569761590807, "eim_eta": 0.018255254802399014, "eim_hsc
[I 2026-10-01 15:05:21,837] Trial 1 finished with value: 0.4375107297636186 and parameters: {'start': 'pgreedy', 'eim_R': 64, 'eim_Tmin': 5.6279320474151646e-06, 'eim_Tratio': 3978.0622629338873, 'eim_moves': 174910, 'p_add': 0.19172075941288885, 'p_swap': 0.6420036530145916, 'topw': 11, 'eim_rho': 18.71450068624066, 'eim_hscale': 59.812219011525556, 'eim_anneal': 0.07032569761590807, 'eim_eta': 0.018255254802399014, 'g_scale': 109.7581541938016}. Best is trial 0 with value: -0.08495624275639291.
[F1__eim__b1] trial 2: -0.08290 [-0.1144, -0.1542, -0.064, -0.0732, -0.0546, -0.0779, -0.0626, -0.0622] {"eim_R": 16, "eim_Tmax": 0.0007255047403074508, "eim_Tmin": 0.00013246974647468452, "eim_anneal": 0.7664913525398744, "eim_eta": 0.23358825194833557, "eim_hsca
[I 2026-10-01 15:05:31,594] Trial 2 finished with value: -0.08290294473062737 and parameters: {'start': 'lp', 'eim_R': 16, 'eim_Tmin': 0.00013246974647468452, 'eim_Tratio': 5.476757973912916, 'eim_moves': 52984, 'p_add': 0.0716766437045232, 'p_swap': 0.8407909904010871, 'topw': 11, 'eim_rho': 4.5566719139214715, 'eim_hscale': 0.6218230782016851, 'eim_anneal': 0.7664913525398744, 'eim_eta': 0.23358825194833557, 'g_scale': 1370.4648392849028}. Best is trial 0 with value: -0.08495624275639291.
[F1__eim__b1] trial 3: -0.11678 [-0.046, -0.1415, -0.0746, -0.1351, -0.129, -0.1563, -0.115, -0.1368] {"eim_R": 32, "eim_Tmax": 0.00022679302095938696, "eim_Tmin": 2.741773675242096e-06, "eim_anneal": 0.312274067414942, "eim_eta": 0.1233480570086002, "eim_hscale
[I 2026-10-01 15:05:41,602] Trial 3 finished with value: -0.11678146829360553 and parameters: {'start': 'pgreedy', 'eim_R': 32, 'eim_Tmin': 2.741773675242096e-06, 'eim_Tratio': 82.71763019949535, 'eim_moves': 65555, 'p_add': 0.030112735814634917, 'p_swap': 0.6799968666320435, 'topw': 19, 'eim_rho': 0.6942729492430144, 'eim_hscale': 0.24365700014641997, 'eim_anneal': 0.312274067414942, 'eim_eta': 0.1233480570086002, 'g_scale': 1381.6356822574794}. Best is trial 3 with value: -0.11678146829360553.
[F1__eim__b1] trial 4: -0.08986 [-0.0894, -0.1172, -0.055, -0.13, -0.0727, -0.0959, -0.0813, -0.0774] {"eim_R": 32, "eim_Tmax": 0.0005564713090974977, "eim_Tmin": 1.1943200649924919e-06, "eim_anneal": 0.38444818294888694, "eim_eta": 0.9878713308947645, "eim_hsca
[I 2026-10-01 15:05:51,318] Trial 4 finished with value: -0.08986498374068538 and parameters: {'start': 'pgreedy', 'eim_R': 32, 'eim_Tmin': 1.1943200649924919e-06, 'eim_Tratio': 465.9314746595972, 'eim_moves': 14012, 'p_add': 0.027658161561770225, 'p_swap': 0.2275256149678082, 'topw': 34, 'eim_rho': 19.102405037238547, 'eim_hscale': 0.33552530712580364, 'eim_anneal': 0.38444818294888694, 'eim_eta': 0.9878713308947645, 'g_scale': 2689.7466116165456}. Best is trial 3 with value: -0.11678146829360553.
[F1__eim__b1] trial 5: -0.00673 [-0.0024, -0.0114, -0.0019, -0.0182, 0.0026, -0.0297, 0.0072, 0.0] {"eim_R": 32, "eim_Tmax": 0.00045129537624177905, "eim_Tmin": 8.801165700619654e-07, "eim_anneal": 0.0679860061723011, "eim_eta": 0.08834979135012186, "eim_hsca
[I 2026-10-01 15:06:01,084] Trial 5 finished with value: -0.00672591171362065 and parameters: {'start': 'pgreedy', 'eim_R': 32, 'eim_Tmin': 8.801165700619654e-07, 'eim_Tratio': 512.7677305405183, 'eim_moves': 30610, 'p_add': 0.4833560442564897, 'p_swap': 0.28851454105948876, 'topw': 39, 'eim_rho': 0.3772738764687454, 'eim_hscale': 0.1721537397942278, 'eim_anneal': 0.0679860061723011, 'eim_eta': 0.08834979135012186, 'g_scale': 268.20075014564156}. Best is trial 3 with value: -0.11678146829360553.
[F1__eim__b1] trial 6: -0.01828 [-0.0086, -0.023, -0.0031, -0.0356, -0.0106, -0.0355, -0.0181, -0.0117] {"eim_R": 32, "eim_Tmax": 0.0002387626201654783, "eim_Tmin": 2.348418844873358e-05, "eim_anneal": 0.4171028155224339, "eim_eta": 0.6151974602150331, "eim_hscale
[I 2026-10-01 15:06:11,450] Trial 6 finished with value: -0.01827962684562348 and parameters: {'start': 'pgreedy', 'eim_R': 32, 'eim_Tmin': 2.348418844873358e-05, 'eim_Tratio': 10.166952146832816, 'eim_moves': 185013, 'p_add': 0.45856538713788186, 'p_swap': 0.3848469858358715, 'topw': 4, 'eim_rho': 1.6605414256086768, 'eim_hscale': 0.2795361254300747, 'eim_anneal': 0.4171028155224339, 'eim_eta': 0.6151974602150331, 'g_scale': 285.79254258339193}. Best is trial 3 with value: -0.11678146829360553.
[F1__eim__b1] trial 7: -0.12303 [-0.1077, -0.142, -0.0746, -0.1467, -0.1192, -0.1536, -0.1101, -0.1302] {"eim_R": 32, "eim_Tmax": 0.003583986660864503, "eim_Tmin": 5.783861854309937e-05, "eim_anneal": 0.12409113813250239, "eim_eta": 0.34260036476627304, "eim_hscal
[I 2026-10-01 15:06:21,832] Trial 7 finished with value: -0.12303029713317269 and parameters: {'start': 'pgreedy', 'eim_R': 32, 'eim_Tmin': 5.783861854309937e-05, 'eim_Tratio': 61.965288091966414, 'eim_moves': 104211, 'p_add': 0.14263230801054813, 'p_swap': 0.5234958816794935, 'topw': 12, 'eim_rho': 943.9510613981709, 'eim_hscale': 0.1304777081943831, 'eim_anneal': 0.12409113813250239, 'eim_eta': 0.34260036476627304, 'g_scale': 7782.319746550366}. Best is trial 7 with value: -0.12303029713317269.
[F1__eim__b1] trial 8: -0.12122 [-0.1047, -0.1388, -0.0709, -0.1466, -0.1205, -0.151, -0.1057, -0.1316] {"eim_R": 32, "eim_Tmax": 0.009266996868079566, "eim_Tmin": 8.460778489140477e-05, "eim_anneal": 0.48326296530919416, "eim_eta": 9.862970629481364, "eim_hscale"
[I 2026-10-01 15:06:31,584] Trial 8 finished with value: -0.12121960032568695 and parameters: {'start': 'pgreedy', 'eim_R': 32, 'eim_Tmin': 8.460778489140477e-05, 'eim_Tratio': 109.52889122406268, 'eim_moves': 61373, 'p_add': 0.14061170257712421, 'p_swap': 0.46479896104016744, 'topw': 8, 'eim_rho': 29.10555138799154, 'eim_hscale': 1.0081390911459134, 'eim_anneal': 0.48326296530919416, 'eim_eta': 9.862970629481364, 'g_scale': 399.2739757861661}. Best is trial 7 with value: -0.12303029713317269.
[F1__eim__b1] trial 9: +0.02940 [-0.1029, -0.1371, -0.0709, -0.1411, -0.106, 1.0, -0.0952, -0.1115] {"eim_R": 32, "eim_Tmax": 0.01127024857558427, "eim_Tmin": 1.810432741134714e-05, "eim_anneal": 0.008072696255517472, "eim_eta": 0.010940731465010017, "eim_hsca
[I 2026-10-01 15:06:42,773] Trial 9 finished with value: 0.029400152596200407 and parameters: {'start': 'pgreedy', 'eim_R': 32, 'eim_Tmin': 1.810432741134714e-05, 'eim_Tratio': 622.5168336560508, 'eim_moves': 101083, 'p_add': 0.06716824062757885, 'p_swap': 0.5576751750356489, 'topw': 4, 'eim_rho': 468.7820423204048, 'eim_hscale': 0.15681333431890665, 'eim_anneal': 0.008072696255517472, 'eim_eta': 0.010940731465010017, 'g_scale': 3298.5434065056934}. Best is trial 7 with value: -0.12303029713317269.
[F1__eim__b1] trial 10: -0.11555 [-0.1063, -0.1385, -0.0707, -0.1427, -0.1069, -0.1379, -0.1007, -0.1208] {"eim_R": 32, "eim_Tmax": 1.9440117362666638, "eim_Tmin": 0.00046486006801398067, "eim_anneal": 0.3688404475927518, "eim_eta": 0.3290945110576078, "eim_hscale":
[I 2026-10-01 15:06:52,570] Trial 10 finished with value: -0.11555374822548775 and parameters: {'start': 'pgreedy', 'eim_R': 32, 'eim_Tmin': 0.00046486006801398067, 'eim_Tratio': 4181.928864253829, 'eim_moves': 24590, 'p_add': 0.25433540653086023, 'p_swap': 0.3670537704571415, 'topw': 9, 'eim_rho': 21.50085923648859, 'eim_hscale': 0.3866079212937139, 'eim_anneal': 0.3688404475927518, 'eim_eta': 0.3290945110576078, 'g_scale': 6563.968642271072}. Best is trial 7 with value: -0.12303029713317269.
[F1__eim__b1] trial 11: +1.00000 [1.0, 1.0, 1.0, 1.0, 1.0, 1.0, 1.0, 1.0] {"eim_R": 32, "eim_Tmax": 0.08621187607408698, "eim_Tmin": 0.00020356691834271277, "eim_anneal": 0.7968759848697708, "eim_eta": 1.9629517008494923, "eim_hscale"
[I 2026-10-01 15:07:16,858] Trial 11 finished with value: 1.0 and parameters: {'start': 'pgreedy', 'eim_R': 32, 'eim_Tmin': 0.00020356691834271277, 'eim_Tratio': 423.5063180990241, 'eim_moves': 135133, 'p_add': 0.1087486154584901, 'p_swap': 0.5028357166666634, 'topw': 13, 'eim_rho': 657.6374134578475, 'eim_hscale': 1.3837591392722572, 'eim_anneal': 0.7968759848697708, 'eim_eta': 1.9629517008494923, 'g_scale': 6607.596609167126}. Best is trial 7 with value: -0.12303029713317269.
[F1__eim__b1] BEST t7 -0.12303 cfg={"eim_R": 32, "eim_Tmax": 0.003583986660864503, "eim_Tmin": 5.783861854309937e-05, "eim_anneal": 0.12409113813250239, "eim_eta": 0.34260036476627304, "eim_hscale": 0.1304777081943831, "eim_moves": 104211, "eim_rho": 943.9510613981709, "g_scale": 7782.319746550366, "p_add": 0.14263230801054813, "p_swap": 0.5234958816794935, "start": "pgreedy", "topw": 12}
[I 2026-10-01 15:07:16,908] A new study created in RDB with name: F1__milp__b1
[F1__milp__b1] trial 0: -0.03682 [-0.0139, -0.039, -0.0478, -0.0471, -0.0331, -0.0487, -0.0312, -0.0337] {"eps_tie": 0.0, "mip_heuristic_effort": 0.8077206102454388, "presolve": "off", "start": "pgreedy"}
[I 2026-10-01 15:07:24,678] Trial 0 finished with value: -0.036815314129615015 and parameters: {'start': 'pgreedy', 'presolve': 'off', 'mip_heuristic_effort': 0.8077206102454388, 'eps_tie': 0.0}. Best is trial 0 with value: -0.036815314129615015.
[F1__milp__b1] trial 1: +0.87482 [-0.0015, 1.0, 1.0, 1.0, 1.0, 1.0, 1.0, 1.0] {"eps_tie": 0.0, "mip_heuristic_effort": 0.10490756141474163, "presolve": "on", "start": "pgreedy"}
[I 2026-10-01 15:08:50,941] Trial 1 finished with value: 0.8748154280964697 and parameters: {'start': 'pgreedy', 'presolve': 'on', 'mip_heuristic_effort': 0.10490756141474163, 'eps_tie': 0.0}. Best is trial 0 with value: -0.036815314129615015.
[F1__milp__b1] trial 2: -0.03545 [-0.0139, -0.0388, -0.0478, -0.0375, -0.0356, -0.0498, -0.0265, -0.0337] {"eps_tie": 0.0001, "mip_heuristic_effort": 0.15834581868043074, "presolve": "off", "start": "pgreedy"}
[I 2026-10-01 15:08:58,411] Trial 2 finished with value: -0.0354468188082981 and parameters: {'start': 'pgreedy', 'presolve': 'off', 'mip_heuristic_effort': 0.15834581868043074, 'eps_tie': 0.0001}. Best is trial 0 with value: -0.036815314129615015.
[F1__milp__b1] trial 3: -0.03478 [-0.0077, -0.04, -0.0475, -0.0394, -0.0356, -0.0378, -0.0366, -0.0337] {"eps_tie": 0.0001, "mip_heuristic_effort": 0.41985078951584265, "presolve": "off", "start": "pgreedy"}
[I 2026-10-01 15:09:05,966] Trial 3 finished with value: -0.0347804926338251 and parameters: {'start': 'pgreedy', 'presolve': 'off', 'mip_heuristic_effort': 0.41985078951584265, 'eps_tie': 0.0001}. Best is trial 0 with value: -0.036815314129615015.
[F1__milp__b1] trial 4: -0.04559 [-0.0551, -0.0465, -0.0478, -0.0455, -0.0356, -0.0601, -0.0404, -0.0337] {"eps_tie": 0.0, "mip_heuristic_effort": 0.670529732883559, "presolve": "off", "start": "pgreedy"}
[I 2026-10-01 15:09:13,292] Trial 4 finished with value: -0.04559184960686666 and parameters: {'start': 'pgreedy', 'presolve': 'off', 'mip_heuristic_effort': 0.670529732883559, 'eps_tie': 0.0}. Best is trial 4 with value: -0.04559184960686666.
[F1__milp__b1] trial 5: -0.04716 [-0.0545, -0.0534, -0.0478, -0.0548, -0.0439, -0.0606, -0.029, -0.0332] {"eps_tie": 0.0, "mip_heuristic_effort": 0.02229102402422014, "presolve": "off", "start": "pgreedy"}
[I 2026-10-01 15:09:20,921] Trial 5 finished with value: -0.04716109361574028 and parameters: {'start': 'pgreedy', 'presolve': 'off', 'mip_heuristic_effort': 0.02229102402422014, 'eps_tie': 0.0}. Best is trial 5 with value: -0.04716109361574028.
[F1__milp__b1] trial 6: -0.07621 [-0.1097, -0.1368, -0.0644, -0.0666, -0.048, -0.0723, -0.0547, -0.0572] {"eps_tie": 0.0, "mip_heuristic_effort": 0.051205391728560694, "presolve": "off", "start": "lp"}
[I 2026-10-01 15:09:27,794] Trial 6 finished with value: -0.07621208166753143 and parameters: {'start': 'lp', 'presolve': 'off', 'mip_heuristic_effort': 0.051205391728560694, 'eps_tie': 0.0}. Best is trial 6 with value: -0.07621208166753143.
[F1__milp__b1] trial 7: -0.07727 [-0.1075, -0.1515, -0.0604, -0.0666, -0.0473, -0.0728, -0.0551, -0.0572] {"eps_tie": 0.0, "mip_heuristic_effort": 0.11801028004308105, "presolve": "off", "start": "lp"}
[I 2026-10-01 15:09:34,652] Trial 7 finished with value: -0.07727308199276181 and parameters: {'start': 'lp', 'presolve': 'off', 'mip_heuristic_effort': 0.11801028004308105, 'eps_tie': 0.0}. Best is trial 7 with value: -0.07727308199276181.
[F1__milp__b1] trial 8: -0.07701 [-0.1117, -0.1467, -0.0609, -0.0666, -0.046, -0.0723, -0.0547, -0.0572] {"eps_tie": 0.0, "mip_heuristic_effort": 0.25960597744412756, "presolve": "on", "start": "lp"}
[I 2026-10-01 15:09:42,776] Trial 8 finished with value: -0.07700782230272017 and parameters: {'start': 'lp', 'presolve': 'on', 'mip_heuristic_effort': 0.25960597744412756, 'eps_tie': 0.0}. Best is trial 7 with value: -0.07727308199276181.
[F1__milp__b1] trial 9: -0.07721 [-0.11, -0.1452, -0.0637, -0.068, -0.046, -0.0728, -0.0547, -0.0572] {"eps_tie": 0.0001, "mip_heuristic_effort": 0.021899274463739373, "presolve": "on", "start": "lp"}
[I 2026-10-01 15:09:51,031] Trial 9 finished with value: -0.07721499088336324 and parameters: {'start': 'lp', 'presolve': 'on', 'mip_heuristic_effort': 0.021899274463739373, 'eps_tie': 0.0001}. Best is trial 7 with value: -0.07727308199276181.
[F1__milp__b1] trial 10: -0.07766 [-0.1117, -0.1502, -0.0621, -0.0666, -0.046, -0.0728, -0.0547, -0.0572] {"eps_tie": 0.0, "mip_heuristic_effort": 0.4134950101478543, "presolve": "off", "start": "lp"}
[I 2026-10-01 15:09:58,093] Trial 10 finished with value: -0.07766293575493229 and parameters: {'start': 'lp', 'presolve': 'off', 'mip_heuristic_effort': 0.4134950101478543, 'eps_tie': 0.0}. Best is trial 10 with value: -0.07766293575493229.
[F1__milp__b1] trial 11: -0.07779 [-0.1145, -0.1487, -0.0609, -0.0666, -0.0468, -0.0728, -0.0548, -0.0572] {"eps_tie": 0.0, "mip_heuristic_effort": 0.38541305960242617, "presolve": "off", "start": "lp"}
[I 2026-10-01 15:10:05,160] Trial 11 finished with value: -0.07778724743912305 and parameters: {'start': 'lp', 'presolve': 'off', 'mip_heuristic_effort': 0.38541305960242617, 'eps_tie': 0.0}. Best is trial 11 with value: -0.07778724743912305.
[F1__milp__b1] BEST t11 -0.07779 cfg={"eps_tie": 0.0, "mip_heuristic_effort": 0.38541305960242617, "presolve": "off", "start": "lp"}
[I 2026-10-01 15:10:05,203] A new study created in RDB with name: F1__sb__b1
[F1__sb__b1] trial 0: -0.07690 [-0.1106, -0.1478, -0.0613, -0.0661, -0.046, -0.0723, -0.0547, -0.0564] {"sb_agents": 32, "sb_alpha_floor": 0.19397546899179888, "sb_dt": 1.4232321618458184, "sb_eta": 0.0965605178058406, "sb_eta_mu": 4.719399631690194, "sb_heat": 0
[I 2026-10-01 15:10:15,515] Trial 0 finished with value: -0.07690324199304074 and parameters: {'start': 'lp', 'sb_agents': 32, 'sb_steps': 1432, 'sb_dt': 1.4232321618458184, 'sb_variant': 'ballistic', 'sb_heat': 0.0125536250820598, 'sb_xi': 0.07953090488826875, 'sb_warm': 0.10136029824871645, 'sb_eta_mu': 4.719399631690194, 'sb_alpha_floor': 0.19397546899179888, 'sb_tau_frac': 0.9386113363824448, 'sb_eta': 0.0965605178058406}. Best is trial 0 with value: -0.07690324199304074.
[F1__sb__b1] trial 1: -0.00037 [0.0, 0.0, 0.0, 0.0, 0.0, -0.003, 0.0, 0.0] {"sb_agents": 64, "sb_alpha_floor": 0.017425859940308142, "sb_dt": 1.3593049010167038, "sb_eta": 2.3131814207377923, "sb_eta_mu": 0.0163345876110695, "sb_heat":
[I 2026-10-01 15:10:25,423] Trial 1 finished with value: -0.00037026801334352766 and parameters: {'start': 'pgreedy', 'sb_agents': 64, 'sb_steps': 250, 'sb_dt': 1.3593049010167038, 'sb_variant': 'ballistic', 'sb_heat': 0.060428515788450606, 'sb_xi': 0.5117279648784191, 'sb_warm': 0.8793168063780279, 'sb_eta_mu': 0.0163345876110695, 'sb_alpha_floor': 0.017425859940308142, 'sb_tau_frac': 0.9020218397440326, 'sb_eta': 2.3131814207377923}. Best is trial 0 with value: -0.07690324199304074.
[F1__sb__b1] trial 2: +0.00150 [0.0, 0.012, 0.0, 0.0, 0.0, 0.0, -0.0, 0.0] {"sb_agents": 8, "sb_alpha_floor": 0.1136867897737297, "sb_dt": 1.031897327725781, "sb_eta": 0.8594903371659688, "sb_eta_mu": 0.23358825194833557, "sb_heat": 0.
[I 2026-10-01 15:10:35,410] Trial 2 finished with value: 0.0015014983808157717 and parameters: {'start': 'pgreedy', 'sb_agents': 8, 'sb_steps': 77, 'sb_dt': 1.031897327725781, 'sb_variant': 'discrete', 'sb_heat': 0.040973773756855375, 'sb_xi': 0.14770319740236926, 'sb_warm': 0.7355220049625057, 'sb_eta_mu': 0.23358825194833557, 'sb_alpha_floor': 0.1136867897737297, 'sb_tau_frac': 0.9018789800436355, 'sb_eta': 0.8594903371659688}. Best is trial 0 with value: -0.07690324199304074.
[F1__sb__b1] trial 3: +0.12437 [1.0, -0.0051, 0.0, 0.0, 0.0, 0.0, 0.0, 0.0] {"sb_agents": 8, "sb_alpha_floor": 0.08772030269246407, "sb_dt": 0.2782931131180508, "sb_eta": 0.07999440746315747, "sb_eta_mu": 0.513558960650023, "sb_heat": 0
[I 2026-10-01 15:10:47,144] Trial 3 finished with value: 0.12436644458323194 and parameters: {'start': 'pgreedy', 'sb_agents': 8, 'sb_steps': 654, 'sb_dt': 0.2782931131180508, 'sb_variant': 'discrete', 'sb_heat': 0.015503857733727292, 'sb_xi': 0.18190696204307705, 'sb_warm': 0.3455252323954915, 'sb_eta_mu': 0.513558960650023, 'sb_alpha_floor': 0.08772030269246407, 'sb_tau_frac': 0.9988373838059226, 'sb_eta': 0.07999440746315747}. Best is trial 0 with value: -0.07690324199304074.
[F1__sb__b1] trial 4: -0.07655 [-0.1093, -0.1458, -0.0619, -0.0661, -0.046, -0.0723, -0.0547, -0.0564] {"sb_agents": 32, "sb_alpha_floor": 0.14788120216290157, "sb_dt": 1.0142779372363275, "sb_eta": 0.9416063374779005, "sb_eta_mu": 6.719994515642705, "sb_heat": 0
[I 2026-10-01 15:10:57,306] Trial 4 finished with value: -0.07655262517586109 and parameters: {'start': 'lp', 'sb_agents': 32, 'sb_steps': 414, 'sb_dt': 1.0142779372363275, 'sb_variant': 'ballistic', 'sb_heat': 0.05067891126906621, 'sb_xi': 0.21687872938457173, 'sb_warm': 0.24329656153260945, 'sb_eta_mu': 6.719994515642705, 'sb_alpha_floor': 0.14788120216290157, 'sb_tau_frac': 0.951494525653459, 'sb_eta': 0.9416063374779005}. Best is trial 0 with value: -0.07690324199304074.
[F1__sb__b1] trial 5: +0.05528 [-0.1144, -0.1502, -0.0637, 1.0, -0.046, -0.0723, -0.0547, -0.0564] {"sb_agents": 32, "sb_alpha_floor": 0.08251887365127113, "sb_dt": 1.2492031628525258, "sb_eta": 0.5053090215444561, "sb_eta_mu": 0.44670887132732795, "sb_heat":
[I 2026-10-01 15:11:10,864] Trial 5 finished with value: 0.055284009139744975 and parameters: {'start': 'lp', 'sb_agents': 32, 'sb_steps': 450, 'sb_dt': 1.2492031628525258, 'sb_variant': 'ballistic', 'sb_heat': 0.09764361404518028, 'sb_xi': 0.0761632724913781, 'sb_warm': 0.6957095545119003, 'sb_eta_mu': 0.44670887132732795, 'sb_alpha_floor': 0.08251887365127113, 'sb_tau_frac': 0.9539729822516326, 'sb_eta': 0.5053090215444561}. Best is trial 0 with value: -0.07690324199304074.
[F1__sb__b1] trial 6: -0.07579 [-0.1097, -0.1368, -0.0644, -0.0661, -0.046, -0.0723, -0.0547, -0.0564] {"sb_agents": 32, "sb_alpha_floor": 0.19496502826966167, "sb_dt": 1.4381961286297296, "sb_eta": 0.07739242752774056, "sb_eta_mu": 4.6879347048311395, "sb_heat":
[I 2026-10-01 15:11:21,576] Trial 6 finished with value: -0.07579279508006405 and parameters: {'start': 'lp', 'sb_agents': 32, 'sb_steps': 1563, 'sb_dt': 1.4381961286297296, 'sb_variant': 'ballistic', 'sb_heat': 0.011565122739528644, 'sb_xi': 0.07146533546934425, 'sb_warm': 0.09611590638437702, 'sb_eta_mu': 4.6879347048311395, 'sb_alpha_floor': 0.19496502826966167, 'sb_tau_frac': 0.9329656530564482, 'sb_eta': 0.07739242752774056}. Best is trial 0 with value: -0.07690324199304074.
[F1__sb__b1] trial 7: -0.07686 [-0.1075, -0.1515, -0.0604, -0.0661, -0.046, -0.0723, -0.0547, -0.0564] {"sb_agents": 32, "sb_alpha_floor": 0.10495505384946222, "sb_dt": 0.2160066056566079, "sb_eta": 1.2217235389541414, "sb_eta_mu": 0.1904447617876336, "sb_heat": 
[I 2026-10-01 15:11:31,779] Trial 7 finished with value: -0.07686053849851147 and parameters: {'start': 'lp', 'sb_agents': 32, 'sb_steps': 507, 'sb_dt': 0.2160066056566079, 'sb_variant': 'ballistic', 'sb_heat': 0.02663989797176289, 'sb_xi': 0.0787719113682172, 'sb_warm': 0.7669725518987822, 'sb_eta_mu': 0.1904447617876336, 'sb_alpha_floor': 0.10495505384946222, 'sb_tau_frac': 0.942607649775167, 'sb_eta': 1.2217235389541414}. Best is trial 0 with value: -0.07690324199304074.
[F1__sb__b1] trial 8: -0.07684 [-0.1117, -0.1466, -0.0609, -0.0661, -0.046, -0.0723, -0.0547, -0.0564] {"sb_agents": 32, "sb_alpha_floor": 0.16222436059873674, "sb_dt": 1.1147401893109368, "sb_eta": 3.818519028925482, "sb_eta_mu": 0.03309945815403003, "sb_heat": 
[I 2026-10-01 15:11:42,275] Trial 8 finished with value: -0.0768354515746061 and parameters: {'start': 'lp', 'sb_agents': 32, 'sb_steps': 707, 'sb_dt': 1.1147401893109368, 'sb_variant': 'ballistic', 'sb_heat': 0.014737208286711916, 'sb_xi': 1.7943789966474426, 'sb_warm': 0.5132551063363158, 'sb_eta_mu': 0.03309945815403003, 'sb_alpha_floor': 0.16222436059873674, 'sb_tau_frac': 0.9337928836995604, 'sb_eta': 3.818519028925482}. Best is trial 0 with value: -0.07690324199304074.
[F1__sb__b1] trial 9: -0.07684 [-0.11, -0.1455, -0.0637, -0.0661, -0.046, -0.0723, -0.0547, -0.0564] {"sb_agents": 32, "sb_alpha_floor": 0.12937050425834662, "sb_dt": 0.5105651450466572, "sb_eta": 0.16449703914336528, "sb_eta_mu": 0.22309198379998565, "sb_heat"
[I 2026-10-01 15:11:52,627] Trial 9 finished with value: -0.07684003919690073 and parameters: {'start': 'lp', 'sb_agents': 32, 'sb_steps': 1871, 'sb_dt': 0.5105651450466572, 'sb_variant': 'ballistic', 'sb_heat': 0.018437433346967267, 'sb_xi': 2.0307216047275527, 'sb_warm': 0.2606713043127498, 'sb_eta_mu': 0.22309198379998565, 'sb_alpha_floor': 0.12937050425834662, 'sb_tau_frac': 0.9470181330689641, 'sb_eta': 0.16449703914336528}. Best is trial 0 with value: -0.07690324199304074.
[F1__sb__b1] trial 10: +0.31927 [-0.1117, -0.1498, 1.0, -0.0661, -0.046, -0.0723, 1.0, 1.0] {"sb_agents": 32, "sb_alpha_floor": 0.19371610054851676, "sb_dt": 0.25018668713713943, "sb_eta": 0.32925951975957823, "sb_eta_mu": 0.8918187647737446, "sb_heat"
[I 2026-10-01 15:12:06,974] Trial 10 finished with value: 0.3192682749392426 and parameters: {'start': 'lp', 'sb_agents': 32, 'sb_steps': 773, 'sb_dt': 0.25018668713713943, 'sb_variant': 'ballistic', 'sb_heat': 0.14950067037901996, 'sb_xi': 0.15657969874831568, 'sb_warm': 0.6318309251410723, 'sb_eta_mu': 0.8918187647737446, 'sb_alpha_floor': 0.19371610054851676, 'sb_tau_frac': 0.9232911153656576, 'sb_eta': 0.32925951975957823}. Best is trial 0 with value: -0.07690324199304074.
[F1__sb__b1] trial 11: +0.19447 [1.0, -0.1487, 1.0, -0.0661, -0.046, -0.0723, -0.0547, -0.0564] {"sb_agents": 32, "sb_alpha_floor": 0.07625564400575507, "sb_dt": 1.0362848258280566, "sb_eta": 0.09308237468833556, "sb_eta_mu": 0.2238814955427991, "sb_heat":
[I 2026-10-01 15:12:20,892] Trial 11 finished with value: 0.1944739799785933 and parameters: {'start': 'lp', 'sb_agents': 32, 'sb_steps': 889, 'sb_dt': 1.0362848258280566, 'sb_variant': 'ballistic', 'sb_heat': 0.019428548519543787, 'sb_xi': 0.10563939657292454, 'sb_warm': 0.46370921592643927, 'sb_eta_mu': 0.2238814955427991, 'sb_alpha_floor': 0.07625564400575507, 'sb_tau_frac': 0.9312026109211035, 'sb_eta': 0.09308237468833556}. Best is trial 0 with value: -0.07690324199304074.
[F1__sb__b1] BEST t0 -0.07690 cfg={"sb_agents": 32, "sb_alpha_floor": 0.19397546899179888, "sb_dt": 1.4232321618458184, "sb_eta": 0.0965605178058406, "sb_eta_mu": 4.719399631690194, "sb_heat": 0.0125536250820598, "sb_steps": 1432, "sb_tau_frac": 0.9386113363824448, "sb_variant": "ballistic", "sb_warm": 0.10136029824871645, "sb_xi": 0.07953090488826875, "start": "lp"}
[I 2026-10-01 15:12:20,931] A new study created in RDB with name: F1__cpsat__b1
[F1__cpsat__b1] trial 0: -0.07696 [-0.1106, -0.1478, -0.0613, -0.0666, -0.046, -0.0723, -0.0547, -0.0564] {"cp_model_presolve": false, "linearization_level": 1, "repair_hint": false, "start": "lp"}
[I 2026-10-01 15:12:28,423] Trial 0 finished with value: -0.07696073619949481 and parameters: {'start': 'lp', 'linearization_level': 1, 'repair_hint': False, 'cp_model_presolve': False}. Best is trial 0 with value: -0.07696073619949481.
[F1__cpsat__b1] trial 1: +0.00000 [0.0, 0.0, 0.0, 0.0, 0.0, 0.0, 0.0, 0.0] {"cp_model_presolve": true, "linearization_level": 1, "repair_hint": false, "start": "pgreedy"}
[I 2026-10-01 15:12:36,439] Trial 1 finished with value: 0.0 and parameters: {'start': 'pgreedy', 'linearization_level': 1, 'repair_hint': False, 'cp_model_presolve': True}. Best is trial 0 with value: -0.07696073619949481.
[F1__cpsat__b1] trial 2: -0.00477 [-0.0066, -0.0024, -0.0006, -0.0045, -0.0032, -0.0171, -0.0045, 0.0008] {"cp_model_presolve": false, "linearization_level": 1, "repair_hint": false, "start": "pgreedy"}
[I 2026-10-01 15:12:44,872] Trial 2 finished with value: -0.004773151111795035 and parameters: {'start': 'pgreedy', 'linearization_level': 1, 'repair_hint': False, 'cp_model_presolve': False}. Best is trial 0 with value: -0.07696073619949481.
[F1__cpsat__b1] trial 3: -0.00688 [-0.0064, -0.0054, -0.0006, -0.0134, -0.0014, -0.017, -0.0087, -0.0021] {"cp_model_presolve": false, "linearization_level": 0, "repair_hint": false, "start": "pgreedy"}
[I 2026-10-01 15:12:53,418] Trial 3 finished with value: -0.006880226199221989 and parameters: {'start': 'pgreedy', 'linearization_level': 0, 'repair_hint': False, 'cp_model_presolve': False}. Best is trial 0 with value: -0.07696073619949481.
[F1__cpsat__b1] trial 4: -0.07692 [-0.1106, -0.1478, -0.0613, -0.0663, -0.046, -0.0723, -0.0547, -0.0564] {"cp_model_presolve": false, "linearization_level": 2, "repair_hint": false, "start": "lp"}
[I 2026-10-01 15:13:00,880] Trial 4 finished with value: -0.07692070430917468 and parameters: {'start': 'lp', 'linearization_level': 2, 'repair_hint': False, 'cp_model_presolve': False}. Best is trial 0 with value: -0.07696073619949481.
RESULT {"instance": "full_Region7_s0", "solver": "cpsat", "budget": 1.0, "seed": 5, "wall": 0.688, "objective": 24.381058177933234, "peak_W_util": 24.087525900025927, "status": "ok", "over_budget": 0}
RESULT {"instance": "full_Region7_s0.1", "solver": "cpsat", "budget": 1.0, "seed": 5, "wall": 0.722, "objective": 23.439284673659685, "peak_W_util": 23.116647241647247, "status": "ok", "over_budget": 0}
RESULT {"instance": "full_Region7_s0.2", "solver": "cpsat", "budget": 1.0, "seed": 5, "wall": 0.628, "objective": 25.77706957394453, "peak_W_util": 25.666925666925614, "status": "ok", "over_budget": 0}
Check failed: heuristics.fixed_search != nullptr 
*** Check failure stack trace: ***
[F1__cpsat__b1] trial 5: +0.58503 [-0.1106, -0.1478, -0.0613, 1.0, 1.0, 1.0, 1.0, 1.0] {"cp_model_presolve": false, "linearization_level": 0, "repair_hint": true, "start": "lp"}
[I 2026-10-01 15:13:04,649] Trial 5 finished with value: 0.5850345405660723 and parameters: {'start': 'lp', 'linearization_level': 0, 'repair_hint': True, 'cp_model_presolve': False}. Best is trial 0 with value: -0.07696073619949481.
[F1__cpsat__b1] trial 6: -0.07690 [-0.1106, -0.1478, -0.0613, -0.0661, -0.046, -0.0723, -0.0547, -0.0564] {"cp_model_presolve": true, "linearization_level": 0, "repair_hint": false, "start": "lp"}
[I 2026-10-01 15:13:11,915] Trial 6 finished with value: -0.07690324199304074 and parameters: {'start': 'lp', 'linearization_level': 0, 'repair_hint': False, 'cp_model_presolve': True}. Best is trial 0 with value: -0.07696073619949481.
[F1__cpsat__b1] trial 7: -0.06830 [-0.0418, -0.1478, -0.0613, -0.0661, -0.046, -0.0723, -0.0547, -0.0564] {"cp_model_presolve": true, "linearization_level": 2, "repair_hint": true, "start": "lp"}
[I 2026-10-01 15:13:19,579] Trial 7 finished with value: -0.06829800255350615 and parameters: {'start': 'lp', 'linearization_level': 2, 'repair_hint': True, 'cp_model_presolve': True}. Best is trial 0 with value: -0.07696073619949481.
Check failed: heuristics.fixed_search != nullptr 
*** Check failure stack trace: ***
[F1__cpsat__b1] trial 8: +1.00000 [1.0, 1.0, 1.0, 1.0, 1.0, 1.0, 1.0, 1.0] {"cp_model_presolve": false, "linearization_level": 2, "repair_hint": true, "start": "pgreedy"}
[I 2026-10-01 15:13:20,924] Trial 8 finished with value: 1.0 and parameters: {'start': 'pgreedy', 'linearization_level': 2, 'repair_hint': True, 'cp_model_presolve': False}. Best is trial 0 with value: -0.07696073619949481.
[F1__cpsat__b1] trial 9: -0.07730 [-0.1106, -0.1478, -0.0613, -0.0664, -0.0484, -0.0723, -0.055, -0.0566] {"cp_model_presolve": false, "linearization_level": 0, "repair_hint": false, "start": "lp"}
[I 2026-10-01 15:13:28,741] Trial 9 finished with value: -0.07729971288243977 and parameters: {'start': 'lp', 'linearization_level': 0, 'repair_hint': False, 'cp_model_presolve': False}. Best is trial 9 with value: -0.07729971288243977.
[F1__cpsat__b1] trial 10: -0.07690 [-0.1106, -0.1478, -0.0613, -0.0661, -0.046, -0.0723, -0.0547, -0.0564] {"cp_model_presolve": true, "linearization_level": 1, "repair_hint": true, "start": "lp"}
[I 2026-10-01 15:13:36,430] Trial 10 finished with value: -0.07690324199304074 and parameters: {'start': 'lp', 'linearization_level': 1, 'repair_hint': True, 'cp_model_presolve': True}. Best is trial 9 with value: -0.07729971288243977.
[F1__cpsat__b1] trial 11: -0.07737 [-0.1106, -0.1478, -0.0613, -0.0664, -0.0476, -0.0726, -0.056, -0.0566] {"cp_model_presolve": false, "linearization_level": 1, "repair_hint": false, "start": "lp"}
[I 2026-10-01 15:13:44,347] Trial 11 finished with value: -0.0773678238654819 and parameters: {'start': 'lp', 'linearization_level': 1, 'repair_hint': False, 'cp_model_presolve': False}. Best is trial 11 with value: -0.0773678238654819.
[F1__cpsat__b1] BEST t11 -0.07737 cfg={"cp_model_presolve": false, "linearization_level": 1, "repair_hint": false, "start": "lp"}
[I 2026-10-01 15:13:44,419] A new study created in RDB with name: F1__mq__b1
[F1__mq__b1] trial 0: -0.07908 [-0.1107, -0.1486, -0.0631, -0.0704, -0.0509, -0.0737, -0.0577, -0.0575] {"mq_dt": 0.06526542706084622, "mq_iters": 910, "mq_ksamp": 7, "mq_nmax": 514, "mq_pen": 0.001344312143528808, "mq_q": 2, "mq_reads": 16, "mq_solver": "mq_dsb",
[I 2026-10-01 15:13:53,868] Trial 0 finished with value: -0.07908233694119432 and parameters: {'start': 'lp', 'mq_solver': 'mq_dsb', 'mq_nmax': 514, 'mq_reads': 16, 'mq_iters': 910, 'mq_dt': 0.06526542706084622, 'mq_xi': 0.15316981598941554, 'mq_pen': 0.001344312143528808, 'mq_q': 2, 'mq_ksamp': 7}. Best is trial 0 with value: -0.07908233694119432.
[F1__mq__b1] trial 1: -0.00566 [-0.0047, -0.0323, -0.0022, 0.0193, 0.003, -0.0358, -0.0049, 0.0122] {"mq_dt": 0.302142578942253, "mq_iters": 926, "mq_ksamp": 1, "mq_nmax": 574, "mq_pen": 0.5981221901152552, "mq_q": 2, "mq_reads": 16, "mq_solver": "mq_bsb", "mq
[I 2026-10-01 15:14:03,153] Trial 1 finished with value: -0.005659336154275052 and parameters: {'start': 'pgreedy', 'mq_solver': 'mq_bsb', 'mq_nmax': 574, 'mq_reads': 16, 'mq_iters': 926, 'mq_dt': 0.302142578942253, 'mq_xi': 0.5117279648784191, 'mq_pen': 0.5981221901152552, 'mq_q': 2, 'mq_ksamp': 1}. Best is trial 0 with value: -0.07908233694119432.
[F1__mq__b1] trial 2: -0.02074 [-0.0086, -0.0319, -0.0208, -0.0384, -0.015, -0.0451, 0.0043, -0.0105] {"mq_dt": 1.2426835241724947, "mq_iters": 84, "mq_ksamp": 7, "mq_nmax": 870, "mq_pen": 0.017538232373118037, "mq_q": 3, "mq_reads": 8, "mq_solver": "mq_cac", "m
[I 2026-10-01 15:14:12,050] Trial 2 finished with value: -0.020744255359896102 and parameters: {'start': 'pgreedy', 'mq_solver': 'mq_cac', 'mq_nmax': 870, 'mq_reads': 8, 'mq_iters': 84, 'mq_dt': 1.2426835241724947, 'mq_xi': 0.4235407976345083, 'mq_pen': 0.017538232373118037, 'mq_q': 3, 'mq_ksamp': 7}. Best is trial 0 with value: -0.07908233694119432.
[F1__mq__b1] trial 3: -0.01516 [-0.0117, -0.0299, -0.0002, -0.0219, -0.0198, -0.0118, -0.0212, -0.0048] {"mq_dt": 0.06136635506422015, "mq_iters": 654, "mq_ksamp": 2, "mq_nmax": 531, "mq_pen": 0.10278118224157008, "mq_q": 3, "mq_reads": 4, "mq_solver": "mq_dsb", "
[I 2026-10-01 15:14:21,066] Trial 3 finished with value: -0.015158966906063151 and parameters: {'start': 'pgreedy', 'mq_solver': 'mq_dsb', 'mq_nmax': 531, 'mq_reads': 4, 'mq_iters': 654, 'mq_dt': 0.06136635506422015, 'mq_xi': 0.7666234032273203, 'mq_pen': 0.10278118224157008, 'mq_q': 3, 'mq_ksamp': 2}. Best is trial 0 with value: -0.07908233694119432.
[F1__mq__b1] trial 4: -0.07689 [-0.1073, -0.1476, -0.0573, -0.0676, -0.046, -0.0739, -0.0579, -0.0575] {"mq_dt": 0.28855868921618233, "mq_iters": 180, "mq_ksamp": 6, "mq_nmax": 1221, "mq_pen": 0.08090627131445798, "mq_q": 27, "mq_reads": 16, "mq_solver": "mq_dsb"
[I 2026-10-01 15:14:31,376] Trial 4 finished with value: -0.07689126207095459 and parameters: {'start': 'lp', 'mq_solver': 'mq_dsb', 'mq_nmax': 1221, 'mq_reads': 16, 'mq_iters': 180, 'mq_dt': 0.28855868921618233, 'mq_xi': 0.30491112001620335, 'mq_pen': 0.08090627131445798, 'mq_q': 27, 'mq_ksamp': 6}. Best is trial 0 with value: -0.07908233694119432.
[F1__mq__b1] trial 5: -0.07915 [-0.1144, -0.1512, -0.0637, -0.0697, -0.0468, -0.0736, -0.0574, -0.0565] {"mq_dt": 0.8838135795898041, "mq_iters": 588, "mq_ksamp": 1, "mq_nmax": 479, "mq_pen": 0.005108724425085228, "mq_q": 2, "mq_reads": 16, "mq_solver": "mq_dsb", 
[I 2026-10-01 15:14:40,506] Trial 5 finished with value: -0.07915212694347369 and parameters: {'start': 'lp', 'mq_solver': 'mq_dsb', 'mq_nmax': 479, 'mq_reads': 16, 'mq_iters': 588, 'mq_dt': 0.8838135795898041, 'mq_xi': 0.12912784119984957, 'mq_pen': 0.005108724425085228, 'mq_q': 2, 'mq_ksamp': 1}. Best is trial 5 with value: -0.07915212694347369.
[F1__mq__b1] trial 6: -0.07739 [-0.1097, -0.1417, -0.0644, -0.0661, -0.0509, -0.0731, -0.0568, -0.0564] {"mq_dt": 0.7407732547386514, "mq_iters": 364, "mq_ksamp": 7, "mq_nmax": 431, "mq_pen": 0.001203099583244749, "mq_q": 20, "mq_reads": 16, "mq_solver": "mq_dsb",
[I 2026-10-01 15:14:50,346] Trial 6 finished with value: -0.07738902613193958 and parameters: {'start': 'lp', 'mq_solver': 'mq_dsb', 'mq_nmax': 431, 'mq_reads': 16, 'mq_iters': 364, 'mq_dt': 0.7407732547386514, 'mq_xi': 0.6265301807040595, 'mq_pen': 0.001203099583244749, 'mq_q': 20, 'mq_ksamp': 7}. Best is trial 5 with value: -0.07915212694347369.
[F1__mq__b1] trial 7: -0.01265 [0.0011, -0.0119, -0.0165, -0.0216, -0.0104, -0.0237, -0.017, -0.0011] {"mq_dt": 0.48080390037396203, "mq_iters": 859, "mq_ksamp": 1, "mq_nmax": 396, "mq_pen": 0.0010810797294768407, "mq_q": 2, "mq_reads": 16, "mq_solver": "mq_dsb"
[I 2026-10-01 15:14:59,322] Trial 7 finished with value: -0.012653175134468037 and parameters: {'start': 'pgreedy', 'mq_solver': 'mq_dsb', 'mq_nmax': 396, 'mq_reads': 16, 'mq_iters': 859, 'mq_dt': 0.48080390037396203, 'mq_xi': 0.08031749306037739, 'mq_pen': 0.0010810797294768407, 'mq_q': 2, 'mq_ksamp': 1}. Best is trial 5 with value: -0.07915212694347369.
[F1__mq__b1] trial 8: +0.06090 [1.0, -0.147, -0.0639, -0.0679, -0.0486, -0.0732, -0.0559, -0.0564] {"mq_dt": 0.892040271610272, "mq_iters": 1526, "mq_ksamp": 3, "mq_nmax": 484, "mq_pen": 0.6493797556766182, "mq_q": 3, "mq_reads": 16, "mq_solver": "mq_dsb", "m
[I 2026-10-01 15:15:09,435] Trial 8 finished with value: 0.06090082608270675 and parameters: {'start': 'lp', 'mq_solver': 'mq_dsb', 'mq_nmax': 484, 'mq_reads': 16, 'mq_iters': 1526, 'mq_dt': 0.892040271610272, 'mq_xi': 0.14741712595975012, 'mq_pen': 0.6493797556766182, 'mq_q': 3, 'mq_ksamp': 3}. Best is trial 5 with value: -0.07915212694347369.
[F1__mq__b1] trial 9: -0.07790 [-0.1105, -0.1461, -0.0642, -0.0668, -0.0488, -0.073, -0.0574, -0.0564] {"mq_dt": 0.7103444471224386, "mq_iters": 1117, "mq_ksamp": 3, "mq_nmax": 117, "mq_pen": 0.0319553953233132, "mq_q": 19, "mq_reads": 16, "mq_solver": "mq_dsb", 
[I 2026-10-01 15:15:18,783] Trial 9 finished with value: -0.07790311652004672 and parameters: {'start': 'lp', 'mq_solver': 'mq_dsb', 'mq_nmax': 117, 'mq_reads': 16, 'mq_iters': 1117, 'mq_dt': 0.7103444471224386, 'mq_xi': 0.44597428644283155, 'mq_pen': 0.0319553953233132, 'mq_q': 19, 'mq_ksamp': 3}. Best is trial 5 with value: -0.07915212694347369.
[F1__mq__b1] trial 10: -0.07979 [-0.1118, -0.1514, -0.0641, -0.0689, -0.0517, -0.0742, -0.0574, -0.0588] {"mq_dt": 0.7526220409196414, "mq_iters": 122, "mq_ksamp": 2, "mq_nmax": 774, "mq_pen": 0.03305178151743325, "mq_q": 4, "mq_reads": 16, "mq_solver": "mq_dsb", "
[I 2026-10-01 15:15:27,770] Trial 10 finished with value: -0.07978730319605415 and parameters: {'start': 'lp', 'mq_solver': 'mq_dsb', 'mq_nmax': 774, 'mq_reads': 16, 'mq_iters': 122, 'mq_dt': 0.7526220409196414, 'mq_xi': 0.9749475667194528, 'mq_pen': 0.03305178151743325, 'mq_q': 4, 'mq_ksamp': 2}. Best is trial 10 with value: -0.07978730319605415.
[F1__mq__b1] trial 11: -0.07903 [-0.1148, -0.1503, -0.0609, -0.0671, -0.0498, -0.0736, -0.0589, -0.0569] {"mq_dt": 0.9717283829203743, "mq_iters": 142, "mq_ksamp": 2, "mq_nmax": 1007, "mq_pen": 0.0377804781887413, "mq_q": 9, "mq_reads": 16, "mq_solver": "mq_dsb", "
[I 2026-10-01 15:15:37,031] Trial 11 finished with value: -0.07903460620339628 and parameters: {'start': 'lp', 'mq_solver': 'mq_dsb', 'mq_nmax': 1007, 'mq_reads': 16, 'mq_iters': 142, 'mq_dt': 0.9717283829203743, 'mq_xi': 1.221833856635457, 'mq_pen': 0.0377804781887413, 'mq_q': 9, 'mq_ksamp': 2}. Best is trial 10 with value: -0.07978730319605415.
[F1__mq__b1] BEST t10 -0.07979 cfg={"mq_dt": 0.7526220409196414, "mq_iters": 122, "mq_ksamp": 2, "mq_nmax": 774, "mq_pen": 0.03305178151743325, "mq_q": 4, "mq_reads": 16, "mq_solver": "mq_dsb", "mq_xi": 0.9749475667194528, "start": "lp"}
[I 2026-10-01 15:15:37,076] A new study created in RDB with name: F1__ls__b1
[F1__ls__b1] trial 0: -0.12908 [-0.1076, -0.1444, -0.0734, -0.1502, -0.1294, -0.161, -0.1273, -0.1392] {"g_scale": 138.69861245357328, "ls_T0": 0.0025766385746135885, "ls_T1": 3.895706556508577e-06, "ls_chains": 16, "ls_moves": 23860, "ls_restart_every": 0, "p_ad
[I 2026-10-01 15:15:46,724] Trial 0 finished with value: -0.1290760652735245 and parameters: {'start': 'pgreedy', 'ls_T0': 0.0025766385746135885, 'ls_T1_ratio': 0.0015119336467641006, 'ls_moves': 23860, 'p_add': 0.32294705653332806, 'p_swap': 0.38687290659310525, 'topw': 43, 'ls_restart_every': 0, 'ls_chains': 16, 'g_scale': 138.69861245357328}. Best is trial 0 with value: -0.1290760652735245.
[F1__ls__b1] trial 1: -0.12932 [-0.1116, -0.1438, -0.0734, -0.1497, -0.1292, -0.161, -0.1277, -0.1382] {"g_scale": 138.69861245357328, "ls_T0": 0.0025766385746135885, "ls_T1": 3.895706556508577e-06, "ls_chains": 16, "ls_moves": 23860, "ls_restart_every": 0, "p_ad
[I 2026-10-01 15:15:56,474] Trial 1 finished with value: -0.1293213125368146 and parameters: {'start': 'pgreedy', 'ls_T0': 0.0025766385746135885, 'ls_T1_ratio': 0.0015119336467641006, 'ls_moves': 23860, 'p_add': 0.32294705653332806, 'p_swap': 0.38687290659310525, 'topw': 43, 'ls_restart_every': 0, 'ls_chains': 16, 'g_scale': 138.69861245357328}. Best is trial 1 with value: -0.1293213125368146.
[F1__ls__b1] trial 2: -0.07945 [-0.1141, -0.1531, -0.0653, -0.0672, -0.0494, -0.0723, -0.0561, -0.0581] {"g_scale": 675.031252159593, "ls_T0": 0.021403233140986057, "ls_T1": 0.0002773999548118371, "ls_chains": 8, "ls_moves": 123816, "ls_restart_every": 0, "p_add":
[I 2026-10-01 15:16:06,054] Trial 2 finished with value: -0.07944762145690684 and parameters: {'start': 'lp', 'ls_T0': 0.021403233140986057, 'ls_T1_ratio': 0.01296065659727973, 'ls_moves': 123816, 'p_add': 0.489309171116382, 'p_swap': 0.4083333085150997, 'topw': 9, 'ls_restart_every': 0, 'ls_chains': 8, 'g_scale': 675.031252159593}. Best is trial 1 with value: -0.1293213125368146.
[F1__ls__b1] trial 3: -0.13339 [-0.1134, -0.1461, -0.0746, -0.1569, -0.1371, -0.1664, -0.1278, -0.1449] {"g_scale": 2155.4275565447515, "ls_T0": 0.0006677306766018312, "ls_T1": 1.2541143128078558e-06, "ls_chains": 8, "ls_moves": 5358, "ls_restart_every": 0, "p_add
[I 2026-10-01 15:16:15,386] Trial 3 finished with value: -0.13339068719923994 and parameters: {'start': 'pgreedy', 'ls_T0': 0.0006677306766018312, 'ls_T1_ratio': 0.001878173875716191, 'ls_moves': 5358, 'p_add': 0.30881774853793853, 'p_swap': 0.47004576906097556, 'topw': 15, 'ls_restart_every': 0, 'ls_chains': 8, 'g_scale': 2155.4275565447515}. Best is trial 3 with value: -0.13339068719923994.
[F1__ls__b1] trial 4: -0.13652 [-0.1146, -0.1483, -0.0746, -0.161, -0.14, -0.1738, -0.1333, -0.1466] {"g_scale": 3178.073129125386, "ls_T0": 1.2405585096771496e-05, "ls_T1": 6.925333827162641e-10, "ls_chains": 8, "ls_moves": 77113, "ls_restart_every": 0, "p_add
[I 2026-10-01 15:16:24,977] Trial 4 finished with value: -0.1365249506829882 and parameters: {'start': 'pgreedy', 'ls_T0': 1.2405585096771496e-05, 'ls_T1_ratio': 5.582432245751094e-05, 'ls_moves': 77113, 'p_add': 0.03989721933831958, 'p_swap': 0.8655037789805929, 'topw': 5, 'ls_restart_every': 0, 'ls_chains': 8, 'g_scale': 3178.073129125386}. Best is trial 4 with value: -0.1365249506829882.
[F1__ls__b1] trial 5: -0.14059 [-0.1149, -0.1492, -0.0746, -0.1636, -0.1476, -0.1792, -0.1397, -0.1561] {"g_scale": 1033.198382944086, "ls_T0": 9.976727856592743e-05, "ls_T1": 2.387300289641544e-09, "ls_chains": 8, "ls_moves": 179038, "ls_restart_every": 0, "p_add
[I 2026-10-01 15:16:34,549] Trial 5 finished with value: -0.14058930393323538 and parameters: {'start': 'pgreedy', 'ls_T0': 9.976727856592743e-05, 'ls_T1_ratio': 2.3928690087141014e-05, 'ls_moves': 179038, 'p_add': 0.16323012771885298, 'p_swap': 0.774440157136168, 'topw': 5, 'ls_restart_every': 0, 'ls_chains': 8, 'g_scale': 1033.198382944086}. Best is trial 5 with value: -0.14058930393323538.
[F1__ls__b1] trial 6: -0.12183 [-0.1125, -0.1419, -0.0744, -0.1499, -0.1262, -0.1173, -0.1168, -0.1357] {"g_scale": 691.9787954127893, "ls_T0": 0.0008058630977360917, "ls_T1": 5.52349973144525e-05, "ls_chains": 8, "ls_moves": 167990, "ls_restart_every": 0, "p_add"
[I 2026-10-01 15:16:44,471] Trial 6 finished with value: -0.12182549279428367 and parameters: {'start': 'pgreedy', 'ls_T0': 0.0008058630977360917, 'ls_T1_ratio': 0.06854141537144955, 'ls_moves': 167990, 'p_add': 0.05209989657565614, 'p_swap': 0.850930224541725, 'topw': 35, 'ls_restart_every': 0, 'ls_chains': 8, 'g_scale': 691.9787954127893}. Best is trial 5 with value: -0.14058930393323538.
[F1__ls__b1] trial 7: -0.14044 [-0.1152, -0.1494, -0.0746, -0.1634, -0.1468, -0.1786, -0.1389, -0.1565] {"g_scale": 261.12747509627076, "ls_T0": 2.2906735176214472e-05, "ls_T1": 1.397285100551552e-07, "ls_chains": 8, "ls_moves": 83790, "ls_restart_every": 20, "p_a
[I 2026-10-01 15:16:53,884] Trial 7 finished with value: -0.14043952213514221 and parameters: {'start': 'pgreedy', 'ls_T0': 2.2906735176214472e-05, 'ls_T1_ratio': 0.006099887608612346, 'ls_moves': 83790, 'p_add': 0.47557353268174246, 'p_swap': 0.2006159088485621, 'topw': 2, 'ls_restart_every': 20, 'ls_chains': 8, 'g_scale': 261.12747509627076}. Best is trial 5 with value: -0.14058930393323538.
[F1__ls__b1] trial 8: -0.13258 [-0.1116, -0.1475, -0.0746, -0.1529, -0.1349, -0.1658, -0.1266, -0.1467] {"g_scale": 1277.0209725550503, "ls_T0": 0.009150333876314542, "ls_T1": 2.4368768209125164e-07, "ls_chains": 8, "ls_moves": 18040, "ls_restart_every": 20, "p_ad
[I 2026-10-01 15:17:03,284] Trial 8 finished with value: -0.13258321621310182 and parameters: {'start': 'pgreedy', 'ls_T0': 0.009150333876314542, 'ls_T1_ratio': 2.6631561797109107e-05, 'ls_moves': 18040, 'p_add': 0.18941152504486294, 'p_swap': 0.6410716613913707, 'topw': 27, 'ls_restart_every': 20, 'ls_chains': 8, 'g_scale': 1277.0209725550503}. Best is trial 5 with value: -0.14058930393323538.
[F1__ls__b1] trial 9: -0.09698 [-0.1102, -0.1409, -0.0744, -0.1202, -0.0758, -0.1058, -0.0641, -0.0845] {"g_scale": 5858.948092075998, "ls_T0": 0.0033510634024836667, "ls_T1": 4.252408416391977e-06, "ls_chains": 8, "ls_moves": 115513, "ls_restart_every": 0, "p_add
[I 2026-10-01 15:17:12,719] Trial 9 finished with value: -0.09698145253187318 and parameters: {'start': 'pgreedy', 'ls_T0': 0.0033510634024836667, 'ls_T1_ratio': 0.001268972832098692, 'ls_moves': 115513, 'p_add': 0.0001839037522511633, 'p_swap': 0.7513393064995251, 'topw': 3, 'ls_restart_every': 0, 'ls_chains': 8, 'g_scale': 5858.948092075998}. Best is trial 5 with value: -0.14058930393323538.
[F1__ls__b1] trial 10: -0.13040 [-0.1095, -0.1477, -0.0746, -0.1409, -0.133, -0.1659, -0.1246, -0.147] {"g_scale": 8181.373383821895, "ls_T0": 0.0005202604132195953, "ls_T1": 2.4681039004331495e-08, "ls_chains": 8, "ls_moves": 106508, "ls_restart_every": 0, "p_ad
[I 2026-10-01 15:17:22,387] Trial 10 finished with value: -0.13040172159313776 and parameters: {'start': 'pgreedy', 'ls_T0': 0.0005202604132195953, 'ls_T1_ratio': 4.7439778959145875e-05, 'ls_moves': 106508, 'p_add': 0.2639841241339231, 'p_swap': 0.21451124032166968, 'topw': 3, 'ls_restart_every': 0, 'ls_chains': 8, 'g_scale': 8181.373383821895}. Best is trial 5 with value: -0.14058930393323538.
[F1__ls__b1] trial 11: -0.12884 [-0.1125, -0.1452, -0.0744, -0.1511, -0.1357, -0.157, -0.1155, -0.1393] {"g_scale": 198.73306581903927, "ls_T0": 0.00019382469536185977, "ls_T1": 6.99236871713326e-08, "ls_chains": 8, "ls_moves": 136819, "ls_restart_every": 20, "p_a
[I 2026-10-01 15:17:32,233] Trial 11 finished with value: -0.12883882695220233 and parameters: {'start': 'pgreedy', 'ls_T0': 0.00019382469536185977, 'ls_T1_ratio': 0.0003607573691308479, 'ls_moves': 136819, 'p_add': 0.4783739865290567, 'p_swap': 0.20461186272535303, 'topw': 2, 'ls_restart_every': 20, 'ls_chains': 8, 'g_scale': 198.73306581903927}. Best is trial 5 with value: -0.14058930393323538.
[F1__ls__b1] BEST t5 -0.14059 cfg={"g_scale": 1033.198382944086, "ls_T0": 9.976727856592743e-05, "ls_T1": 2.387300289641544e-09, "ls_chains": 8, "ls_moves": 179038, "ls_restart_every": 0, "p_add": 0.16323012771885298, "p_swap": 0.774440157136168, "start": "pgreedy", "topw": 5}
