[I 2026-10-01 15:17:32,592] A new study created in RDB with name: F1__pt__b3
[F1__pt__b3] trial 0: -0.14731 [-0.1208, -0.1579, -0.0746, -0.1822, -0.1625, -0.1891, -0.1562, -0.1351] {"eim_R": 16, "eim_Tmax": 7.3329031629428645e-06, "eim_Tmin": 1.1006348269620852e-06, "eim_anneal": 0.9462286962175356, "eim_hscale": 1.8587633596816164, "eim_m
[I 2026-10-01 15:17:58,257] Trial 0 finished with value: -0.14730740155976718 and parameters: {'start': 'lp', 'eim_R': 16, 'eim_Tmin': 1.1006348269620852e-06, 'eim_Tratio': 6.662430611234392, 'eim_moves': 18358, 'p_add': 0.22230587257383633, 'p_swap': 0.46272105013386755, 'topw': 20, 'eim_rho': 3.506794739778118, 'eim_hscale': 1.8587633596816164, 'eim_anneal': 0.9462286962175356, 'g_scale': 774.8399988560119}. Best is trial 0 with value: -0.14730740155976718.
[F1__pt__b3] trial 1: -0.10615 [-0.0857, -0.12, -0.0693, -0.1313, -0.0957, -0.1384, -0.0992, -0.1096] {"eim_R": 64, "eim_Tmax": 0.022388264096178515, "eim_Tmin": 5.6279320474151646e-06, "eim_anneal": 0.07032569761590807, "eim_hscale": 59.812219011525556, "eim_mo
[I 2026-10-01 15:18:26,455] Trial 1 finished with value: -0.1061488149283525 and parameters: {'start': 'pgreedy', 'eim_R': 64, 'eim_Tmin': 5.6279320474151646e-06, 'eim_Tratio': 3978.0622629338873, 'eim_moves': 174910, 'p_add': 0.19172075941288885, 'p_swap': 0.6420036530145916, 'topw': 11, 'eim_rho': 18.71450068624066, 'eim_hscale': 59.812219011525556, 'eim_anneal': 0.07032569761590807, 'g_scale': 149.36835544198456}. Best is trial 0 with value: -0.14730740155976718.
[F1__pt__b3] trial 2: -0.12770 [-0.1078, -0.142, -0.0744, -0.1478, -0.1289, -0.1587, -0.1231, -0.1389] {"eim_R": 32, "eim_Tmax": 0.01081686613933192, "eim_Tmin": 7.013219779945795e-06, "eim_anneal": 0.2619100559835807, "eim_hscale": 1.7538232373118046, "eim_moves
[I 2026-10-01 15:18:51,871] Trial 2 finished with value: -0.1276999187573447 and parameters: {'start': 'pgreedy', 'eim_R': 32, 'eim_Tmin': 7.013219779945795e-06, 'eim_Tratio': 1542.3537945099908, 'eim_moves': 7734, 'p_add': 0.3199605106637619, 'p_swap': 0.2616475745120573, 'topw': 52, 'eim_rho': 12.229065947034353, 'eim_hscale': 1.7538232373118046, 'eim_anneal': 0.2619100559835807, 'g_scale': 3535.6346291488144}. Best is trial 0 with value: -0.14730740155976718.
[F1__pt__b3] trial 3: -0.09471 [-0.0885, -0.1177, -0.0591, -0.1189, -0.0798, -0.1176, -0.0816, -0.0945] {"eim_R": 16, "eim_Tmax": 0.3963283547730436, "eim_Tmin": 0.0005956516018710562, "eim_anneal": 0.2082787354631025, "eim_hscale": 10.278118224157009, "eim_moves"
[I 2026-10-01 15:19:28,739] Trial 3 finished with value: -0.09471084780187086 and parameters: {'start': 'pgreedy', 'eim_R': 16, 'eim_Tmin': 0.0005956516018710562, 'eim_Tratio': 665.369409782665, 'eim_moves': 18832, 'p_add': 0.21851597689967073, 'p_swap': 0.5707798346517168, 'topw': 2, 'eim_rho': 46.458679515124714, 'eim_hscale': 10.278118224157009, 'eim_anneal': 0.2082787354631025, 'g_scale': 181.07254066631089}. Best is trial 0 with value: -0.14730740155976718.
[F1__pt__b3] trial 4: -0.14586 [-0.1151, -0.1553, -0.0746, -0.1728, -0.1516, -0.1835, -0.1465, -0.1674] {"eim_R": 16, "eim_Tmax": 6.840342246366934e-06, "eim_Tmin": 3.2202378453311506e-07, "eim_anneal": 0.5962767279261619, "eim_hscale": 99.13773847646657, "eim_mov
[I 2026-10-01 15:20:04,676] Trial 4 finished with value: -0.14585646647586215 and parameters: {'start': 'lp', 'eim_R': 16, 'eim_Tmin': 3.2202378453311506e-07, 'eim_Tratio': 21.2417298811775, 'eim_moves': 5383, 'p_add': 0.20003338804169363, 'p_swap': 0.3482973720482757, 'topw': 9, 'eim_rho': 1.1167684943566796, 'eim_hscale': 99.13773847646657, 'eim_anneal': 0.5962767279261619, 'g_scale': 5387.10565840382}. Best is trial 0 with value: -0.14730740155976718.
[F1__pt__b3] trial 5: -0.14745 [-0.1195, -0.158, -0.0746, -0.1778, -0.1627, -0.1625, -0.1515, -0.1729] {"eim_R": 16, "eim_Tmax": 4.916584503124671e-06, "eim_Tmin": 1.110324680870858e-06, "eim_anneal": 0.9626479280331366, "eim_hscale": 1.2345170019454539, "eim_mov
[I 2026-10-01 15:20:38,869] Trial 5 finished with value: -0.1474547630142154 and parameters: {'start': 'lp', 'eim_R': 16, 'eim_Tmin': 1.110324680870858e-06, 'eim_Tratio': 4.428060177198312, 'eim_moves': 18070, 'p_add': 0.22790323701173293, 'p_swap': 0.44854489566179034, 'topw': 24, 'eim_rho': 1.9100041270013748, 'eim_hscale': 1.2345170019454539, 'eim_anneal': 0.9626479280331366, 'g_scale': 586.7669480720929}. Best is trial 5 with value: -0.1474547630142154.
[F1__pt__b3] trial 6: -0.14913 [-0.1166, -0.1524, -0.0746, -0.177, -0.1568, -0.1885, -0.153, -0.1742] {"eim_R": 16, "eim_Tmax": 0.0008877039555141203, "eim_Tmin": 9.343933972995321e-07, "eim_anneal": 0.4651708590352262, "eim_hscale": 0.4234213933813821, "eim_mov
[I 2026-10-01 15:21:14,274] Trial 6 finished with value: -0.14913357024531468 and parameters: {'start': 'lp', 'eim_R': 16, 'eim_Tmin': 9.343933972995321e-07, 'eim_Tratio': 950.03235048498, 'eim_moves': 116510, 'p_add': 0.23582538342126894, 'p_swap': 0.45331739397375, 'topw': 25, 'eim_rho': 1.4901281631795318, 'eim_hscale': 0.4234213933813821, 'eim_anneal': 0.4651708590352262, 'g_scale': 574.9963184175464}. Best is trial 6 with value: -0.14913357024531468.
[F1__pt__b3] trial 7: -0.14066 [-0.1132, -0.1541, -0.0703, -0.1687, -0.1416, -0.1777, -0.1378, -0.1618] {"eim_R": 16, "eim_Tmax": 0.0009011491432461433, "eim_Tmin": 0.0003262968556338091, "eim_anneal": 0.39249299524699843, "eim_hscale": 0.11448873719770782, "eim_m
[I 2026-10-01 15:21:49,957] Trial 7 finished with value: -0.14066165728417562 and parameters: {'start': 'lp', 'eim_R': 16, 'eim_Tmin': 0.0003262968556338091, 'eim_Tratio': 2.761746329107963, 'eim_moves': 119213, 'p_add': 0.37521011778224267, 'p_swap': 0.2057873392646265, 'topw': 60, 'eim_rho': 0.1655768277464541, 'eim_hscale': 0.11448873719770782, 'eim_anneal': 0.39249299524699843, 'g_scale': 647.1273431714433}. Best is trial 6 with value: -0.14913357024531468.
[F1__pt__b3] trial 8: -0.14857 [-0.1195, -0.1533, -0.0746, -0.1768, -0.1578, -0.1885, -0.149, -0.1691] {"eim_R": 16, "eim_Tmax": 9.663794481154574e-05, "eim_Tmin": 2.832153136362731e-07, "eim_anneal": 0.8144961485977071, "eim_hscale": 3.03784040968439, "eim_moves
[I 2026-10-01 15:27:34,340] Trial 8 finished with value: -0.14857233675550777 and parameters: {'start': 'lp', 'eim_R': 16, 'eim_Tmin': 2.832153136362731e-07, 'eim_Tratio': 341.2172299964529, 'eim_moves': 38873, 'p_add': 0.07699567169359897, 'p_swap': 0.8349963995551384, 'topw': 16, 'eim_rho': 983.6620223104848, 'eim_hscale': 3.03784040968439, 'eim_anneal': 0.8144961485977071, 'g_scale': 122.4530753301341}. Best is trial 6 with value: -0.14913357024531468.
[F1__pt__b3] trial 9: -0.15282 [-0.1209, -0.1582, -0.0746, -0.1816, -0.164, -0.1932, -0.1559, -0.1741] {"eim_R": 16, "eim_Tmax": 0.004778562334987127, "eim_Tmin": 5.65009413558932e-07, "eim_anneal": 0.48645278005217524, "eim_hscale": 0.689973517338634, "eim_moves
[I 2026-10-01 15:28:16,359] Trial 9 finished with value: -0.15282143129960565 and parameters: {'start': 'lp', 'eim_R': 16, 'eim_Tmin': 5.65009413558932e-07, 'eim_Tratio': 8457.491539632038, 'eim_moves': 159234, 'p_add': 0.05480263669113283, 'p_swap': 0.7323744694634446, 'topw': 19, 'eim_rho': 15.504304921919466, 'eim_hscale': 0.689973517338634, 'eim_anneal': 0.48645278005217524, 'g_scale': 902.9755641720078}. Best is trial 9 with value: -0.15282143129960565.
[F1__pt__b3] trial 10: -0.14626 [-0.1191, -0.1564, -0.0746, -0.1743, -0.1506, -0.1844, -0.1454, -0.1652] {"eim_R": 16, "eim_Tmax": 0.00036248785662672543, "eim_Tmin": 3.292528056249257e-06, "eim_anneal": 0.5441101891877319, "eim_hscale": 88.19231928425427, "eim_mov
[I 2026-10-01 15:29:08,939] Trial 10 finished with value: -0.14625912706004734 and parameters: {'start': 'lp', 'eim_R': 16, 'eim_Tmin': 3.292528056249257e-06, 'eim_Tratio': 110.09408285488082, 'eim_moves': 140968, 'p_add': 0.11491374101752094, 'p_swap': 0.8285678139585109, 'topw': 24, 'eim_rho': 7.126556601007714, 'eim_hscale': 88.19231928425427, 'eim_anneal': 0.5441101891877319, 'g_scale': 555.3736624608825}. Best is trial 9 with value: -0.15282143129960565.
[F1__pt__b3] trial 11: -0.15243 [-0.121, -0.1584, -0.0746, -0.181, -0.1622, -0.192, -0.1562, -0.174] {"eim_R": 16, "eim_Tmax": 0.002080428880264467, "eim_Tmin": 2.2129755336789705e-07, "eim_anneal": 0.6851011788640109, "eim_hscale": 1.6588508687351058, "eim_mov
[I 2026-10-01 15:34:42,719] Trial 11 finished with value: -0.15243243403293855 and parameters: {'start': 'lp', 'eim_R': 16, 'eim_Tmin': 2.2129755336789705e-07, 'eim_Tratio': 9401.047813691139, 'eim_moves': 128589, 'p_add': 0.1619199121905183, 'p_swap': 0.661689003126384, 'topw': 19, 'eim_rho': 14.590085554126123, 'eim_hscale': 1.6588508687351058, 'eim_anneal': 0.6851011788640109, 'g_scale': 694.7191436627293}. Best is trial 9 with value: -0.15282143129960565.
[F1__pt__b3] BEST t9 -0.15282 cfg={"eim_R": 16, "eim_Tmax": 0.004778562334987127, "eim_Tmin": 5.65009413558932e-07, "eim_anneal": 0.48645278005217524, "eim_hscale": 0.689973517338634, "eim_moves": 159234, "eim_rho": 15.504304921919466, "g_scale": 902.9755641720078, "p_add": 0.05480263669113283, "p_swap": 0.7323744694634446, "start": "lp", "topw": 19}
[I 2026-10-01 15:34:42,764] A new study created in RDB with name: F1__lp__b3
[F1__lp__b3] trial 0: -0.13375 [-0.1106, -0.1478, -0.0613, -0.1581, -0.1347, -0.1697, -0.1342, -0.1536] {"lexi": false}
[I 2026-10-01 15:40:01,017] Trial 0 finished with value: -0.13374612090361304 and parameters: {'start': 'lp', 'lexi': False}. Best is trial 0 with value: -0.13374612090361304.
[F1__lp__b3] trial 1: -0.13294 [-0.1118, -0.1475, -0.054, -0.1581, -0.1347, -0.1697, -0.1342, -0.1536] {"lexi": false}
[I 2026-10-01 15:45:14,183] Trial 1 finished with value: -0.13293518231323564 and parameters: {'start': 'pgreedy', 'lexi': False}. Best is trial 0 with value: -0.13374612090361304.
[F1__lp__b3] trial 2: +0.42598 [1.0, 1.0, 1.0, 1.0, -0.1347, -0.1697, -0.1342, -0.1536] {"lexi": true}
[I 2026-10-01 15:45:56,625] Trial 2 finished with value: 0.42598117882560355 and parameters: {'start': 'pgreedy', 'lexi': True}. Best is trial 0 with value: -0.13374612090361304.
[F1__lp__b3] trial 3: -0.13421 [-0.1139, -0.1484, -0.0611, -0.1581, -0.1347, -0.1697, -0.1342, -0.1536] {"lexi": false}
[I 2026-10-01 15:46:08,765] Trial 3 finished with value: -0.13420675960834555 and parameters: {'start': 'lp', 'lexi': False}. Best is trial 3 with value: -0.13420675960834555.
[F1__lp__b3] trial 4: +0.42590 [1.0, 1.0, 1.0, 1.0, -0.1347, -0.1697, -0.1342, -0.1542] {"lexi": true}
[I 2026-10-01 15:46:56,265] Trial 4 finished with value: 0.42590230595787015 and parameters: {'start': 'lp', 'lexi': True}. Best is trial 3 with value: -0.13420675960834555.
[F1__lp__b3] trial 5: -0.13482 [-0.1144, -0.1502, -0.0637, -0.1581, -0.1347, -0.1697, -0.1342, -0.1536] {"lexi": false}
[I 2026-10-01 15:47:11,081] Trial 5 finished with value: -0.13482266678435742 and parameters: {'start': 'lp', 'lexi': False}. Best is trial 5 with value: -0.13482266678435742.
[F1__lp__b3] trial 6: -0.13264 [-0.1097, -0.1368, -0.0644, -0.1581, -0.1347, -0.1697, -0.1342, -0.1536] {"lexi": false}
[I 2026-10-01 15:58:07,104] Trial 6 finished with value: -0.13263567399063636 and parameters: {'start': 'lp', 'lexi': False}. Best is trial 5 with value: -0.13482266678435742.
[F1__lp__b3] trial 7: +0.42587 [1.0, 1.0, 1.0, 1.0, -0.1347, -0.1697, -0.1342, -0.1545] {"lexi": true}
[I 2026-10-01 15:58:45,750] Trial 7 finished with value: 0.42586631833761157 and parameters: {'start': 'lp', 'lexi': True}. Best is trial 5 with value: -0.13482266678435742.
[F1__lp__b3] trial 8: -0.13357 [-0.1117, -0.1466, -0.0609, -0.1572, -0.1347, -0.1697, -0.1342, -0.1536] {"lexi": false}
[I 2026-10-01 16:03:51,685] Trial 8 finished with value: -0.13357167891997196 and parameters: {'start': 'pgreedy', 'lexi': False}. Best is trial 5 with value: -0.13482266678435742.
[F1__lp__b3] trial 9: -0.13357 [-0.11, -0.1446, -0.0637, -0.1581, -0.1347, -0.1697, -0.1342, -0.1536] {"lexi": false}
[I 2026-10-01 16:04:06,259] Trial 9 finished with value: -0.1335717893311822 and parameters: {'start': 'lp', 'lexi': False}. Best is trial 5 with value: -0.13482266678435742.
[F1__lp__b3] trial 10: +0.42590 [1.0, 1.0, 1.0, 1.0, -0.1347, -0.1697, -0.1342, -0.1542] {"lexi": true}
[I 2026-10-01 16:04:51,301] Trial 10 finished with value: 0.42590230595787015 and parameters: {'start': 'pgreedy', 'lexi': True}. Best is trial 5 with value: -0.13482266678435742.
[F1__lp__b3] trial 11: -0.13429 [-0.1145, -0.1487, -0.0609, -0.1581, -0.1347, -0.1697, -0.1342, -0.1536] {"lexi": false}
[I 2026-10-01 16:05:05,949] Trial 11 finished with value: -0.13428607504933943 and parameters: {'start': 'lp', 'lexi': False}. Best is trial 5 with value: -0.13482266678435742.
[F1__lp__b3] BEST t5 -0.13482 cfg={"lexi": false}
[I 2026-10-01 16:05:05,983] A new study created in RDB with name: F1__eim__b3
[F1__eim__b3] trial 0: -0.15038 [-0.1195, -0.1563, -0.0746, -0.1764, -0.1587, -0.1905, -0.1531, -0.1739] {"eim_R": 16, "eim_Tmax": 0.0007255047403074508, "eim_Tmin": 0.00013246974647468452, "eim_anneal": 0.7664913525398744, "eim_eta": 0.23358825194833557, "eim_hsca
[I 2026-10-01 16:05:56,235] Trial 0 finished with value: -0.15038189871815938 and parameters: {'start': 'lp', 'eim_R': 16, 'eim_Tmin': 0.00013246974647468452, 'eim_Tratio': 5.476757973912916, 'eim_moves': 52984, 'p_add': 0.0716766437045232, 'p_swap': 0.8407909904010871, 'topw': 11, 'eim_rho': 4.5566719139214715, 'eim_hscale': 0.6218230782016851, 'eim_anneal': 0.7664913525398744, 'eim_eta': 0.23358825194833557, 'g_scale': 1370.4648392849028}. Best is trial 0 with value: -0.15038189871815938.
[F1__eim__b3] trial 1: +0.14827 [-0.1141, -0.1478, -0.0746, -0.1606, -0.1394, -0.1774, 1.0, 1.0] {"eim_R": 64, "eim_Tmax": 0.022388264096178515, "eim_Tmin": 5.6279320474151646e-06, "eim_anneal": 0.07032569761590807, "eim_eta": 0.018255254802399014, "eim_hsc
[I 2026-10-01 16:10:06,745] Trial 1 finished with value: 0.14826514839099683 and parameters: {'start': 'pgreedy', 'eim_R': 64, 'eim_Tmin': 5.6279320474151646e-06, 'eim_Tratio': 3978.0622629338873, 'eim_moves': 174910, 'p_add': 0.19172075941288885, 'p_swap': 0.6420036530145916, 'topw': 11, 'eim_rho': 18.71450068624066, 'eim_hscale': 59.812219011525556, 'eim_anneal': 0.07032569761590807, 'eim_eta': 0.018255254802399014, 'g_scale': 109.7581541938016}. Best is trial 0 with value: -0.15038189871815938.
[F1__eim__b3] trial 2: -0.15025 [-0.1196, -0.1565, -0.0746, -0.1774, -0.1585, -0.1905, -0.1516, -0.1733] {"eim_R": 16, "eim_Tmax": 0.0007255047403074508, "eim_Tmin": 0.00013246974647468452, "eim_anneal": 0.7664913525398744, "eim_eta": 0.23358825194833557, "eim_hsca
[I 2026-10-01 16:10:41,560] Trial 2 finished with value: -0.15024536621988094 and parameters: {'start': 'lp', 'eim_R': 16, 'eim_Tmin': 0.00013246974647468452, 'eim_Tratio': 5.476757973912916, 'eim_moves': 52984, 'p_add': 0.0716766437045232, 'p_swap': 0.8407909904010871, 'topw': 11, 'eim_rho': 4.5566719139214715, 'eim_hscale': 0.6218230782016851, 'eim_anneal': 0.7664913525398744, 'eim_eta': 0.23358825194833557, 'g_scale': 1370.4648392849028}. Best is trial 0 with value: -0.15038189871815938.
[F1__eim__b3] trial 3: -0.12987 [-0.1118, -0.1428, -0.0746, -0.1396, -0.1337, -0.1665, -0.1261, -0.1439] {"eim_R": 32, "eim_Tmax": 0.00022679302095938696, "eim_Tmin": 2.741773675242096e-06, "eim_anneal": 0.312274067414942, "eim_eta": 0.1233480570086002, "eim_hscale
[I 2026-10-01 16:16:16,350] Trial 3 finished with value: -0.12987425678602976 and parameters: {'start': 'pgreedy', 'eim_R': 32, 'eim_Tmin': 2.741773675242096e-06, 'eim_Tratio': 82.71763019949535, 'eim_moves': 65555, 'p_add': 0.030112735814634917, 'p_swap': 0.6799968666320435, 'topw': 19, 'eim_rho': 0.6942729492430144, 'eim_hscale': 0.24365700014641997, 'eim_anneal': 0.312274067414942, 'eim_eta': 0.1233480570086002, 'g_scale': 1381.6356822574794}. Best is trial 0 with value: -0.15038189871815938.
[F1__eim__b3] trial 4: -0.14446 [-0.1157, -0.1542, -0.0709, -0.1724, -0.1514, -0.182, -0.1448, -0.1643] {"eim_R": 16, "eim_Tmax": 0.013323197406244793, "eim_Tmin": 0.0004987435476609301, "eim_anneal": 0.6411080434933271, "eim_eta": 0.23236965081001948, "eim_hscale
[I 2026-10-01 16:16:45,990] Trial 4 finished with value: -0.14445774524809038 and parameters: {'start': 'lp', 'eim_R': 16, 'eim_Tmin': 0.0004987435476609301, 'eim_Tratio': 26.713523350286117, 'eim_moves': 133508, 'p_add': 0.4207271306233804, 'p_swap': 0.2125472978851706, 'topw': 4, 'eim_rho': 0.12908945670149974, 'eim_hscale': 6.742610434179981, 'eim_anneal': 0.6411080434933271, 'eim_eta': 0.23236965081001948, 'g_scale': 1453.27196243909}. Best is trial 0 with value: -0.15038189871815938.
[F1__eim__b3] trial 5: -0.14780 [-0.1181, -0.1562, -0.0709, -0.1769, -0.1578, -0.1851, -0.1473, -0.1701] {"eim_R": 16, "eim_Tmax": 0.005569704096824688, "eim_Tmin": 7.708432216203298e-06, "eim_anneal": 0.8958196025702315, "eim_eta": 0.11371266316299405, "eim_hscale
[I 2026-10-01 16:17:13,114] Trial 5 finished with value: -0.1478045069940565 and parameters: {'start': 'lp', 'eim_R': 16, 'eim_Tmin': 7.708432216203298e-06, 'eim_Tratio': 722.5469382888319, 'eim_moves': 131995, 'p_add': 0.1062819420743297, 'p_swap': 0.2694318663923838, 'topw': 2, 'eim_rho': 0.21444767762064595, 'eim_hscale': 0.20966286437375262, 'eim_anneal': 0.8958196025702315, 'eim_eta': 0.11371266316299405, 'g_scale': 362.9184310542201}. Best is trial 0 with value: -0.15038189871815938.
[F1__eim__b3] trial 6: -0.14805 [-0.1187, -0.1505, -0.0709, -0.1774, -0.1562, -0.1887, -0.1495, -0.1724] {"eim_R": 16, "eim_Tmax": 0.23493624582371722, "eim_Tmin": 5.161106531611771e-05, "eim_anneal": 0.5599992800532259, "eim_eta": 0.09916053756640525, "eim_hscale"
[I 2026-10-01 16:22:49,492] Trial 6 finished with value: -0.14805164243987903 and parameters: {'start': 'lp', 'eim_R': 16, 'eim_Tmin': 5.161106531611771e-05, 'eim_Tratio': 4552.051859126197, 'eim_moves': 38346, 'p_add': 0.22549484154459695, 'p_swap': 0.38951023623813313, 'topw': 4, 'eim_rho': 1.6773897965542055, 'eim_hscale': 5.1956439619754375, 'eim_anneal': 0.5599992800532259, 'eim_eta': 0.09916053756640525, 'g_scale': 5470.828347571033}. Best is trial 0 with value: -0.15038189871815938.
[F1__eim__b3] trial 7: -0.14987 [-0.1168, -0.1554, -0.0746, -0.1776, -0.158, -0.1904, -0.1516, -0.1745] {"eim_R": 16, "eim_Tmax": 0.0024712106819587704, "eim_Tmin": 3.279711118691455e-05, "eim_anneal": 0.7992661330313624, "eim_eta": 0.021530041252627617, "eim_hsca
[I 2026-10-01 16:23:24,711] Trial 7 finished with value: -0.14987330766296553 and parameters: {'start': 'lp', 'eim_R': 16, 'eim_Tmin': 3.279711118691455e-05, 'eim_Tratio': 75.34842528889368, 'eim_moves': 37594, 'p_add': 0.15502681030202012, 'p_swap': 0.47523776424484554, 'topw': 25, 'eim_rho': 141.26197483338572, 'eim_hscale': 0.2382126214028639, 'eim_anneal': 0.7992661330313624, 'eim_eta': 0.021530041252627617, 'g_scale': 137.8224695773061}. Best is trial 0 with value: -0.15038189871815938.
[F1__eim__b3] trial 8: -0.15015 [-0.1199, -0.1523, -0.0746, -0.1795, -0.1601, -0.1892, -0.1532, -0.1725] {"eim_R": 16, "eim_Tmax": 0.004568621603963529, "eim_Tmin": 3.772088707918623e-05, "eim_anneal": 0.3596282879725269, "eim_eta": 0.13600182079353904, "eim_hscale
[I 2026-10-01 16:24:24,088] Trial 8 finished with value: -0.15015071621092924 and parameters: {'start': 'lp', 'eim_R': 16, 'eim_Tmin': 3.772088707918623e-05, 'eim_Tratio': 121.11649427471761, 'eim_moves': 10197, 'p_add': 0.0020154464352127865, 'p_swap': 0.9342754073994838, 'topw': 10, 'eim_rho': 16.293362240939743, 'eim_hscale': 59.24928946642238, 'eim_anneal': 0.3596282879725269, 'eim_eta': 0.13600182079353904, 'g_scale': 3305.4332171398946}. Best is trial 0 with value: -0.15038189871815938.
[F1__eim__b3] trial 9: -0.14798 [-0.1165, -0.153, -0.0746, -0.1733, -0.1556, -0.1892, -0.1503, -0.1713] {"eim_R": 16, "eim_Tmax": 0.04412351500343946, "eim_Tmin": 0.00020827188679238984, "eim_anneal": 0.9719942231917424, "eim_eta": 0.30362340943985383, "eim_hscale
[I 2026-10-01 16:29:49,867] Trial 9 finished with value: -0.1479839690591196 and parameters: {'start': 'lp', 'eim_R': 16, 'eim_Tmin': 0.00020827188679238984, 'eim_Tratio': 211.85535735518056, 'eim_moves': 96916, 'p_add': 0.329610509590732, 'p_swap': 0.3811991373951533, 'topw': 13, 'eim_rho': 240.58174820146084, 'eim_hscale': 0.22984569932818313, 'eim_anneal': 0.9719942231917424, 'eim_eta': 0.30362340943985383, 'g_scale': 3328.687869531856}. Best is trial 0 with value: -0.15038189871815938.
[F1__eim__b3] trial 10: -0.14947 [-0.1179, -0.1556, -0.0746, -0.1777, -0.1574, -0.1891, -0.1514, -0.172] {"eim_R": 16, "eim_Tmax": 3.581109782573151e-05, "eim_Tmin": 2.1632671645315322e-06, "eim_anneal": 0.39909807650254175, "eim_eta": 1.0549815413611934, "eim_hsca
[I 2026-10-01 16:30:22,906] Trial 10 finished with value: -0.14947458375480177 and parameters: {'start': 'lp', 'eim_R': 16, 'eim_Tmin': 2.1632671645315322e-06, 'eim_Tratio': 16.55417250947208, 'eim_moves': 33708, 'p_add': 0.13022450133475902, 'p_swap': 0.5897194137428722, 'topw': 8, 'eim_rho': 1.1362006084851668, 'eim_hscale': 0.1721493726580704, 'eim_anneal': 0.39909807650254175, 'eim_eta': 1.0549815413611934, 'g_scale': 3432.8550464859613}. Best is trial 0 with value: -0.15038189871815938.
[F1__eim__b3] trial 11: -0.13202 [-0.1174, -0.156, -0.0746, -0.1753, -0.134, -0.1842, -0.147, -0.0675] {"eim_R": 16, "eim_Tmax": 0.014143152839540358, "eim_Tmin": 0.0003125546686357562, "eim_anneal": 0.7869095566701645, "eim_eta": 0.099778580230513, "eim_hscale":
[I 2026-10-01 16:30:50,502] Trial 11 finished with value: -0.13201701485259704 and parameters: {'start': 'lp', 'eim_R': 16, 'eim_Tmin': 0.0003125546686357562, 'eim_Tratio': 45.25017303780048, 'eim_moves': 22394, 'p_add': 0.045374540398040876, 'p_swap': 0.8896929648474976, 'topw': 9, 'eim_rho': 0.5296758960028881, 'eim_hscale': 1.7978607468192138, 'eim_anneal': 0.7869095566701645, 'eim_eta': 0.099778580230513, 'g_scale': 1466.1457290030783}. Best is trial 0 with value: -0.15038189871815938.
[F1__eim__b3] BEST t0 -0.15038 cfg={"eim_R": 16, "eim_Tmax": 0.0007255047403074508, "eim_Tmin": 0.00013246974647468452, "eim_anneal": 0.7664913525398744, "eim_eta": 0.23358825194833557, "eim_hscale": 0.6218230782016851, "eim_moves": 52984, "eim_rho": 4.5566719139214715, "g_scale": 1370.4648392849028, "p_add": 0.0716766437045232, "p_swap": 0.8407909904010871, "start": "lp", "topw": 11}
[I 2026-10-01 16:30:50,530] A new study created in RDB with name: F1__milp__b3
[F1__milp__b3] trial 0: -0.11160 [-0.1183, -0.1486, -0.065, -0.1084, -0.0745, -0.1551, -0.058, -0.1648] {"eps_tie": 0.0, "mip_heuristic_effort": 0.8077206102454388, "presolve": "off", "start": "pgreedy"}
[I 2026-10-01 16:31:15,535] Trial 0 finished with value: -0.1115954147774488 and parameters: {'start': 'pgreedy', 'presolve': 'off', 'mip_heuristic_effort': 0.8077206102454388, 'eps_tie': 0.0}. Best is trial 0 with value: -0.1115954147774488.
[F1__milp__b3] trial 1: +0.62490 [-0.0015, 0.0006, 0.0, 1.0, 1.0, 1.0, 1.0, 1.0] {"eps_tie": 0.0, "mip_heuristic_effort": 0.10490756141474163, "presolve": "on", "start": "pgreedy"}
[I 2026-10-01 16:37:46,426] Trial 1 finished with value: 0.6248952892594382 and parameters: {'start': 'pgreedy', 'presolve': 'on', 'mip_heuristic_effort': 0.10490756141474163, 'eps_tie': 0.0}. Best is trial 0 with value: -0.1115954147774488.
[F1__milp__b3] trial 2: -0.12573 [-0.1128, -0.0562, -0.0691, -0.1497, -0.1551, -0.1711, -0.1362, -0.1557] {"eps_tie": 0.0001, "mip_heuristic_effort": 0.15834581868043074, "presolve": "off", "start": "pgreedy"}
[I 2026-10-01 16:38:14,993] Trial 2 finished with value: -0.12573356895505614 and parameters: {'start': 'pgreedy', 'presolve': 'off', 'mip_heuristic_effort': 0.15834581868043074, 'eps_tie': 0.0001}. Best is trial 2 with value: -0.12573356895505614.
[F1__milp__b3] trial 3: -0.13565 [-0.1136, -0.1498, -0.0653, -0.1633, -0.1454, -0.1616, -0.125, -0.1611] {"eps_tie": 0.0001, "mip_heuristic_effort": 0.41985078951584265, "presolve": "off", "start": "pgreedy"}
[I 2026-10-01 16:38:55,201] Trial 3 finished with value: -0.13564576938723644 and parameters: {'start': 'pgreedy', 'presolve': 'off', 'mip_heuristic_effort': 0.41985078951584265, 'eps_tie': 0.0001}. Best is trial 3 with value: -0.13564576938723644.
[F1__milp__b3] trial 4: +0.43890 [-0.1093, -0.1463, -0.0619, 1.0, 1.0, -0.1714, 1.0, 1.0] {"eps_tie": 0.0001, "mip_heuristic_effort": 0.8527431862329753, "presolve": "on", "start": "lp"}
[I 2026-10-01 16:40:08,778] Trial 4 finished with value: 0.43890227148288263 and parameters: {'start': 'lp', 'presolve': 'on', 'mip_heuristic_effort': 0.8527431862329753, 'eps_tie': 0.0001}. Best is trial 3 with value: -0.13564576938723644.
[F1__milp__b3] trial 5: -0.13969 [-0.1161, -0.154, -0.0653, -0.1631, -0.1498, -0.1714, -0.1391, -0.1587] {"eps_tie": 0.0001, "mip_heuristic_effort": 0.0717020027989697, "presolve": "off", "start": "lp"}
[I 2026-10-01 16:45:42,558] Trial 5 finished with value: -0.13968764288468172 and parameters: {'start': 'lp', 'presolve': 'off', 'mip_heuristic_effort': 0.0717020027989697, 'eps_tie': 0.0001}. Best is trial 5 with value: -0.13968764288468172.
[F1__milp__b3] trial 6: -0.13788 [-0.1115, -0.1522, -0.0653, -0.1631, -0.1372, -0.1732, -0.1398, -0.1607] {"eps_tie": 0.0001, "mip_heuristic_effort": 0.026835444360603953, "presolve": "off", "start": "lp"}
[I 2026-10-01 16:46:22,021] Trial 6 finished with value: -0.13787561532906698 and parameters: {'start': 'lp', 'presolve': 'off', 'mip_heuristic_effort': 0.026835444360603953, 'eps_tie': 0.0001}. Best is trial 5 with value: -0.13968764288468172.
[F1__milp__b3] trial 7: -0.13989 [-0.111, -0.1524, -0.0653, -0.1669, -0.1478, -0.1795, -0.1349, -0.1614] {"eps_tie": 0.0, "mip_heuristic_effort": 0.11801028004308105, "presolve": "off", "start": "lp"}
[I 2026-10-01 16:46:51,682] Trial 7 finished with value: -0.1398937169062474 and parameters: {'start': 'lp', 'presolve': 'off', 'mip_heuristic_effort': 0.11801028004308105, 'eps_tie': 0.0}. Best is trial 7 with value: -0.1398937169062474.
[F1__milp__b3] trial 8: -0.14064 [-0.1153, -0.1506, -0.0653, -0.1674, -0.1523, -0.1771, -0.1395, -0.1575] {"eps_tie": 0.0, "mip_heuristic_effort": 0.12023390394962898, "presolve": "off", "start": "lp"}
[I 2026-10-01 16:47:14,313] Trial 8 finished with value: -0.1406400451340955 and parameters: {'start': 'lp', 'presolve': 'off', 'mip_heuristic_effort': 0.12023390394962898, 'eps_tie': 0.0}. Best is trial 8 with value: -0.1406400451340955.
[F1__milp__b3] trial 9: +0.29432 [-0.111, -0.1452, -0.0637, 1.0, 1.0, -0.1697, 1.0, -0.1558] {"eps_tie": 0.0, "mip_heuristic_effort": 0.02946618193549785, "presolve": "on", "start": "lp"}
[I 2026-10-01 16:51:18,670] Trial 9 finished with value: 0.2943218425164138 and parameters: {'start': 'lp', 'presolve': 'on', 'mip_heuristic_effort': 0.02946618193549785, 'eps_tie': 0.0}. Best is trial 8 with value: -0.1406400451340955.
[F1__milp__b3] trial 10: -0.13997 [-0.1132, -0.1514, -0.0653, -0.1696, -0.1506, -0.1726, -0.1395, -0.1575] {"eps_tie": 0.0, "mip_heuristic_effort": 0.41446703739629803, "presolve": "off", "start": "lp"}
[I 2026-10-01 16:56:38,831] Trial 10 finished with value: -0.13996663400399284 and parameters: {'start': 'lp', 'presolve': 'off', 'mip_heuristic_effort': 0.41446703739629803, 'eps_tie': 0.0}. Best is trial 8 with value: -0.1406400451340955.
[F1__milp__b3] trial 11: -0.14080 [-0.116, -0.1525, -0.0653, -0.1652, -0.1431, -0.1865, -0.1415, -0.1563] {"eps_tie": 0.0, "mip_heuristic_effort": 0.3864458389180624, "presolve": "off", "start": "lp"}
[I 2026-10-01 16:57:01,915] Trial 11 finished with value: -0.1407976491489199 and parameters: {'start': 'lp', 'presolve': 'off', 'mip_heuristic_effort': 0.3864458389180624, 'eps_tie': 0.0}. Best is trial 11 with value: -0.1407976491489199.
[F1__milp__b3] BEST t11 -0.14080 cfg={"eps_tie": 0.0, "mip_heuristic_effort": 0.3864458389180624, "presolve": "off", "start": "lp"}
[I 2026-10-01 16:57:01,953] A new study created in RDB with name: F1__sb__b3
[F1__sb__b3] trial 0: -0.13342 [-0.1106, -0.1478, -0.0613, -0.1581, -0.1347, -0.167, -0.1342, -0.1536] {"sb_agents": 32, "sb_alpha_floor": 0.19397546899179888, "sb_dt": 1.4232321618458184, "sb_eta": 0.0965605178058406, "sb_eta_mu": 4.719399631690194, "sb_heat": 0
[I 2026-10-01 16:57:47,892] Trial 0 finished with value: -0.13342176572795145 and parameters: {'start': 'lp', 'sb_agents': 32, 'sb_steps': 1432, 'sb_dt': 1.4232321618458184, 'sb_variant': 'ballistic', 'sb_heat': 0.0125536250820598, 'sb_xi': 0.07953090488826875, 'sb_warm': 0.10136029824871645, 'sb_eta_mu': 4.719399631690194, 'sb_alpha_floor': 0.19397546899179888, 'sb_tau_frac': 0.9386113363824448, 'sb_eta': 0.0965605178058406}. Best is trial 0 with value: -0.13342176572795145.
[F1__sb__b3] trial 1: -0.00042 [0.0, 0.0096, 0.0, -0.0127, 0.0, -0.0003, 0.0, 0.0] {"sb_agents": 64, "sb_alpha_floor": 0.017425859940308142, "sb_dt": 1.3593049010167038, "sb_eta": 2.3131814207377923, "sb_eta_mu": 0.0163345876110695, "sb_heat":
[I 2026-10-01 17:03:14,405] Trial 1 finished with value: -0.00041959653364390115 and parameters: {'start': 'pgreedy', 'sb_agents': 64, 'sb_steps': 250, 'sb_dt': 1.3593049010167038, 'sb_variant': 'ballistic', 'sb_heat': 0.060428515788450606, 'sb_xi': 0.5117279648784191, 'sb_warm': 0.8793168063780279, 'sb_eta_mu': 0.0163345876110695, 'sb_alpha_floor': 0.017425859940308142, 'sb_tau_frac': 0.9020218397440326, 'sb_eta': 2.3131814207377923}. Best is trial 0 with value: -0.13342176572795145.
[F1__sb__b3] trial 2: +0.00162 [0.0, 0.0113, -0.0007, 0.0, 0.0, 0.0, 0.0023, 0.0] {"sb_agents": 8, "sb_alpha_floor": 0.1136867897737297, "sb_dt": 1.031897327725781, "sb_eta": 0.8594903371659688, "sb_eta_mu": 0.23358825194833557, "sb_heat": 0.
[I 2026-10-01 17:03:53,864] Trial 2 finished with value: 0.0016182946577816826 and parameters: {'start': 'pgreedy', 'sb_agents': 8, 'sb_steps': 77, 'sb_dt': 1.031897327725781, 'sb_variant': 'discrete', 'sb_heat': 0.040973773756855375, 'sb_xi': 0.14770319740236926, 'sb_warm': 0.7355220049625057, 'sb_eta_mu': 0.23358825194833557, 'sb_alpha_floor': 0.1136867897737297, 'sb_tau_frac': 0.9018789800436355, 'sb_eta': 0.8594903371659688}. Best is trial 0 with value: -0.13342176572795145.
[F1__sb__b3] trial 3: -0.00084 [0.0, 0.0008, 0.0, 0.0, 0.0, -0.0013, -0.0062, 0.0] {"sb_agents": 8, "sb_alpha_floor": 0.08772030269246407, "sb_dt": 0.2782931131180508, "sb_eta": 0.07999440746315747, "sb_eta_mu": 0.513558960650023, "sb_heat": 0
[I 2026-10-01 17:04:42,409] Trial 3 finished with value: -0.0008423106424844812 and parameters: {'start': 'pgreedy', 'sb_agents': 8, 'sb_steps': 654, 'sb_dt': 0.2782931131180508, 'sb_variant': 'discrete', 'sb_heat': 0.015503857733727292, 'sb_xi': 0.18190696204307705, 'sb_warm': 0.3455252323954915, 'sb_eta_mu': 0.513558960650023, 'sb_alpha_floor': 0.08772030269246407, 'sb_tau_frac': 0.9988373838059226, 'sb_eta': 0.07999440746315747}. Best is trial 0 with value: -0.13342176572795145.
[F1__sb__b3] trial 4: -0.13371 [-0.1093, -0.1466, -0.0619, -0.1587, -0.1358, -0.1697, -0.1342, -0.1536] {"sb_agents": 32, "sb_alpha_floor": 0.14788120216290157, "sb_dt": 1.0142779372363275, "sb_eta": 0.9416063374779005, "sb_eta_mu": 6.719994515642705, "sb_heat": 0
[I 2026-10-01 17:16:48,146] Trial 4 finished with value: -0.13371220002235767 and parameters: {'start': 'lp', 'sb_agents': 32, 'sb_steps': 414, 'sb_dt': 1.0142779372363275, 'sb_variant': 'ballistic', 'sb_heat': 0.05067891126906621, 'sb_xi': 0.21687872938457173, 'sb_warm': 0.24329656153260945, 'sb_eta_mu': 6.719994515642705, 'sb_alpha_floor': 0.14788120216290157, 'sb_tau_frac': 0.951494525653459, 'sb_eta': 0.9416063374779005}. Best is trial 4 with value: -0.13371220002235767.
[F1__sb__b3] trial 5: -0.13426 [-0.1144, -0.1502, -0.0637, -0.1581, -0.1347, -0.1652, -0.1342, -0.1536] {"sb_agents": 32, "sb_alpha_floor": 0.08251887365127113, "sb_dt": 1.2492031628525258, "sb_eta": 0.5053090215444561, "sb_eta_mu": 0.44670887132732795, "sb_heat":
[I 2026-10-01 17:17:23,676] Trial 5 finished with value: -0.13426419526178812 and parameters: {'start': 'lp', 'sb_agents': 32, 'sb_steps': 450, 'sb_dt': 1.2492031628525258, 'sb_variant': 'ballistic', 'sb_heat': 0.09764361404518028, 'sb_xi': 0.0761632724913781, 'sb_warm': 0.6957095545119003, 'sb_eta_mu': 0.44670887132732795, 'sb_alpha_floor': 0.08251887365127113, 'sb_tau_frac': 0.9539729822516326, 'sb_eta': 0.5053090215444561}. Best is trial 5 with value: -0.13426419526178812.
[F1__sb__b3] trial 6: -0.13275 [-0.1097, -0.1417, -0.0644, -0.1581, -0.1347, -0.1684, -0.1342, -0.1508] {"sb_agents": 32, "sb_alpha_floor": 0.010277613280485376, "sb_dt": 1.3610825686445462, "sb_eta": 0.3726408156361957, "sb_eta_mu": 0.09497492375156134, "sb_heat"
[I 2026-10-01 17:18:09,371] Trial 6 finished with value: -0.13274681553107942 and parameters: {'start': 'lp', 'sb_agents': 32, 'sb_steps': 1559, 'sb_dt': 1.3610825686445462, 'sb_variant': 'ballistic', 'sb_heat': 0.2260537422899784, 'sb_xi': 0.1649024644234928, 'sb_warm': 0.2122007891204064, 'sb_eta_mu': 0.09497492375156134, 'sb_alpha_floor': 0.010277613280485376, 'sb_tau_frac': 0.9779217219938638, 'sb_eta': 0.3726408156361957}. Best is trial 5 with value: -0.13426419526178812.
[F1__sb__b3] trial 7: -0.13454 [-0.1075, -0.1515, -0.0604, -0.1617, -0.1377, -0.1692, -0.1343, -0.1541] {"sb_agents": 32, "sb_alpha_floor": 0.10495505384946222, "sb_dt": 0.2160066056566079, "sb_eta": 1.2217235389541414, "sb_eta_mu": 0.1904447617876336, "sb_heat": 
[I 2026-10-01 17:18:39,104] Trial 7 finished with value: -0.1345432928656642 and parameters: {'start': 'lp', 'sb_agents': 32, 'sb_steps': 507, 'sb_dt': 0.2160066056566079, 'sb_variant': 'ballistic', 'sb_heat': 0.02663989797176289, 'sb_xi': 0.0787719113682172, 'sb_warm': 0.7669725518987822, 'sb_eta_mu': 0.1904447617876336, 'sb_alpha_floor': 0.10495505384946222, 'sb_tau_frac': 0.942607649775167, 'sb_eta': 1.2217235389541414}. Best is trial 7 with value: -0.1345432928656642.
[F1__sb__b3] trial 8: -0.13380 [-0.1117, -0.1461, -0.0609, -0.1572, -0.137, -0.1697, -0.1343, -0.1536] {"sb_agents": 32, "sb_alpha_floor": 0.1520780094869143, "sb_dt": 0.9780940663730825, "sb_eta": 4.146720352817277, "sb_eta_mu": 0.0265801477904235, "sb_heat": 0.
[I 2026-10-01 17:19:11,311] Trial 8 finished with value: -0.13380333472256978 and parameters: {'start': 'lp', 'sb_agents': 32, 'sb_steps': 644, 'sb_dt': 0.9780940663730825, 'sb_variant': 'ballistic', 'sb_heat': 0.015212900372831396, 'sb_xi': 1.7945455492951257, 'sb_warm': 0.6133071978997868, 'sb_eta_mu': 0.0265801477904235, 'sb_alpha_floor': 0.1520780094869143, 'sb_tau_frac': 0.9347587259411718, 'sb_eta': 4.146720352817277}. Best is trial 7 with value: -0.1345432928656642.
[F1__sb__b3] trial 9: -0.13361 [-0.1112, -0.1451, -0.0637, -0.1581, -0.1367, -0.1663, -0.1342, -0.1536] {"sb_agents": 32, "sb_alpha_floor": 0.11851535463515264, "sb_dt": 0.41111377657853865, "sb_eta": 0.24862430084276013, "sb_eta_mu": 0.13644901880470514, "sb_heat
[I 2026-10-01 17:19:41,467] Trial 9 finished with value: -0.13360950482307343 and parameters: {'start': 'lp', 'sb_agents': 32, 'sb_steps': 1847, 'sb_dt': 0.41111377657853865, 'sb_variant': 'ballistic', 'sb_heat': 0.019211785607746258, 'sb_xi': 2.030895992201884, 'sb_warm': 0.35440412454419934, 'sb_eta_mu': 0.13644901880470514, 'sb_alpha_floor': 0.11851535463515264, 'sb_tau_frac': 0.947890720634899, 'sb_eta': 0.24862430084276013}. Best is trial 7 with value: -0.1345432928656642.
[F1__sb__b3] trial 10: +0.14051 [-0.1117, -0.1498, 1.0, -0.1581, -0.1347, -0.1684, 1.0, -0.1532] {"sb_agents": 32, "sb_alpha_floor": 0.1908208500640145, "sb_dt": 0.23082356718105304, "sb_eta": 0.521550401214697, "sb_eta_mu": 0.5057376644710746, "sb_heat": 0
[I 2026-10-01 17:25:16,791] Trial 10 finished with value: 0.14051302285763617 and parameters: {'start': 'lp', 'sb_agents': 32, 'sb_steps': 705, 'sb_dt': 0.23082356718105304, 'sb_variant': 'ballistic', 'sb_heat': 0.1496440355384449, 'sb_xi': 0.1565238147303939, 'sb_warm': 0.7171407470866559, 'sb_eta_mu': 0.5057376644710746, 'sb_alpha_floor': 0.1908208500640145, 'sb_tau_frac': 0.9241967093764256, 'sb_eta': 0.521550401214697}. Best is trial 7 with value: -0.1345432928656642.
[F1__sb__b3] trial 11: -0.13403 [-0.1145, -0.1487, -0.0609, -0.1581, -0.1347, -0.1687, -0.1332, -0.1535] {"sb_agents": 32, "sb_alpha_floor": 0.08522332310676776, "sb_dt": 1.0049728408727778, "sb_eta": 0.2378877059938165, "sb_eta_mu": 0.18740583854764623, "sb_heat":
[I 2026-10-01 17:26:04,071] Trial 11 finished with value: -0.13402967889540945 and parameters: {'start': 'lp', 'sb_agents': 32, 'sb_steps': 876, 'sb_dt': 1.0049728408727778, 'sb_variant': 'ballistic', 'sb_heat': 0.020611250598577505, 'sb_xi': 0.10563939657292454, 'sb_warm': 0.6573754621316215, 'sb_eta_mu': 0.18740583854764623, 'sb_alpha_floor': 0.08522332310676776, 'sb_tau_frac': 0.9312026109211035, 'sb_eta': 0.2378877059938165}. Best is trial 7 with value: -0.1345432928656642.
[F1__sb__b3] BEST t7 -0.13454 cfg={"sb_agents": 32, "sb_alpha_floor": 0.10495505384946222, "sb_dt": 0.2160066056566079, "sb_eta": 1.2217235389541414, "sb_eta_mu": 0.1904447617876336, "sb_heat": 0.02663989797176289, "sb_steps": 507, "sb_tau_frac": 0.942607649775167, "sb_variant": "ballistic", "sb_warm": 0.7669725518987822, "sb_xi": 0.0787719113682172, "start": "lp"}
[I 2026-10-01 17:26:04,109] A new study created in RDB with name: F1__cpsat__b3
[F1__cpsat__b3] trial 0: -0.11388 [-0.1152, -0.1496, -0.0746, -0.1615, -0.1411, -0.0742, -0.1355, -0.0592] {"cp_model_presolve": false, "linearization_level": 1, "repair_hint": false, "start": "lp"}
[I 2026-10-01 17:31:33,841] Trial 0 finished with value: -0.1138760194718394 and parameters: {'start': 'lp', 'linearization_level': 1, 'repair_hint': False, 'cp_model_presolve': False}. Best is trial 0 with value: -0.1138760194718394.
[F1__cpsat__b3] trial 1: -0.00262 [-0.0117, -0.0075, -0.0018, 0.0, 0.0, 0.0, 0.0, 0.0] {"cp_model_presolve": true, "linearization_level": 1, "repair_hint": false, "start": "pgreedy"}
[I 2026-10-01 17:32:09,495] Trial 1 finished with value: -0.0026172029996139323 and parameters: {'start': 'pgreedy', 'linearization_level': 1, 'repair_hint': False, 'cp_model_presolve': True}. Best is trial 0 with value: -0.1138760194718394.
[F1__cpsat__b3] trial 2: -0.06335 [-0.0712, -0.087, -0.0524, -0.0759, -0.0865, -0.0876, 0.012, -0.0582] {"cp_model_presolve": false, "linearization_level": 1, "repair_hint": false, "start": "pgreedy"}
[I 2026-10-01 17:32:34,739] Trial 2 finished with value: -0.0633484702767457 and parameters: {'start': 'pgreedy', 'linearization_level': 1, 'repair_hint': False, 'cp_model_presolve': False}. Best is trial 0 with value: -0.1138760194718394.
[F1__cpsat__b3] trial 3: -0.04169 [-0.0293, -0.0906, -0.0529, -0.0566, 0.0061, -0.0755, -0.0311, -0.0036] {"cp_model_presolve": false, "linearization_level": 0, "repair_hint": false, "start": "pgreedy"}
[I 2026-10-01 17:38:14,886] Trial 3 finished with value: -0.04169157345889228 and parameters: {'start': 'pgreedy', 'linearization_level': 0, 'repair_hint': False, 'cp_model_presolve': False}. Best is trial 0 with value: -0.1138760194718394.
[F1__cpsat__b3] trial 4: -0.12674 [-0.1161, -0.1511, -0.0746, -0.1601, -0.1407, -0.1772, -0.1354, -0.0587] {"cp_model_presolve": false, "linearization_level": 2, "repair_hint": false, "start": "lp"}
[I 2026-10-01 17:38:53,648] Trial 4 finished with value: -0.12674070829494105 and parameters: {'start': 'lp', 'linearization_level': 2, 'repair_hint': False, 'cp_model_presolve': False}. Best is trial 4 with value: -0.12674070829494105.
Check failed: heuristics.fixed_search != nullptr 
*** Check failure stack trace: ***
[F1__cpsat__b3] trial 5: +1.00000 [1.0, 1.0, 1.0, 1.0, 1.0, 1.0, 1.0, 1.0] {"cp_model_presolve": false, "linearization_level": 2, "repair_hint": true, "start": "lp"}
[I 2026-10-01 17:39:03,659] Trial 5 finished with value: 1.0 and parameters: {'start': 'lp', 'linearization_level': 2, 'repair_hint': True, 'cp_model_presolve': False}. Best is trial 4 with value: -0.12674070829494105.
[F1__cpsat__b3] trial 6: -0.12229 [-0.1146, -0.1488, -0.0613, -0.1581, -0.1347, -0.1701, -0.1342, -0.0564] {"cp_model_presolve": true, "linearization_level": 0, "repair_hint": false, "start": "lp"}
[I 2026-10-01 17:40:57,838] Trial 6 finished with value: -0.12228724970094529 and parameters: {'start': 'lp', 'linearization_level': 0, 'repair_hint': False, 'cp_model_presolve': True}. Best is trial 4 with value: -0.12674070829494105.
[F1__cpsat__b3] trial 7: -0.11443 [-0.1157, -0.1533, -0.0746, -0.1622, -0.1395, -0.076, -0.1368, -0.0574] {"cp_model_presolve": false, "linearization_level": 2, "repair_hint": false, "start": "lp"}
[I 2026-10-01 17:41:20,959] Trial 7 finished with value: -0.11443182119095174 and parameters: {'start': 'lp', 'linearization_level': 2, 'repair_hint': False, 'cp_model_presolve': False}. Best is trial 4 with value: -0.12674070829494105.
[F1__cpsat__b3] trial 8: -0.12669 [-0.1183, -0.152, -0.0746, -0.1605, -0.1403, -0.1775, -0.1319, -0.0584] {"cp_model_presolve": false, "linearization_level": 0, "repair_hint": false, "start": "lp"}
[I 2026-10-01 17:41:44,126] Trial 8 finished with value: -0.1266887545359134 and parameters: {'start': 'lp', 'linearization_level': 0, 'repair_hint': False, 'cp_model_presolve': False}. Best is trial 4 with value: -0.12674070829494105.
Check failed: heuristics.fixed_search != nullptr 
*** Check failure stack trace: ***
[F1__cpsat__b3] trial 9: +1.00000 [1.0, 1.0, 1.0, 1.0, 1.0, 1.0, 1.0, 1.0] {"cp_model_presolve": true, "linearization_level": 1, "repair_hint": true, "start": "lp"}
[I 2026-10-01 17:46:46,183] Trial 9 finished with value: 1.0 and parameters: {'start': 'lp', 'linearization_level': 1, 'repair_hint': True, 'cp_model_presolve': True}. Best is trial 4 with value: -0.12674070829494105.
[F1__cpsat__b3] trial 10: -0.05091 [-0.0269, -0.0502, -0.0533, -0.0637, -0.0128, -0.0915, -0.0412, -0.0676] {"cp_model_presolve": false, "linearization_level": 2, "repair_hint": false, "start": "pgreedy"}
[I 2026-10-01 17:47:12,814] Trial 10 finished with value: -0.05090819137040421 and parameters: {'start': 'pgreedy', 'linearization_level': 2, 'repair_hint': False, 'cp_model_presolve': False}. Best is trial 4 with value: -0.12674070829494105.
[F1__cpsat__b3] trial 11: -0.11419 [-0.1155, -0.1515, -0.0746, -0.1618, -0.14, -0.0758, -0.136, -0.0583] {"cp_model_presolve": false, "linearization_level": 0, "repair_hint": false, "start": "lp"}
[I 2026-10-01 17:50:13,039] Trial 11 finished with value: -0.11418714036222517 and parameters: {'start': 'lp', 'linearization_level': 0, 'repair_hint': False, 'cp_model_presolve': False}. Best is trial 4 with value: -0.12674070829494105.
[F1__cpsat__b3] BEST t4 -0.12674 cfg={"cp_model_presolve": false, "linearization_level": 2, "repair_hint": false, "start": "lp"}
[I 2026-10-01 17:50:13,095] A new study created in RDB with name: F1__mq__b3
[F1__mq__b3] trial 0: -0.13869 [-0.116, -0.1502, -0.0646, -0.1635, -0.1427, -0.1772, -0.1374, -0.158] {"mq_dt": 0.06526542706084622, "mq_iters": 910, "mq_ksamp": 7, "mq_nmax": 514, "mq_pen": 0.001344312143528808, "mq_q": 2, "mq_reads": 16, "mq_solver": "mq_dsb",
[I 2026-10-01 17:55:37,582] Trial 0 finished with value: -0.13869473595838858 and parameters: {'start': 'lp', 'mq_solver': 'mq_dsb', 'mq_nmax': 514, 'mq_reads': 16, 'mq_iters': 910, 'mq_dt': 0.06526542706084622, 'mq_xi': 0.15316981598941554, 'mq_pen': 0.001344312143528808, 'mq_q': 2, 'mq_ksamp': 7}. Best is trial 0 with value: -0.13869473595838858.
[F1__mq__b3] trial 1: -0.01450 [-0.0135, -0.038, -0.0067, -0.0249, 0.0085, -0.0392, -0.0148, 0.0126] {"mq_dt": 0.302142578942253, "mq_iters": 926, "mq_ksamp": 1, "mq_nmax": 574, "mq_pen": 0.5981221901152552, "mq_q": 2, "mq_reads": 16, "mq_solver": "mq_bsb", "mq
[I 2026-10-01 17:56:07,791] Trial 1 finished with value: -0.014497385239021887 and parameters: {'start': 'pgreedy', 'mq_solver': 'mq_bsb', 'mq_nmax': 574, 'mq_reads': 16, 'mq_iters': 926, 'mq_dt': 0.302142578942253, 'mq_xi': 0.5117279648784191, 'mq_pen': 0.5981221901152552, 'mq_q': 2, 'mq_ksamp': 1}. Best is trial 0 with value: -0.13869473595838858.
[F1__mq__b3] trial 2: -0.04439 [-0.0104, -0.051, -0.0247, -0.0713, -0.0332, -0.0722, -0.0407, -0.0517] {"mq_dt": 1.2426835241724947, "mq_iters": 84, "mq_ksamp": 7, "mq_nmax": 870, "mq_pen": 0.017538232373118037, "mq_q": 3, "mq_reads": 8, "mq_solver": "mq_cac", "m
[I 2026-10-01 17:56:35,317] Trial 2 finished with value: -0.0443868760707619 and parameters: {'start': 'pgreedy', 'mq_solver': 'mq_cac', 'mq_nmax': 870, 'mq_reads': 8, 'mq_iters': 84, 'mq_dt': 1.2426835241724947, 'mq_xi': 0.4235407976345083, 'mq_pen': 0.017538232373118037, 'mq_q': 3, 'mq_ksamp': 7}. Best is trial 0 with value: -0.13869473595838858.
[F1__mq__b3] trial 3: -0.02961 [-0.0188, -0.0346, -0.0209, -0.0343, -0.0179, -0.0455, -0.0334, -0.0316] {"mq_dt": 0.06136635506422015, "mq_iters": 654, "mq_ksamp": 2, "mq_nmax": 531, "mq_pen": 0.10278118224157008, "mq_q": 3, "mq_reads": 4, "mq_solver": "mq_dsb", "
[I 2026-10-01 18:01:59,428] Trial 3 finished with value: -0.029606785356021084 and parameters: {'start': 'pgreedy', 'mq_solver': 'mq_dsb', 'mq_nmax': 531, 'mq_reads': 4, 'mq_iters': 654, 'mq_dt': 0.06136635506422015, 'mq_xi': 0.7666234032273203, 'mq_pen': 0.10278118224157008, 'mq_q': 3, 'mq_ksamp': 2}. Best is trial 0 with value: -0.13869473595838858.
[F1__mq__b3] trial 4: -0.13643 [-0.1112, -0.15, -0.0658, -0.1599, -0.1394, -0.174, -0.1344, -0.1568] {"mq_dt": 0.28855868921618233, "mq_iters": 180, "mq_ksamp": 6, "mq_nmax": 1221, "mq_pen": 0.08090627131445798, "mq_q": 27, "mq_reads": 16, "mq_solver": "mq_dsb"
[I 2026-10-01 18:02:26,954] Trial 4 finished with value: -0.13642869936980423 and parameters: {'start': 'lp', 'mq_solver': 'mq_dsb', 'mq_nmax': 1221, 'mq_reads': 16, 'mq_iters': 180, 'mq_dt': 0.28855868921618233, 'mq_xi': 0.30491112001620335, 'mq_pen': 0.08090627131445798, 'mq_q': 27, 'mq_ksamp': 6}. Best is trial 0 with value: -0.13869473595838858.
[F1__mq__b3] trial 5: -0.13859 [-0.1164, -0.1535, -0.0647, -0.1618, -0.1414, -0.1752, -0.137, -0.1587] {"mq_dt": 0.8838135795898041, "mq_iters": 588, "mq_ksamp": 1, "mq_nmax": 479, "mq_pen": 0.005108724425085228, "mq_q": 2, "mq_reads": 16, "mq_solver": "mq_dsb", 
[I 2026-10-01 18:02:52,978] Trial 5 finished with value: -0.13859081940014206 and parameters: {'start': 'lp', 'mq_solver': 'mq_dsb', 'mq_nmax': 479, 'mq_reads': 16, 'mq_iters': 588, 'mq_dt': 0.8838135795898041, 'mq_xi': 0.12912784119984957, 'mq_pen': 0.005108724425085228, 'mq_q': 2, 'mq_ksamp': 1}. Best is trial 0 with value: -0.13869473595838858.
[F1__mq__b3] trial 6: -0.14327 [-0.1155, -0.1515, -0.0736, -0.1707, -0.1479, -0.1806, -0.1423, -0.164] {"mq_dt": 0.07731178508750013, "mq_iters": 110, "mq_ksamp": 5, "mq_nmax": 206, "mq_pen": 0.33210054400944794, "mq_q": 6, "mq_reads": 16, "mq_solver": "mq_dsb", 
[I 2026-10-01 18:08:17,165] Trial 6 finished with value: -0.1432749965879923 and parameters: {'start': 'lp', 'mq_solver': 'mq_dsb', 'mq_nmax': 206, 'mq_reads': 16, 'mq_iters': 110, 'mq_dt': 0.07731178508750013, 'mq_xi': 0.09368260215934496, 'mq_pen': 0.33210054400944794, 'mq_q': 6, 'mq_ksamp': 5}. Best is trial 6 with value: -0.1432749965879923.
[F1__mq__b3] trial 7: -0.13616 [-0.1096, -0.1531, -0.0614, -0.1607, -0.1404, -0.1732, -0.1357, -0.1553] {"mq_dt": 1.1165671390448455, "mq_iters": 114, "mq_ksamp": 3, "mq_nmax": 223, "mq_pen": 0.0010783221977659573, "mq_q": 20, "mq_reads": 16, "mq_solver": "mq_dsb"
[I 2026-10-01 18:08:46,342] Trial 7 finished with value: -0.1361602525324037 and parameters: {'start': 'lp', 'mq_solver': 'mq_dsb', 'mq_nmax': 223, 'mq_reads': 16, 'mq_iters': 114, 'mq_dt': 1.1165671390448455, 'mq_xi': 2.6184688902200404, 'mq_pen': 0.0010783221977659573, 'mq_q': 20, 'mq_ksamp': 3}. Best is trial 6 with value: -0.1432749965879923.
[F1__mq__b3] trial 8: -0.13606 [-0.1138, -0.1454, -0.064, -0.1603, -0.1391, -0.1733, -0.1361, -0.1565] {"mq_dt": 0.70587276328598, "mq_iters": 1371, "mq_ksamp": 4, "mq_nmax": 401, "mq_pen": 0.7604885028043954, "mq_q": 4, "mq_reads": 16, "mq_solver": "mq_dsb", "mq
[I 2026-10-01 18:09:18,896] Trial 8 finished with value: -0.13605810571787189 and parameters: {'start': 'lp', 'mq_solver': 'mq_dsb', 'mq_nmax': 401, 'mq_reads': 16, 'mq_iters': 1371, 'mq_dt': 0.70587276328598, 'mq_xi': 0.14447614089668842, 'mq_pen': 0.7604885028043954, 'mq_q': 4, 'mq_ksamp': 4}. Best is trial 6 with value: -0.1432749965879923.
[F1__mq__b3] trial 9: -0.13736 [-0.1136, -0.1475, -0.0644, -0.1624, -0.1422, -0.1755, -0.1368, -0.1567] {"mq_dt": 0.06875599053315165, "mq_iters": 378, "mq_ksamp": 7, "mq_nmax": 334, "mq_pen": 0.06688116513645023, "mq_q": 32, "mq_reads": 16, "mq_solver": "mq_dsb",
[I 2026-10-01 18:14:43,713] Trial 9 finished with value: -0.13736245973958439 and parameters: {'start': 'lp', 'mq_solver': 'mq_dsb', 'mq_nmax': 334, 'mq_reads': 16, 'mq_iters': 378, 'mq_dt': 0.06875599053315165, 'mq_xi': 0.05801355946277158, 'mq_pen': 0.06688116513645023, 'mq_q': 32, 'mq_ksamp': 7}. Best is trial 6 with value: -0.1432749965879923.
[F1__mq__b3] trial 10: -0.14328 [-0.1168, -0.1535, -0.0709, -0.167, -0.1465, -0.1807, -0.1444, -0.1664] {"mq_dt": 0.5678576096917989, "mq_iters": 95, "mq_ksamp": 3, "mq_nmax": 674, "mq_pen": 0.06808668718516545, "mq_q": 4, "mq_reads": 16, "mq_solver": "mq_dsb", "m
[I 2026-10-01 18:15:10,986] Trial 10 finished with value: -0.14327554550332453 and parameters: {'start': 'lp', 'mq_solver': 'mq_dsb', 'mq_nmax': 674, 'mq_reads': 16, 'mq_iters': 95, 'mq_dt': 0.5678576096917989, 'mq_xi': 0.9716188220191095, 'mq_pen': 0.06808668718516545, 'mq_q': 4, 'mq_ksamp': 3}. Best is trial 10 with value: -0.14327554550332453.
[F1__mq__b3] trial 11: -0.14749 [-0.1131, -0.1568, -0.0746, -0.174, -0.1559, -0.187, -0.1485, -0.1699] {"mq_dt": 0.43931700667480106, "mq_iters": 50, "mq_ksamp": 6, "mq_nmax": 253, "mq_pen": 0.10984151369889907, "mq_q": 5, "mq_reads": 16, "mq_solver": "mq_dsb", "
[I 2026-10-01 18:19:10,546] Trial 11 finished with value: -0.14749182396209404 and parameters: {'start': 'lp', 'mq_solver': 'mq_dsb', 'mq_nmax': 253, 'mq_reads': 16, 'mq_iters': 50, 'mq_dt': 0.43931700667480106, 'mq_xi': 0.17046763810025106, 'mq_pen': 0.10984151369889907, 'mq_q': 5, 'mq_ksamp': 6}. Best is trial 11 with value: -0.14749182396209404.
[F1__mq__b3] BEST t11 -0.14749 cfg={"mq_dt": 0.43931700667480106, "mq_iters": 50, "mq_ksamp": 6, "mq_nmax": 253, "mq_pen": 0.10984151369889907, "mq_q": 5, "mq_reads": 16, "mq_solver": "mq_dsb", "mq_xi": 0.17046763810025106, "start": "lp"}
[I 2026-10-01 18:19:10,572] A new study created in RDB with name: F1__ls__b3
[F1__ls__b3] trial 0: -0.14632 [-0.1176, -0.1538, -0.0707, -0.1686, -0.1559, -0.1868, -0.1487, -0.1686] {"g_scale": 138.69861245357328, "ls_T0": 0.0025766385746135885, "ls_T1": 3.895706556508577e-06, "ls_chains": 16, "ls_moves": 23860, "ls_restart_every": 0, "p_ad
[I 2026-10-01 18:24:35,629] Trial 0 finished with value: -0.14632243652115917 and parameters: {'start': 'pgreedy', 'ls_T0': 0.0025766385746135885, 'ls_T1_ratio': 0.0015119336467641006, 'ls_moves': 23860, 'p_add': 0.32294705653332806, 'p_swap': 0.38687290659310525, 'topw': 43, 'ls_restart_every': 0, 'ls_chains': 16, 'g_scale': 138.69861245357328}. Best is trial 0 with value: -0.14632243652115917.
[F1__ls__b3] trial 1: -0.14665 [-0.1174, -0.1537, -0.0746, -0.1677, -0.1566, -0.1859, -0.1501, -0.1672] {"g_scale": 138.69861245357328, "ls_T0": 0.0025766385746135885, "ls_T1": 3.895706556508577e-06, "ls_chains": 16, "ls_moves": 23860, "ls_restart_every": 0, "p_ad
[I 2026-10-01 18:25:05,694] Trial 1 finished with value: -0.14665166898108786 and parameters: {'start': 'pgreedy', 'ls_T0': 0.0025766385746135885, 'ls_T1_ratio': 0.0015119336467641006, 'ls_moves': 23860, 'p_add': 0.32294705653332806, 'p_swap': 0.38687290659310525, 'topw': 43, 'ls_restart_every': 0, 'ls_chains': 16, 'g_scale': 138.69861245357328}. Best is trial 1 with value: -0.14665166898108786.
[F1__ls__b3] trial 2: -0.14556 [-0.1185, -0.1545, -0.0746, -0.1736, -0.1478, -0.1836, -0.1445, -0.1674] {"g_scale": 675.031252159593, "ls_T0": 0.021403233140986057, "ls_T1": 0.0002773999548118371, "ls_chains": 8, "ls_moves": 123816, "ls_restart_every": 0, "p_add":
[I 2026-10-01 18:25:34,368] Trial 2 finished with value: -0.14555797472370607 and parameters: {'start': 'lp', 'ls_T0': 0.021403233140986057, 'ls_T1_ratio': 0.01296065659727973, 'ls_moves': 123816, 'p_add': 0.489309171116382, 'p_swap': 0.4083333085150997, 'topw': 9, 'ls_restart_every': 0, 'ls_chains': 8, 'g_scale': 675.031252159593}. Best is trial 1 with value: -0.14665166898108786.
[F1__ls__b3] trial 3: -0.14414 [-0.1181, -0.1516, -0.0746, -0.1674, -0.1504, -0.183, -0.1438, -0.1643] {"g_scale": 2155.4275565447515, "ls_T0": 0.0006677306766018312, "ls_T1": 1.2541143128078558e-06, "ls_chains": 8, "ls_moves": 5358, "ls_restart_every": 0, "p_add
[I 2026-10-01 18:30:59,812] Trial 3 finished with value: -0.14414110121242565 and parameters: {'start': 'pgreedy', 'ls_T0': 0.0006677306766018312, 'ls_T1_ratio': 0.001878173875716191, 'ls_moves': 5358, 'p_add': 0.30881774853793853, 'p_swap': 0.47004576906097556, 'topw': 15, 'ls_restart_every': 0, 'ls_chains': 8, 'g_scale': 2155.4275565447515}. Best is trial 1 with value: -0.14665166898108786.
[F1__ls__b3] trial 4: -0.14059 [-0.1169, -0.1527, -0.0746, -0.1644, -0.1468, -0.1781, -0.1386, -0.1526] {"g_scale": 2259.0697610261573, "ls_T0": 1.2872257056101646e-05, "ls_T1": 7.047580528193202e-10, "ls_chains": 16, "ls_moves": 80064, "ls_restart_every": 0, "p_a
[I 2026-10-01 18:31:26,942] Trial 4 finished with value: -0.14058938721404693 and parameters: {'start': 'pgreedy', 'ls_T0': 1.2872257056101646e-05, 'ls_T1_ratio': 5.475015374131719e-05, 'ls_moves': 80064, 'p_add': 0.04008345183394285, 'p_swap': 0.8926433576732034, 'topw': 5, 'ls_restart_every': 0, 'ls_chains': 16, 'g_scale': 2259.0697610261573}. Best is trial 1 with value: -0.14665166898108786.
[F1__ls__b3] trial 5: -0.14316 [-0.1168, -0.1516, -0.0709, -0.1641, -0.1538, -0.1812, -0.1433, -0.1637] {"g_scale": 136.2213067642332, "ls_T0": 8.247314425284781e-05, "ls_T1": 5.184484366842915e-07, "ls_chains": 16, "ls_moves": 20240, "ls_restart_every": 2, "p_add
[I 2026-10-01 18:31:53,405] Trial 5 finished with value: -0.14316111269404003 and parameters: {'start': 'pgreedy', 'ls_T0': 8.247314425284781e-05, 'ls_T1_ratio': 0.006286269807961024, 'ls_moves': 20240, 'p_add': 0.19363749357962998, 'p_swap': 0.22159962229443791, 'topw': 2, 'ls_restart_every': 2, 'ls_chains': 16, 'g_scale': 136.2213067642332}. Best is trial 1 with value: -0.14665166898108786.
[F1__ls__b3] trial 6: -0.13202 [-0.1146, -0.1388, -0.0736, -0.1518, -0.1337, -0.1695, -0.127, -0.1471] {"g_scale": 3527.8566458743753, "ls_T0": 0.001527879374034651, "ls_T1": 2.2128270186119223e-08, "ls_chains": 16, "ls_moves": 114209, "ls_restart_every": 5, "p_a
[I 2026-10-01 18:37:19,285] Trial 6 finished with value: -0.13202016585146653 and parameters: {'start': 'pgreedy', 'ls_T0': 0.001527879374034651, 'ls_T1_ratio': 1.4482995557224776e-05, 'ls_moves': 114209, 'p_add': 0.34725655190733984, 'p_swap': 0.5621911436769405, 'topw': 60, 'ls_restart_every': 5, 'ls_chains': 16, 'g_scale': 3527.8566458743753}. Best is trial 1 with value: -0.14665166898108786.
[F1__ls__b3] trial 7: -0.14152 [-0.1152, -0.1486, -0.0746, -0.1598, -0.1525, -0.181, -0.14, -0.1604] {"g_scale": 319.91445572295964, "ls_T0": 1.1431492700606369e-05, "ls_T1": 2.4448136133594946e-07, "ls_chains": 16, "ls_moves": 170573, "ls_restart_every": 0, "p
[I 2026-10-01 18:37:51,873] Trial 7 finished with value: -0.14152407238600678 and parameters: {'start': 'pgreedy', 'ls_T0': 1.1431492700606369e-05, 'ls_T1_ratio': 0.02138665244679562, 'ls_moves': 170573, 'p_add': 0.11599746486861762, 'p_swap': 0.7878483273206911, 'topw': 58, 'ls_restart_every': 0, 'ls_chains': 16, 'g_scale': 319.91445572295964}. Best is trial 1 with value: -0.14665166898108786.
[F1__ls__b3] trial 8: -0.05954 [-0.0534, -0.0851, -0.0512, -0.0863, -0.0349, -0.0709, -0.0342, -0.0604] {"g_scale": 2532.993462555905, "ls_T0": 0.08430253181441454, "ls_T1": 0.0008883310385172521, "ls_chains": 16, "ls_moves": 20938, "ls_restart_every": 0, "p_add":
[I 2026-10-01 18:38:28,957] Trial 8 finished with value: -0.059537627267255255 and parameters: {'start': 'pgreedy', 'ls_T0': 0.08430253181441454, 'ls_T1_ratio': 0.0105374182648849, 'ls_moves': 20938, 'p_add': 0.209518230832611, 'p_swap': 0.22872741568987845, 'topw': 2, 'ls_restart_every': 0, 'ls_chains': 16, 'g_scale': 2532.993462555905}. Best is trial 1 with value: -0.14665166898108786.
[F1__ls__b3] trial 9: -0.07072 [-0.0646, -0.0938, -0.0587, -0.1073, -0.0453, -0.0962, -0.042, -0.058] {"g_scale": 2292.302842503798, "ls_T0": 0.004154496354981893, "ls_T1": 0.00014351050297818863, "ls_chains": 16, "ls_moves": 47865, "ls_restart_every": 0, "p_add
[I 2026-10-01 18:43:54,509] Trial 9 finished with value: -0.07071878877882515 and parameters: {'start': 'pgreedy', 'ls_T0': 0.004154496354981893, 'ls_T1_ratio': 0.034543417713219796, 'ls_moves': 47865, 'p_add': 0.02997751103433921, 'p_swap': 0.7294320857033499, 'topw': 56, 'ls_restart_every': 0, 'ls_chains': 16, 'g_scale': 2292.302842503798}. Best is trial 1 with value: -0.14665166898108786.
[F1__ls__b3] trial 10: -0.13724 [-0.1153, -0.1461, -0.0746, -0.1567, -0.1452, -0.1717, -0.1321, -0.1562] {"g_scale": 734.29005681762, "ls_T0": 2.2156816383562903e-05, "ls_T1": 6.989305531620488e-10, "ls_chains": 16, "ls_moves": 64777, "ls_restart_every": 0, "p_add"
[I 2026-10-01 18:44:22,012] Trial 10 finished with value: -0.13724496661633862 and parameters: {'start': 'pgreedy', 'ls_T0': 2.2156816383562903e-05, 'ls_T1_ratio': 3.1544719289209454e-05, 'ls_moves': 64777, 'p_add': 0.4394598142207857, 'p_swap': 0.2919712291506253, 'topw': 64, 'ls_restart_every': 0, 'ls_chains': 16, 'g_scale': 734.29005681762}. Best is trial 1 with value: -0.14665166898108786.
[F1__ls__b3] trial 11: -0.13337 [-0.1125, -0.1466, -0.0744, -0.151, -0.1358, -0.1686, -0.1317, -0.1464] {"g_scale": 192.48795440722327, "ls_T0": 0.023752386100816564, "ls_T1": 1.0002291206609414e-05, "ls_chains": 16, "ls_moves": 45753, "ls_restart_every": 0, "p_ad
[I 2026-10-01 18:44:55,792] Trial 11 finished with value: -0.13336728594725086 and parameters: {'start': 'pgreedy', 'ls_T0': 0.023752386100816564, 'ls_T1_ratio': 0.0004211067959300962, 'ls_moves': 45753, 'p_add': 0.21966870647219106, 'p_swap': 0.39357474155038835, 'topw': 39, 'ls_restart_every': 0, 'ls_chains': 16, 'g_scale': 192.48795440722327}. Best is trial 1 with value: -0.14665166898108786.
[F1__ls__b3] BEST t1 -0.14665 cfg={"g_scale": 138.69861245357328, "ls_T0": 0.0025766385746135885, "ls_T1": 3.895706556508577e-06, "ls_chains": 16, "ls_moves": 23860, "ls_restart_every": 0, "p_add": 0.32294705653332806, "p_swap": 0.38687290659310525, "start": "pgreedy", "topw": 43}
