[I 2026-10-01 18:44:56,209] A new study created in RDB with name: F1__pt__b10
[F1__pt__b10] trial 0: -0.15341 [-0.1211, -0.1585, -0.0746, -0.1829, -0.164, -0.1923, -0.158, -0.1758] {"eim_R": 16, "eim_Tmax": 7.3329031629428645e-06, "eim_Tmin": 1.1006348269620852e-06, "eim_anneal": 0.9462286962175356, "eim_hscale": 1.8587633596816164, "eim_m
[I 2026-10-01 18:51:16,935] Trial 0 finished with value: -0.1534092427952018 and parameters: {'start': 'lp', 'eim_R': 16, 'eim_Tmin': 1.1006348269620852e-06, 'eim_Tratio': 6.662430611234392, 'eim_moves': 18358, 'p_add': 0.22230587257383633, 'p_swap': 0.46272105013386755, 'topw': 20, 'eim_rho': 3.506794739778118, 'eim_hscale': 1.8587633596816164, 'eim_anneal': 0.9462286962175356, 'g_scale': 774.8399988560119}. Best is trial 0 with value: -0.1534092427952018.
[F1__pt__b10] trial 1: -0.11871 [-0.0998, -0.1314, -0.0693, -0.146, -0.1084, -0.1537, -0.1126, -0.1284] {"eim_R": 64, "eim_Tmax": 0.022388264096178515, "eim_Tmin": 5.6279320474151646e-06, "eim_anneal": 0.07032569761590807, "eim_hscale": 59.812219011525556, "eim_mo
[I 2026-10-01 18:53:41,163] Trial 1 finished with value: -0.11870557198246073 and parameters: {'start': 'pgreedy', 'eim_R': 64, 'eim_Tmin': 5.6279320474151646e-06, 'eim_Tratio': 3978.0622629338873, 'eim_moves': 174910, 'p_add': 0.19172075941288885, 'p_swap': 0.6420036530145916, 'topw': 11, 'eim_rho': 18.71450068624066, 'eim_hscale': 59.812219011525556, 'eim_anneal': 0.07032569761590807, 'g_scale': 149.36835544198456}. Best is trial 0 with value: -0.1534092427952018.
[F1__pt__b10] trial 2: -0.14114 [-0.1187, -0.151, -0.0746, -0.1653, -0.1449, -0.1778, -0.1401, -0.1566] {"eim_R": 32, "eim_Tmax": 0.01081686613933192, "eim_Tmin": 7.013219779945795e-06, "eim_anneal": 0.2619100559835807, "eim_hscale": 1.7538232373118046, "eim_moves
[I 2026-10-01 19:01:24,878] Trial 2 finished with value: -0.14113579184463598 and parameters: {'start': 'pgreedy', 'eim_R': 32, 'eim_Tmin': 7.013219779945795e-06, 'eim_Tratio': 1542.3537945099908, 'eim_moves': 7734, 'p_add': 0.3199605106637619, 'p_swap': 0.2616475745120573, 'topw': 52, 'eim_rho': 12.229065947034353, 'eim_hscale': 1.7538232373118046, 'eim_anneal': 0.2619100559835807, 'g_scale': 3535.6346291488144}. Best is trial 0 with value: -0.1534092427952018.
[F1__pt__b10] trial 3: -0.09459 [-0.0884, -0.1185, -0.0563, -0.1187, -0.0876, -0.1197, -0.0751, -0.0925] {"eim_R": 16, "eim_Tmax": 0.3963283547730436, "eim_Tmin": 0.0005956516018710562, "eim_anneal": 0.2082787354631025, "eim_hscale": 10.278118224157009, "eim_moves"
[I 2026-10-01 19:07:46,059] Trial 3 finished with value: -0.09459289229483744 and parameters: {'start': 'pgreedy', 'eim_R': 16, 'eim_Tmin': 0.0005956516018710562, 'eim_Tratio': 665.369409782665, 'eim_moves': 18832, 'p_add': 0.21851597689967073, 'p_swap': 0.5707798346517168, 'topw': 2, 'eim_rho': 46.458679515124714, 'eim_hscale': 10.278118224157009, 'eim_anneal': 0.2082787354631025, 'g_scale': 181.07254066631089}. Best is trial 0 with value: -0.1534092427952018.
[F1__pt__b10] trial 4: -0.14925 [-0.1197, -0.157, -0.0746, -0.1763, -0.1587, -0.1863, -0.1509, -0.1706] {"eim_R": 16, "eim_Tmax": 6.840342246366934e-06, "eim_Tmin": 3.2202378453311506e-07, "eim_anneal": 0.5962767279261619, "eim_hscale": 99.13773847646657, "eim_mov
[I 2026-10-01 19:09:40,036] Trial 4 finished with value: -0.14925232372715014 and parameters: {'start': 'lp', 'eim_R': 16, 'eim_Tmin': 3.2202378453311506e-07, 'eim_Tratio': 21.2417298811775, 'eim_moves': 5383, 'p_add': 0.20003338804169363, 'p_swap': 0.3482973720482757, 'topw': 9, 'eim_rho': 1.1167684943566796, 'eim_hscale': 99.13773847646657, 'eim_anneal': 0.5962767279261619, 'g_scale': 5387.10565840382}. Best is trial 0 with value: -0.1534092427952018.
[F1__pt__b10] trial 5: -0.15073 [-0.1198, -0.1581, -0.0746, -0.1782, -0.1597, -0.1897, -0.1522, -0.1736] {"eim_R": 16, "eim_Tmax": 4.916584503124671e-06, "eim_Tmin": 1.110324680870858e-06, "eim_anneal": 0.9626479280331366, "eim_hscale": 1.2345170019454539, "eim_mov
[I 2026-10-01 19:11:26,821] Trial 5 finished with value: -0.15072966551660638 and parameters: {'start': 'lp', 'eim_R': 16, 'eim_Tmin': 1.110324680870858e-06, 'eim_Tratio': 4.428060177198312, 'eim_moves': 18070, 'p_add': 0.22790323701173293, 'p_swap': 0.44854489566179034, 'topw': 24, 'eim_rho': 1.9100041270013748, 'eim_hscale': 1.2345170019454539, 'eim_anneal': 0.9626479280331366, 'g_scale': 586.7669480720929}. Best is trial 0 with value: -0.1534092427952018.
[F1__pt__b10] trial 6: -0.14950 [-0.1165, -0.152, -0.0746, -0.1775, -0.1581, -0.1902, -0.1523, -0.1748] {"eim_R": 16, "eim_Tmax": 0.0008862259007534354, "eim_Tmin": 9.336328220135168e-07, "eim_anneal": 0.4650937978406958, "eim_hscale": 0.4599103083359571, "eim_mov
[I 2026-10-01 19:13:13,129] Trial 6 finished with value: -0.14949591529423095 and parameters: {'start': 'lp', 'eim_R': 16, 'eim_Tmin': 9.336328220135168e-07, 'eim_Tratio': 949.2231633868212, 'eim_moves': 116558, 'p_add': 0.23418122254197093, 'p_swap': 0.46785249215510616, 'topw': 24, 'eim_rho': 1.6548033478379185, 'eim_hscale': 0.4599103083359571, 'eim_anneal': 0.4650937978406958, 'g_scale': 616.7703130750243}. Best is trial 0 with value: -0.1534092427952018.
[F1__pt__b10] trial 7: -0.14812 [-0.1136, -0.1552, -0.0746, -0.1746, -0.1572, -0.1877, -0.1499, -0.1722] {"eim_R": 16, "eim_Tmax": 0.026999323033934215, "eim_Tmin": 0.0001324182382335442, "eim_anneal": 0.6739268486288983, "eim_hscale": 9.291790515401686, "eim_moves
[I 2026-10-01 19:16:36,518] Trial 7 finished with value: -0.14812316748656312 and parameters: {'start': 'lp', 'eim_R': 16, 'eim_Tmin': 0.0001324182382335442, 'eim_Tratio': 203.89429276589442, 'eim_moves': 19715, 'p_add': 0.020957344109181264, 'p_swap': 0.9151876015568418, 'topw': 35, 'eim_rho': 0.3056181839452163, 'eim_hscale': 9.291790515401686, 'eim_anneal': 0.6739268486288983, 'g_scale': 964.6274766454133}. Best is trial 0 with value: -0.1534092427952018.
[F1__pt__b10] trial 8: -0.15055 [-0.1206, -0.1532, -0.0746, -0.1794, -0.16, -0.1908, -0.1534, -0.1724] {"eim_R": 16, "eim_Tmax": 9.663794481154574e-05, "eim_Tmin": 2.832153136362731e-07, "eim_anneal": 0.8144961485977071, "eim_hscale": 3.03784040968439, "eim_moves
[I 2026-10-01 19:18:21,399] Trial 8 finished with value: -0.15054926587547768 and parameters: {'start': 'lp', 'eim_R': 16, 'eim_Tmin': 2.832153136362731e-07, 'eim_Tratio': 341.2172299964529, 'eim_moves': 38873, 'p_add': 0.07699567169359897, 'p_swap': 0.8057036692395034, 'topw': 16, 'eim_rho': 983.6620223104848, 'eim_hscale': 3.03784040968439, 'eim_anneal': 0.8144961485977071, 'g_scale': 122.4530753301341}. Best is trial 0 with value: -0.1534092427952018.
[F1__pt__b10] trial 9: -0.15343 [-0.1208, -0.1581, -0.0746, -0.1811, -0.1642, -0.1926, -0.1587, -0.1772] {"eim_R": 16, "eim_Tmax": 6.797811914032077e-06, "eim_Tmin": 4.243691530342208e-07, "eim_anneal": 0.805185495739135, "eim_hscale": 5.28310260416195, "eim_moves"
[I 2026-10-01 19:25:10,369] Trial 9 finished with value: -0.1534269556367559 and parameters: {'start': 'lp', 'eim_R': 16, 'eim_Tmin': 4.243691530342208e-07, 'eim_Tratio': 16.0186287467598, 'eim_moves': 39664, 'p_add': 0.34530778360406, 'p_swap': 0.2120831155936331, 'topw': 3, 'eim_rho': 12.090487283123066, 'eim_hscale': 5.28310260416195, 'eim_anneal': 0.805185495739135, 'g_scale': 192.99522546169908}. Best is trial 9 with value: -0.1534269556367559.
[F1__pt__b10] trial 10: -0.14645 [-0.1194, -0.1561, -0.0746, -0.1746, -0.1509, -0.1852, -0.1465, -0.1643] {"eim_R": 16, "eim_Tmax": 0.00014830800208093614, "eim_Tmin": 3.244054199587758e-06, "eim_anneal": 0.6037874160638619, "eim_hscale": 90.5078689544596, "eim_move
[I 2026-10-01 19:28:36,296] Trial 10 finished with value: -0.14645219671642312 and parameters: {'start': 'lp', 'eim_R': 16, 'eim_Tmin': 3.244054199587758e-06, 'eim_Tratio': 45.71686937283062, 'eim_moves': 128039, 'p_add': 0.15818853671327276, 'p_swap': 0.20045906613591222, 'topw': 18, 'eim_rho': 6.627058998907854, 'eim_hscale': 90.5078689544596, 'eim_anneal': 0.6037874160638619, 'g_scale': 435.44627404524476}. Best is trial 9 with value: -0.1534269556367559.
[F1__pt__b10] trial 11: -0.15052 [-0.1205, -0.1575, -0.0746, -0.1776, -0.1604, -0.188, -0.1533, -0.1722] {"eim_R": 16, "eim_Tmax": 2.338089814581073e-05, "eim_Tmin": 6.212374570810587e-07, "eim_anneal": 0.7601028573682942, "eim_hscale": 14.904040393285731, "eim_mov
[I 2026-10-01 19:35:21,433] Trial 11 finished with value: -0.15051870609220347 and parameters: {'start': 'lp', 'eim_R': 16, 'eim_Tmin': 6.212374570810587e-07, 'eim_Tratio': 37.636008388270774, 'eim_moves': 45923, 'p_add': 0.38101111733034726, 'p_swap': 0.30900978956291303, 'topw': 14, 'eim_rho': 13.62070081414459, 'eim_hscale': 14.904040393285731, 'eim_anneal': 0.7601028573682942, 'g_scale': 903.0799285012382}. Best is trial 9 with value: -0.1534269556367559.
[F1__pt__b10] BEST t9 -0.15343 cfg={"eim_R": 16, "eim_Tmax": 6.797811914032077e-06, "eim_Tmin": 4.243691530342208e-07, "eim_anneal": 0.805185495739135, "eim_hscale": 5.28310260416195, "eim_moves": 39664, "eim_rho": 12.090487283123066, "g_scale": 192.99522546169908, "p_add": 0.34530778360406, "p_swap": 0.2120831155936331, "start": "lp", "topw": 3}
[I 2026-10-01 19:35:21,476] A new study created in RDB with name: F1__lp__b10
[F1__lp__b10] trial 0: -0.13375 [-0.1106, -0.1478, -0.0613, -0.1581, -0.1347, -0.1697, -0.1342, -0.1536] {"lexi": false}
[I 2026-10-01 19:35:33,717] Trial 0 finished with value: -0.13374612090361304 and parameters: {'start': 'lp', 'lexi': False}. Best is trial 0 with value: -0.13374612090361304.
[F1__lp__b10] trial 1: -0.13294 [-0.1118, -0.1475, -0.054, -0.1581, -0.1347, -0.1697, -0.1342, -0.1536] {"lexi": false}
[I 2026-10-01 19:35:58,662] Trial 1 finished with value: -0.13293518231323564 and parameters: {'start': 'pgreedy', 'lexi': False}. Best is trial 0 with value: -0.13374612090361304.
[F1__lp__b10] trial 2: -0.13420 [-0.1096, -0.1488, -0.0617, -0.1581, -0.1376, -0.1701, -0.1342, -0.1534] {"lexi": true}
[I 2026-10-01 19:37:05,598] Trial 2 finished with value: -0.1342032115498874 and parameters: {'start': 'pgreedy', 'lexi': True}. Best is trial 2 with value: -0.1342032115498874.
[F1__lp__b10] trial 3: -0.13421 [-0.1139, -0.1484, -0.0611, -0.1581, -0.1347, -0.1697, -0.1342, -0.1536] {"lexi": false}
[I 2026-10-01 19:37:31,170] Trial 3 finished with value: -0.13420675960834555 and parameters: {'start': 'lp', 'lexi': False}. Best is trial 3 with value: -0.13420675960834555.
[F1__lp__b10] trial 4: -0.13307 [-0.1092, -0.1473, -0.054, -0.1581, -0.1376, -0.1701, -0.1342, -0.154] {"lexi": true}
[I 2026-10-01 19:38:39,378] Trial 4 finished with value: -0.13306778924904322 and parameters: {'start': 'lp', 'lexi': True}. Best is trial 3 with value: -0.13420675960834555.
[F1__lp__b10] trial 5: -0.13482 [-0.1144, -0.1502, -0.0637, -0.1581, -0.1347, -0.1697, -0.1342, -0.1536] {"lexi": false}
[I 2026-10-01 19:39:07,227] Trial 5 finished with value: -0.13482266678435742 and parameters: {'start': 'lp', 'lexi': False}. Best is trial 5 with value: -0.13482266678435742.
[F1__lp__b10] trial 6: -0.13264 [-0.1097, -0.1368, -0.0644, -0.1581, -0.1347, -0.1697, -0.1342, -0.1536] {"lexi": false}
[I 2026-10-01 19:39:34,944] Trial 6 finished with value: -0.13263567399063636 and parameters: {'start': 'lp', 'lexi': False}. Best is trial 5 with value: -0.13482266678435742.
[F1__lp__b10] trial 7: -0.13386 [-0.1075, -0.1512, -0.0587, -0.1581, -0.1376, -0.1701, -0.1342, -0.1534] {"lexi": true}
[I 2026-10-01 19:40:48,944] Trial 7 finished with value: -0.1338637596281081 and parameters: {'start': 'lp', 'lexi': True}. Best is trial 5 with value: -0.13482266678435742.
[F1__lp__b10] trial 8: -0.13357 [-0.1117, -0.1466, -0.0609, -0.1572, -0.1347, -0.1697, -0.1342, -0.1536] {"lexi": false}
[I 2026-10-01 19:41:20,046] Trial 8 finished with value: -0.13357167891997196 and parameters: {'start': 'pgreedy', 'lexi': False}. Best is trial 5 with value: -0.13482266678435742.
[F1__lp__b10] trial 9: -0.13357 [-0.11, -0.1446, -0.0637, -0.1581, -0.1347, -0.1697, -0.1342, -0.1536] {"lexi": false}
[I 2026-10-01 19:41:50,271] Trial 9 finished with value: -0.1335717893311822 and parameters: {'start': 'lp', 'lexi': False}. Best is trial 5 with value: -0.13482266678435742.
[F1__lp__b10] trial 10: -0.13435 [-0.112, -0.149, -0.0597, -0.1581, -0.1376, -0.1701, -0.1342, -0.154] {"lexi": true}
[I 2026-10-01 19:42:37,654] Trial 10 finished with value: -0.13434600258987714 and parameters: {'start': 'pgreedy', 'lexi': True}. Best is trial 5 with value: -0.13482266678435742.
[F1__lp__b10] trial 11: -0.13407 [-0.1135, -0.1491, -0.0565, -0.1581, -0.1376, -0.1701, -0.1342, -0.1534] {"lexi": true}
[I 2026-10-01 19:43:25,222] Trial 11 finished with value: -0.1340691127045036 and parameters: {'start': 'pgreedy', 'lexi': True}. Best is trial 5 with value: -0.13482266678435742.
[F1__lp__b10] BEST t5 -0.13482 cfg={"lexi": false}
[I 2026-10-01 19:43:25,251] A new study created in RDB with name: F1__eim__b10
[F1__eim__b10] trial 0: -0.15298 [-0.12, -0.1576, -0.0746, -0.1804, -0.1648, -0.1934, -0.1583, -0.1748] {"eim_R": 16, "eim_Tmax": 0.0007255047403074508, "eim_Tmin": 0.00013246974647468452, "eim_anneal": 0.7664913525398744, "eim_eta": 0.23358825194833557, "eim_hsca
[I 2026-10-01 19:45:11,833] Trial 0 finished with value: -0.15298044110595668 and parameters: {'start': 'lp', 'eim_R': 16, 'eim_Tmin': 0.00013246974647468452, 'eim_Tratio': 5.476757973912916, 'eim_moves': 52984, 'p_add': 0.0716766437045232, 'p_swap': 0.8407909904010871, 'topw': 11, 'eim_rho': 4.5566719139214715, 'eim_hscale': 0.6218230782016851, 'eim_anneal': 0.7664913525398744, 'eim_eta': 0.23358825194833557, 'g_scale': 1370.4648392849028}. Best is trial 0 with value: -0.15298044110595668.
[F1__eim__b10] trial 1: -0.14687 [-0.1178, -0.1519, -0.0746, -0.1701, -0.1565, -0.1877, -0.1483, -0.1681] {"eim_R": 64, "eim_Tmax": 0.022388264096178515, "eim_Tmin": 5.6279320474151646e-06, "eim_anneal": 0.07032569761590807, "eim_eta": 0.018255254802399014, "eim_hsc
[I 2026-10-01 19:47:01,280] Trial 1 finished with value: -0.14687154515679612 and parameters: {'start': 'pgreedy', 'eim_R': 64, 'eim_Tmin': 5.6279320474151646e-06, 'eim_Tratio': 3978.0622629338873, 'eim_moves': 174910, 'p_add': 0.19172075941288885, 'p_swap': 0.6420036530145916, 'topw': 11, 'eim_rho': 18.71450068624066, 'eim_hscale': 59.812219011525556, 'eim_anneal': 0.07032569761590807, 'eim_eta': 0.018255254802399014, 'g_scale': 109.7581541938016}. Best is trial 0 with value: -0.15298044110595668.
[F1__eim__b10] trial 2: -0.15326 [-0.1197, -0.1576, -0.0746, -0.1799, -0.1645, -0.1952, -0.1576, -0.1769] {"eim_R": 16, "eim_Tmax": 0.0007255047403074508, "eim_Tmin": 0.00013246974647468452, "eim_anneal": 0.7664913525398744, "eim_eta": 0.23358825194833557, "eim_hsca
[I 2026-10-01 19:48:47,806] Trial 2 finished with value: -0.15325600870941122 and parameters: {'start': 'lp', 'eim_R': 16, 'eim_Tmin': 0.00013246974647468452, 'eim_Tratio': 5.476757973912916, 'eim_moves': 52984, 'p_add': 0.0716766437045232, 'p_swap': 0.8407909904010871, 'topw': 11, 'eim_rho': 4.5566719139214715, 'eim_hscale': 0.6218230782016851, 'eim_anneal': 0.7664913525398744, 'eim_eta': 0.23358825194833557, 'g_scale': 1370.4648392849028}. Best is trial 2 with value: -0.15325600870941122.
[F1__eim__b10] trial 3: -0.13260 [-0.1111, -0.1434, -0.0746, -0.1426, -0.1381, -0.1686, -0.1325, -0.1498] {"eim_R": 32, "eim_Tmax": 0.00022679302095938696, "eim_Tmin": 2.741773675242096e-06, "eim_anneal": 0.312274067414942, "eim_eta": 0.1233480570086002, "eim_hscale
[I 2026-10-01 19:50:33,842] Trial 3 finished with value: -0.1325954186407307 and parameters: {'start': 'pgreedy', 'eim_R': 32, 'eim_Tmin': 2.741773675242096e-06, 'eim_Tratio': 82.71763019949535, 'eim_moves': 65555, 'p_add': 0.030112735814634917, 'p_swap': 0.6799968666320435, 'topw': 19, 'eim_rho': 0.6942729492430144, 'eim_hscale': 0.24365700014641997, 'eim_anneal': 0.312274067414942, 'eim_eta': 0.1233480570086002, 'g_scale': 1381.6356822574794}. Best is trial 2 with value: -0.15325600870941122.
[F1__eim__b10] trial 4: -0.14524 [-0.1172, -0.1543, -0.0736, -0.1719, -0.1484, -0.182, -0.147, -0.1674] {"eim_R": 16, "eim_Tmax": 0.013323197406244793, "eim_Tmin": 0.0004987435476609301, "eim_anneal": 0.6411080434933271, "eim_eta": 0.23236965081001948, "eim_hscale
[I 2026-10-01 19:52:20,552] Trial 4 finished with value: -0.1452389805475337 and parameters: {'start': 'lp', 'eim_R': 16, 'eim_Tmin': 0.0004987435476609301, 'eim_Tratio': 26.713523350286117, 'eim_moves': 133508, 'p_add': 0.4207271306233804, 'p_swap': 0.2125472978851706, 'topw': 4, 'eim_rho': 0.12908945670149974, 'eim_hscale': 6.742610434179981, 'eim_anneal': 0.6411080434933271, 'eim_eta': 0.23236965081001948, 'g_scale': 1453.27196243909}. Best is trial 2 with value: -0.15325600870941122.
[F1__eim__b10] trial 5: -0.14116 [-0.1177, -0.1551, -0.0708, -0.1672, -0.1467, -0.1756, -0.1372, -0.1589] {"eim_R": 16, "eim_Tmax": 4.51185205643839, "eim_Tmin": 0.0008845595679055938, "eim_anneal": 0.3255240062214654, "eim_eta": 3.482210394350657, "eim_hscale": 4.0
[I 2026-10-01 19:54:07,118] Trial 5 finished with value: -0.14115947033845158 and parameters: {'start': 'lp', 'eim_R': 16, 'eim_Tmin': 0.0008845595679055938, 'eim_Tratio': 5100.676336723459, 'eim_moves': 150312, 'p_add': 0.3439690180416784, 'p_swap': 0.29370114286669824, 'topw': 5, 'eim_rho': 292.7195532639329, 'eim_hscale': 4.01238248611403, 'eim_anneal': 0.3255240062214654, 'eim_eta': 3.482210394350657, 'g_scale': 577.6755975599551}. Best is trial 2 with value: -0.15325600870941122.
[F1__eim__b10] trial 6: -0.14145 [-0.1137, -0.1501, -0.0709, -0.1697, -0.1448, -0.1802, -0.1406, -0.1616] {"eim_R": 16, "eim_Tmax": 0.04879630578473809, "eim_Tmin": 0.00011178746891153904, "eim_anneal": 0.4793374153598661, "eim_eta": 0.07778317759140305, "eim_hscale
[I 2026-10-01 19:55:53,119] Trial 6 finished with value: -0.14144991747399527 and parameters: {'start': 'lp', 'eim_R': 16, 'eim_Tmin': 0.00011178746891153904, 'eim_Tratio': 436.5096218732008, 'eim_moves': 11457, 'p_add': 0.005458090909369079, 'p_swap': 0.9281323674707972, 'topw': 35, 'eim_rho': 1.5541118768198727, 'eim_hscale': 54.90547524524427, 'eim_anneal': 0.4793374153598661, 'eim_eta': 0.07778317759140305, 'g_scale': 393.16917471712173}. Best is trial 2 with value: -0.15325600870941122.
[F1__eim__b10] trial 7: -0.15202 [-0.1205, -0.1581, -0.0746, -0.18, -0.1624, -0.1914, -0.1545, -0.1747] {"eim_R": 16, "eim_Tmax": 0.00012327498633804795, "eim_Tmin": 3.6068502913388537e-07, "eim_anneal": 0.5900231429474612, "eim_eta": 0.04023452434764971, "eim_hsc
[I 2026-10-01 19:57:39,245] Trial 7 finished with value: -0.1520173350600516 and parameters: {'start': 'lp', 'eim_R': 16, 'eim_Tmin': 3.6068502913388537e-07, 'eim_Tratio': 341.78015825627347, 'eim_moves': 97971, 'p_add': 0.13006306822199382, 'p_swap': 0.42462141761195854, 'topw': 3, 'eim_rho': 4.645401139217687, 'eim_hscale': 4.273274002444589, 'eim_anneal': 0.5900231429474612, 'eim_eta': 0.04023452434764971, 'g_scale': 8140.1901034183975}. Best is trial 2 with value: -0.15325600870941122.
[F1__eim__b10] trial 8: -0.14901 [-0.1182, -0.1486, -0.0746, -0.1784, -0.1577, -0.1888, -0.1524, -0.1734] {"eim_R": 16, "eim_Tmax": 0.05902572994144991, "eim_Tmin": 1.4903856339506539e-05, "eim_anneal": 0.7418092153852135, "eim_eta": 0.7472165461477982, "eim_hscale"
[I 2026-10-01 19:59:25,341] Trial 8 finished with value: -0.14900798536755877 and parameters: {'start': 'lp', 'eim_R': 16, 'eim_Tmin': 1.4903856339506539e-05, 'eim_Tratio': 3960.4333668318377, 'eim_moves': 63710, 'p_add': 0.12584006620126276, 'p_swap': 0.47121771568598714, 'topw': 15, 'eim_rho': 0.15677955703511037, 'eim_hscale': 0.6859043102902815, 'eim_anneal': 0.7418092153852135, 'eim_eta': 0.7472165461477982, 'g_scale': 4777.205536179907}. Best is trial 2 with value: -0.15325600870941122.
[F1__eim__b10] trial 9: -0.15078 [-0.1197, -0.1575, -0.0746, -0.1802, -0.1629, -0.1888, -0.1526, -0.1698] {"eim_R": 16, "eim_Tmax": 0.04412351500343946, "eim_Tmin": 0.00020827188679238984, "eim_anneal": 0.9719942231917424, "eim_eta": 0.30362340943985383, "eim_hscale
[I 2026-10-01 20:01:10,525] Trial 9 finished with value: -0.15078317431740768 and parameters: {'start': 'lp', 'eim_R': 16, 'eim_Tmin': 0.00020827188679238984, 'eim_Tratio': 211.85535735518056, 'eim_moves': 96916, 'p_add': 0.329610509590732, 'p_swap': 0.3811991373951533, 'topw': 13, 'eim_rho': 240.58174820146084, 'eim_hscale': 0.22984569932818313, 'eim_anneal': 0.9719942231917424, 'eim_eta': 0.30362340943985383, 'g_scale': 3328.687869531856}. Best is trial 2 with value: -0.15325600870941122.
[F1__eim__b10] trial 10: -0.15137 [-0.1196, -0.1564, -0.0746, -0.1782, -0.1625, -0.1916, -0.1545, -0.1735] {"eim_R": 16, "eim_Tmax": 0.001172759505483624, "eim_Tmin": 1.1730152401998691e-05, "eim_anneal": 0.9013128533134908, "eim_eta": 2.4542845700257967, "eim_hscale
[I 2026-10-01 20:02:55,091] Trial 10 finished with value: -0.15136895366754688 and parameters: {'start': 'lp', 'eim_R': 16, 'eim_Tmin': 1.1730152401998691e-05, 'eim_Tratio': 99.97819851716491, 'eim_moves': 13822, 'p_add': 0.01554383701771591, 'p_swap': 0.6087929361734351, 'topw': 8, 'eim_rho': 0.877608034253783, 'eim_hscale': 3.5846987338583545, 'eim_anneal': 0.9013128533134908, 'eim_eta': 2.4542845700257967, 'g_scale': 1255.1171888007152}. Best is trial 2 with value: -0.15325600870941122.
[F1__eim__b10] trial 11: -0.15074 [-0.1197, -0.157, -0.0746, -0.1752, -0.1591, -0.1911, -0.1543, -0.175] {"eim_R": 16, "eim_Tmax": 0.005601627986578593, "eim_Tmin": 0.0005097365871263062, "eim_anneal": 0.9567651602538499, "eim_eta": 0.06283585971027122, "eim_hscale
[I 2026-10-01 20:04:39,791] Trial 11 finished with value: -0.1507427810618851 and parameters: {'start': 'lp', 'eim_R': 16, 'eim_Tmin': 0.0005097365871263062, 'eim_Tratio': 10.989260194482725, 'eim_moves': 13823, 'p_add': 0.12048956330633165, 'p_swap': 0.820146920607552, 'topw': 7, 'eim_rho': 0.45543712120354474, 'eim_hscale': 0.49240288775971514, 'eim_anneal': 0.9567651602538499, 'eim_eta': 0.06283585971027122, 'g_scale': 1696.1818959181426}. Best is trial 2 with value: -0.15325600870941122.
[F1__eim__b10] BEST t2 -0.15326 cfg={"eim_R": 16, "eim_Tmax": 0.0007255047403074508, "eim_Tmin": 0.00013246974647468452, "eim_anneal": 0.7664913525398744, "eim_eta": 0.23358825194833557, "eim_hscale": 0.6218230782016851, "eim_moves": 52984, "eim_rho": 4.5566719139214715, "g_scale": 1370.4648392849028, "p_add": 0.0716766437045232, "p_swap": 0.8407909904010871, "start": "lp", "topw": 11}
[I 2026-10-01 20:04:39,818] A new study created in RDB with name: F1__milp__b10
[F1__milp__b10] trial 0: -0.13938 [-0.1185, -0.1493, -0.065, -0.1596, -0.1541, -0.1658, -0.1412, -0.1616] {"eps_tie": 0.0, "mip_heuristic_effort": 0.8077206102454388, "presolve": "off", "start": "pgreedy"}
[I 2026-10-01 20:05:43,501] Trial 0 finished with value: -0.13937917684681383 and parameters: {'start': 'pgreedy', 'presolve': 'off', 'mip_heuristic_effort': 0.8077206102454388, 'eps_tie': 0.0}. Best is trial 0 with value: -0.13937917684681383.
[F1__milp__b10] trial 1: +0.49928 [-0.0015, 0.0006, -0.0017, -0.0032, 1.0, 1.0, 1.0, 1.0] {"eps_tie": 0.0, "mip_heuristic_effort": 0.10490756141474163, "presolve": "on", "start": "pgreedy"}
[I 2026-10-01 20:07:41,299] Trial 1 finished with value: 0.4992775865466579 and parameters: {'start': 'pgreedy', 'presolve': 'on', 'mip_heuristic_effort': 0.10490756141474163, 'eps_tie': 0.0}. Best is trial 0 with value: -0.13937917684681383.
[F1__milp__b10] trial 2: -0.14133 [-0.1181, -0.1526, -0.0691, -0.1539, -0.1595, -0.1834, -0.1322, -0.1617] {"eps_tie": 0.0001, "mip_heuristic_effort": 0.15834581868043074, "presolve": "off", "start": "pgreedy"}
[I 2026-10-01 20:09:06,132] Trial 2 finished with value: -0.14133397049898705 and parameters: {'start': 'pgreedy', 'presolve': 'off', 'mip_heuristic_effort': 0.15834581868043074, 'eps_tie': 0.0001}. Best is trial 2 with value: -0.14133397049898705.
[F1__milp__b10] trial 3: -0.13574 [-0.1185, -0.1522, -0.0146, -0.1687, -0.1536, -0.1835, -0.134, -0.1608] {"eps_tie": 0.0001, "mip_heuristic_effort": 0.41985078951584265, "presolve": "off", "start": "pgreedy"}
[I 2026-10-01 20:10:34,165] Trial 3 finished with value: -0.1357426802475289 and parameters: {'start': 'pgreedy', 'presolve': 'off', 'mip_heuristic_effort': 0.41985078951584265, 'eps_tie': 0.0001}. Best is trial 2 with value: -0.14133397049898705.
[F1__milp__b10] trial 4: +0.44001 [-0.1081, -0.1499, -0.0619, -0.1601, 1.0, 1.0, 1.0, 1.0] {"eps_tie": 0.0001, "mip_heuristic_effort": 0.020403078330967394, "presolve": "on", "start": "lp"}
[I 2026-10-01 20:12:37,704] Trial 4 finished with value: 0.44001455447525556 and parameters: {'start': 'lp', 'presolve': 'on', 'mip_heuristic_effort': 0.020403078330967394, 'eps_tie': 0.0001}. Best is trial 2 with value: -0.14133397049898705.
[F1__milp__b10] trial 5: -0.14221 [-0.1185, -0.1524, -0.0686, -0.155, -0.16, -0.181, -0.1419, -0.1603] {"eps_tie": 0.0001, "mip_heuristic_effort": 0.04645390874549428, "presolve": "off", "start": "pgreedy"}
[I 2026-10-01 20:14:02,279] Trial 5 finished with value: -0.14221293562109394 and parameters: {'start': 'pgreedy', 'presolve': 'off', 'mip_heuristic_effort': 0.04645390874549428, 'eps_tie': 0.0001}. Best is trial 5 with value: -0.14221293562109394.
[F1__milp__b10] trial 6: -0.14570 [-0.1183, -0.1569, -0.069, -0.168, -0.1601, -0.1853, -0.1442, -0.1638] {"eps_tie": 0.0, "mip_heuristic_effort": 0.08696910001601103, "presolve": "off", "start": "lp"}
[I 2026-10-01 20:15:23,740] Trial 6 finished with value: -0.14570360244360148 and parameters: {'start': 'lp', 'presolve': 'off', 'mip_heuristic_effort': 0.08696910001601103, 'eps_tie': 0.0}. Best is trial 6 with value: -0.14570360244360148.
[F1__milp__b10] trial 7: -0.14368 [-0.1075, -0.1524, -0.0653, -0.1689, -0.1609, -0.1841, -0.1443, -0.1661] {"eps_tie": 0.0, "mip_heuristic_effort": 0.08122131303770497, "presolve": "off", "start": "lp"}
[I 2026-10-01 20:16:59,084] Trial 7 finished with value: -0.14368165241768704 and parameters: {'start': 'lp', 'presolve': 'off', 'mip_heuristic_effort': 0.08122131303770497, 'eps_tie': 0.0}. Best is trial 6 with value: -0.14570360244360148.
[F1__milp__b10] trial 8: +0.43927 [-0.1131, -0.1518, -0.0609, -0.1601, 1.0, 1.0, 1.0, 1.0] {"eps_tie": 0.0, "mip_heuristic_effort": 0.25960597744412756, "presolve": "on", "start": "lp"}
[I 2026-10-01 20:19:02,841] Trial 8 finished with value: 0.4392737203029067 and parameters: {'start': 'lp', 'presolve': 'on', 'mip_heuristic_effort': 0.25960597744412756, 'eps_tie': 0.0}. Best is trial 6 with value: -0.14570360244360148.
[F1__milp__b10] trial 9: -0.14387 [-0.1153, -0.1514, -0.0653, -0.1691, -0.1608, -0.1854, -0.1441, -0.1594] {"eps_tie": 0.0, "mip_heuristic_effort": 0.027631366526199908, "presolve": "off", "start": "lp"}
[I 2026-10-01 20:20:25,142] Trial 9 finished with value: -0.14386526079136727 and parameters: {'start': 'lp', 'presolve': 'off', 'mip_heuristic_effort': 0.027631366526199908, 'eps_tie': 0.0}. Best is trial 6 with value: -0.14570360244360148.
[F1__milp__b10] trial 10: -0.14487 [-0.1137, -0.1563, -0.0653, -0.1696, -0.1598, -0.1855, -0.1437, -0.1651] {"eps_tie": 0.0, "mip_heuristic_effort": 0.4018785825937865, "presolve": "off", "start": "lp"}
[I 2026-10-01 20:21:28,876] Trial 10 finished with value: -0.14487381833067167 and parameters: {'start': 'lp', 'presolve': 'off', 'mip_heuristic_effort': 0.4018785825937865, 'eps_tie': 0.0}. Best is trial 6 with value: -0.14570360244360148.
[F1__milp__b10] trial 11: -0.14377 [-0.116, -0.1501, -0.0653, -0.1693, -0.1593, -0.1881, -0.1436, -0.1584] {"eps_tie": 0.0, "mip_heuristic_effort": 0.4314168546105209, "presolve": "off", "start": "lp"}
[I 2026-10-01 20:22:38,505] Trial 11 finished with value: -0.14377050240986186 and parameters: {'start': 'lp', 'presolve': 'off', 'mip_heuristic_effort': 0.4314168546105209, 'eps_tie': 0.0}. Best is trial 6 with value: -0.14570360244360148.
[F1__milp__b10] BEST t6 -0.14570 cfg={"eps_tie": 0.0, "mip_heuristic_effort": 0.08696910001601103, "presolve": "off", "start": "lp"}
[I 2026-10-01 20:22:38,531] A new study created in RDB with name: F1__sb__b10
[F1__sb__b10] trial 0: -0.13395 [-0.1101, -0.1481, -0.0613, -0.1581, -0.1378, -0.1685, -0.1343, -0.1536] {"sb_agents": 32, "sb_alpha_floor": 0.19397546899179888, "sb_dt": 1.4232321618458184, "sb_eta": 0.0965605178058406, "sb_eta_mu": 4.719399631690194, "sb_heat": 0
[I 2026-10-01 20:24:00,081] Trial 0 finished with value: -0.13395485469266194 and parameters: {'start': 'lp', 'sb_agents': 32, 'sb_steps': 1432, 'sb_dt': 1.4232321618458184, 'sb_variant': 'ballistic', 'sb_heat': 0.0125536250820598, 'sb_xi': 0.07953090488826875, 'sb_warm': 0.10136029824871645, 'sb_eta_mu': 4.719399631690194, 'sb_alpha_floor': 0.19397546899179888, 'sb_tau_frac': 0.9386113363824448, 'sb_eta': 0.0965605178058406}. Best is trial 0 with value: -0.13395485469266194.
[F1__sb__b10] trial 1: -0.00380 [0.0, -0.0097, -0.0, 0.0, 0.0, -0.0207, 0.0, 0.0] {"sb_agents": 64, "sb_alpha_floor": 0.017425859940308142, "sb_dt": 1.3593049010167038, "sb_eta": 2.3131814207377923, "sb_eta_mu": 0.0163345876110695, "sb_heat":
[I 2026-10-01 20:25:21,769] Trial 1 finished with value: -0.0038009020521264647 and parameters: {'start': 'pgreedy', 'sb_agents': 64, 'sb_steps': 250, 'sb_dt': 1.3593049010167038, 'sb_variant': 'ballistic', 'sb_heat': 0.060428515788450606, 'sb_xi': 0.5117279648784191, 'sb_warm': 0.8793168063780279, 'sb_eta_mu': 0.0163345876110695, 'sb_alpha_floor': 0.017425859940308142, 'sb_tau_frac': 0.9020218397440326, 'sb_eta': 2.3131814207377923}. Best is trial 0 with value: -0.13395485469266194.
[F1__sb__b10] trial 2: -0.00445 [0.0188, 0.002, -0.0007, -0.0405, -0.0006, -0.0157, 0.0016, -0.0005] {"sb_agents": 8, "sb_alpha_floor": 0.1136867897737297, "sb_dt": 1.031897327725781, "sb_eta": 0.8594903371659688, "sb_eta_mu": 0.23358825194833557, "sb_heat": 0.
[I 2026-10-01 20:26:43,524] Trial 2 finished with value: -0.004445598518583116 and parameters: {'start': 'pgreedy', 'sb_agents': 8, 'sb_steps': 77, 'sb_dt': 1.031897327725781, 'sb_variant': 'discrete', 'sb_heat': 0.040973773756855375, 'sb_xi': 0.14770319740236926, 'sb_warm': 0.7355220049625057, 'sb_eta_mu': 0.23358825194833557, 'sb_alpha_floor': 0.1136867897737297, 'sb_tau_frac': 0.9018789800436355, 'sb_eta': 0.8594903371659688}. Best is trial 0 with value: -0.13395485469266194.
[F1__sb__b10] trial 3: -0.00459 [-0.0027, -0.0126, -0.0006, 0.0052, -0.002, -0.0315, 0.0, 0.0075] {"sb_agents": 8, "sb_alpha_floor": 0.08772030269246407, "sb_dt": 0.2782931131180508, "sb_eta": 0.07999440746315747, "sb_eta_mu": 0.513558960650023, "sb_heat": 0
[I 2026-10-01 20:28:05,010] Trial 3 finished with value: -0.004588919811310405 and parameters: {'start': 'pgreedy', 'sb_agents': 8, 'sb_steps': 654, 'sb_dt': 0.2782931131180508, 'sb_variant': 'discrete', 'sb_heat': 0.015503857733727292, 'sb_xi': 0.18190696204307705, 'sb_warm': 0.3455252323954915, 'sb_eta_mu': 0.513558960650023, 'sb_alpha_floor': 0.08772030269246407, 'sb_tau_frac': 0.9988373838059226, 'sb_eta': 0.07999440746315747}. Best is trial 0 with value: -0.13395485469266194.
[F1__sb__b10] trial 4: -0.13412 [-0.1094, -0.1474, -0.0625, -0.1577, -0.138, -0.1717, -0.1336, -0.1527] {"sb_agents": 32, "sb_alpha_floor": 0.14788120216290157, "sb_dt": 1.0142779372363275, "sb_eta": 0.9416063374779005, "sb_eta_mu": 6.719994515642705, "sb_heat": 0
[I 2026-10-01 20:29:27,176] Trial 4 finished with value: -0.13412081520562238 and parameters: {'start': 'lp', 'sb_agents': 32, 'sb_steps': 414, 'sb_dt': 1.0142779372363275, 'sb_variant': 'ballistic', 'sb_heat': 0.05067891126906621, 'sb_xi': 0.21687872938457173, 'sb_warm': 0.24329656153260945, 'sb_eta_mu': 6.719994515642705, 'sb_alpha_floor': 0.14788120216290157, 'sb_tau_frac': 0.951494525653459, 'sb_eta': 0.9416063374779005}. Best is trial 4 with value: -0.13412081520562238.
[F1__sb__b10] trial 5: -0.13507 [-0.1144, -0.1502, -0.0637, -0.1581, -0.1347, -0.1716, -0.1343, -0.1536] {"sb_agents": 32, "sb_alpha_floor": 0.08251887365127113, "sb_dt": 1.2492031628525258, "sb_eta": 0.5053090215444561, "sb_eta_mu": 0.44670887132732795, "sb_heat":
[I 2026-10-01 20:30:49,100] Trial 5 finished with value: -0.13506675755276326 and parameters: {'start': 'lp', 'sb_agents': 32, 'sb_steps': 450, 'sb_dt': 1.2492031628525258, 'sb_variant': 'ballistic', 'sb_heat': 0.09764361404518028, 'sb_xi': 0.0761632724913781, 'sb_warm': 0.6957095545119003, 'sb_eta_mu': 0.44670887132732795, 'sb_alpha_floor': 0.08251887365127113, 'sb_tau_frac': 0.9539729822516326, 'sb_eta': 0.5053090215444561}. Best is trial 5 with value: -0.13506675755276326.
[F1__sb__b10] trial 6: -0.13287 [-0.1097, -0.1389, -0.0644, -0.1581, -0.1347, -0.1694, -0.1342, -0.1536] {"sb_agents": 32, "sb_alpha_floor": 0.010277613280485376, "sb_dt": 1.3610825686445462, "sb_eta": 0.3726408156361957, "sb_eta_mu": 0.09497492375156134, "sb_heat"
[I 2026-10-01 20:32:10,821] Trial 6 finished with value: -0.13286650321013976 and parameters: {'start': 'lp', 'sb_agents': 32, 'sb_steps': 1559, 'sb_dt': 1.3610825686445462, 'sb_variant': 'ballistic', 'sb_heat': 0.2260537422899784, 'sb_xi': 0.1649024644234928, 'sb_warm': 0.2122007891204064, 'sb_eta_mu': 0.09497492375156134, 'sb_alpha_floor': 0.010277613280485376, 'sb_tau_frac': 0.9779217219938638, 'sb_eta': 0.3726408156361957}. Best is trial 5 with value: -0.13506675755276326.
[F1__sb__b10] trial 7: -0.13354 [-0.1087, -0.152, -0.0609, -0.1586, -0.1341, -0.168, -0.1343, -0.1518] {"sb_agents": 32, "sb_alpha_floor": 0.10495505384946222, "sb_dt": 0.2160066056566079, "sb_eta": 1.2217235389541414, "sb_eta_mu": 0.1904447617876336, "sb_heat": 
[I 2026-10-01 20:33:33,025] Trial 7 finished with value: -0.13354384888843485 and parameters: {'start': 'lp', 'sb_agents': 32, 'sb_steps': 507, 'sb_dt': 0.2160066056566079, 'sb_variant': 'ballistic', 'sb_heat': 0.02663989797176289, 'sb_xi': 0.0787719113682172, 'sb_warm': 0.7669725518987822, 'sb_eta_mu': 0.1904447617876336, 'sb_alpha_floor': 0.10495505384946222, 'sb_tau_frac': 0.942607649775167, 'sb_eta': 1.2217235389541414}. Best is trial 5 with value: -0.13506675755276326.
[F1__sb__b10] trial 8: -0.13500 [-0.1129, -0.1461, -0.0682, -0.1581, -0.1378, -0.1707, -0.1328, -0.1534] {"sb_agents": 32, "sb_alpha_floor": 0.07576461001794518, "sb_dt": 1.1970760201474897, "sb_eta": 0.851312731414966, "sb_eta_mu": 1.0887163584927, "sb_heat": 0.10
[I 2026-10-01 20:34:55,818] Trial 8 finished with value: -0.13500223125313826 and parameters: {'start': 'lp', 'sb_agents': 32, 'sb_steps': 105, 'sb_dt': 1.1970760201474897, 'sb_variant': 'ballistic', 'sb_heat': 0.1072133769453887, 'sb_xi': 0.1834667162090547, 'sb_warm': 0.39565474274786494, 'sb_eta_mu': 1.0887163584927, 'sb_alpha_floor': 0.07576461001794518, 'sb_tau_frac': 0.9652108564474307, 'sb_eta': 0.851312731414966}. Best is trial 5 with value: -0.13506675755276326.
[F1__sb__b10] trial 9: -0.13798 [-0.1129, -0.1424, -0.0653, -0.1639, -0.1416, -0.18, -0.1408, -0.157] {"sb_agents": 32, "sb_alpha_floor": 0.13772316276737318, "sb_dt": 0.39684192105865546, "sb_eta": 0.13278794355145754, "sb_eta_mu": 0.01808138527815477, "sb_heat
[I 2026-10-01 20:36:17,297] Trial 9 finished with value: -0.13798416715651501 and parameters: {'start': 'lp', 'sb_agents': 32, 'sb_steps': 115, 'sb_dt': 0.39684192105865546, 'sb_variant': 'ballistic', 'sb_heat': 0.09437680013831531, 'sb_xi': 0.08879437229711919, 'sb_warm': 0.3058407788616103, 'sb_eta_mu': 0.01808138527815477, 'sb_alpha_floor': 0.13772316276737318, 'sb_tau_frac': 0.9618306598976332, 'sb_eta': 0.13278794355145754}. Best is trial 9 with value: -0.13798416715651501.
[F1__sb__b10] trial 10: -0.13382 [-0.1117, -0.1498, -0.0621, -0.1581, -0.1347, -0.1665, -0.1342, -0.1536] {"sb_agents": 32, "sb_alpha_floor": 0.1484564868223045, "sb_dt": 0.749546378717677, "sb_eta": 0.2106354896145392, "sb_eta_mu": 0.016478049908339083, "sb_heat": 
[I 2026-10-01 20:37:39,321] Trial 10 finished with value: -0.1338225078167234 and parameters: {'start': 'lp', 'sb_agents': 32, 'sb_steps': 117, 'sb_dt': 0.749546378717677, 'sb_variant': 'ballistic', 'sb_heat': 0.02037777179358894, 'sb_xi': 0.585559245928529, 'sb_warm': 0.4682143762296904, 'sb_eta_mu': 0.016478049908339083, 'sb_alpha_floor': 0.1484564868223045, 'sb_tau_frac': 0.9435329201209262, 'sb_eta': 0.2106354896145392}. Best is trial 9 with value: -0.13798416715651501.
[F1__sb__b10] trial 11: -0.13390 [-0.1147, -0.1502, -0.0609, -0.1584, -0.1372, -0.169, -0.1343, -0.1466] {"sb_agents": 32, "sb_alpha_floor": 0.10943023685260242, "sb_dt": 0.9970450059396492, "sb_eta": 0.06512084353518448, "sb_eta_mu": 0.0881864839171379, "sb_heat":
[I 2026-10-01 20:39:00,814] Trial 11 finished with value: -0.13389546611498138 and parameters: {'start': 'lp', 'sb_agents': 32, 'sb_steps': 403, 'sb_dt': 0.9970450059396492, 'sb_variant': 'ballistic', 'sb_heat': 0.05236438310165979, 'sb_xi': 0.11181258574047079, 'sb_warm': 0.3250058576173832, 'sb_eta_mu': 0.0881864839171379, 'sb_alpha_floor': 0.10943023685260242, 'sb_tau_frac': 0.9474214815791856, 'sb_eta': 0.06512084353518448}. Best is trial 9 with value: -0.13798416715651501.
[F1__sb__b10] BEST t9 -0.13798 cfg={"sb_agents": 32, "sb_alpha_floor": 0.13772316276737318, "sb_dt": 0.39684192105865546, "sb_eta": 0.13278794355145754, "sb_eta_mu": 0.01808138527815477, "sb_heat": 0.09437680013831531, "sb_steps": 115, "sb_tau_frac": 0.9618306598976332, "sb_variant": "ballistic", "sb_warm": 0.3058407788616103, "sb_xi": 0.08879437229711919, "start": "lp"}
[I 2026-10-01 20:39:00,847] A new study created in RDB with name: F1__cpsat__b10
[F1__cpsat__b10] trial 0: -0.14968 [-0.118, -0.1541, -0.0746, -0.1728, -0.1629, -0.1912, -0.1545, -0.1694] {"cp_model_presolve": false, "linearization_level": 1, "repair_hint": false, "start": "lp"}
[I 2026-10-01 20:40:02,133] Trial 0 finished with value: -0.1496841956943045 and parameters: {'start': 'lp', 'linearization_level': 1, 'repair_hint': False, 'cp_model_presolve': False}. Best is trial 0 with value: -0.1496841956943045.
[F1__cpsat__b10] trial 1: -0.04860 [-0.0482, -0.069, -0.0181, -0.0694, -0.0273, -0.0692, -0.0388, -0.0487] {"cp_model_presolve": true, "linearization_level": 1, "repair_hint": false, "start": "pgreedy"}
[I 2026-10-01 20:41:12,342] Trial 1 finished with value: -0.048599376304351155 and parameters: {'start': 'pgreedy', 'linearization_level': 1, 'repair_hint': False, 'cp_model_presolve': True}. Best is trial 0 with value: -0.1496841956943045.
[F1__cpsat__b10] trial 2: -0.11797 [-0.0957, -0.1386, -0.0746, -0.1389, -0.1238, -0.1649, -0.1032, -0.1042] {"cp_model_presolve": false, "linearization_level": 1, "repair_hint": false, "start": "pgreedy"}
[I 2026-10-01 20:42:18,567] Trial 2 finished with value: -0.11797329406713264 and parameters: {'start': 'pgreedy', 'linearization_level': 1, 'repair_hint': False, 'cp_model_presolve': False}. Best is trial 0 with value: -0.1496841956943045.
[F1__cpsat__b10] trial 3: -0.10363 [-0.0878, -0.1131, -0.0746, -0.1181, -0.1092, -0.118, -0.1024, -0.1058] {"cp_model_presolve": false, "linearization_level": 0, "repair_hint": false, "start": "pgreedy"}
[I 2026-10-01 20:43:26,066] Trial 3 finished with value: -0.10363266277971817 and parameters: {'start': 'pgreedy', 'linearization_level': 0, 'repair_hint': False, 'cp_model_presolve': False}. Best is trial 0 with value: -0.1496841956943045.
[F1__cpsat__b10] trial 4: -0.14910 [-0.1195, -0.1542, -0.0746, -0.1745, -0.1609, -0.1876, -0.1507, -0.1708] {"cp_model_presolve": false, "linearization_level": 2, "repair_hint": false, "start": "lp"}
[I 2026-10-01 20:44:26,291] Trial 4 finished with value: -0.1491012253861942 and parameters: {'start': 'lp', 'linearization_level': 2, 'repair_hint': False, 'cp_model_presolve': False}. Best is trial 0 with value: -0.1496841956943045.
Check failed: heuristics.fixed_search != nullptr 
*** Check failure stack trace: ***
[F1__cpsat__b10] trial 5: +1.00000 [1.0, 1.0, 1.0, 1.0, 1.0, 1.0, 1.0, 1.0] {"cp_model_presolve": false, "linearization_level": 0, "repair_hint": true, "start": "lp"}
[I 2026-10-01 20:44:30,584] Trial 5 finished with value: 1.0 and parameters: {'start': 'lp', 'linearization_level': 0, 'repair_hint': True, 'cp_model_presolve': False}. Best is trial 0 with value: -0.1496841956943045.
[F1__cpsat__b10] trial 6: -0.14026 [-0.1187, -0.1523, -0.0613, -0.1707, -0.1421, -0.1809, -0.1367, -0.1594] {"cp_model_presolve": true, "linearization_level": 0, "repair_hint": false, "start": "lp"}
[I 2026-10-01 20:45:30,887] Trial 6 finished with value: -0.14026141287606636 and parameters: {'start': 'lp', 'linearization_level': 0, 'repair_hint': False, 'cp_model_presolve': True}. Best is trial 0 with value: -0.1496841956943045.
RESULT {"instance": "full_Region7_s0", "solver": "cpsat", "budget": 10.0, "seed": 7, "wall": 4.357, "objective": 24.160636816886836, "peak_W_util": 24.087525900025927, "status": "ok", "over_budget": 0}
Check failed: heuristics.fixed_search != nullptr 
*** Check failure stack trace: ***
[F1__cpsat__b10] trial 7: +0.86017 [-0.1187, 1.0, 1.0, 1.0, 1.0, 1.0, 1.0, 1.0] {"cp_model_presolve": true, "linearization_level": 2, "repair_hint": true, "start": "lp"}
[I 2026-10-01 20:45:39,535] Trial 7 finished with value: 0.8601653919257278 and parameters: {'start': 'lp', 'linearization_level': 2, 'repair_hint': True, 'cp_model_presolve': True}. Best is trial 0 with value: -0.1496841956943045.
Check failed: heuristics.fixed_search != nullptr 
*** Check failure stack trace: ***
[F1__cpsat__b10] trial 8: +1.00000 [1.0, 1.0, 1.0, 1.0, 1.0, 1.0, 1.0, 1.0] {"cp_model_presolve": false, "linearization_level": 2, "repair_hint": true, "start": "pgreedy"}
[I 2026-10-01 20:45:45,827] Trial 8 finished with value: 1.0 and parameters: {'start': 'pgreedy', 'linearization_level': 2, 'repair_hint': True, 'cp_model_presolve': False}. Best is trial 0 with value: -0.1496841956943045.
[F1__cpsat__b10] trial 9: -0.15076 [-0.1192, -0.1543, -0.0746, -0.1807, -0.1583, -0.1916, -0.1553, -0.172] {"cp_model_presolve": false, "linearization_level": 0, "repair_hint": false, "start": "lp"}
[I 2026-10-01 20:46:45,087] Trial 9 finished with value: -0.1507629386230054 and parameters: {'start': 'lp', 'linearization_level': 0, 'repair_hint': False, 'cp_model_presolve': False}. Best is trial 9 with value: -0.1507629386230054.
RESULT {"instance": "full_Region7_s0", "solver": "cpsat", "budget": 10.0, "seed": 10, "wall": 4.339, "objective": 24.16103138759393, "peak_W_util": 24.087525900025927, "status": "ok", "over_budget": 0}
RESULT {"instance": "full_Region7_s0.1", "solver": "cpsat", "budget": 10.0, "seed": 10, "wall": 4.629, "objective": 23.314013532763532, "peak_W_util": 23.116647241647247, "status": "ok", "over_budget": 0}
Check failed: heuristics.fixed_search != nullptr 
*** Check failure stack trace: ***
[F1__cpsat__b10] trial 10: +0.71613 [-0.1187, -0.1523, 1.0, 1.0, 1.0, 1.0, 1.0, 1.0] {"cp_model_presolve": true, "linearization_level": 1, "repair_hint": true, "start": "lp"}
[I 2026-10-01 20:46:57,683] Trial 10 finished with value: 0.7161273572897666 and parameters: {'start': 'lp', 'linearization_level': 1, 'repair_hint': True, 'cp_model_presolve': True}. Best is trial 9 with value: -0.1507629386230054.
[F1__cpsat__b10] trial 11: -0.15038 [-0.1191, -0.1554, -0.0746, -0.1802, -0.1629, -0.1886, -0.1509, -0.1713] {"cp_model_presolve": false, "linearization_level": 1, "repair_hint": false, "start": "lp"}
[I 2026-10-01 20:47:56,886] Trial 11 finished with value: -0.15037642080950123 and parameters: {'start': 'lp', 'linearization_level': 1, 'repair_hint': False, 'cp_model_presolve': False}. Best is trial 9 with value: -0.1507629386230054.
[F1__cpsat__b10] BEST t9 -0.15076 cfg={"cp_model_presolve": false, "linearization_level": 0, "repair_hint": false, "start": "lp"}
[I 2026-10-01 20:47:56,947] A new study created in RDB with name: F1__mq__b10
[F1__mq__b10] trial 0: -0.14297 [-0.1171, -0.1526, -0.0739, -0.1692, -0.1467, -0.179, -0.1412, -0.1641] {"mq_dt": 0.06526542706084622, "mq_iters": 910, "mq_ksamp": 7, "mq_nmax": 514, "mq_pen": 0.001344312143528808, "mq_q": 2, "mq_reads": 16, "mq_solver": "mq_dsb",
[I 2026-10-01 20:49:17,601] Trial 0 finished with value: -0.14296691621957075 and parameters: {'start': 'lp', 'mq_solver': 'mq_dsb', 'mq_nmax': 514, 'mq_reads': 16, 'mq_iters': 910, 'mq_dt': 0.06526542706084622, 'mq_xi': 0.15316981598941554, 'mq_pen': 0.001344312143528808, 'mq_q': 2, 'mq_ksamp': 7}. Best is trial 0 with value: -0.14296691621957075.
[F1__mq__b10] trial 1: -0.03358 [-0.0233, -0.0581, -0.0333, -0.056, -0.0209, -0.0358, -0.0232, -0.018] {"mq_dt": 0.302142578942253, "mq_iters": 926, "mq_ksamp": 1, "mq_nmax": 574, "mq_pen": 0.5981221901152552, "mq_q": 2, "mq_reads": 16, "mq_solver": "mq_bsb", "mq
[I 2026-10-01 20:50:38,414] Trial 1 finished with value: -0.03357804609440253 and parameters: {'start': 'pgreedy', 'mq_solver': 'mq_bsb', 'mq_nmax': 574, 'mq_reads': 16, 'mq_iters': 926, 'mq_dt': 0.302142578942253, 'mq_xi': 0.5117279648784191, 'mq_pen': 0.5981221901152552, 'mq_q': 2, 'mq_ksamp': 1}. Best is trial 0 with value: -0.14296691621957075.
[F1__mq__b10] trial 2: -0.05592 [-0.0221, -0.077, -0.0423, -0.0878, -0.0474, -0.0674, -0.0436, -0.0596] {"mq_dt": 1.2426835241724947, "mq_iters": 84, "mq_ksamp": 7, "mq_nmax": 870, "mq_pen": 0.017538232373118037, "mq_q": 3, "mq_reads": 8, "mq_solver": "mq_cac", "m
[I 2026-10-01 20:51:58,957] Trial 2 finished with value: -0.0559150750619898 and parameters: {'start': 'pgreedy', 'mq_solver': 'mq_cac', 'mq_nmax': 870, 'mq_reads': 8, 'mq_iters': 84, 'mq_dt': 1.2426835241724947, 'mq_xi': 0.4235407976345083, 'mq_pen': 0.017538232373118037, 'mq_q': 3, 'mq_ksamp': 7}. Best is trial 0 with value: -0.14296691621957075.
[F1__mq__b10] trial 3: -0.06504 [-0.0556, -0.0841, -0.0324, -0.0933, -0.0595, -0.0817, -0.0605, -0.0533] {"mq_dt": 0.06136635506422015, "mq_iters": 654, "mq_ksamp": 2, "mq_nmax": 531, "mq_pen": 0.10278118224157008, "mq_q": 3, "mq_reads": 4, "mq_solver": "mq_dsb", "
[I 2026-10-01 20:53:19,471] Trial 3 finished with value: -0.06504344802867719 and parameters: {'start': 'pgreedy', 'mq_solver': 'mq_dsb', 'mq_nmax': 531, 'mq_reads': 4, 'mq_iters': 654, 'mq_dt': 0.06136635506422015, 'mq_xi': 0.7666234032273203, 'mq_pen': 0.10278118224157008, 'mq_q': 3, 'mq_ksamp': 2}. Best is trial 0 with value: -0.14296691621957075.
[F1__mq__b10] trial 4: -0.14192 [-0.1147, -0.1504, -0.0658, -0.1672, -0.1476, -0.1811, -0.1435, -0.165] {"mq_dt": 0.28855868921618233, "mq_iters": 180, "mq_ksamp": 6, "mq_nmax": 1221, "mq_pen": 0.08090627131445798, "mq_q": 27, "mq_reads": 16, "mq_solver": "mq_dsb"
[I 2026-10-01 20:54:41,237] Trial 4 finished with value: -0.14191637288100234 and parameters: {'start': 'lp', 'mq_solver': 'mq_dsb', 'mq_nmax': 1221, 'mq_reads': 16, 'mq_iters': 180, 'mq_dt': 0.28855868921618233, 'mq_xi': 0.30491112001620335, 'mq_pen': 0.08090627131445798, 'mq_q': 27, 'mq_ksamp': 6}. Best is trial 0 with value: -0.14296691621957075.
[F1__mq__b10] trial 5: -0.14275 [-0.1178, -0.1551, -0.07, -0.1688, -0.1451, -0.1795, -0.1425, -0.1633] {"mq_dt": 0.8838135795898041, "mq_iters": 588, "mq_ksamp": 1, "mq_nmax": 479, "mq_pen": 0.005108724425085228, "mq_q": 2, "mq_reads": 16, "mq_solver": "mq_dsb", 
[I 2026-10-01 20:56:01,712] Trial 5 finished with value: -0.14274564862203593 and parameters: {'start': 'lp', 'mq_solver': 'mq_dsb', 'mq_nmax': 479, 'mq_reads': 16, 'mq_iters': 588, 'mq_dt': 0.8838135795898041, 'mq_xi': 0.12912784119984957, 'mq_pen': 0.005108724425085228, 'mq_q': 2, 'mq_ksamp': 1}. Best is trial 0 with value: -0.14296691621957075.
[F1__mq__b10] trial 6: -0.14679 [-0.1177, -0.1528, -0.0736, -0.1745, -0.1527, -0.1865, -0.1479, -0.1686] {"mq_dt": 0.07731178508750013, "mq_iters": 110, "mq_ksamp": 5, "mq_nmax": 206, "mq_pen": 0.33210054400944794, "mq_q": 6, "mq_reads": 16, "mq_solver": "mq_dsb", 
[I 2026-10-01 20:57:22,001] Trial 6 finished with value: -0.1467925704376365 and parameters: {'start': 'lp', 'mq_solver': 'mq_dsb', 'mq_nmax': 206, 'mq_reads': 16, 'mq_iters': 110, 'mq_dt': 0.07731178508750013, 'mq_xi': 0.09368260215934496, 'mq_pen': 0.33210054400944794, 'mq_q': 6, 'mq_ksamp': 5}. Best is trial 6 with value: -0.1467925704376365.
[F1__mq__b10] trial 7: -0.13738 [-0.1118, -0.1535, -0.0614, -0.1624, -0.1417, -0.1746, -0.1362, -0.1574] {"mq_dt": 1.1165671390448455, "mq_iters": 114, "mq_ksamp": 3, "mq_nmax": 223, "mq_pen": 0.0010783221977659573, "mq_q": 20, "mq_reads": 16, "mq_solver": "mq_dsb"
[I 2026-10-01 20:58:42,347] Trial 7 finished with value: -0.1373794485602716 and parameters: {'start': 'lp', 'mq_solver': 'mq_dsb', 'mq_nmax': 223, 'mq_reads': 16, 'mq_iters': 114, 'mq_dt': 1.1165671390448455, 'mq_xi': 2.6184688902200404, 'mq_pen': 0.0010783221977659573, 'mq_q': 20, 'mq_ksamp': 3}. Best is trial 6 with value: -0.1467925704376365.
[F1__mq__b10] trial 8: -0.13915 [-0.1157, -0.1483, -0.064, -0.1644, -0.1452, -0.1778, -0.1376, -0.1601] {"mq_dt": 0.70587276328598, "mq_iters": 1371, "mq_ksamp": 4, "mq_nmax": 401, "mq_pen": 0.7604885028043954, "mq_q": 4, "mq_reads": 16, "mq_solver": "mq_dsb", "mq
[I 2026-10-01 21:00:03,429] Trial 8 finished with value: -0.13915346789248223 and parameters: {'start': 'lp', 'mq_solver': 'mq_dsb', 'mq_nmax': 401, 'mq_reads': 16, 'mq_iters': 1371, 'mq_dt': 0.70587276328598, 'mq_xi': 0.14447614089668842, 'mq_pen': 0.7604885028043954, 'mq_q': 4, 'mq_ksamp': 4}. Best is trial 6 with value: -0.1467925704376365.
[F1__mq__b10] trial 9: -0.14231 [-0.1159, -0.1494, -0.0718, -0.169, -0.1452, -0.1811, -0.1424, -0.1636] {"mq_dt": 0.06875599053315165, "mq_iters": 378, "mq_ksamp": 7, "mq_nmax": 334, "mq_pen": 0.06688116513645023, "mq_q": 32, "mq_reads": 16, "mq_solver": "mq_dsb",
[I 2026-10-01 21:01:24,109] Trial 9 finished with value: -0.14230600236551683 and parameters: {'start': 'lp', 'mq_solver': 'mq_dsb', 'mq_nmax': 334, 'mq_reads': 16, 'mq_iters': 378, 'mq_dt': 0.06875599053315165, 'mq_xi': 0.05801355946277158, 'mq_pen': 0.06688116513645023, 'mq_q': 32, 'mq_ksamp': 7}. Best is trial 6 with value: -0.1467925704376365.
[F1__mq__b10] trial 10: -0.14711 [-0.119, -0.1557, -0.0746, -0.1758, -0.1494, -0.186, -0.1459, -0.1704] {"mq_dt": 0.5678576096917989, "mq_iters": 95, "mq_ksamp": 3, "mq_nmax": 674, "mq_pen": 0.06808668718516545, "mq_q": 4, "mq_reads": 16, "mq_solver": "mq_dsb", "m
[I 2026-10-01 21:02:44,512] Trial 10 finished with value: -0.1471058034529319 and parameters: {'start': 'lp', 'mq_solver': 'mq_dsb', 'mq_nmax': 674, 'mq_reads': 16, 'mq_iters': 95, 'mq_dt': 0.5678576096917989, 'mq_xi': 0.9716188220191095, 'mq_pen': 0.06808668718516545, 'mq_q': 4, 'mq_ksamp': 3}. Best is trial 10 with value: -0.1471058034529319.
[F1__mq__b10] trial 11: -0.15039 [-0.1205, -0.1578, -0.0746, -0.1774, -0.1585, -0.1879, -0.1529, -0.1735] {"mq_dt": 0.43931700667480106, "mq_iters": 50, "mq_ksamp": 6, "mq_nmax": 253, "mq_pen": 0.10984151369889907, "mq_q": 5, "mq_reads": 16, "mq_solver": "mq_dsb", "
[I 2026-10-01 21:04:04,816] Trial 11 finished with value: -0.15038662295425864 and parameters: {'start': 'lp', 'mq_solver': 'mq_dsb', 'mq_nmax': 253, 'mq_reads': 16, 'mq_iters': 50, 'mq_dt': 0.43931700667480106, 'mq_xi': 0.17046763810025106, 'mq_pen': 0.10984151369889907, 'mq_q': 5, 'mq_ksamp': 6}. Best is trial 11 with value: -0.15038662295425864.
[F1__mq__b10] BEST t11 -0.15039 cfg={"mq_dt": 0.43931700667480106, "mq_iters": 50, "mq_ksamp": 6, "mq_nmax": 253, "mq_pen": 0.10984151369889907, "mq_q": 5, "mq_reads": 16, "mq_solver": "mq_dsb", "mq_xi": 0.17046763810025106, "start": "lp"}
[I 2026-10-01 21:04:04,841] A new study created in RDB with name: F1__ls__b10
[F1__ls__b10] trial 0: -0.15215 [-0.1193, -0.1556, -0.0746, -0.1766, -0.1661, -0.1917, -0.1574, -0.1758] {"g_scale": 138.69861245357328, "ls_T0": 0.0025766385746135885, "ls_T1": 3.895706556508577e-06, "ls_chains": 16, "ls_moves": 23860, "ls_restart_every": 0, "p_ad
[I 2026-10-01 21:05:26,149] Trial 0 finished with value: -0.1521536384214024 and parameters: {'start': 'pgreedy', 'ls_T0': 0.0025766385746135885, 'ls_T1_ratio': 0.0015119336467641006, 'ls_moves': 23860, 'p_add': 0.32294705653332806, 'p_swap': 0.38687290659310525, 'topw': 43, 'ls_restart_every': 0, 'ls_chains': 16, 'g_scale': 138.69861245357328}. Best is trial 0 with value: -0.1521536384214024.
[F1__ls__b10] trial 1: -0.15223 [-0.1193, -0.1558, -0.0746, -0.177, -0.165, -0.1931, -0.1577, -0.1751] {"g_scale": 138.69861245357328, "ls_T0": 0.0025766385746135885, "ls_T1": 3.895706556508577e-06, "ls_chains": 16, "ls_moves": 23860, "ls_restart_every": 0, "p_ad
[I 2026-10-01 21:06:47,390] Trial 1 finished with value: -0.15222565639640054 and parameters: {'start': 'pgreedy', 'ls_T0': 0.0025766385746135885, 'ls_T1_ratio': 0.0015119336467641006, 'ls_moves': 23860, 'p_add': 0.32294705653332806, 'p_swap': 0.38687290659310525, 'topw': 43, 'ls_restart_every': 0, 'ls_chains': 16, 'g_scale': 138.69861245357328}. Best is trial 1 with value: -0.15222565639640054.
[F1__ls__b10] trial 2: -0.14725 [-0.1197, -0.1557, -0.0746, -0.1717, -0.1569, -0.1861, -0.1471, -0.1663] {"g_scale": 675.031252159593, "ls_T0": 0.021403233140986057, "ls_T1": 0.0002773999548118371, "ls_chains": 8, "ls_moves": 123816, "ls_restart_every": 0, "p_add":
[I 2026-10-01 21:08:08,717] Trial 2 finished with value: -0.14724813744691714 and parameters: {'start': 'lp', 'ls_T0': 0.021403233140986057, 'ls_T1_ratio': 0.01296065659727973, 'ls_moves': 123816, 'p_add': 0.489309171116382, 'p_swap': 0.4083333085150997, 'topw': 9, 'ls_restart_every': 0, 'ls_chains': 8, 'g_scale': 675.031252159593}. Best is trial 1 with value: -0.15222565639640054.
[F1__ls__b10] trial 3: -0.15247 [-0.1199, -0.1575, -0.0746, -0.1782, -0.1649, -0.1917, -0.1571, -0.1756] {"g_scale": 2155.4275565447515, "ls_T0": 0.0006677306766018312, "ls_T1": 1.2541143128078558e-06, "ls_chains": 8, "ls_moves": 5358, "ls_restart_every": 0, "p_add
[I 2026-10-01 21:09:29,884] Trial 3 finished with value: -0.15246616130542762 and parameters: {'start': 'pgreedy', 'ls_T0': 0.0006677306766018312, 'ls_T1_ratio': 0.001878173875716191, 'ls_moves': 5358, 'p_add': 0.30881774853793853, 'p_swap': 0.47004576906097556, 'topw': 15, 'ls_restart_every': 0, 'ls_chains': 8, 'g_scale': 2155.4275565447515}. Best is trial 3 with value: -0.15246616130542762.
[F1__ls__b10] trial 4: -0.14444 [-0.1188, -0.1516, -0.0746, -0.1673, -0.1543, -0.1834, -0.145, -0.1606] {"g_scale": 3178.073129125386, "ls_T0": 1.2405585096771496e-05, "ls_T1": 6.925333827162641e-10, "ls_chains": 8, "ls_moves": 77113, "ls_restart_every": 0, "p_add
[I 2026-10-01 21:10:51,208] Trial 4 finished with value: -0.1444422436064804 and parameters: {'start': 'pgreedy', 'ls_T0': 1.2405585096771496e-05, 'ls_T1_ratio': 5.582432245751094e-05, 'ls_moves': 77113, 'p_add': 0.03989721933831958, 'p_swap': 0.8655037789805929, 'topw': 5, 'ls_restart_every': 0, 'ls_chains': 8, 'g_scale': 3178.073129125386}. Best is trial 3 with value: -0.15246616130542762.
[F1__ls__b10] trial 5: -0.14658 [-0.1205, -0.1534, -0.0746, -0.1733, -0.1541, -0.1882, -0.1435, -0.165] {"g_scale": 4820.6027290668935, "ls_T0": 1.127705712133727e-05, "ls_T1": 2.1663696050856983e-07, "ls_chains": 8, "ls_moves": 9699, "ls_restart_every": 0, "p_add
[I 2026-10-01 21:12:12,463] Trial 5 finished with value: -0.14658332382997394 and parameters: {'start': 'pgreedy', 'ls_T0': 1.127705712133727e-05, 'ls_T1_ratio': 0.01921041617308757, 'ls_moves': 9699, 'p_add': 0.2725088471002392, 'p_swap': 0.5925636215853355, 'topw': 19, 'ls_restart_every': 0, 'ls_chains': 8, 'g_scale': 4820.6027290668935}. Best is trial 3 with value: -0.15246616130542762.
[F1__ls__b10] trial 6: -0.14420 [-0.1187, -0.1549, -0.0746, -0.1665, -0.1499, -0.1828, -0.1431, -0.1629] {"g_scale": 1601.1619608628619, "ls_T0": 0.024871286929722347, "ls_T1": 2.9478436517158238e-06, "ls_chains": 8, "ls_moves": 5027, "ls_restart_every": 0, "p_add"
[I 2026-10-01 21:13:33,766] Trial 6 finished with value: -0.14419645567132322 and parameters: {'start': 'pgreedy', 'ls_T0': 0.024871286929722347, 'ls_T1_ratio': 0.0001185239694289005, 'ls_moves': 5027, 'p_add': 0.21489072851035154, 'p_swap': 0.20299491460523583, 'topw': 21, 'ls_restart_every': 0, 'ls_chains': 8, 'g_scale': 1601.1619608628619}. Best is trial 3 with value: -0.15246616130542762.
[F1__ls__b10] trial 7: -0.14891 [-0.1195, -0.1541, -0.0746, -0.1777, -0.1585, -0.1892, -0.1527, -0.1649] {"g_scale": 278.804288658635, "ls_T0": 2.8029093342086568e-05, "ls_T1": 2.744537702587405e-07, "ls_chains": 8, "ls_moves": 59008, "ls_restart_every": 20, "p_add
[I 2026-10-01 21:14:55,185] Trial 7 finished with value: -0.1489081884852177 and parameters: {'start': 'pgreedy', 'ls_T0': 2.8029093342086568e-05, 'ls_T1_ratio': 0.0097917462726716, 'ls_moves': 59008, 'p_add': 0.48178649909196525, 'p_swap': 0.20060196478177705, 'topw': 3, 'ls_restart_every': 20, 'ls_chains': 8, 'g_scale': 278.804288658635}. Best is trial 3 with value: -0.15246616130542762.
[F1__ls__b10] trial 8: -0.15134 [-0.1195, -0.1573, -0.0744, -0.1766, -0.1628, -0.1914, -0.1549, -0.1739] {"g_scale": 8782.372737065447, "ls_T0": 0.008484917186036604, "ls_T1": 3.831033058698438e-05, "ls_chains": 8, "ls_moves": 38439, "ls_restart_every": 0, "p_add":
[I 2026-10-01 21:16:16,481] Trial 8 finished with value: -0.1513413190029382 and parameters: {'start': 'pgreedy', 'ls_T0': 0.008484917186036604, 'ls_T1_ratio': 0.0045151095463878705, 'ls_moves': 38439, 'p_add': 0.3528211388089467, 'p_swap': 0.504506131588883, 'topw': 30, 'ls_restart_every': 0, 'ls_chains': 8, 'g_scale': 8782.372737065447}. Best is trial 3 with value: -0.15246616130542762.
[F1__ls__b10] trial 9: -0.15261 [-0.1197, -0.1526, -0.0746, -0.1793, -0.1662, -0.1934, -0.158, -0.1769] {"g_scale": 1198.298653579562, "ls_T0": 0.0012705528127100602, "ls_T1": 0.00012504985158089566, "ls_chains": 8, "ls_moves": 17150, "ls_restart_every": 0, "p_add
[I 2026-10-01 21:17:37,622] Trial 9 finished with value: -0.1526085632676592 and parameters: {'start': 'pgreedy', 'ls_T0': 0.0012705528127100602, 'ls_T1_ratio': 0.09842160855491491, 'ls_moves': 17150, 'p_add': 0.327950305259883, 'p_swap': 0.5985999245777737, 'topw': 14, 'ls_restart_every': 0, 'ls_chains': 8, 'g_scale': 1198.298653579562}. Best is trial 9 with value: -0.1526085632676592.
[F1__ls__b10] trial 10: -0.14802 [-0.1204, -0.1557, -0.0746, -0.1735, -0.157, -0.1885, -0.1496, -0.1648] {"g_scale": 8313.247413084076, "ls_T0": 0.0009048598292654199, "ls_T1": 8.595070348311532e-08, "ls_chains": 8, "ls_moves": 80626, "ls_restart_every": 0, "p_add"
[I 2026-10-01 21:18:58,922] Trial 10 finished with value: -0.14801580944815873 and parameters: {'start': 'pgreedy', 'ls_T0': 0.0009048598292654199, 'ls_T1_ratio': 9.498786519553146e-05, 'ls_moves': 80626, 'p_add': 0.30357896175211324, 'p_swap': 0.5730152209533494, 'topw': 4, 'ls_restart_every': 0, 'ls_chains': 8, 'g_scale': 8313.247413084076}. Best is trial 9 with value: -0.1526085632676592.
[F1__ls__b10] trial 11: -0.14832 [-0.1206, -0.1525, -0.0746, -0.174, -0.1603, -0.1883, -0.1488, -0.1675] {"g_scale": 2775.836431774303, "ls_T0": 0.0004753111143891475, "ls_T1": 3.508618705196006e-06, "ls_chains": 8, "ls_moves": 5842, "ls_restart_every": 0, "p_add":
[I 2026-10-01 21:20:20,101] Trial 11 finished with value: -0.14831647451002622 and parameters: {'start': 'pgreedy', 'ls_T0': 0.0004753111143891475, 'ls_T1_ratio': 0.007381730826356028, 'ls_moves': 5842, 'p_add': 0.4701575661818365, 'p_swap': 0.4434903526029874, 'topw': 11, 'ls_restart_every': 0, 'ls_chains': 8, 'g_scale': 2775.836431774303}. Best is trial 9 with value: -0.1526085632676592.
[F1__ls__b10] BEST t9 -0.15261 cfg={"g_scale": 1198.298653579562, "ls_T0": 0.0012705528127100602, "ls_T1": 0.00012504985158089566, "ls_chains": 8, "ls_moves": 17150, "ls_restart_every": 0, "p_add": 0.327950305259883, "p_swap": 0.5985999245777737, "start": "pgreedy", "topw": 14}
TUNE DONE Thu Oct  1 09:20:20 PM EDT 2026
