63 jobs
[02:19:06] start milp n=1000 s=0 (free cores 23, mem 94GB, queued 62)
[02:19:06] start milp n=1000 s=1 (free cores 22, mem 88GB, queued 61)
[02:19:06] start milp n=1000 s=2 (free cores 21, mem 82GB, queued 60)
[02:19:06] start mq_bsb n=1000 s=0 (free cores 20, mem 78GB, queued 59)
[02:19:06] start mq_bsb n=1000 s=1 (free cores 19, mem 74GB, queued 58)
[02:19:06] start mq_bsb n=1000 s=2 (free cores 18, mem 70GB, queued 57)
[02:19:06] start mq_cac n=1000 s=0 (free cores 17, mem 66GB, queued 56)
[02:19:06] start mq_cac n=1000 s=1 (free cores 16, mem 62GB, queued 55)
[02:19:06] start mq_cac n=1000 s=2 (free cores 15, mem 58GB, queued 54)
[02:19:06] start mq_dsb n=1000 s=0 (free cores 14, mem 54GB, queued 53)
[02:19:06] start mq_dsb n=1000 s=1 (free cores 13, mem 50GB, queued 52)
[02:19:06] start mq_dsb n=1000 s=2 (free cores 12, mem 46GB, queued 51)
[02:19:06] start dwave_tabu n=1000 s=0 (free cores 11, mem 43GB, queued 50)
[02:19:06] start dwave_tabu n=1000 s=1 (free cores 10, mem 40GB, queued 49)
[02:19:06] start dwave_tabu n=1000 s=2 (free cores 9, mem 37GB, queued 48)
[02:19:06] start lp n=1000 s=0 (free cores 8, mem 34GB, queued 47)
[02:19:06] start lp n=1000 s=1 (free cores 7, mem 31GB, queued 46)
[02:19:06] start lp n=1000 s=2 (free cores 6, mem 28GB, queued 45)
[02:19:06] start ls_greedy n=1000 s=0 (free cores 5, mem 25GB, queued 44)
[02:19:06] start ls_greedy n=1000 s=1 (free cores 4, mem 22GB, queued 43)
[02:19:06] start ls_greedy n=1000 s=2 (free cores 3, mem 19GB, queued 42)
[02:19:06] start ls_lp n=1000 s=0 (free cores 2, mem 16GB, queued 41)
[02:19:06] start ls_lp n=1000 s=1 (free cores 1, mem 13GB, queued 40)
[02:19:06] start ls_lp n=1000 s=2 (free cores 0, mem 10GB, queued 39)
[02:19:08] done  milp n=1000 s=2 rc=0 2s
[02:19:08] done  lp n=1000 s=0 rc=0 2s
[02:19:08] done  lp n=1000 s=1 rc=0 2s
[02:19:08] done  lp n=1000 s=2 rc=0 2s
[02:19:08] start cim_extahc n=1000 s=0 (free cores 2, mem 23GB, queued 38)
[02:19:08] start cim_extahc n=1000 s=1 (free cores 0, mem 21GB, queued 37)
[02:19:10] done  milp n=1000 s=0 rc=0 4s
[02:19:10] done  ls_greedy n=1000 s=2 rc=0 4s
[02:19:10] start cim_extahc n=1000 s=2 (free cores 0, mem 28GB, queued 36)
[02:19:12] done  milp n=1000 s=1 rc=0 6s
[02:19:12] done  ls_greedy n=1000 s=0 rc=0 6s
[02:19:12] done  ls_greedy n=1000 s=1 rc=0 6s
[02:19:12] done  ls_lp n=1000 s=0 rc=0 6s
[02:19:12] done  ls_lp n=1000 s=1 rc=0 6s
[02:19:12] done  ls_lp n=1000 s=2 rc=0 6s
[02:19:12] start sb_ballistic n=1000 s=0 (free cores 2, mem 47GB, queued 35)
[02:19:12] start mq_bsb_mf n=1000 s=0 (free cores 1, mem 45GB, queued 34)
[02:19:12] start mq_bsb_mf n=1000 s=1 (free cores 0, mem 43GB, queued 33)
[02:19:20] done  mq_bsb n=1000 s=2 rc=0 14s
[02:19:20] start mq_bsb_mf n=1000 s=2 (free cores 0, mem 45GB, queued 32)
[02:19:22] done  mq_bsb n=1000 s=0 rc=0 16s
[02:19:22] done  mq_bsb n=1000 s=1 rc=0 16s
[02:19:22] done  mq_dsb n=1000 s=0 rc=0 16s
[02:19:22] done  mq_dsb n=1000 s=1 rc=0 16s
[02:19:22] start sb_ballistic n=1000 s=1 (free cores 0, mem 59GB, queued 31)
[02:19:24] done  mq_dsb n=1000 s=2 rc=0 18s
[02:19:24] done  mq_bsb_mf n=1000 s=0 rc=0 12s
[02:19:24] done  mq_bsb_mf n=1000 s=1 rc=0 12s
[02:19:24] start mq_cac_mf n=1000 s=0 (free cores 2, mem 65GB, queued 30)
[02:19:24] start mq_cac_mf n=1000 s=1 (free cores 1, mem 63GB, queued 29)
[02:19:24] start mq_cac_mf n=1000 s=2 (free cores 0, mem 61GB, queued 28)
[02:19:32] done  mq_bsb_mf n=1000 s=2 rc=0 12s
[02:19:32] start mq_dsb_mf n=1000 s=0 (free cores 0, mem 61GB, queued 27)
[02:19:42] done  mq_dsb_mf n=1000 s=0 rc=0 10s
[02:19:42] start mq_dsb_mf n=1000 s=1 (free cores 0, mem 61GB, queued 26)
[02:19:48] done  sb_ballistic n=1000 s=0 rc=0 36s
[02:19:48] start sb_ballistic n=1000 s=2 (free cores 0, mem 61GB, queued 25)
[02:19:56] done  mq_dsb_mf n=1000 s=1 rc=0 14s
[02:19:56] start mq_dsb_mf n=1000 s=2 (free cores 0, mem 61GB, queued 24)
[02:20:00] done  sb_ballistic n=1000 s=1 rc=0 38s
[02:20:00] start sb_discrete n=1000 s=0 (free cores 0, mem 61GB, queued 23)
[02:20:08] done  mq_dsb_mf n=1000 s=2 rc=0 12s
[02:20:08] start dwave_sa n=1000 s=0 (free cores 0, mem 61GB, queued 22)
[02:20:20] done  dwave_sa n=1000 s=0 rc=0 12s
[02:20:20] start dwave_sa n=1000 s=1 (free cores 0, mem 61GB, queued 21)
[02:20:24] done  cim_extahc n=1000 s=2 rc=0 74s
[02:20:24] start dwave_sa n=1000 s=2 (free cores 1, mem 61GB, queued 20)
[02:20:24] start greedy n=1000 s=0 (free cores 0, mem 59GB, queued 19)
[02:20:26] done  greedy n=1000 s=0 rc=0 2s
[02:20:26] start greedy n=1000 s=1 (free cores 0, mem 59GB, queued 18)
[02:20:28] done  cim_extahc n=1000 s=0 rc=0 80s
[02:20:28] done  dwave_sa n=1000 s=1 rc=0 8s
[02:20:28] done  greedy n=1000 s=1 rc=0 2s
[02:20:28] start sb_discrete n=1000 s=1 (free cores 0, mem 63GB, queued 17)
[02:20:30] done  cim_extahc n=1000 s=1 rc=0 82s
[02:20:30] done  sb_ballistic n=1000 s=2 rc=0 42s
[02:20:30] start sb_discrete n=1000 s=2 (free cores 2, mem 65GB, queued 16)
[02:20:30] start greedy n=1000 s=2 (free cores 1, mem 63GB, queued 15)
[02:20:30] start openjij_sa n=1000 s=0 (free cores 0, mem 61GB, queued 14)
[02:20:32] done  greedy n=1000 s=2 rc=0 2s
[02:20:32] start openjij_sa n=1000 s=1 (free cores 0, mem 61GB, queued 13)
[02:20:36] done  dwave_sa n=1000 s=2 rc=0 12s
[02:20:36] start openjij_sa n=1000 s=2 (free cores 0, mem 61GB, queued 12)
[02:20:38] done  sb_discrete n=1000 s=0 rc=0 38s
[02:20:38] start mfsb n=1000 s=0 (free cores 0, mem 61GB, queued 11)
[02:20:50] done  openjij_sa n=1000 s=0 rc=0 20s
[02:20:50] done  mfsb n=1000 s=0 rc=0 12s
[02:20:50] start mfsb n=1000 s=1 (free cores 1, mem 63GB, queued 10)
[02:20:54] done  openjij_sa n=1000 s=1 rc=0 22s
[02:20:56] done  mq_cac n=1000 s=1 rc=0 110s
[02:20:56] done  openjij_sa n=1000 s=2 rc=0 20s
[02:20:56] start mfsb n=1000 s=2 (free cores 0, mem 69GB, queued 9)
[02:21:00] done  mq_cac n=1000 s=0 rc=0 114s
[02:21:02] done  mq_cac n=1000 s=2 rc=0 116s
[02:21:02] done  mfsb n=1000 s=1 rc=0 12s
[02:21:02] start mfsb_penalty_k0.1 n=1000 s=0 (free cores 2, mem 77GB, queued 8)
[02:21:06] done  mfsb_penalty_k0.1 n=1000 s=0 rc=0 4s
[02:21:06] start mfsb_penalty_k0.1 n=1000 s=1 (free cores 2, mem 77GB, queued 7)
[02:21:08] done  sb_discrete n=1000 s=1 rc=0 40s
[02:21:08] done  sb_discrete n=1000 s=2 rc=0 38s
[02:21:08] done  mfsb n=1000 s=2 rc=0 12s
[02:21:08] start mfsb_penalty_k0.1 n=1000 s=2 (free cores 10, mem 81GB, queued 6)
[02:21:08] start mfsb_penalty_k1.0 n=1000 s=0 (free cores 6, mem 79GB, queued 5)
[02:21:08] start mfsb_penalty_k1.0 n=1000 s=1 (free cores 2, mem 77GB, queued 4)
[02:21:10] done  mq_cac_mf n=1000 s=1 rc=0 106s
[02:21:10] done  mfsb_penalty_k0.1 n=1000 s=1 rc=0 4s
[02:21:10] start mfsb_penalty_k1.0 n=1000 s=2 (free cores 3, mem 79GB, queued 3)
[02:21:12] done  mq_cac_mf n=1000 s=0 rc=0 108s
[02:21:12] done  mfsb_penalty_k0.1 n=1000 s=2 rc=0 4s
[02:21:12] done  mfsb_penalty_k1.0 n=1000 s=0 rc=0 4s
[02:21:12] done  mfsb_penalty_k1.0 n=1000 s=1 rc=0 4s
[02:21:12] start mfsb_penalty_k10.0 n=1000 s=0 (free cores 12, mem 85GB, queued 2)
[02:21:12] start mfsb_penalty_k10.0 n=1000 s=1 (free cores 8, mem 83GB, queued 1)
[02:21:12] start mfsb_penalty_k10.0 n=1000 s=2 (free cores 4, mem 81GB, queued 0)
[02:21:14] done  mfsb_penalty_k1.0 n=1000 s=2 rc=0 4s
[02:21:16] done  mq_cac_mf n=1000 s=2 rc=0 112s
[02:21:16] done  mfsb_penalty_k10.0 n=1000 s=0 rc=0 4s
[02:21:16] done  mfsb_penalty_k10.0 n=1000 s=1 rc=0 4s
[02:21:16] done  mfsb_penalty_k10.0 n=1000 s=2 rc=0 4s
[02:23:50] done  dwave_tabu n=1000 s=2 rc=0 284s
[02:24:14] done  dwave_tabu n=1000 s=0 rc=0 308s
[02:24:14] done  dwave_tabu n=1000 s=1 rc=0 308s
