pt b=10 s=0 dev_Region7.npz: {"instance": "dev_Region7", "form": "F1", "solver": "pt", "budget": 10.0, "seed": 0, "wall": 10.015, "objective": 24.094180992618526, "peak_W_util": 24.087525900025934, "status": "ok", "moves": "{\"eim_acc\": 3197
pt b=10 s=0 dev_Region6.npz: {"instance": "dev_Region6", "form": "F1", "solver": "pt", "budget": 10.0, "seed": 0, "wall": 10.023, "objective": 22.26030133061384, "peak_W_util": 21.593644781144768, "status": "ok", "moves": "{\"eim_acc\": 28871
cpsat b=10 s=0 dev_Region7.npz: {"instance": "dev_Region7", "form": "F1", "solver": "cpsat", "budget": 10.0, "seed": 0, "wall": 5.688, "objective": 24.186801913364455, "peak_W_util": 24.087525900025934, "status": "ok", "moves": "{\"cp_improved\"
cpsat b=10 s=0 dev_Region6.npz: {"instance": "dev_Region6", "form": "F1", "solver": "cpsat", "budget": 10.0, "seed": 0, "wall": 9.9, "objective": 22.445225492100516, "peak_W_util": 21.808728308728355, "status": "ok", "moves": "{\"cp_improved\": 
pt b=10 s=1 dev_Region7.npz: {"instance": "dev_Region7", "form": "F1", "solver": "pt", "budget": 10.0, "seed": 1, "wall": 10.008, "objective": 24.094686852499386, "peak_W_util": 24.087525900025934, "status": "ok", "moves": "{\"eim_acc\": 2771
pt b=10 s=1 dev_Region6.npz: {"instance": "dev_Region6", "form": "F1", "solver": "pt", "budget": 10.0, "seed": 1, "wall": 10.017, "objective": 22.28683873996375, "peak_W_util": 21.6272824397825, "status": "ok", "moves": "{\"eim_acc\": 291196,
cpsat b=10 s=1 dev_Region7.npz: {"instance": "dev_Region7", "form": "F1", "solver": "cpsat", "budget": 10.0, "seed": 1, "wall": 5.722, "objective": 24.18767603923854, "peak_W_util": 24.087525900025934, "status": "ok", "moves": "{\"cp_improved\":
cpsat b=10 s=1 dev_Region6.npz: {"instance": "dev_Region6", "form": "F1", "solver": "cpsat", "budget": 10.0, "seed": 1, "wall": 9.899, "objective": 22.45316142191143, "peak_W_util": 21.85186803936807, "status": "ok", "moves": "{\"cp_improved\": 
pt b=10 s=2 dev_Region7.npz: {"instance": "dev_Region7", "form": "F1", "solver": "pt", "budget": 10.0, "seed": 2, "wall": 10.006, "objective": 24.094686852499386, "peak_W_util": 24.087525900025934, "status": "ok", "moves": "{\"eim_acc\": 3523
pt b=10 s=2 dev_Region6.npz: {"instance": "dev_Region6", "form": "F1", "solver": "pt", "budget": 10.0, "seed": 2, "wall": 10.01, "objective": 22.26702319671073, "peak_W_util": 21.60334110334101, "status": "ok", "moves": "{\"eim_acc\": 275713,
cpsat b=10 s=2 dev_Region7.npz: {"instance": "dev_Region7", "form": "F1", "solver": "cpsat", "budget": 10.0, "seed": 2, "wall": 5.705, "objective": 24.18112211862217, "peak_W_util": 24.087525900025934, "status": "ok", "moves": "{\"cp_improved\":
cpsat b=10 s=2 dev_Region6.npz: {"instance": "dev_Region6", "form": "F1", "solver": "cpsat", "budget": 10.0, "seed": 2, "wall": 9.886, "objective": 22.468964484589492, "peak_W_util": 21.83461214711205, "status": "ok", "moves": "{\"cp_improved\":
pt b=60 s=0 dev_Region7.npz: {"instance": "dev_Region7", "form": "F1", "solver": "pt", "budget": 60.0, "seed": 0, "wall": 60.015, "objective": 24.087525900025934, "peak_W_util": 24.087525900025934, "status": "ok", "moves": "{\"eim_acc\": 3146
pt b=60 s=0 dev_Region6.npz: {"instance": "dev_Region6", "form": "F1", "solver": "pt", "budget": 60.0, "seed": 0, "wall": 60.018, "objective": 22.19897290209794, "peak_W_util": 21.52295389795387, "status": "ok", "moves": "{\"eim_acc\": 797222
cpsat b=60 s=0 dev_Region7.npz: {"instance": "dev_Region7", "form": "F1", "solver": "cpsat", "budget": 60.0, "seed": 0, "wall": 15.196, "objective": 24.11290387852891, "peak_W_util": 24.087525900025934, "status": "ok", "moves": "{\"cp_improved\"
cpsat b=60 s=0 dev_Region6.npz: {"instance": "dev_Region6", "form": "F1", "solver": "cpsat", "budget": 60.0, "seed": 0, "wall": 59.182, "objective": 22.017583689458714, "peak_W_util": 21.283896658896705, "status": "ok", "moves": "{\"cp_improved\
pt b=60 s=1 dev_Region7.npz: {"instance": "dev_Region7", "form": "F1", "solver": "pt", "budget": 60.0, "seed": 1, "wall": 60.009, "objective": 24.094180992618526, "peak_W_util": 24.087525900025934, "status": "ok", "moves": "{\"eim_acc\": 2771
pt b=60 s=1 dev_Region6.npz: {"instance": "dev_Region6", "form": "F1", "solver": "pt", "budget": 60.0, "seed": 1, "wall": 60.006, "objective": 22.266094437969425, "peak_W_util": 21.602855477855506, "status": "ok", "moves": "{\"eim_acc\": 9003
cpsat b=60 s=1 dev_Region7.npz: {"instance": "dev_Region7", "form": "F1", "solver": "cpsat", "budget": 60.0, "seed": 1, "wall": 15.029, "objective": 24.091137739575267, "peak_W_util": 24.087525900025934, "status": "ok", "moves": "{\"cp_improved\
cpsat b=60 s=1 dev_Region6.npz: {"instance": "dev_Region6", "form": "F1", "solver": "cpsat", "budget": 60.0, "seed": 1, "wall": 59.205, "objective": 22.114358731546243, "peak_W_util": 21.378415565915553, "status": "ok", "moves": "{\"cp_improved\
pt b=60 s=2 dev_Region7.npz: {"instance": "dev_Region7", "form": "F1", "solver": "pt", "budget": 60.0, "seed": 2, "wall": 60.014, "objective": 24.087525900025934, "peak_W_util": 24.087525900025934, "status": "ok", "moves": "{\"eim_acc\": 2707
pt b=60 s=2 dev_Region6.npz: {"instance": "dev_Region6", "form": "F1", "solver": "pt", "budget": 60.0, "seed": 2, "wall": 60.015, "objective": 22.223183355995864, "peak_W_util": 21.560897435897438, "status": "ok", "moves": "{\"eim_acc\": 8693
cpsat b=60 s=2 dev_Region7.npz: {"instance": "dev_Region7", "form": "F1", "solver": "cpsat", "budget": 60.0, "seed": 2, "wall": 15.325, "objective": 24.108053693991238, "peak_W_util": 24.087525900025934, "status": "ok", "moves": "{\"cp_improved\
cpsat b=60 s=2 dev_Region6.npz: {"instance": "dev_Region6", "form": "F1", "solver": "cpsat", "budget": 60.0, "seed": 2, "wall": 59.191, "objective": 22.03445715164463, "peak_W_util": 21.302496114996117, "status": "ok", "moves": "{\"cp_improved\"
