pt b=10 s=0 dev_Region7.npz: {"instance": "dev_Region7", "form": "F1", "solver": "pt", "budget": 10.0, "seed": 0, "wall": 10.007, "objective": 24.087525900025934, "peak_W_util": 24.087525900025934, "status": "ok", "moves": "{\"eim_acc\": 2203
pt b=10 s=0 dev_Region6.npz: {"instance": "dev_Region6", "form": "F1", "solver": "pt", "budget": 10.0, "seed": 0, "wall": 10.018, "objective": 22.233871163558682, "peak_W_util": 21.582766770266744, "status": "ok", "moves": "{\"eim_acc\": 3555
cpsat b=10 s=0 dev_Region7.npz: {"instance": "dev_Region7", "form": "F1", "solver": "cpsat", "budget": 10.0, "seed": 0, "wall": 7.531, "objective": 24.154983326858364, "peak_W_util": 24.087525900025934, "status": "ok", "moves": "{\"cp_improved\"
cpsat b=10 s=0 dev_Region6.npz: {"instance": "dev_Region6", "form": "F1", "solver": "cpsat", "budget": 10.0, "seed": 0, "wall": 9.923, "objective": 22.531314750064787, "peak_W_util": 21.799744237244308, "status": "ok", "moves": "{\"cp_improved\"
pt b=10 s=1 dev_Region7.npz: {"instance": "dev_Region7", "form": "F1", "solver": "pt", "budget": 10.0, "seed": 1, "wall": 10.017, "objective": 24.087525900025934, "peak_W_util": 24.087525900025934, "status": "ok", "moves": "{\"eim_acc\": 2120
pt b=10 s=1 dev_Region6.npz: {"instance": "dev_Region6", "form": "F1", "solver": "pt", "budget": 10.0, "seed": 1, "wall": 10.016, "objective": 22.280819007381517, "peak_W_util": 21.602855477855506, "status": "ok", "moves": "{\"eim_acc\": 3426
cpsat b=10 s=1 dev_Region7.npz: {"instance": "dev_Region7", "form": "F1", "solver": "cpsat", "budget": 10.0, "seed": 1, "wall": 7.566, "objective": 24.199559699559714, "peak_W_util": 24.087525900025934, "status": "ok", "moves": "{\"cp_improved\"
cpsat b=10 s=1 dev_Region6.npz: {"instance": "dev_Region6", "form": "F1", "solver": "cpsat", "budget": 10.0, "seed": 1, "wall": 9.944, "objective": 22.544297138047167, "peak_W_util": 21.89471639471647, "status": "ok", "moves": "{\"cp_improved\":
pt b=10 s=2 dev_Region7.npz: {"instance": "dev_Region7", "form": "F1", "solver": "pt", "budget": 10.0, "seed": 2, "wall": 10.011, "objective": 24.087665517353052, "peak_W_util": 24.087525900025934, "status": "ok", "moves": "{\"eim_acc\": 2162
pt b=10 s=2 dev_Region6.npz: {"instance": "dev_Region6", "form": "F1", "solver": "pt", "budget": 10.0, "seed": 2, "wall": 10.02, "objective": 22.265374093499094, "peak_W_util": 21.5945350945351, "status": "ok", "moves": "{\"eim_acc\": 338988,
cpsat b=10 s=2 dev_Region7.npz: {"instance": "dev_Region7", "form": "F1", "solver": "cpsat", "budget": 10.0, "seed": 2, "wall": 7.627, "objective": 24.194199608262153, "peak_W_util": 24.087525900025934, "status": "ok", "moves": "{\"cp_improved\"
cpsat b=10 s=2 dev_Region6.npz: {"instance": "dev_Region6", "form": "F1", "solver": "cpsat", "budget": 10.0, "seed": 2, "wall": 9.938, "objective": 22.503047299922315, "peak_W_util": 21.860447422947455, "status": "ok", "moves": "{\"cp_improved\"
pt b=60 s=0 dev_Region7.npz: {"instance": "dev_Region7", "form": "F1", "solver": "pt", "budget": 60.0, "seed": 0, "wall": 60.01, "objective": 24.087525900025934, "peak_W_util": 24.087525900025934, "status": "ok", "moves": "{\"eim_acc\": 32351
pt b=60 s=0 dev_Region6.npz: {"instance": "dev_Region6", "form": "F1", "solver": "pt", "budget": 60.0, "seed": 0, "wall": 60.009, "objective": 22.257173093110616, "peak_W_util": 21.57831520331526, "status": "ok", "moves": "{\"eim_acc\": 10663
cpsat b=60 s=0 dev_Region7.npz: {"instance": "dev_Region7", "form": "F1", "solver": "cpsat", "budget": 60.0, "seed": 0, "wall": 18.491, "objective": 24.087525900025934, "peak_W_util": 24.087525900025934, "status": "ok", "moves": "{\"cp_improved\
cpsat b=60 s=0 dev_Region6.npz: {"instance": "dev_Region6", "form": "F1", "solver": "cpsat", "budget": 60.0, "seed": 0, "wall": 59.43, "objective": 21.99505066692568, "peak_W_util": 21.311140248640232, "status": "ok", "moves": "{\"cp_improved\":
pt b=60 s=1 dev_Region7.npz: {"instance": "dev_Region7", "form": "F1", "solver": "pt", "budget": 60.0, "seed": 1, "wall": 60.005, "objective": 24.087525900025934, "peak_W_util": 24.087525900025934, "status": "ok", "moves": "{\"eim_acc\": 2446
pt b=60 s=1 dev_Region6.npz: {"instance": "dev_Region6", "form": "F1", "solver": "pt", "budget": 60.0, "seed": 1, "wall": 60.014, "objective": 22.233608116420633, "peak_W_util": 21.565688940688926, "status": "ok", "moves": "{\"eim_acc\": 1033
cpsat b=60 s=1 dev_Region7.npz: {"instance": "dev_Region7", "form": "F1", "solver": "cpsat", "budget": 60.0, "seed": 1, "wall": 15.971, "objective": 24.087525900025934, "peak_W_util": 24.087525900025934, "status": "ok", "moves": "{\"cp_improved\
cpsat b=60 s=1 dev_Region6.npz: {"instance": "dev_Region6", "form": "F1", "solver": "cpsat", "budget": 60.0, "seed": 1, "wall": 59.423, "objective": 22.07789230445482, "peak_W_util": 21.35625485625483, "status": "ok", "moves": "{\"cp_improved\":
pt b=60 s=2 dev_Region7.npz: {"instance": "dev_Region7", "form": "F1", "solver": "pt", "budget": 60.0, "seed": 2, "wall": 60.019, "objective": 24.094180992618526, "peak_W_util": 24.087525900025934, "status": "ok", "moves": "{\"eim_acc\": 2137
pt b=60 s=2 dev_Region6.npz: {"instance": "dev_Region6", "form": "F1", "solver": "pt", "budget": 60.0, "seed": 2, "wall": 60.009, "objective": 22.218082264957275, "peak_W_util": 21.556559181559116, "status": "ok", "moves": "{\"eim_acc\": 1104
cpsat b=60 s=2 dev_Region7.npz: {"instance": "dev_Region7", "form": "F1", "solver": "cpsat", "budget": 60.0, "seed": 2, "wall": 14.168, "objective": 24.087525900025934, "peak_W_util": 24.087525900025934, "status": "ok", "moves": "{\"cp_improved\
cpsat b=60 s=2 dev_Region6.npz: {"instance": "dev_Region6", "form": "F1", "solver": "cpsat", "budget": 60.0, "seed": 2, "wall": 59.392, "objective": 21.953418398730882, "peak_W_util": 21.26945739445737, "status": "ok", "moves": "{\"cp_improved\"
