[I 2026-09-28 17:08:24,067] A new study created in RDB with name: F1__ls__b10
[F1__ls__b10] trial 0: -0.14697 [-0.11968150133042554, -0.17425895547583992] {"g_scale": 3000.0, "ls_T0": 0.002, "ls_T1": 1e-06, "ls_chains": 8, "ls_moves": 20000, "ls_restart_every": 0, "p_add": 0.2, "p_swap": 0.6, "start": "lp", "topw": 8}
[I 2026-09-28 17:08:47,640] Trial 0 finished with value: -0.14697022840313273 and parameters: {'start': 'lp', 'ls_T0': 0.002, 'ls_T1_ratio': 0.0005, 'ls_moves': 20000, 'p_add': 0.2, 'p_swap': 0.6, 'topw': 8, 'ls_restart_every': 0, 'ls_chains': 8, 'g_scale': 3000.0}. Best is trial 0 with value: -0.14697022840313273.
[F1__ls__b10] trial 1: -0.14901 [-0.11863039398654973, -0.17938997749904717] {"g_scale": 138.69861245357328, "ls_T0": 0.0025766385746135885, "ls_T1": 3.895706556508577e-06, "ls_chains": 16, "ls_moves": 23860, "ls_restart_every": 0, "p_add": 0.32294705653332806, "p_swap": 0.386
[I 2026-09-28 17:09:09,518] Trial 1 finished with value: -0.14901018574279845 and parameters: {'start': 'pgreedy', 'ls_T0': 0.0025766385746135885, 'ls_T1_ratio': 0.0015119336467641006, 'ls_moves': 23860, 'p_add': 0.32294705653332806, 'p_swap': 0.38687290659310525, 'topw': 43, 'ls_restart_every': 0, 'ls_chains': 16, 'g_scale': 138.69861245357328}. Best is trial 1 with value: -0.14901018574279845.
[F1__ls__b10] trial 2: -0.14411 [-0.11888899858949054, -0.16932260879869854] {"g_scale": 675.031252159593, "ls_T0": 0.021403233140986057, "ls_T1": 0.0002773999548118371, "ls_chains": 8, "ls_moves": 123816, "ls_restart_every": 0, "p_add": 0.489309171116382, "p_swap": 0.40833330
[I 2026-09-28 17:09:31,449] Trial 2 finished with value: -0.14410580369409454 and parameters: {'start': 'lp', 'ls_T0': 0.021403233140986057, 'ls_T1_ratio': 0.01296065659727973, 'ls_moves': 123816, 'p_add': 0.489309171116382, 'p_swap': 0.4083333085150997, 'topw': 9, 'ls_restart_every': 0, 'ls_chains': 8, 'g_scale': 675.031252159593}. Best is trial 1 with value: -0.14901018574279845.
[F1__ls__b10] trial 3: -0.14854 [-0.11881094460168096, -0.17827476800318343] {"g_scale": 2155.4275565447515, "ls_T0": 0.0006677306766018312, "ls_T1": 1.2541143128078558e-06, "ls_chains": 8, "ls_moves": 5358, "ls_restart_every": 0, "p_add": 0.30881774853793853, "p_swap": 0.4700
[I 2026-09-28 17:09:53,141] Trial 3 finished with value: -0.1485428563024322 and parameters: {'start': 'pgreedy', 'ls_T0': 0.0006677306766018312, 'ls_T1_ratio': 0.001878173875716191, 'ls_moves': 5358, 'p_add': 0.30881774853793853, 'p_swap': 0.47004576906097556, 'topw': 15, 'ls_restart_every': 0, 'ls_chains': 8, 'g_scale': 2155.4275565447515}. Best is trial 1 with value: -0.14901018574279845.
[F1__ls__b10] trial 4: -0.14546 [-0.1157759958363338, -0.17514632326690915] {"g_scale": 289.7212311414237, "ls_T0": 3.72040022970518e-05, "ls_T1": 5.863590765858074e-07, "ls_chains": 16, "ls_moves": 9443, "ls_restart_every": 0, "p_add": 0.013333258633848627, "p_swap": 0.91874
[I 2026-09-28 17:10:14,910] Trial 4 finished with value: -0.14546115955162148 and parameters: {'start': 'pgreedy', 'ls_T0': 3.72040022970518e-05, 'ls_T1_ratio': 0.015760645102214522, 'ls_moves': 9443, 'p_add': 0.013333258633848627, 'p_swap': 0.9187426839734351, 'topw': 52, 'ls_restart_every': 0, 'ls_chains': 16, 'g_scale': 289.7212311414237}. Best is trial 1 with value: -0.14901018574279845.
[F1__ls__b10] trial 5: -0.14698 [-0.11994283819216356, -0.17401769816526724] {"g_scale": 555.6606116591612, "ls_T0": 0.000156986831163984, "ls_T1": 9.068448111123078e-08, "ls_chains": 16, "ls_moves": 67676, "ls_restart_every": 0, "p_add": 0.4480331602070674, "p_swap": 0.211723
[I 2026-09-28 17:10:36,897] Trial 5 finished with value: -0.1469802681787154 and parameters: {'start': 'pgreedy', 'ls_T0': 0.000156986831163984, 'ls_T1_ratio': 0.0005776566125887613, 'ls_moves': 67676, 'p_add': 0.4480331602070674, 'p_swap': 0.21172323729529735, 'topw': 7, 'ls_restart_every': 0, 'ls_chains': 16, 'g_scale': 555.6606116591612}. Best is trial 1 with value: -0.14901018574279845.
[F1__ls__b10] trial 6: -0.11918 [-0.10422814095117616, -0.13413205875140866] {"g_scale": 511.4496398156002, "ls_T0": 0.0016594443735891288, "ls_T1": 0.00011989335628061841, "ls_chains": 16, "ls_moves": 151644, "ls_restart_every": 0, "p_add": 0.07116304365302778, "p_swap": 0.80
[I 2026-09-28 17:10:58,960] Trial 6 finished with value: -0.11918009985129241 and parameters: {'start': 'pgreedy', 'ls_T0': 0.0016594443735891288, 'ls_T1_ratio': 0.07224909625702433, 'ls_moves': 151644, 'p_add': 0.07116304365302778, 'p_swap': 0.8076662933277226, 'topw': 43, 'ls_restart_every': 0, 'ls_chains': 16, 'g_scale': 511.4496398156002}. Best is trial 1 with value: -0.14901018574279845.
[F1__ls__b10] trial 7: -0.10998 [-0.10329289614928061, -0.11667172236254619] {"g_scale": 2200.175974838301, "ls_T0": 0.0002942789028480088, "ls_T1": 1.6553404579837536e-07, "ls_chains": 16, "ls_moves": 31503, "ls_restart_every": 0, "p_add": 0.008224288684886394, "p_swap": 0.20
[I 2026-09-28 17:11:20,746] Trial 7 finished with value: -0.1099823092559134 and parameters: {'start': 'pgreedy', 'ls_T0': 0.0002942789028480088, 'ls_T1_ratio': 0.0005625073499878839, 'ls_moves': 31503, 'p_add': 0.008224288684886394, 'p_swap': 0.2016648037950276, 'topw': 24, 'ls_restart_every': 0, 'ls_chains': 16, 'g_scale': 2200.175974838301}. Best is trial 1 with value: -0.14901018574279845.
[F1__ls__b10] trial 8: -0.14134 [-0.11674033550218066, -0.16594344129666283] {"g_scale": 8337.984800372698, "ls_T0": 0.012194259304779041, "ls_T1": 5.151008441261852e-05, "ls_chains": 16, "ls_moves": 42329, "ls_restart_every": 0, "p_add": 0.35547372709938485, "p_swap": 0.32367
[I 2026-09-28 17:11:42,610] Trial 8 finished with value: -0.14134188839942174 and parameters: {'start': 'pgreedy', 'ls_T0': 0.012194259304779041, 'ls_T1_ratio': 0.00422412572385034, 'ls_moves': 42329, 'p_add': 0.35547372709938485, 'p_swap': 0.3236774599178473, 'topw': 33, 'ls_restart_every': 0, 'ls_chains': 16, 'g_scale': 8337.984800372698}. Best is trial 1 with value: -0.14901018574279845.
[F1__ls__b10] trial 9: -0.13207 [-0.11152844107872872, -0.15261675117255924] {"g_scale": 762.7288777398302, "ls_T0": 0.001932618175969679, "ls_T1": 0.00019004614895555696, "ls_chains": 16, "ls_moves": 19784, "ls_restart_every": 0, "p_add": 0.3306282293893413, "p_swap": 0.32306
[I 2026-09-28 17:12:04,576] Trial 9 finished with value: -0.13207259612564398 and parameters: {'start': 'pgreedy', 'ls_T0': 0.001932618175969679, 'ls_T1_ratio': 0.09833610762777935, 'ls_moves': 19784, 'p_add': 0.3306282293893413, 'p_swap': 0.3230642188291738, 'topw': 15, 'ls_restart_every': 0, 'ls_chains': 16, 'g_scale': 762.7288777398302}. Best is trial 1 with value: -0.14901018574279845.
[F1__ls__b10] BEST -0.14901 cfg={"g_scale": 138.69861245357328, "ls_T0": 0.0025766385746135885, "ls_T1": 3.895706556508577e-06, "ls_chains": 16, "ls_moves": 23860, "ls_restart_every": 0, "p_add": 0.32294705653332806, "p_swap": 0.38687290659310525, "start": "pgreedy", "topw": 43}
[I 2026-09-28 17:12:04,651] A new study created in RDB with name: F1__pt__b10
[F1__pt__b10] trial 0: -0.14737 [-0.12030320097410208, -0.17444096052756042] {"eim_R": 16, "eim_Tmax": 0.003, "eim_Tmin": 1e-06, "eim_anneal": 0.0, "eim_hscale": 10.0, "eim_moves": 20000, "eim_rho": 50.0, "g_scale": 3000.0, "p_add": 0.2, "p_swap": 0.6, "start": "lp", "topw": 8
[I 2026-09-28 17:12:26,499] Trial 0 finished with value: -0.14737208075083125 and parameters: {'start': 'lp', 'eim_R': 16, 'eim_Tmin': 1e-06, 'eim_Tratio': 3000.0, 'eim_moves': 20000, 'p_add': 0.2, 'p_swap': 0.6, 'topw': 8, 'eim_rho': 50.0, 'eim_hscale': 10.0, 'eim_anneal': 0.0, 'g_scale': 3000.0}. Best is trial 0 with value: -0.14737208075083125.
[F1__pt__b10] trial 1: -0.11223 [-0.1026819778511302, -0.12177315552190049] {"eim_R": 64, "eim_Tmax": 0.022388264096178515, "eim_Tmin": 5.6279320474151646e-06, "eim_anneal": 0.07032569761590807, "eim_hscale": 59.812219011525556, "eim_moves": 174910, "eim_rho": 18.714500686240
[I 2026-09-28 17:12:48,573] Trial 1 finished with value: -0.11222756668651535 and parameters: {'start': 'pgreedy', 'eim_R': 64, 'eim_Tmin': 5.6279320474151646e-06, 'eim_Tratio': 3978.0622629338873, 'eim_moves': 174910, 'p_add': 0.19172075941288885, 'p_swap': 0.6420036530145916, 'topw': 11, 'eim_rho': 18.71450068624066, 'eim_hscale': 59.812219011525556, 'eim_anneal': 0.07032569761590807, 'g_scale': 149.36835544198456}. Best is trial 0 with value: -0.14737208075083125.
[F1__pt__b10] trial 2: -0.14073 [-0.11677526410788985, -0.16468066013724103] {"eim_R": 32, "eim_Tmax": 0.01081686613933192, "eim_Tmin": 7.013219779945795e-06, "eim_anneal": 0.2619100559835807, "eim_hscale": 1.7538232373118046, "eim_moves": 7734, "eim_rho": 12.229065947034353, 
[I 2026-09-28 17:13:10,585] Trial 2 finished with value: -0.14072796212256544 and parameters: {'start': 'pgreedy', 'eim_R': 32, 'eim_Tmin': 7.013219779945795e-06, 'eim_Tratio': 1542.3537945099908, 'eim_moves': 7734, 'p_add': 0.3199605106637619, 'p_swap': 0.2616475745120573, 'topw': 52, 'eim_rho': 12.229065947034353, 'eim_hscale': 1.7538232373118046, 'eim_anneal': 0.2619100559835807, 'g_scale': 3535.6346291488144}. Best is trial 0 with value: -0.14737208075083125.
[F1__pt__b10] trial 3: -0.09197 [-0.0854810056691423, -0.09845310612265856] {"eim_R": 16, "eim_Tmax": 0.3963283547730436, "eim_Tmin": 0.0005956516018710562, "eim_anneal": 0.2082787354631025, "eim_hscale": 10.278118224157009, "eim_moves": 18832, "eim_rho": 46.458679515124714, 
[I 2026-09-28 17:13:32,469] Trial 3 finished with value: -0.09196705589590043 and parameters: {'start': 'pgreedy', 'eim_R': 16, 'eim_Tmin': 0.0005956516018710562, 'eim_Tratio': 665.369409782665, 'eim_moves': 18832, 'p_add': 0.21851597689967073, 'p_swap': 0.5707798346517168, 'topw': 2, 'eim_rho': 46.458679515124714, 'eim_hscale': 10.278118224157009, 'eim_anneal': 0.2082787354631025, 'g_scale': 181.07254066631089}. Best is trial 0 with value: -0.14737208075083125.
[F1__pt__b10] trial 4: -0.14582 [-0.1199250415875639, -0.17171714536777716] {"eim_R": 16, "eim_Tmax": 6.840342246366934e-06, "eim_Tmin": 3.2202378453311506e-07, "eim_anneal": 0.5962767279261619, "eim_hscale": 99.13773847646657, "eim_moves": 5383, "eim_rho": 1.1167684943566796
[I 2026-09-28 17:13:54,470] Trial 4 finished with value: -0.14582109347767053 and parameters: {'start': 'lp', 'eim_R': 16, 'eim_Tmin': 3.2202378453311506e-07, 'eim_Tratio': 21.2417298811775, 'eim_moves': 5383, 'p_add': 0.20003338804169363, 'p_swap': 0.3482973720482757, 'topw': 9, 'eim_rho': 1.1167684943566796, 'eim_hscale': 99.13773847646657, 'eim_anneal': 0.5962767279261619, 'g_scale': 5387.10565840382}. Best is trial 0 with value: -0.14737208075083125.
[F1__pt__b10] trial 5: -0.15010 [-0.1206693974977977, -0.17952569871083313] {"eim_R": 16, "eim_Tmax": 7.3329031629428645e-06, "eim_Tmin": 1.1006348269620852e-06, "eim_anneal": 0.9462286962175356, "eim_hscale": 1.8587633596816164, "eim_moves": 18358, "eim_rho": 3.5067947397781
[I 2026-09-28 17:14:16,533] Trial 5 finished with value: -0.15009754810431541 and parameters: {'start': 'lp', 'eim_R': 16, 'eim_Tmin': 1.1006348269620852e-06, 'eim_Tratio': 6.662430611234392, 'eim_moves': 18358, 'p_add': 0.22230587257383633, 'p_swap': 0.46272105013386755, 'topw': 20, 'eim_rho': 3.506794739778118, 'eim_hscale': 1.8587633596816164, 'eim_anneal': 0.9462286962175356, 'g_scale': 774.8399988560119}. Best is trial 5 with value: -0.15009754810431541.
[F1__pt__b10] trial 6: -0.14897 [-0.12047939474412406, -0.17746662681734737] {"eim_R": 16, "eim_Tmax": 5.781299393458698e-06, "eim_Tmin": 1.64051916149452e-06, "eim_anneal": 0.6629489546805363, "eim_hscale": 2.3613697065671944, "eim_moves": 17276, "eim_rho": 85.54444659081884,
[I 2026-09-28 17:14:38,625] Trial 6 finished with value: -0.14897301078073572 and parameters: {'start': 'lp', 'eim_R': 16, 'eim_Tmin': 1.64051916149452e-06, 'eim_Tratio': 3.5240669716968798, 'eim_moves': 17276, 'p_add': 0.02502959652654488, 'p_swap': 0.877168501001951, 'topw': 7, 'eim_rho': 85.54444659081884, 'eim_hscale': 2.3613697065671944, 'eim_anneal': 0.6629489546805363, 'g_scale': 469.3417407209877}. Best is trial 5 with value: -0.15009754810431541.
[F1__pt__b10] trial 7: -0.14643 [-0.11777726463824278, -0.1750852077294751] {"eim_R": 16, "eim_Tmax": 0.01334810167563324, "eim_Tmin": 0.0001882482965355216, "eim_anneal": 0.9525411717301083, "eim_hscale": 0.8718494407847459, "eim_moves": 59172, "eim_rho": 27.09573752806049, 
[I 2026-09-28 17:15:00,746] Trial 7 finished with value: -0.14643123618385895 and parameters: {'start': 'lp', 'eim_R': 16, 'eim_Tmin': 0.0001882482965355216, 'eim_Tratio': 70.9068922337606, 'eim_moves': 59172, 'p_add': 0.194981001084837, 'p_swap': 0.4243939610308033, 'topw': 31, 'eim_rho': 27.09573752806049, 'eim_hscale': 0.8718494407847459, 'eim_anneal': 0.9525411717301083, 'g_scale': 269.6408142513329}. Best is trial 5 with value: -0.15009754810431541.
[F1__pt__b10] trial 8: -0.14299 [-0.11804539522455837, -0.16794408077386924] {"eim_R": 16, "eim_Tmax": 2.1789220462003005, "eim_Tmin": 0.000527895176446479, "eim_anneal": 0.9518128726995312, "eim_hscale": 5.696605978323529, "eim_moves": 6686, "eim_rho": 2.649339554344387, "g_s
[I 2026-09-28 17:15:22,674] Trial 8 finished with value: -0.1429947379992138 and parameters: {'start': 'lp', 'eim_R': 16, 'eim_Tmin': 0.000527895176446479, 'eim_Tratio': 4127.5657430092315, 'eim_moves': 6686, 'p_add': 0.1034179031978551, 'p_swap': 0.8102848055978014, 'topw': 27, 'eim_rho': 2.649339554344387, 'eim_hscale': 5.696605978323529, 'eim_anneal': 0.9518128726995312, 'g_scale': 4993.941412749836}. Best is trial 5 with value: -0.15009754810431541.
[F1__pt__b10] trial 9: -0.13671 [-0.11441437097236495, -0.15900325030315277] {"eim_R": 16, "eim_Tmax": 0.0002818248884904255, "eim_Tmin": 2.7318348440821506e-05, "eim_anneal": 0.6641115471181485, "eim_hscale": 0.8660018700283132, "eim_moves": 8103, "eim_rho": 0.222202142001787
[I 2026-09-28 17:15:44,521] Trial 9 finished with value: -0.13670881063775886 and parameters: {'start': 'lp', 'eim_R': 16, 'eim_Tmin': 2.7318348440821506e-05, 'eim_Tratio': 10.316322346533134, 'eim_moves': 8103, 'p_add': 0.06514230661112433, 'p_swap': 0.21837077298886115, 'topw': 41, 'eim_rho': 0.22220214200178764, 'eim_hscale': 0.8660018700283132, 'eim_anneal': 0.6641115471181485, 'g_scale': 1483.3493457279637}. Best is trial 5 with value: -0.15009754810431541.
[F1__pt__b10] BEST -0.15010 cfg={"eim_R": 16, "eim_Tmax": 7.3329031629428645e-06, "eim_Tmin": 1.1006348269620852e-06, "eim_anneal": 0.9462286962175356, "eim_hscale": 1.8587633596816164, "eim_moves": 18358, "eim_rho": 3.506794739778118, "g_scale": 774.8399988560119, "p_add": 0.22230587257383633, "p_swap": 0.46272105013386755, "start": "lp", "topw": 20}
[I 2026-09-28 17:15:44,570] A new study created in RDB with name: F1__eim__b10
[F1__eim__b10] trial 0: -0.14959 [-0.1198885622403768, -0.1792825781216798] {"eim_R": 16, "eim_Tmax": 0.003, "eim_Tmin": 1e-06, "eim_anneal": 0.0, "eim_eta": 1.0, "eim_hscale": 10.0, "eim_moves": 20000, "eim_rho": 50.0, "g_scale": 3000.0, "p_add": 0.2, "p_swap": 0.6, "start":
[I 2026-09-28 17:16:06,735] Trial 0 finished with value: -0.1495855701810283 and parameters: {'start': 'lp', 'eim_R': 16, 'eim_Tmin': 1e-06, 'eim_Tratio': 3000.0, 'eim_moves': 20000, 'p_add': 0.2, 'p_swap': 0.6, 'topw': 8, 'eim_rho': 50.0, 'eim_hscale': 10.0, 'eim_anneal': 0.0, 'eim_eta': 1.0, 'g_scale': 3000.0}. Best is trial 0 with value: -0.1495855701810283.
[F1__eim__b10] trial 1: -0.14367 [-0.11687045009680741, -0.17046159372924885] {"eim_R": 64, "eim_Tmax": 0.022388264096178515, "eim_Tmin": 5.6279320474151646e-06, "eim_anneal": 0.07032569761590807, "eim_eta": 0.018255254802399014, "eim_hscale": 59.812219011525556, "eim_moves": 1
[I 2026-09-28 17:16:29,757] Trial 1 finished with value: -0.14366602191302813 and parameters: {'start': 'pgreedy', 'eim_R': 64, 'eim_Tmin': 5.6279320474151646e-06, 'eim_Tratio': 3978.0622629338873, 'eim_moves': 174910, 'p_add': 0.19172075941288885, 'p_swap': 0.6420036530145916, 'topw': 11, 'eim_rho': 18.71450068624066, 'eim_hscale': 59.812219011525556, 'eim_anneal': 0.07032569761590807, 'eim_eta': 0.018255254802399014, 'g_scale': 109.7581541938016}. Best is trial 0 with value: -0.1495855701810283.
[F1__eim__b10] trial 2: -0.14973 [-0.11968150133042554, -0.17977955178461014] {"eim_R": 16, "eim_Tmax": 0.0007255047403074508, "eim_Tmin": 0.00013246974647468452, "eim_anneal": 0.7664913525398744, "eim_eta": 0.23358825194833557, "eim_hscale": 0.6218230782016851, "eim_moves": 52
[I 2026-09-28 17:16:51,757] Trial 2 finished with value: -0.14973052655751784 and parameters: {'start': 'lp', 'eim_R': 16, 'eim_Tmin': 0.00013246974647468452, 'eim_Tratio': 5.476757973912916, 'eim_moves': 52984, 'p_add': 0.0716766437045232, 'p_swap': 0.8407909904010871, 'topw': 11, 'eim_rho': 4.5566719139214715, 'eim_hscale': 0.6218230782016851, 'eim_anneal': 0.7664913525398744, 'eim_eta': 0.23358825194833557, 'g_scale': 1370.4648392849028}. Best is trial 2 with value: -0.14973052655751784.
[F1__eim__b10] trial 3: -0.13212 [-0.10988155362733543, -0.15435183618650816] {"eim_R": 32, "eim_Tmax": 0.00022679302095938696, "eim_Tmin": 2.741773675242096e-06, "eim_anneal": 0.312274067414942, "eim_eta": 0.1233480570086002, "eim_hscale": 0.24365700014641997, "eim_moves": 655
[I 2026-09-28 17:17:13,806] Trial 3 finished with value: -0.1321166949069218 and parameters: {'start': 'pgreedy', 'eim_R': 32, 'eim_Tmin': 2.741773675242096e-06, 'eim_Tratio': 82.71763019949535, 'eim_moves': 65555, 'p_add': 0.030112735814634917, 'p_swap': 0.6799968666320435, 'topw': 19, 'eim_rho': 0.6942729492430144, 'eim_hscale': 0.24365700014641997, 'eim_anneal': 0.312274067414942, 'eim_eta': 0.1233480570086002, 'g_scale': 1381.6356822574794}. Best is trial 2 with value: -0.14973052655751784.
[F1__eim__b10] trial 4: -0.14686 [-0.11862234489982193, -0.17510659816757534] {"eim_R": 16, "eim_Tmax": 0.013323197406244793, "eim_Tmin": 0.0004987435476609301, "eim_anneal": 0.6411080434933271, "eim_eta": 0.23236965081001948, "eim_hscale": 6.742610434179981, "eim_moves": 13350
[I 2026-09-28 17:17:35,746] Trial 4 finished with value: -0.14686447153369864 and parameters: {'start': 'lp', 'eim_R': 16, 'eim_Tmin': 0.0004987435476609301, 'eim_Tratio': 26.713523350286117, 'eim_moves': 133508, 'p_add': 0.4207271306233804, 'p_swap': 0.3782564144063032, 'topw': 4, 'eim_rho': 0.12908945670149974, 'eim_hscale': 6.742610434179981, 'eim_anneal': 0.6411080434933271, 'eim_eta': 0.23236965081001948, 'g_scale': 1453.27196243909}. Best is trial 2 with value: -0.14973052655751784.
[F1__eim__b10] trial 5: -0.14912 [-0.1196388190173191, -0.17859443207641468] {"eim_R": 16, "eim_Tmax": 4.7046732748998884e-05, "eim_Tmin": 2.9038180032521327e-06, "eim_anneal": 0.9556153540439627, "eim_eta": 1.5761932982033324, "eim_hscale": 5.276338475187873, "eim_moves": 482
[I 2026-09-28 17:17:57,867] Trial 5 finished with value: -0.1491166255468669 and parameters: {'start': 'lp', 'eim_R': 16, 'eim_Tmin': 2.9038180032521327e-06, 'eim_Tratio': 16.20168092363532, 'eim_moves': 48206, 'p_add': 0.21747725607858887, 'p_swap': 0.2157770964030835, 'topw': 9, 'eim_rho': 57.388915924662584, 'eim_hscale': 5.276338475187873, 'eim_anneal': 0.9556153540439627, 'eim_eta': 1.5761932982033324, 'g_scale': 1066.2548683756768}. Best is trial 2 with value: -0.14973052655751784.
[F1__eim__b10] trial 6: -0.14789 [-0.11914036639885872, -0.17663180348224405] {"eim_R": 16, "eim_Tmax": 0.23493624582371722, "eim_Tmin": 5.161106531611771e-05, "eim_anneal": 0.5599992800532259, "eim_eta": 0.09916053756640525, "eim_hscale": 5.1956439619754375, "eim_moves": 38346
[I 2026-09-28 17:18:19,871] Trial 6 finished with value: -0.1478860849405514 and parameters: {'start': 'lp', 'eim_R': 16, 'eim_Tmin': 5.161106531611771e-05, 'eim_Tratio': 4552.051859126197, 'eim_moves': 38346, 'p_add': 0.22549484154459695, 'p_swap': 0.46537274181273974, 'topw': 4, 'eim_rho': 1.6773897965542055, 'eim_hscale': 5.1956439619754375, 'eim_anneal': 0.5599992800532259, 'eim_eta': 0.09916053756640525, 'g_scale': 5470.828347571033}. Best is trial 2 with value: -0.14973052655751784.
[F1__eim__b10] trial 7: -0.14763 [-0.11994283819216356, -0.17531193146712198] {"eim_R": 16, "eim_Tmax": 0.0024712106819587704, "eim_Tmin": 3.279711118691455e-05, "eim_anneal": 0.7992661330313624, "eim_eta": 0.021530041252627617, "eim_hscale": 0.2382126214028639, "eim_moves": 37
[I 2026-09-28 17:18:41,723] Trial 7 finished with value: -0.14762738482964277 and parameters: {'start': 'lp', 'eim_R': 16, 'eim_Tmin': 3.279711118691455e-05, 'eim_Tratio': 75.34842528889368, 'eim_moves': 37594, 'p_add': 0.15502681030202012, 'p_swap': 0.7940013736708005, 'topw': 25, 'eim_rho': 141.26197483338572, 'eim_hscale': 0.2382126214028639, 'eim_anneal': 0.7992661330313624, 'eim_eta': 0.021530041252627617, 'g_scale': 137.8224695773061}. Best is trial 2 with value: -0.14973052655751784.
[F1__eim__b10] trial 8: -0.14328 [-0.11608710411508483, -0.17046293528982592] {"eim_R": 16, "eim_Tmax": 0.02091931819668552, "eim_Tmin": 0.00011868799266337023, "eim_anneal": 0.7436258176096252, "eim_eta": 1.358227493972809, "eim_hscale": 0.2051314480603037, "eim_moves": 30813,
[I 2026-09-28 17:19:03,865] Trial 8 finished with value: -0.14327501970245538 and parameters: {'start': 'lp', 'eim_R': 16, 'eim_Tmin': 0.00011868799266337023, 'eim_Tratio': 176.25471395424225, 'eim_moves': 30813, 'p_add': 0.08971842766584243, 'p_swap': 0.8485399733132015, 'topw': 2, 'eim_rho': 40.85457496393755, 'eim_hscale': 0.2051314480603037, 'eim_anneal': 0.7436258176096252, 'eim_eta': 1.358227493972809, 'g_scale': 229.87233718109368}. Best is trial 2 with value: -0.14973052655751784.
[F1__eim__b10] trial 9: -0.14310 [-0.11596260172771788, -0.17024083248305577] {"eim_R": 16, "eim_Tmax": 0.04412351500343946, "eim_Tmin": 0.00020827188679238984, "eim_anneal": 0.9719942231917424, "eim_eta": 0.30362340943985383, "eim_hscale": 0.22984569932818313, "eim_moves": 969
[I 2026-09-28 17:19:25,899] Trial 9 finished with value: -0.14310171710538683 and parameters: {'start': 'lp', 'eim_R': 16, 'eim_Tmin': 0.00020827188679238984, 'eim_Tratio': 211.85535735518056, 'eim_moves': 96916, 'p_add': 0.329610509590732, 'p_swap': 0.20573397698847973, 'topw': 13, 'eim_rho': 240.58174820146084, 'eim_hscale': 0.22984569932818313, 'eim_anneal': 0.9719942231917424, 'eim_eta': 0.30362340943985383, 'g_scale': 3328.687869531856}. Best is trial 2 with value: -0.14973052655751784.
[F1__eim__b10] BEST -0.14973 cfg={"eim_R": 16, "eim_Tmax": 0.0007255047403074508, "eim_Tmin": 0.00013246974647468452, "eim_anneal": 0.7664913525398744, "eim_eta": 0.23358825194833557, "eim_hscale": 0.6218230782016851, "eim_moves": 52984, "eim_rho": 4.5566719139214715, "g_scale": 1370.4648392849028, "p_add": 0.0716766437045232, "p_swap": 0.8407909904010871, "start": "lp", "topw": 11}
[I 2026-09-28 17:19:25,938] A new study created in RDB with name: F1__milp__b10
[F1__milp__b10] trial 0: +0.44588 [-0.10823400157245078, 1.0] {"eps_tie": 0.0, "mip_heuristic_effort": 0.05, "presolve": "on", "start": "lp"}
[I 2026-09-28 17:20:06,840] Trial 0 finished with value: 0.4458829992137746 and parameters: {'start': 'lp', 'presolve': 'on', 'mip_heuristic_effort': 0.05, 'eps_tie': 0.0}. Best is trial 0 with value: 0.4458829992137746.
[F1__milp__b10] trial 1: +0.49959 [-0.000811628552518151, 1.0] {"eps_tie": 0.0, "mip_heuristic_effort": 0.10490756141474163, "presolve": "on", "start": "pgreedy"}
[I 2026-09-28 17:20:46,856] Trial 1 finished with value: 0.4995941857237409 and parameters: {'start': 'pgreedy', 'presolve': 'on', 'mip_heuristic_effort': 0.10490756141474163, 'eps_tie': 0.0}. Best is trial 0 with value: 0.4458829992137746.
[F1__milp__b10] trial 2: -0.14594 [-0.11781433474409053, -0.17406741043778684] {"eps_tie": 0.0001, "mip_heuristic_effort": 0.15834581868043074, "presolve": "off", "start": "pgreedy"}
[I 2026-09-28 17:21:06,261] Trial 2 finished with value: -0.1459408725909387 and parameters: {'start': 'pgreedy', 'presolve': 'off', 'mip_heuristic_effort': 0.15834581868043074, 'eps_tie': 0.0001}. Best is trial 2 with value: -0.1459408725909387.
[F1__milp__b10] trial 3: -0.14641 [-0.11744917204804795, -0.17537662449942804] {"eps_tie": 0.0001, "mip_heuristic_effort": 0.41985078951584265, "presolve": "off", "start": "pgreedy"}
[I 2026-09-28 17:21:24,614] Trial 3 finished with value: -0.146412898273738 and parameters: {'start': 'pgreedy', 'presolve': 'off', 'mip_heuristic_effort': 0.41985078951584265, 'eps_tie': 0.0001}. Best is trial 3 with value: -0.146412898273738.
[F1__milp__b10] trial 4: -0.14475 [-0.11738832390617993, -0.17210463278132992] {"eps_tie": 0.0001, "mip_heuristic_effort": 0.6117180301996844, "presolve": "off", "start": "lp"}
[I 2026-09-28 17:21:45,754] Trial 4 finished with value: -0.14474647834375493 and parameters: {'start': 'lp', 'presolve': 'off', 'mip_heuristic_effort': 0.6117180301996844, 'eps_tie': 0.0001}. Best is trial 3 with value: -0.146412898273738.
[F1__milp__b10] trial 5: +0.49931 [-0.001370560088684969, 1.0] {"eps_tie": 0.0001, "mip_heuristic_effort": 0.4914059552471096, "presolve": "on", "start": "pgreedy"}
[I 2026-09-28 17:22:25,268] Trial 5 finished with value: 0.4993147199556575 and parameters: {'start': 'pgreedy', 'presolve': 'on', 'mip_heuristic_effort': 0.4914059552471096, 'eps_tie': 0.0001}. Best is trial 3 with value: -0.146412898273738.
[F1__milp__b10] trial 6: -0.14603 [-0.11771102582361215, -0.1743424303562352] {"eps_tie": 0.0001, "mip_heuristic_effort": 0.03017874796956039, "presolve": "off", "start": "lp"}
[I 2026-09-28 17:22:43,672] Trial 6 finished with value: -0.14602672808992367 and parameters: {'start': 'lp', 'presolve': 'off', 'mip_heuristic_effort': 0.03017874796956039, 'eps_tie': 0.0001}. Best is trial 3 with value: -0.146412898273738.
[F1__milp__b10] trial 7: -0.14760 [-0.11969309496910585, -0.17550094244630465] {"eps_tie": 0.0, "mip_heuristic_effort": 0.8077206102454388, "presolve": "off", "start": "pgreedy"}
[I 2026-09-28 17:22:58,336] Trial 7 finished with value: -0.14759701870770525 and parameters: {'start': 'pgreedy', 'presolve': 'off', 'mip_heuristic_effort': 0.8077206102454388, 'eps_tie': 0.0}. Best is trial 7 with value: -0.14759701870770525.
[F1__milp__b10] trial 8: -0.14569 [-0.11806053341519285, -0.17332843415285137] {"eps_tie": 0.0, "mip_heuristic_effort": 0.0247828031863947, "presolve": "off", "start": "pgreedy"}
[I 2026-09-28 17:23:13,119] Trial 8 finished with value: -0.1456944837840221 and parameters: {'start': 'pgreedy', 'presolve': 'off', 'mip_heuristic_effort': 0.0247828031863947, 'eps_tie': 0.0}. Best is trial 7 with value: -0.14759701870770525.
[F1__milp__b10] trial 9: -0.14431 [-0.1184631354412441, -0.1701630965006865] {"eps_tie": 0.0, "mip_heuristic_effort": 0.6151716512607516, "presolve": "off", "start": "pgreedy"}
[I 2026-09-28 17:23:27,938] Trial 9 finished with value: -0.1443131159709653 and parameters: {'start': 'pgreedy', 'presolve': 'off', 'mip_heuristic_effort': 0.6151716512607516, 'eps_tie': 0.0}. Best is trial 7 with value: -0.14759701870770525.
[F1__milp__b10] BEST -0.14760 cfg={"eps_tie": 0.0, "mip_heuristic_effort": 0.8077206102454388, "presolve": "off", "start": "pgreedy"}
[I 2026-09-28 17:23:27,985] A new study created in RDB with name: F1__cpsat__b10
[F1__cpsat__b10] trial 0: -0.13219 [-0.11180402999311201, -0.1525759081060809] {"cp_model_presolve": true, "linearization_level": 1, "repair_hint": false, "start": "lp"}
[I 2026-09-28 17:23:45,747] Trial 0 finished with value: -0.13218996904959646 and parameters: {'start': 'lp', 'linearization_level': 1, 'repair_hint': False, 'cp_model_presolve': True}. Best is trial 0 with value: -0.13218996904959646.
[F1__cpsat__b10] trial 1: -0.02075 [-0.039883077046227955, -0.0016238100171348524] {"cp_model_presolve": true, "linearization_level": 1, "repair_hint": false, "start": "pgreedy"}
[I 2026-09-28 17:24:05,611] Trial 1 finished with value: -0.020753443531681404 and parameters: {'start': 'pgreedy', 'linearization_level': 1, 'repair_hint': False, 'cp_model_presolve': True}. Best is trial 0 with value: -0.13218996904959646.
[F1__cpsat__b10] trial 2: -0.11120 [-0.10750795918064493, -0.11489661412469432] {"cp_model_presolve": false, "linearization_level": 1, "repair_hint": false, "start": "pgreedy"}
[I 2026-09-28 17:24:23,869] Trial 2 finished with value: -0.11120228665266962 and parameters: {'start': 'pgreedy', 'linearization_level': 1, 'repair_hint': False, 'cp_model_presolve': False}. Best is trial 0 with value: -0.13218996904959646.
[F1__cpsat__b10] trial 3: -0.08904 [-0.07993075422379636, -0.09814678312406133] {"cp_model_presolve": false, "linearization_level": 0, "repair_hint": false, "start": "pgreedy"}
[I 2026-09-28 17:24:43,786] Trial 3 finished with value: -0.08903876867392885 and parameters: {'start': 'pgreedy', 'linearization_level': 0, 'repair_hint': False, 'cp_model_presolve': False}. Best is trial 0 with value: -0.13218996904959646.
[F1__cpsat__b10] trial 4: -0.13219 [-0.11180402999311201, -0.1525759081060809] {"cp_model_presolve": true, "linearization_level": 2, "repair_hint": false, "start": "lp"}
[I 2026-09-28 17:25:01,347] Trial 4 finished with value: -0.13218996904959646 and parameters: {'start': 'lp', 'linearization_level': 2, 'repair_hint': False, 'cp_model_presolve': True}. Best is trial 0 with value: -0.13218996904959646.
[F1__cpsat__b10] trial 5: -0.13219 [-0.11180402999311201, -0.1525759081060809] {"cp_model_presolve": true, "linearization_level": 0, "repair_hint": true, "start": "lp"}
[I 2026-09-28 17:25:18,923] Trial 5 finished with value: -0.13218996904959646 and parameters: {'start': 'lp', 'linearization_level': 0, 'repair_hint': True, 'cp_model_presolve': True}. Best is trial 0 with value: -0.13218996904959646.
Check failed: heuristics.fixed_search != nullptr 
*** Check failure stack trace: ***
[F1__cpsat__b10] trial 6: +0.44119 [-0.11762987035284356, 1.0] {"cp_model_presolve": false, "linearization_level": 2, "repair_hint": true, "start": "lp"}
[I 2026-09-28 17:25:36,662] Trial 6 finished with value: 0.4411850648235782 and parameters: {'start': 'lp', 'linearization_level': 2, 'repair_hint': True, 'cp_model_presolve': False}. Best is trial 0 with value: -0.13218996904959646.
[F1__cpsat__b10] trial 7: -0.13219 [-0.11180402999311201, -0.1525759081060809] {"cp_model_presolve": true, "linearization_level": 0, "repair_hint": false, "start": "lp"}
[I 2026-09-28 17:25:54,417] Trial 7 finished with value: -0.13218996904959646 and parameters: {'start': 'lp', 'linearization_level': 0, 'repair_hint': False, 'cp_model_presolve': True}. Best is trial 0 with value: -0.13218996904959646.
[F1__cpsat__b10] trial 8: -0.14471 [-0.11707042190285011, -0.17235043649163873] {"cp_model_presolve": false, "linearization_level": 1, "repair_hint": false, "start": "lp"}
[I 2026-09-28 17:26:12,131] Trial 8 finished with value: -0.14471042919724442 and parameters: {'start': 'lp', 'linearization_level': 1, 'repair_hint': False, 'cp_model_presolve': False}. Best is trial 8 with value: -0.14471042919724442.
[F1__cpsat__b10] trial 9: -0.14566 [-0.1176403563190388, -0.17368260614538877] {"cp_model_presolve": false, "linearization_level": 1, "repair_hint": false, "start": "lp"}
[I 2026-09-28 17:26:29,692] Trial 9 finished with value: -0.14566148123221379 and parameters: {'start': 'lp', 'linearization_level': 1, 'repair_hint': False, 'cp_model_presolve': False}. Best is trial 9 with value: -0.14566148123221379.
[F1__cpsat__b10] BEST -0.14566 cfg={"cp_model_presolve": false, "linearization_level": 1, "repair_hint": false, "start": "lp"}
[I 2026-09-28 17:26:29,723] A new study created in RDB with name: F1__hlns__b10
[F1__hlns__b10] trial 0: -0.13819 [-0.11491836195325278, -0.16145182195106134] {"eim_R": 8, "eim_Tmax": 0.003, "eim_Tmin": 1e-06, "eim_moves": 20000, "hl_frac_sel": 0.5, "hl_nmax": 3000, "hl_p_block": 0.3, "hl_p_milp": 0.0, "hl_q": 8, "hl_slice": 0.25, "start": "lp"}
[I 2026-09-28 17:26:51,433] Trial 0 finished with value: -0.13818509195215706 and parameters: {'start': 'lp', 'hl_nmax': 3000, 'hl_slice': 0.25, 'hl_q': 8, 'hl_p_block': 0.3, 'hl_frac_sel': 0.5, 'hl_p_milp': 0.0, 'eim_R': 8, 'eim_Tmin': 1e-06, 'eim_Tratio': 3000.0, 'eim_moves': 20000}. Best is trial 0 with value: -0.13818509195215706.
[F1__hlns__b10] trial 1: -0.04735 [-0.03656079803814971, -0.05813093780301448] {"eim_R": 4, "eim_Tmax": 0.003294499661706162, "eim_Tmin": 1.3049073550362386e-05, "eim_moves": 74745, "hl_frac_sel": 0.25119498706364835, "hl_nmax": 2170, "hl_p_block": 0.5167152904533249, "hl_p_milp
[I 2026-09-28 17:27:13,145] Trial 1 finished with value: -0.047345867920582096 and parameters: {'start': 'pgreedy', 'hl_nmax': 2170, 'hl_slice': 0.37316899400505027, 'hl_q': 6, 'hl_p_block': 0.5167152904533249, 'hl_frac_sel': 0.25119498706364835, 'hl_p_milp': 0.2675319002346239, 'eim_R': 4, 'eim_Tmin': 1.3049073550362386e-05, 'eim_Tratio': 252.47000478548688, 'eim_moves': 74745}. Best is trial 0 with value: -0.13818509195215706.
[F1__hlns__b10] trial 2: -0.03456 [-0.024826263416775518, -0.04429907559022972] {"eim_R": 8, "eim_Tmax": 0.00024602179969746214, "eim_Tmin": 3.628140404024378e-05, "eim_moves": 80536, "hl_frac_sel": 1.8483120598659897, "hl_nmax": 320, "hl_p_block": 0.6960097185974554, "hl_p_milp"
[I 2026-09-28 17:27:34,865] Trial 2 finished with value: -0.03456266950350262 and parameters: {'start': 'pgreedy', 'hl_nmax': 320, 'hl_slice': 1.0786410564546558, 'hl_q': 16, 'hl_p_block': 0.6960097185974554, 'hl_frac_sel': 1.8483120598659897, 'hl_p_milp': 0.23974756926501706, 'eim_R': 8, 'eim_Tmin': 3.628140404024378e-05, 'eim_Tratio': 6.780933820107175, 'eim_moves': 80536}. Best is trial 0 with value: -0.13818509195215706.
[F1__hlns__b10] trial 3: -0.13631 [-0.11371269737523748, -0.1589085212201321] {"eim_R": 16, "eim_Tmax": 0.0022809729374061983, "eim_Tmin": 5.336803302756711e-05, "eim_moves": 11053, "hl_frac_sel": 0.05358859760545354, "hl_nmax": 714, "hl_p_block": 0.4547471590949188, "hl_p_milp
[I 2026-09-28 17:27:56,688] Trial 3 finished with value: -0.1363106092976848 and parameters: {'start': 'lp', 'hl_nmax': 714, 'hl_slice': 0.8696386278445376, 'hl_q': 6, 'hl_p_block': 0.4547471590949188, 'hl_frac_sel': 0.05358859760545354, 'hl_p_milp': 0.1852906491227631, 'eim_R': 16, 'eim_Tmin': 5.336803302756711e-05, 'eim_Tratio': 42.740434825993454, 'eim_moves': 11053}. Best is trial 0 with value: -0.13818509195215706.
[F1__hlns__b10] trial 4: -0.13872 [-0.1143441445367861, -0.1630968733440099] {"eim_R": 8, "eim_Tmax": 0.008011355863608797, "eim_Tmin": 1.2344819320729512e-06, "eim_moves": 6598, "hl_frac_sel": 0.40395860098418684, "hl_nmax": 2272, "hl_p_block": 0.05751986868961895, "hl_p_milp
[I 2026-09-28 17:28:18,415] Trial 4 finished with value: -0.138720508940398 and parameters: {'start': 'lp', 'hl_nmax': 2272, 'hl_slice': 0.9259960792591326, 'hl_q': 15, 'hl_p_block': 0.05751986868961895, 'hl_frac_sel': 0.40395860098418684, 'hl_p_milp': 0.21702967139742327, 'eim_R': 8, 'eim_Tmin': 1.2344819320729512e-06, 'eim_Tratio': 6489.650156447466, 'eim_moves': 6598}. Best is trial 4 with value: -0.138720508940398.
[F1__hlns__b10] trial 5: -0.13555 [-0.11033333631174214, -0.16075987481749] {"eim_R": 8, "eim_Tmax": 5.793475874104928e-06, "eim_Tmin": 3.9208214167899065e-07, "eim_moves": 3644, "hl_frac_sel": 1.8790491396530897, "hl_nmax": 6568, "hl_p_block": 0.1889267903162376, "hl_p_milp"
[I 2026-09-28 17:28:40,187] Trial 5 finished with value: -0.13554660556461606 and parameters: {'start': 'lp', 'hl_nmax': 6568, 'hl_slice': 1.5481078287156222, 'hl_q': 10, 'hl_p_block': 0.1889267903162376, 'hl_frac_sel': 1.8790491396530897, 'hl_p_milp': 0.2662340583262359, 'eim_R': 8, 'eim_Tmin': 3.9208214167899065e-07, 'eim_Tratio': 14.776178913163099, 'eim_moves': 3644}. Best is trial 4 with value: -0.138720508940398.
[F1__hlns__b10] trial 6: -0.13534 [-0.11346782791111742, -0.15720250335203612] {"eim_R": 8, "eim_Tmax": 9.743771432792573e-05, "eim_Tmin": 5.094376884806586e-07, "eim_moves": 4932, "hl_frac_sel": 1.245245382673479, "hl_nmax": 1586, "hl_p_block": 0.13900799821383697, "hl_p_milp":
[I 2026-09-28 17:29:01,877] Trial 6 finished with value: -0.13533516563157677 and parameters: {'start': 'lp', 'hl_nmax': 1586, 'hl_slice': 1.2638745229913981, 'hl_q': 2, 'hl_p_block': 0.13900799821383697, 'hl_frac_sel': 1.245245382673479, 'hl_p_milp': 0.07498454774008419, 'eim_R': 8, 'eim_Tmin': 5.094376884806586e-07, 'eim_Tratio': 191.26522542633805, 'eim_moves': 4932}. Best is trial 4 with value: -0.138720508940398.
[F1__hlns__b10] trial 7: -0.13558 [-0.11472525771661912, -0.1564250689972052] {"eim_R": 8, "eim_Tmax": 1.280248970566445e-05, "eim_Tmin": 3.896419357017322e-07, "eim_moves": 4761, "hl_frac_sel": 0.14825222055770715, "hl_nmax": 708, "hl_p_block": 0.5584046065728129, "hl_p_milp":
[I 2026-09-28 17:29:23,529] Trial 7 finished with value: -0.13557516335691217 and parameters: {'start': 'lp', 'hl_nmax': 708, 'hl_slice': 1.680526157690484, 'hl_q': 6, 'hl_p_block': 0.5584046065728129, 'hl_frac_sel': 0.14825222055770715, 'hl_p_milp': 0.25616192486093003, 'eim_R': 8, 'eim_Tmin': 3.896419357017322e-07, 'eim_Tratio': 32.857063197285456, 'eim_moves': 4761}. Best is trial 4 with value: -0.138720508940398.
[F1__hlns__b10] trial 8: -0.13970 [-0.11599354271247853, -0.16340334540489387] {"eim_R": 8, "eim_Tmax": 5.504103655676379e-05, "eim_Tmin": 5.599668416030328e-07, "eim_moves": 36632, "hl_frac_sel": 1.1778115524924693, "hl_nmax": 4485, "hl_p_block": 0.29046821963088276, "hl_p_milp
[I 2026-09-28 17:29:45,421] Trial 8 finished with value: -0.1396984440586862 and parameters: {'start': 'lp', 'hl_nmax': 4485, 'hl_slice': 0.06451219192567251, 'hl_q': 11, 'hl_p_block': 0.29046821963088276, 'hl_frac_sel': 1.1778115524924693, 'hl_p_milp': 0.28415144243150015, 'eim_R': 8, 'eim_Tmin': 5.599668416030328e-07, 'eim_Tratio': 98.29338537116998, 'eim_moves': 36632}. Best is trial 8 with value: -0.1396984440586862.
[F1__hlns__b10] trial 9: -0.14066 [-0.11651163805634812, -0.16481735025388922] {"eim_R": 8, "eim_Tmax": 0.002149211332011167, "eim_Tmin": 2.742194550436767e-06, "eim_moves": 28133, "hl_frac_sel": 1.4390612928037052, "hl_nmax": 2899, "hl_p_block": 0.035120747192818935, "hl_p_milp
[I 2026-09-28 17:30:07,114] Trial 9 finished with value: -0.14066449415511867 and parameters: {'start': 'lp', 'hl_nmax': 2899, 'hl_slice': 0.1354209346186694, 'hl_q': 13, 'hl_p_block': 0.035120747192818935, 'hl_frac_sel': 1.4390612928037052, 'hl_p_milp': 0.28955460282642714, 'eim_R': 8, 'eim_Tmin': 2.742194550436767e-06, 'eim_Tratio': 783.7559635106298, 'eim_moves': 28133}. Best is trial 9 with value: -0.14066449415511867.
[F1__hlns__b10] BEST -0.14066 cfg={"eim_R": 8, "eim_Tmax": 0.002149211332011167, "eim_Tmin": 2.742194550436767e-06, "eim_moves": 28133, "hl_frac_sel": 1.4390612928037052, "hl_nmax": 2899, "hl_p_block": 0.035120747192818935, "hl_p_milp": 0.28955460282642714, "hl_q": 13, "hl_slice": 0.1354209346186694, "start": "lp"}
[I 2026-09-28 17:30:07,150] A new study created in RDB with name: F1__lp__b10
[F1__lp__b10] trial 0: -0.13022 [-0.10787253111802741, -0.1525759081060809] {"lexi": false}
[I 2026-09-28 17:30:10,698] Trial 0 finished with value: -0.13022421961205416 and parameters: {'start': 'pgreedy', 'lexi': False}. Best is trial 0 with value: -0.13022421961205416.
[F1__lp__b10] trial 1: +0.42349 [1.0, -0.15301862309675196] {"lexi": true}
[I 2026-09-28 17:30:29,648] Trial 1 finished with value: 0.423490688451624 and parameters: {'start': 'lp', 'lexi': True}. Best is trial 0 with value: -0.13022421961205416.
[F1__lp__b10] trial 2: -0.13127 [-0.1099707581848327, -0.15257590810608057] {"lexi": false}
[I 2026-09-28 17:30:33,044] Trial 2 finished with value: -0.13127333314545664 and parameters: {'start': 'pgreedy', 'lexi': False}. Best is trial 2 with value: -0.13127333314545664.
[F1__lp__b10] trial 3: -0.12706 [-0.1011033230248416, -0.15301862309675196] {"lexi": true}
[I 2026-09-28 17:30:51,137] Trial 3 finished with value: -0.12706097306079678 and parameters: {'start': 'lp', 'lexi': True}. Best is trial 2 with value: -0.13127333314545664.
[F1__lp__b10] trial 4: -0.13161 [-0.11064584764230756, -0.1525759081060809] {"lexi": false}
[I 2026-09-28 17:30:54,799] Trial 4 finished with value: -0.13161087787419423 and parameters: {'start': 'pgreedy', 'lexi': False}. Best is trial 4 with value: -0.13161087787419423.
[F1__lp__b10] trial 5: -0.12842 [-0.10382819733909054, -0.15301862309675196] {"lexi": true}
[I 2026-09-28 17:31:12,925] Trial 5 finished with value: -0.12842341021792125 and parameters: {'start': 'pgreedy', 'lexi': True}. Best is trial 4 with value: -0.13161087787419423.
[F1__lp__b10] trial 6: -0.13172 [-0.11086154839764473, -0.15257590810608057] {"lexi": false}
[I 2026-09-28 17:31:16,314] Trial 6 finished with value: -0.13171872825186265 and parameters: {'start': 'lp', 'lexi': False}. Best is trial 6 with value: -0.13171872825186265.
[F1__lp__b10] trial 7: -0.13172 [-0.11086029303549494, -0.15257590810608057] {"lexi": false}
[I 2026-09-28 17:31:19,844] Trial 7 finished with value: -0.13171810057078776 and parameters: {'start': 'lp', 'lexi': False}. Best is trial 6 with value: -0.13171872825186265.
[F1__lp__b10] trial 8: -0.13086 [-0.10914325299335426, -0.1525759081060809] {"lexi": false}
[I 2026-09-28 17:31:23,472] Trial 8 finished with value: -0.13085958054971758 and parameters: {'start': 'lp', 'lexi': False}. Best is trial 6 with value: -0.13171872825186265.
[F1__lp__b10] trial 9: -0.13101 [-0.10944225071959979, -0.1525759081060809] {"lexi": false}
[I 2026-09-28 17:31:26,811] Trial 9 finished with value: -0.13100907941284035 and parameters: {'start': 'lp', 'lexi': False}. Best is trial 6 with value: -0.13171872825186265.
[F1__lp__b10] BEST -0.13172 cfg={"lexi": false}
[I 2026-09-28 17:31:26,851] A new study created in RDB with name: F1__sb__b10
[F1__sb__b10] trial 0: -0.13022 [-0.10787253111802741, -0.1525759081060809] {"sb_agents": 32, "sb_alpha_floor": 0.0, "sb_dt": 1.0, "sb_eta": 0.5, "sb_eta_mu": 1.0, "sb_heat": 0.06, "sb_steps": 400, "sb_tau_frac": 0.97, "sb_variant": "ballistic", "sb_warm": 0.0, "sb_xi": 0.7, 
[I 2026-09-28 17:31:51,521] Trial 0 finished with value: -0.13022421961205416 and parameters: {'start': 'lp', 'sb_agents': 32, 'sb_steps': 400, 'sb_dt': 1.0, 'sb_variant': 'ballistic', 'sb_heat': 0.06, 'sb_xi': 0.7, 'sb_warm': 0.0, 'sb_eta_mu': 1.0, 'sb_alpha_floor': 0.0, 'sb_tau_frac': 0.97, 'sb_eta': 0.5}. Best is trial 0 with value: -0.13022421961205416.
[F1__sb__b10] trial 1: +0.00000 [0.0, 0.0] {"sb_agents": 64, "sb_alpha_floor": 0.017425859940308142, "sb_dt": 1.3593049010167038, "sb_eta": 2.3131814207377923, "sb_eta_mu": 0.0163345876110695, "sb_heat": 0.060428515788450606, "sb_steps": 250, 
[I 2026-09-28 17:32:15,798] Trial 1 finished with value: 0.0 and parameters: {'start': 'pgreedy', 'sb_agents': 64, 'sb_steps': 250, 'sb_dt': 1.3593049010167038, 'sb_variant': 'ballistic', 'sb_heat': 0.060428515788450606, 'sb_xi': 0.5117279648784191, 'sb_warm': 0.8793168063780279, 'sb_eta_mu': 0.0163345876110695, 'sb_alpha_floor': 0.017425859940308142, 'sb_tau_frac': 0.9020218397440326, 'sb_eta': 2.3131814207377923}. Best is trial 0 with value: -0.13022421961205416.
[F1__sb__b10] trial 2: +0.00000 [0.0, 0.0] {"sb_agents": 8, "sb_alpha_floor": 0.1136867897737297, "sb_dt": 1.031897327725781, "sb_eta": 0.8594903371659688, "sb_eta_mu": 0.23358825194833557, "sb_heat": 0.040973773756855375, "sb_steps": 77, "sb_
[I 2026-09-28 17:32:39,877] Trial 2 finished with value: 0.0 and parameters: {'start': 'pgreedy', 'sb_agents': 8, 'sb_steps': 77, 'sb_dt': 1.031897327725781, 'sb_variant': 'discrete', 'sb_heat': 0.040973773756855375, 'sb_xi': 0.14770319740236926, 'sb_warm': 0.7355220049625057, 'sb_eta_mu': 0.23358825194833557, 'sb_alpha_floor': 0.1136867897737297, 'sb_tau_frac': 0.9018789800436355, 'sb_eta': 0.8594903371659688}. Best is trial 0 with value: -0.13022421961205416.
[F1__sb__b10] trial 3: +0.00000 [0.0, 0.0] {"sb_agents": 8, "sb_alpha_floor": 0.08772030269246407, "sb_dt": 0.2782931131180508, "sb_eta": 0.07999440746315747, "sb_eta_mu": 0.513558960650023, "sb_heat": 0.015503857733727292, "sb_steps": 654, "s
[I 2026-09-28 17:33:04,257] Trial 3 finished with value: 0.0 and parameters: {'start': 'pgreedy', 'sb_agents': 8, 'sb_steps': 654, 'sb_dt': 0.2782931131180508, 'sb_variant': 'discrete', 'sb_heat': 0.015503857733727292, 'sb_xi': 0.18190696204307705, 'sb_warm': 0.3455252323954915, 'sb_eta_mu': 0.513558960650023, 'sb_alpha_floor': 0.08772030269246407, 'sb_tau_frac': 0.9988373838059226, 'sb_eta': 0.07999440746315747}. Best is trial 0 with value: -0.13022421961205416.
[F1__sb__b10] trial 4: -0.13191 [-0.11125100604353466, -0.1525759081060809] {"sb_agents": 32, "sb_alpha_floor": 0.12790764691351628, "sb_dt": 0.9781366314927988, "sb_eta": 1.1053939319688928, "sb_eta_mu": 6.38817009093146, "sb_heat": 0.06306448033812095, "sb_steps": 361, "sb_
[I 2026-09-28 17:33:28,840] Trial 4 finished with value: -0.13191345707480778 and parameters: {'start': 'lp', 'sb_agents': 32, 'sb_steps': 361, 'sb_dt': 0.9781366314927988, 'sb_variant': 'ballistic', 'sb_heat': 0.06306448033812095, 'sb_xi': 0.31896357793988156, 'sb_warm': 0.24073122565136285, 'sb_eta_mu': 6.38817009093146, 'sb_alpha_floor': 0.12790764691351628, 'sb_tau_frac': 0.9592088870691005, 'sb_eta': 1.1053939319688928}. Best is trial 4 with value: -0.13191345707480778.
[F1__sb__b10] trial 5: +0.42371 [1.0, -0.15257590810608057] {"sb_agents": 32, "sb_alpha_floor": 0.19780234417617237, "sb_dt": 0.6436723047760182, "sb_eta": 3.814570612061276, "sb_eta_mu": 0.08241374531341575, "sb_heat": 0.011530597063250929, "sb_steps": 626, "
[I 2026-09-28 17:33:54,138] Trial 5 finished with value: 0.4237120459469597 and parameters: {'start': 'lp', 'sb_agents': 32, 'sb_steps': 626, 'sb_dt': 0.6436723047760182, 'sb_variant': 'ballistic', 'sb_heat': 0.011530597063250929, 'sb_xi': 0.25081528474748704, 'sb_warm': 0.2612112560393884, 'sb_eta_mu': 0.08241374531341575, 'sb_alpha_floor': 0.19780234417617237, 'sb_tau_frac': 0.9914161811132042, 'sb_eta': 3.814570612061276}. Best is trial 4 with value: -0.13191345707480778.
[F1__sb__b10] trial 6: -0.13217 [-0.11176238150765905, -0.15257590810608057] {"sb_agents": 32, "sb_alpha_floor": 0.19397546899179888, "sb_dt": 1.4232321618458184, "sb_eta": 0.0965605178058406, "sb_eta_mu": 4.719399631690194, "sb_heat": 0.0125536250820598, "sb_steps": 1432, "sb
[I 2026-09-28 17:34:19,089] Trial 6 finished with value: -0.1321691448068698 and parameters: {'start': 'lp', 'sb_agents': 32, 'sb_steps': 1432, 'sb_dt': 1.4232321618458184, 'sb_variant': 'ballistic', 'sb_heat': 0.0125536250820598, 'sb_xi': 0.07953090488826875, 'sb_warm': 0.10136029824871645, 'sb_eta_mu': 4.719399631690194, 'sb_alpha_floor': 0.19397546899179888, 'sb_tau_frac': 0.9386113363824448, 'sb_eta': 0.0965605178058406}. Best is trial 6 with value: -0.1321691448068698.
[F1__sb__b10] trial 7: -0.13091 [-0.10908100179967295, -0.15274688254860602] {"sb_agents": 32, "sb_alpha_floor": 0.10495505384946222, "sb_dt": 0.2160066056566079, "sb_eta": 1.2217235389541414, "sb_eta_mu": 0.1904447617876336, "sb_heat": 0.02663989797176289, "sb_steps": 507, "s
[I 2026-09-28 17:34:43,189] Trial 7 finished with value: -0.13091394217413949 and parameters: {'start': 'lp', 'sb_agents': 32, 'sb_steps': 507, 'sb_dt': 0.2160066056566079, 'sb_variant': 'ballistic', 'sb_heat': 0.02663989797176289, 'sb_xi': 0.0787719113682172, 'sb_warm': 0.7669725518987822, 'sb_eta_mu': 0.1904447617876336, 'sb_alpha_floor': 0.10495505384946222, 'sb_tau_frac': 0.942607649775167, 'sb_eta': 1.2217235389541414}. Best is trial 6 with value: -0.1321691448068698.
[F1__sb__b10] trial 8: -0.13147 [-0.11036723108979618, -0.1525759081060809] {"sb_agents": 32, "sb_alpha_floor": 0.16222436059873674, "sb_dt": 1.1147401893109368, "sb_eta": 3.818519028925482, "sb_eta_mu": 0.03309945815403003, "sb_heat": 0.014737208286711916, "sb_steps": 707, "
[I 2026-09-28 17:35:07,330] Trial 8 finished with value: -0.13147156959793854 and parameters: {'start': 'lp', 'sb_agents': 32, 'sb_steps': 707, 'sb_dt': 1.1147401893109368, 'sb_variant': 'ballistic', 'sb_heat': 0.014737208286711916, 'sb_xi': 1.7943789966474426, 'sb_warm': 0.5132551063363158, 'sb_eta_mu': 0.03309945815403003, 'sb_alpha_floor': 0.16222436059873674, 'sb_tau_frac': 0.9337928836995604, 'sb_eta': 3.818519028925482}. Best is trial 6 with value: -0.1321691448068698.
[F1__sb__b10] trial 9: -0.13101 [-0.10944225071959979, -0.1525759081060809] {"sb_agents": 32, "sb_alpha_floor": 0.12937050425834662, "sb_dt": 0.5105651450466572, "sb_eta": 0.16449703914336528, "sb_eta_mu": 0.22309198379998565, "sb_heat": 0.018437433346967267, "sb_steps": 1871
[I 2026-09-28 17:35:31,503] Trial 9 finished with value: -0.13100907941284035 and parameters: {'start': 'lp', 'sb_agents': 32, 'sb_steps': 1871, 'sb_dt': 0.5105651450466572, 'sb_variant': 'ballistic', 'sb_heat': 0.018437433346967267, 'sb_xi': 2.0307216047275527, 'sb_warm': 0.2606713043127498, 'sb_eta_mu': 0.22309198379998565, 'sb_alpha_floor': 0.12937050425834662, 'sb_tau_frac': 0.9470181330689641, 'sb_eta': 0.16449703914336528}. Best is trial 6 with value: -0.1321691448068698.
[F1__sb__b10] BEST -0.13217 cfg={"sb_agents": 32, "sb_alpha_floor": 0.19397546899179888, "sb_dt": 1.4232321618458184, "sb_eta": 0.0965605178058406, "sb_eta_mu": 4.719399631690194, "sb_heat": 0.0125536250820598, "sb_steps": 1432, "sb_tau_frac": 0.9386113363824448, "sb_variant": "ballistic", "sb_warm": 0.10136029824871645, "sb_xi": 0.07953090488826875, "start": "lp"}
[I 2026-09-28 17:35:31,535] A new study created in RDB with name: F1__mq__b10
[F1__mq__b10] trial 0: -0.13788 [-0.11274451777810846, -0.16302413094823587] {"mq_dt": 1.0, "mq_iters": 300, "mq_ksamp": 4, "mq_nmax": 800, "mq_pen": 0.05, "mq_q": 6, "mq_reads": 16, "mq_solver": "mq_dsb", "mq_xi": 0.5, "start": "lp"}
[I 2026-09-28 17:35:54,249] Trial 0 finished with value: -0.13788432436317216 and parameters: {'start': 'lp', 'mq_solver': 'mq_dsb', 'mq_nmax': 800, 'mq_reads': 16, 'mq_iters': 300, 'mq_dt': 1.0, 'mq_xi': 0.5, 'mq_pen': 0.05, 'mq_q': 6, 'mq_ksamp': 4}. Best is trial 0 with value: -0.13788432436317216.
[F1__mq__b10] trial 1: -0.02839 [-0.020889373868927863, -0.03588070843342095] {"mq_dt": 1.1646313382487206, "mq_iters": 405, "mq_ksamp": 7, "mq_nmax": 1119, "mq_pen": 0.001825525480239901, "mq_q": 2, "mq_reads": 4, "mq_solver": "dwave_sa", "mq_xi": 0.06687793579777104, "start":
[I 2026-09-28 17:36:16,001] Trial 1 finished with value: -0.028385041151174406 and parameters: {'start': 'pgreedy', 'mq_solver': 'dwave_sa', 'mq_nmax': 1119, 'mq_reads': 4, 'mq_iters': 405, 'mq_dt': 1.1646313382487206, 'mq_xi': 0.06687793579777104, 'mq_pen': 0.001825525480239901, 'mq_q': 2, 'mq_ksamp': 7}. Best is trial 0 with value: -0.13788432436317216.
[F1__mq__b10] trial 2: -0.04075 [-0.05102072388760048, -0.03047966007836178] {"mq_dt": 0.6959964799137436, "mq_iters": 132, "mq_ksamp": 5, "mq_nmax": 565, "mq_pen": 0.05073432032394333, "mq_q": 2, "mq_reads": 8, "mq_solver": "mq_bsb", "mq_xi": 0.3236490137439119, "start": "pgr
[I 2026-09-28 17:36:38,468] Trial 2 finished with value: -0.04075019198298113 and parameters: {'start': 'pgreedy', 'mq_solver': 'mq_bsb', 'mq_nmax': 565, 'mq_reads': 8, 'mq_iters': 132, 'mq_dt': 0.6959964799137436, 'mq_xi': 0.3236490137439119, 'mq_pen': 0.05073432032394333, 'mq_q': 2, 'mq_ksamp': 5}. Best is trial 0 with value: -0.13788432436317216.
[F1__mq__b10] trial 3: -0.06074 [-0.048062869127241115, -0.07341645543298281] {"mq_dt": 0.17227208685390633, "mq_iters": 159, "mq_ksamp": 1, "mq_nmax": 117, "mq_pen": 0.02069209865653834, "mq_q": 31, "mq_reads": 8, "mq_solver": "mq_bsb", "mq_xi": 0.5162571798019395, "start": "p
[I 2026-09-28 17:37:00,839] Trial 3 finished with value: -0.06073966228011196 and parameters: {'start': 'pgreedy', 'mq_solver': 'mq_bsb', 'mq_nmax': 117, 'mq_reads': 8, 'mq_iters': 159, 'mq_dt': 0.17227208685390633, 'mq_xi': 0.5162571798019395, 'mq_pen': 0.02069209865653834, 'mq_q': 31, 'mq_ksamp': 1}. Best is trial 0 with value: -0.13788432436317216.
[F1__mq__b10] trial 4: -0.13648 [-0.11435677200312011, -0.15860778805727838] {"mq_dt": 0.6127962401986928, "mq_iters": 392, "mq_ksamp": 6, "mq_nmax": 1274, "mq_pen": 0.045791260232899984, "mq_q": 7, "mq_reads": 16, "mq_solver": "mq_dsb", "mq_xi": 0.507938059290821, "start": "l
[I 2026-09-28 17:37:23,462] Trial 4 finished with value: -0.13648228003019924 and parameters: {'start': 'lp', 'mq_solver': 'mq_dsb', 'mq_nmax': 1274, 'mq_reads': 16, 'mq_iters': 392, 'mq_dt': 0.6127962401986928, 'mq_xi': 0.507938059290821, 'mq_pen': 0.045791260232899984, 'mq_q': 7, 'mq_ksamp': 6}. Best is trial 0 with value: -0.13788432436317216.
[F1__mq__b10] trial 5: -0.13443 [-0.10975454051567046, -0.1591090845265144] {"mq_dt": 1.0556925918889197, "mq_iters": 468, "mq_ksamp": 1, "mq_nmax": 508, "mq_pen": 0.00869796099948597, "mq_q": 2, "mq_reads": 16, "mq_solver": "mq_dsb", "mq_xi": 0.16673484888184587, "start": "l
[I 2026-09-28 17:37:45,943] Trial 5 finished with value: -0.13443181252109243 and parameters: {'start': 'lp', 'mq_solver': 'mq_dsb', 'mq_nmax': 508, 'mq_reads': 16, 'mq_iters': 468, 'mq_dt': 1.0556925918889197, 'mq_xi': 0.16673484888184587, 'mq_pen': 0.00869796099948597, 'mq_q': 2, 'mq_ksamp': 1}. Best is trial 0 with value: -0.13788432436317216.
[F1__mq__b10] trial 6: -0.13354 [-0.11360569621313965, -0.1534815360272358] {"mq_dt": 1.3970660253002645, "mq_iters": 1072, "mq_ksamp": 5, "mq_nmax": 191, "mq_pen": 0.17189342528042645, "mq_q": 9, "mq_reads": 16, "mq_solver": "mq_dsb", "mq_xi": 2.555158124901922, "start": "lp
[I 2026-09-28 17:38:08,573] Trial 6 finished with value: -0.13354361612018772 and parameters: {'start': 'lp', 'mq_solver': 'mq_dsb', 'mq_nmax': 191, 'mq_reads': 16, 'mq_iters': 1072, 'mq_dt': 1.3970660253002645, 'mq_xi': 2.555158124901922, 'mq_pen': 0.17189342528042645, 'mq_q': 9, 'mq_ksamp': 5}. Best is trial 0 with value: -0.13788432436317216.
[F1__mq__b10] trial 7: -0.13891 [-0.1161434477221791, -0.16167757678384542] {"mq_dt": 0.06526542706084622, "mq_iters": 910, "mq_ksamp": 7, "mq_nmax": 514, "mq_pen": 0.001344312143528808, "mq_q": 2, "mq_reads": 16, "mq_solver": "mq_dsb", "mq_xi": 0.15316981598941554, "start": 
[I 2026-09-28 17:38:31,158] Trial 7 finished with value: -0.13891051225301226 and parameters: {'start': 'lp', 'mq_solver': 'mq_dsb', 'mq_nmax': 514, 'mq_reads': 16, 'mq_iters': 910, 'mq_dt': 0.06526542706084622, 'mq_xi': 0.15316981598941554, 'mq_pen': 0.001344312143528808, 'mq_q': 2, 'mq_ksamp': 7}. Best is trial 7 with value: -0.13891051225301226.
[F1__mq__b10] trial 8: -0.13641 [-0.11072323702662568, -0.1621054600770203] {"mq_dt": 0.350232550230423, "mq_iters": 292, "mq_ksamp": 7, "mq_nmax": 145, "mq_pen": 0.002030508121595855, "mq_q": 7, "mq_reads": 16, "mq_solver": "mq_dsb", "mq_xi": 1.052996956442961, "start": "lp"
[I 2026-09-28 17:38:53,717] Trial 8 finished with value: -0.136414348551823 and parameters: {'start': 'lp', 'mq_solver': 'mq_dsb', 'mq_nmax': 145, 'mq_reads': 16, 'mq_iters': 292, 'mq_dt': 0.350232550230423, 'mq_xi': 1.052996956442961, 'mq_pen': 0.002030508121595855, 'mq_q': 7, 'mq_ksamp': 7}. Best is trial 7 with value: -0.13891051225301226.
[F1__mq__b10] trial 9: -0.13464 [-0.11188378241206631, -0.15739121620664753] {"mq_dt": 0.06850293825816656, "mq_iters": 548, "mq_ksamp": 7, "mq_nmax": 413, "mq_pen": 0.03112333220327883, "mq_q": 32, "mq_reads": 16, "mq_solver": "mq_dsb", "mq_xi": 0.05856655318172979, "start": 
[I 2026-09-28 17:39:17,023] Trial 9 finished with value: -0.13463749930935692 and parameters: {'start': 'lp', 'mq_solver': 'mq_dsb', 'mq_nmax': 413, 'mq_reads': 16, 'mq_iters': 548, 'mq_dt': 0.06850293825816656, 'mq_xi': 0.05856655318172979, 'mq_pen': 0.03112333220327883, 'mq_q': 32, 'mq_ksamp': 7}. Best is trial 7 with value: -0.13891051225301226.
[F1__mq__b10] BEST -0.13891 cfg={"mq_dt": 0.06526542706084622, "mq_iters": 910, "mq_ksamp": 7, "mq_nmax": 514, "mq_pen": 0.001344312143528808, "mq_q": 2, "mq_reads": 16, "mq_solver": "mq_dsb", "mq_xi": 0.15316981598941554, "start": "lp"}
