[I 2026-09-28 16:28:38,161] A new study created in RDB with name: F2b_tau_rel0.6__ls__b10
[F2b_tau_rel0.6__ls__b10] trial 0: +0.00603 [0.006003137340540032, 0.006058631525951652] {"ls_T0": 0.002, "ls_T1": 1e-06, "ls_chains": 8, "ls_moves": 20000, "ls_restart_every": 0, "p_add": 0.2, "p_swap": 0.6, "start": "lp", "topw": 8}
[I 2026-09-28 16:29:01,294] Trial 0 finished with value: 0.006030884433245842 and parameters: {'start': 'lp', 'ls_T0': 0.002, 'ls_T1_ratio': 0.0005, 'ls_moves': 20000, 'p_add': 0.2, 'p_swap': 0.6, 'topw': 8, 'ls_restart_every': 0, 'ls_chains': 8}. Best is trial 0 with value: 0.006030884433245842.
[F2b_tau_rel0.6__ls__b10] trial 1: -0.00001 [0.0, -2.7965150532494043e-05] {"ls_T0": 0.0025766385746135885, "ls_T1": 3.895706556508577e-06, "ls_chains": 16, "ls_moves": 23860, "ls_restart_every": 0, "p_add": 0.32294705653332806, "p_swap": 0.38687290659310525, "start": "pgree
[I 2026-09-28 16:29:22,957] Trial 1 finished with value: -1.3982575266247022e-05 and parameters: {'start': 'pgreedy', 'ls_T0': 0.0025766385746135885, 'ls_T1_ratio': 0.0015119336467641006, 'ls_moves': 23860, 'p_add': 0.32294705653332806, 'p_swap': 0.38687290659310525, 'topw': 43, 'ls_restart_every': 0, 'ls_chains': 16}. Best is trial 1 with value: -1.3982575266247022e-05.
[F2b_tau_rel0.6__ls__b10] trial 2: -0.00126 [-0.0009866332464572025, -0.001534036971604369] {"ls_T0": 1.2046852412030316e-05, "ls_T1": 2.5784159078973507e-07, "ls_chains": 16, "ls_moves": 88230, "ls_restart_every": 2, "p_add": 0.4350060741234096, "p_swap": 0.5082588335547389, "start": "pgree
[I 2026-09-28 16:29:44,648] Trial 2 finished with value: -0.0012603351090307857 and parameters: {'start': 'pgreedy', 'ls_T0': 1.2046852412030316e-05, 'ls_T1_ratio': 0.021403233140986057, 'ls_moves': 88230, 'p_add': 0.4350060741234096, 'p_swap': 0.5082588335547389, 'topw': 30, 'ls_restart_every': 2, 'ls_chains': 16}. Best is trial 2 with value: -0.0012603351090307857.
[F2b_tau_rel0.6__ls__b10] trial 3: +0.00419 [0.004411971830246442, 0.003963101192193452] {"ls_T0": 0.00011434638743472202, "ls_T1": 1.42941128395717e-06, "ls_chains": 16, "ls_moves": 26898, "ls_restart_every": 5, "p_add": 0.28421697443432425, "p_swap": 0.20875197009702076, "start": "lp", 
[I 2026-09-28 16:30:06,428] Trial 3 finished with value: 0.004187536511219947 and parameters: {'start': 'lp', 'ls_T0': 0.00011434638743472202, 'ls_T1_ratio': 0.01250071223083625, 'ls_moves': 26898, 'p_add': 0.28421697443432425, 'p_swap': 0.20875197009702076, 'topw': 15, 'ls_restart_every': 5, 'ls_chains': 16}. Best is trial 2 with value: -0.0012603351090307857.
[F2b_tau_rel0.6__ls__b10] trial 4: -0.00139 [-0.0009727868524216365, -0.001811338023079312] {"ls_T0": 1.2218338087757811e-05, "ls_T1": 1.2362234394156396e-08, "ls_chains": 16, "ls_moves": 65395, "ls_restart_every": 2, "p_add": 0.08970270583120943, "p_swap": 0.8259353559696305, "start": "pgre
[I 2026-09-28 16:30:28,292] Trial 4 finished with value: -0.0013920624377504742 and parameters: {'start': 'pgreedy', 'ls_T0': 1.2218338087757811e-05, 'ls_T1_ratio': 0.0010117770768303393, 'ls_moves': 65395, 'p_add': 0.08970270583120943, 'p_swap': 0.8259353559696305, 'topw': 52, 'ls_restart_every': 2, 'ls_chains': 16}. Best is trial 4 with value: -0.0013920624377504742.
[F2b_tau_rel0.6__ls__b10] trial 5: -0.00080 [-0.00018647907263902308, -0.0014183068783701902] {"ls_T0": 0.009910049764216533, "ls_T1": 2.7477864387857466e-06, "ls_chains": 16, "ls_moves": 180500, "ls_restart_every": 2, "p_add": 0.12023894431332266, "p_swap": 0.7888312169833216, "start": "pgree
[I 2026-09-28 16:30:50,052] Trial 5 finished with value: -0.0008023929755046066 and parameters: {'start': 'pgreedy', 'ls_T0': 0.009910049764216533, 'ls_T1_ratio': 0.00027727271851928797, 'ls_moves': 180500, 'p_add': 0.12023894431332266, 'p_swap': 0.7888312169833216, 'topw': 34, 'ls_restart_every': 2, 'ls_chains': 16}. Best is trial 4 with value: -0.0013920624377504742.
[F2b_tau_rel0.6__ls__b10] trial 6: -0.00143 [-0.0009429067683054404, -0.0019257477755048047] {"ls_T0": 3.2220065042137596e-05, "ls_T1": 2.030806446101361e-09, "ls_chains": 16, "ls_moves": 42158, "ls_restart_every": 2, "p_add": 0.09878227236788217, "p_swap": 0.8274527914175818, "start": "pgree
[I 2026-09-28 16:31:11,631] Trial 6 finished with value: -0.0014343272719051225 and parameters: {'start': 'pgreedy', 'ls_T0': 3.2220065042137596e-05, 'ls_T1_ratio': 6.30292472546365e-05, 'ls_moves': 42158, 'p_add': 0.09878227236788217, 'p_swap': 0.8274527914175818, 'topw': 43, 'ls_restart_every': 2, 'ls_chains': 16}. Best is trial 6 with value: -0.0014343272719051225.
[F2b_tau_rel0.6__ls__b10] trial 7: -0.00123 [-0.0011154747601895831, -0.0013457596066511757] {"ls_T0": 0.0003848242761004573, "ls_T1": 7.839368476615419e-08, "ls_chains": 16, "ls_moves": 9617, "ls_restart_every": 2, "p_add": 0.14325636702277678, "p_swap": 0.21166217599631276, "start": "pgreed
[I 2026-09-28 16:31:33,261] Trial 7 finished with value: -0.0012306171834203794 and parameters: {'start': 'pgreedy', 'ls_T0': 0.0003848242761004573, 'ls_T1_ratio': 0.00020371294025559275, 'ls_moves': 9617, 'p_add': 0.14325636702277678, 'p_swap': 0.21166217599631276, 'topw': 4, 'ls_restart_every': 2, 'ls_chains': 16}. Best is trial 6 with value: -0.0014343272719051225.
[F2b_tau_rel0.6__ls__b10] trial 8: -0.00131 [-0.0011543723314620946, -0.0014656566809122529] {"ls_T0": 0.0001958766975831573, "ls_T1": 1.3933899731893475e-06, "ls_chains": 16, "ls_moves": 54464, "ls_restart_every": 2, "p_add": 0.10578534650269383, "p_swap": 0.6638381920724397, "start": "pgree
[I 2026-09-28 16:31:54,893] Trial 8 finished with value: -0.0013100145061871737 and parameters: {'start': 'pgreedy', 'ls_T0': 0.0001958766975831573, 'ls_T1_ratio': 0.007113607643899546, 'ls_moves': 54464, 'p_add': 0.10578534650269383, 'p_swap': 0.6638381920724397, 'topw': 7, 'ls_restart_every': 2, 'ls_chains': 16}. Best is trial 6 with value: -0.0014343272719051225.
[F2b_tau_rel0.6__ls__b10] trial 9: -0.00141 [-0.0011920554050405263, -0.0016347672153496084] {"ls_T0": 2.9111987182497216e-05, "ls_T1": 8.640890510506227e-10, "ls_chains": 16, "ls_moves": 61839, "ls_restart_every": 2, "p_add": 0.15725961632424748, "p_swap": 0.37142198850520264, "start": "pgre
[I 2026-09-28 16:32:16,590] Trial 9 finished with value: -0.0014134113101950674 and parameters: {'start': 'pgreedy', 'ls_T0': 2.9111987182497216e-05, 'ls_T1_ratio': 2.9681555080174417e-05, 'ls_moves': 61839, 'p_add': 0.15725961632424748, 'p_swap': 0.37142198850520264, 'topw': 17, 'ls_restart_every': 2, 'ls_chains': 16}. Best is trial 6 with value: -0.0014343272719051225.
[F2b_tau_rel0.6__ls__b10] BEST -0.00143 cfg={"ls_T0": 3.2220065042137596e-05, "ls_T1": 2.030806446101361e-09, "ls_chains": 16, "ls_moves": 42158, "ls_restart_every": 2, "p_add": 0.09878227236788217, "p_swap": 0.8274527914175818, "start": "pgreedy", "topw": 43}
[I 2026-09-28 16:32:16,626] A new study created in RDB with name: F2b_tau_rel0.6__eim__b10
[F2b_tau_rel0.6__eim__b10] trial 0: +0.00220 [0.0027032421393078376, 0.0017001737818433948] {"eim_R": 16, "eim_Tmax": 0.003, "eim_Tmin": 1e-06, "eim_anneal": 0.0, "eim_eta": 1.0, "eim_hscale": 10.0, "eim_moves": 20000, "eim_rho": 50.0, "p_add": 0.2, "p_swap": 0.6, "start": "lp", "topw": 8}
[I 2026-09-28 16:32:38,501] Trial 0 finished with value: 0.0022017079605756162 and parameters: {'start': 'lp', 'eim_R': 16, 'eim_Tmin': 1e-06, 'eim_Tratio': 3000.0, 'eim_moves': 20000, 'p_add': 0.2, 'p_swap': 0.6, 'topw': 8, 'eim_rho': 50.0, 'eim_hscale': 10.0, 'eim_anneal': 0.0, 'eim_eta': 1.0}. Best is trial 0 with value: 0.0022017079605756162.
[F2b_tau_rel0.6__eim__b10] trial 1: -0.00104 [-0.0003819686466007832, -0.0016880357692952153] {"eim_R": 64, "eim_Tmax": 0.022388264096178515, "eim_Tmin": 5.6279320474151646e-06, "eim_anneal": 0.07032569761590807, "eim_eta": 0.018255254802399014, "eim_hscale": 59.812219011525556, "eim_moves": 1
[I 2026-09-28 16:33:01,022] Trial 1 finished with value: -0.0010350022079479992 and parameters: {'start': 'pgreedy', 'eim_R': 64, 'eim_Tmin': 5.6279320474151646e-06, 'eim_Tratio': 3978.0622629338873, 'eim_moves': 174910, 'p_add': 0.19172075941288885, 'p_swap': 0.6420036530145916, 'topw': 11, 'eim_rho': 18.71450068624066, 'eim_hscale': 59.812219011525556, 'eim_anneal': 0.07032569761590807, 'eim_eta': 0.018255254802399014}. Best is trial 1 with value: -0.0010350022079479992.
[F2b_tau_rel0.6__eim__b10] trial 2: -0.00001 [-1.1106096369450924e-05, -1.7177616634334036e-05] {"eim_R": 32, "eim_Tmax": 0.01081686613933192, "eim_Tmin": 7.013219779945795e-06, "eim_anneal": 0.2619100559835807, "eim_eta": 2.102330874348012, "eim_hscale": 1.7538232373118046, "eim_moves": 7734, "
[I 2026-09-28 16:33:22,793] Trial 2 finished with value: -1.414185650189248e-05 and parameters: {'start': 'pgreedy', 'eim_R': 32, 'eim_Tmin': 7.013219779945795e-06, 'eim_Tratio': 1542.3537945099908, 'eim_moves': 7734, 'p_add': 0.3199605106637619, 'p_swap': 0.2616475745120573, 'topw': 52, 'eim_rho': 12.229065947034353, 'eim_hscale': 1.7538232373118046, 'eim_anneal': 0.2619100559835807, 'eim_eta': 2.102330874348012}. Best is trial 1 with value: -0.0010350022079479992.
[F2b_tau_rel0.6__eim__b10] trial 3: +0.00000 [-1.4708875156643764e-05, 2.0515495333217615e-05] {"eim_R": 16, "eim_Tmax": 0.3963283547730436, "eim_Tmin": 0.0005956516018710562, "eim_anneal": 0.2082787354631025, "eim_eta": 0.024365700014642007, "eim_hscale": 10.278118224157009, "eim_moves": 18832
[I 2026-09-28 16:33:44,603] Trial 3 finished with value: 2.9033100882869256e-06 and parameters: {'start': 'pgreedy', 'eim_R': 16, 'eim_Tmin': 0.0005956516018710562, 'eim_Tratio': 665.369409782665, 'eim_moves': 18832, 'p_add': 0.21851597689967073, 'p_swap': 0.5707798346517168, 'topw': 2, 'eim_rho': 46.458679515124714, 'eim_hscale': 10.278118224157009, 'eim_anneal': 0.2082787354631025, 'eim_eta': 0.024365700014642007}. Best is trial 1 with value: -0.0010350022079479992.
[F2b_tau_rel0.6__eim__b10] trial 4: -0.00001 [-1.952455646048179e-05, -3.023826983250544e-07] {"eim_R": 64, "eim_Tmax": 0.001497337128544553, "eim_Tmin": 1.0014489211897886e-05, "eim_anneal": 0.5041849562408753, "eim_eta": 0.11816610545739868, "eim_hscale": 7.691131563896037, "eim_moves": 7158
[I 2026-09-28 16:34:06,714] Trial 4 finished with value: -9.913469579403422e-06 and parameters: {'start': 'pgreedy', 'eim_R': 64, 'eim_Tmin': 1.0014489211897886e-05, 'eim_Tratio': 149.51707439712612, 'eim_moves': 71580, 'p_add': 0.4361182296415085, 'p_swap': 0.3535977674963949, 'topw': 16, 'eim_rho': 1.517527323680054, 'eim_hscale': 7.691131563896037, 'eim_anneal': 0.5041849562408753, 'eim_eta': 0.11816610545739868}. Best is trial 1 with value: -0.0010350022079479992.
[F2b_tau_rel0.6__eim__b10] trial 5: -0.00082 [-0.0015599451865884184, -7.335962845522737e-05] {"eim_R": 64, "eim_Tmax": 0.0068739603774064986, "eim_Tmin": 9.908093988002197e-07, "eim_anneal": 0.9821209109995948, "eim_eta": 0.25087478372538863, "eim_hscale": 5.717946231165683, "eim_moves": 1027
[I 2026-09-28 16:34:28,653] Trial 5 finished with value: -0.0008166524075218229 and parameters: {'start': 'pgreedy', 'eim_R': 64, 'eim_Tmin': 9.908093988002197e-07, 'eim_Tratio': 6937.722215524238, 'eim_moves': 102727, 'p_add': 0.17954246338043298, 'p_swap': 0.7580912491721993, 'topw': 16, 'eim_rho': 606.5531721590852, 'eim_hscale': 5.717946231165683, 'eim_anneal': 0.9821209109995948, 'eim_eta': 0.25087478372538863}. Best is trial 1 with value: -0.0010350022079479992.
[F2b_tau_rel0.6__eim__b10] trial 6: -0.00004 [-5.2629921938329716e-05, -1.771007840112304e-05] {"eim_R": 64, "eim_Tmax": 0.0034017222810574796, "eim_Tmin": 0.000502708097584304, "eim_anneal": 0.8268876083441974, "eim_eta": 0.013454261930659244, "eim_hscale": 63.15990016986602, "eim_moves": 2236
[I 2026-09-28 16:34:50,597] Trial 6 finished with value: -3.517000016972638e-05 and parameters: {'start': 'pgreedy', 'eim_R': 64, 'eim_Tmin': 0.000502708097584304, 'eim_Tratio': 6.766794283609112, 'eim_moves': 22365, 'p_add': 0.0512206276156186, 'p_swap': 0.8527044109131574, 'topw': 11, 'eim_rho': 0.39386743254121004, 'eim_hscale': 63.15990016986602, 'eim_anneal': 0.8268876083441974, 'eim_eta': 0.013454261930659244}. Best is trial 1 with value: -0.0010350022079479992.
[F2b_tau_rel0.6__eim__b10] trial 7: -0.00002 [-2.249795660103082e-06, -3.753784009286054e-05] {"eim_R": 64, "eim_Tmax": 0.011146422860442984, "eim_Tmin": 1.2201535047944312e-06, "eim_anneal": 0.02111126779401539, "eim_eta": 8.541423309062068, "eim_hscale": 0.12083058229767994, "eim_moves": 195
[I 2026-09-28 16:35:12,629] Trial 7 finished with value: -1.9893817876481812e-05 and parameters: {'start': 'pgreedy', 'eim_R': 64, 'eim_Tmin': 1.2201535047944312e-06, 'eim_Tratio': 9135.262749026737, 'eim_moves': 195394, 'p_add': 0.20251616215560778, 'p_swap': 0.4515795316089084, 'topw': 2, 'eim_rho': 21.44563115301461, 'eim_hscale': 0.12083058229767994, 'eim_anneal': 0.02111126779401539, 'eim_eta': 8.541423309062068}. Best is trial 1 with value: -0.0010350022079479992.
[F2b_tau_rel0.6__eim__b10] trial 8: -0.00012 [-8.144546997868041e-05, -0.00016121223219300873] {"eim_R": 64, "eim_Tmax": 0.00213533126201478, "eim_Tmin": 1.8630225374299144e-06, "eim_anneal": 0.5753183670262931, "eim_eta": 0.01200880730266928, "eim_hscale": 88.30611353681545, "eim_moves": 12327
[I 2026-09-28 16:35:34,374] Trial 8 finished with value: -0.00012132885108584457 and parameters: {'start': 'pgreedy', 'eim_R': 64, 'eim_Tmin': 1.8630225374299144e-06, 'eim_Tratio': 1146.1650190021437, 'eim_moves': 12327, 'p_add': 0.38867096274621826, 'p_swap': 0.21719153456909268, 'topw': 38, 'eim_rho': 1.2055893312867594, 'eim_hscale': 88.30611353681545, 'eim_anneal': 0.5753183670262931, 'eim_eta': 0.01200880730266928}. Best is trial 1 with value: -0.0010350022079479992.
[F2b_tau_rel0.6__eim__b10] trial 9: -0.00000 [-5.442782466946738e-07, -8.46580521074447e-06] {"eim_R": 64, "eim_Tmax": 0.006859037653584145, "eim_Tmin": 0.00033290292469221905, "eim_anneal": 0.8586796428816786, "eim_eta": 3.662396836840411, "eim_hscale": 6.816384595663995, "eim_moves": 17085,
[I 2026-09-28 16:35:56,233] Trial 9 finished with value: -4.505041728719572e-06 and parameters: {'start': 'pgreedy', 'eim_R': 64, 'eim_Tmin': 0.00033290292469221905, 'eim_Tratio': 20.60371701427849, 'eim_moves': 17085, 'p_add': 0.22532214597356157, 'p_swap': 0.48138217174388886, 'topw': 13, 'eim_rho': 61.777646903165234, 'eim_hscale': 6.816384595663995, 'eim_anneal': 0.8586796428816786, 'eim_eta': 3.662396836840411}. Best is trial 1 with value: -0.0010350022079479992.
[F2b_tau_rel0.6__eim__b10] BEST -0.00104 cfg={"eim_R": 64, "eim_Tmax": 0.022388264096178515, "eim_Tmin": 5.6279320474151646e-06, "eim_anneal": 0.07032569761590807, "eim_eta": 0.018255254802399014, "eim_hscale": 59.812219011525556, "eim_moves": 174910, "eim_rho": 18.71450068624066, "p_add": 0.19172075941288885, "p_swap": 0.6420036530145916, "start": "pgreedy", "topw": 11}
[I 2026-09-28 16:35:56,266] A new study created in RDB with name: F2b_tau_rel0.6__milp__b10
[F2b_tau_rel0.6__milp__b10] trial 0: +1.00000 [1.0, 1.0] {"J": 12, "eps_tie": 0.0, "mip_heuristic_effort": 0.05, "presolve": "on", "start": "lp"}
[I 2026-09-28 16:36:47,496] Trial 0 finished with value: 1.0 and parameters: {'start': 'lp', 'presolve': 'on', 'mip_heuristic_effort': 0.05, 'eps_tie': 0.0, 'J': 12}. Best is trial 0 with value: 1.0.
[F2b_tau_rel0.6__milp__b10] trial 1: +1.00000 [1.0, 1.0] {"J": 12, "eps_tie": 0.0, "mip_heuristic_effort": 0.10490756141474163, "presolve": "on", "start": "pgreedy"}
[I 2026-09-28 16:37:35,384] Trial 1 finished with value: 1.0 and parameters: {'start': 'pgreedy', 'presolve': 'on', 'mip_heuristic_effort': 0.10490756141474163, 'eps_tie': 0.0, 'J': 12}. Best is trial 0 with value: 1.0.
[F2b_tau_rel0.6__milp__b10] trial 2: -0.00012 [-7.926826872317605e-05, -0.00015811517339892056] {"J": 24, "eps_tie": 0.0, "mip_heuristic_effort": 0.026406942985185436, "presolve": "off", "start": "lp"}
[I 2026-09-28 16:37:56,217] Trial 2 finished with value: -0.0001186917210610483 and parameters: {'start': 'lp', 'presolve': 'off', 'mip_heuristic_effort': 0.026406942985185436, 'eps_tie': 0.0, 'J': 24}. Best is trial 2 with value: -0.0001186917210610483.
[F2b_tau_rel0.6__milp__b10] trial 3: +0.17407 [0.13033628375329886, 0.2178089283040141] {"J": 6, "eps_tie": 0.0, "mip_heuristic_effort": 0.03176688987641123, "presolve": "off", "start": "lp"}
[I 2026-09-28 16:38:17,183] Trial 3 finished with value: 0.17407260602865648 and parameters: {'start': 'lp', 'presolve': 'off', 'mip_heuristic_effort': 0.03176688987641123, 'eps_tie': 0.0, 'J': 6}. Best is trial 2 with value: -0.0001186917210610483.
[F2b_tau_rel0.6__milp__b10] trial 4: -0.00019 [-8.001174674199252e-05, -0.0003063035389161417] {"J": 24, "eps_tie": 0.0, "mip_heuristic_effort": 0.14664848775807998, "presolve": "off", "start": "lp"}
[I 2026-09-28 16:38:38,202] Trial 4 finished with value: -0.0001931576428290671 and parameters: {'start': 'lp', 'presolve': 'off', 'mip_heuristic_effort': 0.14664848775807998, 'eps_tie': 0.0, 'J': 24}. Best is trial 4 with value: -0.0001931576428290671.
[F2b_tau_rel0.6__milp__b10] trial 5: -0.00012 [-8.001174674199252e-05, -0.00015811517339892056] {"J": 24, "eps_tie": 0.0, "mip_heuristic_effort": 0.889461285781544, "presolve": "off", "start": "lp"}
[I 2026-09-28 16:38:59,182] Trial 5 finished with value: -0.00011906346007045654 and parameters: {'start': 'lp', 'presolve': 'off', 'mip_heuristic_effort': 0.889461285781544, 'eps_tie': 0.0, 'J': 24}. Best is trial 4 with value: -0.0001931576428290671.
[F2b_tau_rel0.6__milp__b10] trial 6: +0.13015 [0.11352008120090629, 0.14678285453152617] {"J": 6, "eps_tie": 0.0001, "mip_heuristic_effort": 0.8969168383552246, "presolve": "off", "start": "lp"}
[I 2026-09-28 16:39:20,148] Trial 6 finished with value: 0.13015146786621623 and parameters: {'start': 'lp', 'presolve': 'off', 'mip_heuristic_effort': 0.8969168383552246, 'eps_tie': 0.0001, 'J': 6}. Best is trial 4 with value: -0.0001931576428290671.
[F2b_tau_rel0.6__milp__b10] trial 7: +1.00000 [1.0, 1.0] {"J": 24, "eps_tie": 0.0001, "mip_heuristic_effort": 0.14471663551217087, "presolve": "on", "start": "lp"}
[I 2026-09-28 16:40:11,417] Trial 7 finished with value: 1.0 and parameters: {'start': 'lp', 'presolve': 'on', 'mip_heuristic_effort': 0.14471663551217087, 'eps_tie': 0.0001, 'J': 24}. Best is trial 4 with value: -0.0001931576428290671.
[F2b_tau_rel0.6__milp__b10] trial 8: +0.00000 [0.0, 0.0] {"J": 24, "eps_tie": 0.0001, "mip_heuristic_effort": 0.15242782316965175, "presolve": "off", "start": "pgreedy"}
[I 2026-09-28 16:40:32,316] Trial 8 finished with value: 0.0 and parameters: {'start': 'pgreedy', 'presolve': 'off', 'mip_heuristic_effort': 0.15242782316965175, 'eps_tie': 0.0001, 'J': 24}. Best is trial 4 with value: -0.0001931576428290671.
[F2b_tau_rel0.6__milp__b10] trial 9: +1.00000 [1.0, 1.0] {"J": 12, "eps_tie": 0.0, "mip_heuristic_effort": 0.6146339667918979, "presolve": "on", "start": "lp"}
[I 2026-09-28 16:41:22,707] Trial 9 finished with value: 1.0 and parameters: {'start': 'lp', 'presolve': 'on', 'mip_heuristic_effort': 0.6146339667918979, 'eps_tie': 0.0, 'J': 12}. Best is trial 4 with value: -0.0001931576428290671.
[F2b_tau_rel0.6__milp__b10] BEST -0.00019 cfg={"J": 24, "eps_tie": 0.0, "mip_heuristic_effort": 0.14664848775807998, "presolve": "off", "start": "lp"}
[I 2026-09-28 16:41:22,741] A new study created in RDB with name: F2b_tau_rel0.6__pt__b10
[F2b_tau_rel0.6__pt__b10] trial 0: +0.00595 [0.005968078991888115, 0.005922966864959411] {"eim_R": 16, "eim_Tmax": 0.003, "eim_Tmin": 1e-06, "eim_anneal": 0.0, "eim_hscale": 10.0, "eim_moves": 20000, "eim_rho": 50.0, "p_add": 0.2, "p_swap": 0.6, "start": "lp", "topw": 8}
[I 2026-09-28 16:41:44,558] Trial 0 finished with value: 0.005945522928423763 and parameters: {'start': 'lp', 'eim_R': 16, 'eim_Tmin': 1e-06, 'eim_Tratio': 3000.0, 'eim_moves': 20000, 'p_add': 0.2, 'p_swap': 0.6, 'topw': 8, 'eim_rho': 50.0, 'eim_hscale': 10.0, 'eim_anneal': 0.0}. Best is trial 0 with value: 0.005945522928423763.
[F2b_tau_rel0.6__pt__b10] trial 1: -0.00073 [-0.0002035050156458107, -0.0012498067226222043] {"eim_R": 64, "eim_Tmax": 0.022388264096178515, "eim_Tmin": 5.6279320474151646e-06, "eim_anneal": 0.07032569761590807, "eim_hscale": 59.812219011525556, "eim_moves": 174910, "eim_rho": 18.714500686240
[I 2026-09-28 16:42:06,565] Trial 1 finished with value: -0.0007266558691340075 and parameters: {'start': 'pgreedy', 'eim_R': 64, 'eim_Tmin': 5.6279320474151646e-06, 'eim_Tratio': 3978.0622629338873, 'eim_moves': 174910, 'p_add': 0.19172075941288885, 'p_swap': 0.6420036530145916, 'topw': 11, 'eim_rho': 18.71450068624066, 'eim_hscale': 59.812219011525556, 'eim_anneal': 0.07032569761590807}. Best is trial 1 with value: -0.0007266558691340075.
[F2b_tau_rel0.6__pt__b10] trial 2: +0.00601 [0.005965057803342333, 0.006059121359323738] {"eim_R": 64, "eim_Tmax": 0.01602000219024075, "eim_Tmin": 0.000157265788541795, "eim_anneal": 0.41051532059061835, "eim_hscale": 3.6774346621052136, "eim_moves": 89005, "eim_rho": 600.7249475906196, 
[I 2026-09-28 16:42:28,441] Trial 2 finished with value: 0.0060120895813330355 and parameters: {'start': 'lp', 'eim_R': 64, 'eim_Tmin': 0.000157265788541795, 'eim_Tratio': 101.86577982905207, 'eim_moves': 89005, 'p_add': 0.05913721293446661, 'p_swap': 0.6420976202961557, 'topw': 3, 'eim_rho': 600.7249475906196, 'eim_hscale': 3.6774346621052136, 'eim_anneal': 0.41051532059061835}. Best is trial 1 with value: -0.0007266558691340075.
[F2b_tau_rel0.6__pt__b10] trial 3: -0.00002 [-7.219799808777516e-06, -2.708016584040962e-05] {"eim_R": 64, "eim_Tmax": 0.010750613178666423, "eim_Tmin": 2.8079081078857258e-05, "eim_anneal": 0.660099048291211, "eim_hscale": 0.1515920461138471, "eim_moves": 162521, "eim_rho": 61.73405204074311
[I 2026-09-28 16:42:50,419] Trial 3 finished with value: -1.7149982824593568e-05 and parameters: {'start': 'pgreedy', 'eim_R': 64, 'eim_Tmin': 2.8079081078857258e-05, 'eim_Tratio': 382.8691241167905, 'eim_moves': 162521, 'p_add': 0.3409101495517417, 'p_swap': 0.34707103328069744, 'topw': 8, 'eim_rho': 61.73405204074311, 'eim_hscale': 0.1515920461138471, 'eim_anneal': 0.660099048291211}. Best is trial 1 with value: -0.0007266558691340075.
[F2b_tau_rel0.6__pt__b10] trial 4: -0.00007 [-5.690041421635428e-05, -9.308459937018565e-05] {"eim_R": 64, "eim_Tmax": 0.00127403479763842, "eim_Tmin": 1.4066894026586868e-06, "eim_anneal": 0.3685206655782286, "eim_hscale": 17.94906608098131, "eim_moves": 12641, "eim_rho": 1.1889617992500576,
[I 2026-09-28 16:43:12,211] Trial 4 finished with value: -7.499250679326996e-05 and parameters: {'start': 'pgreedy', 'eim_R': 64, 'eim_Tmin': 1.4066894026586868e-06, 'eim_Tratio': 905.6973026387024, 'eim_moves': 12641, 'p_add': 0.29259901288492046, 'p_swap': 0.2073542050430799, 'topw': 21, 'eim_rho': 1.1889617992500576, 'eim_hscale': 17.94906608098131, 'eim_anneal': 0.3685206655782286}. Best is trial 1 with value: -0.0007266558691340075.
[F2b_tau_rel0.6__pt__b10] trial 5: -0.00006 [-5.8239000313542455e-05, -5.248857124318107e-05] {"eim_R": 64, "eim_Tmax": 0.02116030612115081, "eim_Tmin": 2.5642222904151606e-06, "eim_anneal": 0.1998927371341515, "eim_hscale": 38.16581957605278, "eim_moves": 144075, "eim_rho": 0.9621558348013612
[I 2026-09-28 16:43:34,328] Trial 5 finished with value: -5.536378577836176e-05 and parameters: {'start': 'pgreedy', 'eim_R': 64, 'eim_Tmin': 2.5642222904151606e-06, 'eim_Tratio': 8252.134068191432, 'eim_moves': 144075, 'p_add': 0.0014535704173509745, 'p_swap': 0.9479587172950459, 'topw': 10, 'eim_rho': 0.9621558348013612, 'eim_hscale': 38.16581957605278, 'eim_anneal': 0.1998927371341515}. Best is trial 1 with value: -0.0007266558691340075.
[F2b_tau_rel0.6__pt__b10] trial 6: -0.00075 [-0.00010194947694741607, -0.0013959284941829075] {"eim_R": 64, "eim_Tmax": 9.8531236831387e-06, "eim_Tmin": 1.918531125650627e-07, "eim_anneal": 0.8618491954646634, "eim_hscale": 32.359509791414396, "eim_moves": 20465, "eim_rho": 253.57877108648475,
[I 2026-09-28 16:43:56,044] Trial 6 finished with value: -0.0007489389855651618 and parameters: {'start': 'pgreedy', 'eim_R': 64, 'eim_Tmin': 1.918531125650627e-07, 'eim_Tratio': 51.357643102074945, 'eim_moves': 20465, 'p_add': 0.36487873381923774, 'p_swap': 0.4449221265196244, 'topw': 8, 'eim_rho': 253.57877108648475, 'eim_hscale': 32.359509791414396, 'eim_anneal': 0.8618491954646634}. Best is trial 6 with value: -0.0007489389855651618.
[F2b_tau_rel0.6__pt__b10] trial 7: +0.00065 [0.0013253458950450714, -1.603928480720107e-05] {"eim_R": 64, "eim_Tmax": 9.930860075136476e-07, "eim_Tmin": 4.3924877967561744e-07, "eim_anneal": 0.14344897546414093, "eim_hscale": 6.438436220171723, "eim_moves": 7581, "eim_rho": 17.55530284252968
[I 2026-09-28 16:44:17,768] Trial 7 finished with value: 0.0006546533051189352 and parameters: {'start': 'pgreedy', 'eim_R': 64, 'eim_Tmin': 4.3924877967561744e-07, 'eim_Tratio': 2.260873685857558, 'eim_moves': 7581, 'p_add': 0.2216507121566053, 'p_swap': 0.4429768786041202, 'topw': 11, 'eim_rho': 17.55530284252968, 'eim_hscale': 6.438436220171723, 'eim_anneal': 0.14344897546414093}. Best is trial 6 with value: -0.0007489389855651618.
[F2b_tau_rel0.6__pt__b10] trial 8: -0.00134 [-0.0007239595283810019, -0.00196355893774236] {"eim_R": 64, "eim_Tmax": 4.036178984624127e-06, "eim_Tmin": 1.6818666998346027e-07, "eim_anneal": 0.7785641387202241, "eim_hscale": 23.873494260494734, "eim_moves": 15334, "eim_rho": 94.6067008038082
[I 2026-09-28 16:44:39,547] Trial 8 finished with value: -0.001343759233061681 and parameters: {'start': 'pgreedy', 'eim_R': 64, 'eim_Tmin': 1.6818666998346027e-07, 'eim_Tratio': 23.99820975717666, 'eim_moves': 15334, 'p_add': 0.33825003381627866, 'p_swap': 0.22635423387006107, 'topw': 2, 'eim_rho': 94.6067008038082, 'eim_hscale': 23.873494260494734, 'eim_anneal': 0.7785641387202241}. Best is trial 8 with value: -0.001343759233061681.
[F2b_tau_rel0.6__pt__b10] trial 9: +0.00001 [-2.373252896548106e-05, 3.87637726502188e-05] {"eim_R": 64, "eim_Tmax": 0.0010556722572609585, "eim_Tmin": 1.5274955561520317e-07, "eim_anneal": 0.6597971955311203, "eim_hscale": 0.892049863252222, "eim_moves": 9729, "eim_rho": 61.09281888341044,
[I 2026-09-28 16:45:01,460] Trial 9 finished with value: 7.515621842368869e-06 and parameters: {'start': 'pgreedy', 'eim_R': 64, 'eim_Tmin': 1.5274955561520317e-07, 'eim_Tratio': 6911.131446564336, 'eim_moves': 9729, 'p_add': 0.2172662013366612, 'p_swap': 0.23726611577431742, 'topw': 12, 'eim_rho': 61.09281888341044, 'eim_hscale': 0.892049863252222, 'eim_anneal': 0.6597971955311203}. Best is trial 8 with value: -0.001343759233061681.
[F2b_tau_rel0.6__pt__b10] BEST -0.00134 cfg={"eim_R": 64, "eim_Tmax": 4.036178984624127e-06, "eim_Tmin": 1.6818666998346027e-07, "eim_anneal": 0.7785641387202241, "eim_hscale": 23.873494260494734, "eim_moves": 15334, "eim_rho": 94.6067008038082, "p_add": 0.33825003381627866, "p_swap": 0.22635423387006107, "start": "pgreedy", "topw": 2}
[I 2026-09-28 16:45:01,493] A new study created in RDB with name: F2b_tau_rel0.6__cpsat__b10
[F2b_tau_rel0.6__cpsat__b10] trial 0: +0.00612 [0.006003137340540032, 0.006228129031549123] {"cp_model_presolve": true, "linearization_level": 1, "repair_hint": false, "scale": 1000.0, "start": "lp"}
[I 2026-09-28 16:45:23,173] Trial 0 finished with value: 0.006115633186044578 and parameters: {'start': 'lp', 'linearization_level': 1, 'repair_hint': False, 'cp_model_presolve': True, 'scale': 1000.0}. Best is trial 0 with value: 0.006115633186044578.
[F2b_tau_rel0.6__cpsat__b10] trial 1: +0.00000 [0.0, 0.0] {"cp_model_presolve": true, "linearization_level": 1, "repair_hint": false, "scale": 1000.0, "start": "pgreedy"}
[I 2026-09-28 16:45:44,867] Trial 1 finished with value: 0.0 and parameters: {'start': 'pgreedy', 'linearization_level': 1, 'repair_hint': False, 'cp_model_presolve': True, 'scale': 1000.0}. Best is trial 1 with value: 0.0.
[F2b_tau_rel0.6__cpsat__b10] trial 2: +0.00612 [0.006003137340540032, 0.006228129031549123] {"cp_model_presolve": true, "linearization_level": 1, "repair_hint": false, "scale": 3000.0, "start": "lp"}
[I 2026-09-28 16:46:06,619] Trial 2 finished with value: 0.006115633186044578 and parameters: {'start': 'lp', 'linearization_level': 1, 'repair_hint': False, 'cp_model_presolve': True, 'scale': 3000.0}. Best is trial 1 with value: 0.0.
[F2b_tau_rel0.6__cpsat__b10] trial 3: +0.00612 [0.006003137340540032, 0.006228129031549123] {"cp_model_presolve": true, "linearization_level": 1, "repair_hint": false, "scale": 300.0, "start": "lp"}
[I 2026-09-28 16:46:28,519] Trial 3 finished with value: 0.006115633186044578 and parameters: {'start': 'lp', 'linearization_level': 1, 'repair_hint': False, 'cp_model_presolve': True, 'scale': 300.0}. Best is trial 1 with value: 0.0.
[F2b_tau_rel0.6__cpsat__b10] trial 4: +0.00000 [0.0, 0.0] {"cp_model_presolve": true, "linearization_level": 0, "repair_hint": false, "scale": 1000.0, "start": "pgreedy"}
[I 2026-09-28 16:46:50,229] Trial 4 finished with value: 0.0 and parameters: {'start': 'pgreedy', 'linearization_level': 0, 'repair_hint': False, 'cp_model_presolve': True, 'scale': 1000.0}. Best is trial 1 with value: 0.0.
[F2b_tau_rel0.6__cpsat__b10] trial 5: -0.00008 [-1.5591152102478745e-05, -0.00014500095959779635] {"cp_model_presolve": false, "linearization_level": 2, "repair_hint": false, "scale": 1000.0, "start": "pgreedy"}
[I 2026-09-28 16:47:12,012] Trial 5 finished with value: -8.029605585013755e-05 and parameters: {'start': 'pgreedy', 'linearization_level': 2, 'repair_hint': False, 'cp_model_presolve': False, 'scale': 1000.0}. Best is trial 5 with value: -8.029605585013755e-05.
[F2b_tau_rel0.6__cpsat__b10] trial 6: -0.00010 [-1.5794310037620107e-06, -0.0002041516700956869] {"cp_model_presolve": false, "linearization_level": 2, "repair_hint": false, "scale": 1000.0, "start": "pgreedy"}
[I 2026-09-28 16:47:34,017] Trial 6 finished with value: -0.00010286555054972446 and parameters: {'start': 'pgreedy', 'linearization_level': 2, 'repair_hint': False, 'cp_model_presolve': False, 'scale': 1000.0}. Best is trial 6 with value: -0.00010286555054972446.
[F2b_tau_rel0.6__cpsat__b10] trial 7: +0.00000 [0.0, 0.0] {"cp_model_presolve": false, "linearization_level": 0, "repair_hint": true, "scale": 3000.0, "start": "pgreedy"}
[I 2026-09-28 16:47:55,973] Trial 7 finished with value: 0.0 and parameters: {'start': 'pgreedy', 'linearization_level': 0, 'repair_hint': True, 'cp_model_presolve': False, 'scale': 3000.0}. Best is trial 6 with value: -0.00010286555054972446.
Check failed: heuristics.fixed_search != nullptr 
*** Check failure stack trace: ***
[F2b_tau_rel0.6__cpsat__b10] trial 8: +0.50311 [1.0, 0.006228129031549123] {"cp_model_presolve": false, "linearization_level": 2, "repair_hint": true, "scale": 1000.0, "start": "lp"}
[I 2026-09-28 16:48:10,042] Trial 8 finished with value: 0.5031140645157746 and parameters: {'start': 'lp', 'linearization_level': 2, 'repair_hint': True, 'cp_model_presolve': False, 'scale': 1000.0}. Best is trial 6 with value: -0.00010286555054972446.
[F2b_tau_rel0.6__cpsat__b10] trial 9: +0.00000 [0.0, 0.0] {"cp_model_presolve": true, "linearization_level": 2, "repair_hint": true, "scale": 3000.0, "start": "pgreedy"}
[I 2026-09-28 16:48:31,780] Trial 9 finished with value: 0.0 and parameters: {'start': 'pgreedy', 'linearization_level': 2, 'repair_hint': True, 'cp_model_presolve': True, 'scale': 3000.0}. Best is trial 6 with value: -0.00010286555054972446.
[F2b_tau_rel0.6__cpsat__b10] BEST -0.00010 cfg={"cp_model_presolve": false, "linearization_level": 2, "repair_hint": false, "scale": 1000.0, "start": "pgreedy"}
[I 2026-09-28 16:48:31,813] A new study created in RDB with name: F2b_tau_rel0.6__hlns__b10
[F2b_tau_rel0.6__hlns__b10] trial 0: +0.00472 [0.005179019565358045, 0.004254498453112765] {"eim_R": 8, "eim_Tmax": 0.003, "eim_Tmin": 1e-06, "eim_moves": 20000, "hl_frac_sel": 0.5, "hl_nmax": 3000, "hl_p_block": 0.3, "hl_p_milp": 0.0, "hl_q": 8, "hl_slice": 0.25, "start": "lp"}
[I 2026-09-28 16:48:53,735] Trial 0 finished with value: 0.004716759009235405 and parameters: {'start': 'lp', 'hl_nmax': 3000, 'hl_slice': 0.25, 'hl_q': 8, 'hl_p_block': 0.3, 'hl_frac_sel': 0.5, 'hl_p_milp': 0.0, 'eim_R': 8, 'eim_Tmin': 1e-06, 'eim_Tratio': 3000.0, 'eim_moves': 20000}. Best is trial 0 with value: 0.004716759009235405.
[F2b_tau_rel0.6__hlns__b10] trial 1: -0.00003 [-1.1094806258715728e-05, -5.455657463204755e-05] {"eim_R": 4, "eim_Tmax": 0.003294499661706162, "eim_Tmin": 1.3049073550362386e-05, "eim_moves": 74745, "hl_frac_sel": 0.25119498706364835, "hl_nmax": 2170, "hl_p_block": 0.5167152904533249, "hl_p_milp
[I 2026-09-28 16:49:15,638] Trial 1 finished with value: -3.282569044538164e-05 and parameters: {'start': 'pgreedy', 'hl_nmax': 2170, 'hl_slice': 0.37316899400505027, 'hl_q': 6, 'hl_p_block': 0.5167152904533249, 'hl_frac_sel': 0.25119498706364835, 'hl_p_milp': 0.2675319002346239, 'eim_R': 4, 'eim_Tmin': 1.3049073550362386e-05, 'eim_Tratio': 252.47000478548688, 'eim_moves': 74745}. Best is trial 1 with value: -3.282569044538164e-05.
[F2b_tau_rel0.6__hlns__b10] trial 2: -0.00001 [-1.4100213080459056e-06, -1.0204095775234734e-05] {"eim_R": 8, "eim_Tmax": 0.00024602179969746214, "eim_Tmin": 3.628140404024378e-05, "eim_moves": 80536, "hl_frac_sel": 1.8483120598659897, "hl_nmax": 320, "hl_p_block": 0.6960097185974554, "hl_p_milp"
[I 2026-09-28 16:49:37,504] Trial 2 finished with value: -5.80705854164032e-06 and parameters: {'start': 'pgreedy', 'hl_nmax': 320, 'hl_slice': 1.0786410564546558, 'hl_q': 16, 'hl_p_block': 0.6960097185974554, 'hl_frac_sel': 1.8483120598659897, 'hl_p_milp': 0.23974756926501706, 'eim_R': 8, 'eim_Tmin': 3.628140404024378e-05, 'eim_Tratio': 6.780933820107175, 'eim_moves': 80536}. Best is trial 1 with value: -3.282569044538164e-05.
[F2b_tau_rel0.6__hlns__b10] trial 3: +0.00609 [0.005994169875907396, 0.00617833047801053] {"eim_R": 16, "eim_Tmax": 0.0022809729374061983, "eim_Tmin": 5.336803302756711e-05, "eim_moves": 11053, "hl_frac_sel": 0.05358859760545354, "hl_nmax": 714, "hl_p_block": 0.4547471590949188, "hl_p_milp
[I 2026-09-28 16:49:59,218] Trial 3 finished with value: 0.006086250176958963 and parameters: {'start': 'lp', 'hl_nmax': 714, 'hl_slice': 0.8696386278445376, 'hl_q': 6, 'hl_p_block': 0.4547471590949188, 'hl_frac_sel': 0.05358859760545354, 'hl_p_milp': 0.1852906491227631, 'eim_R': 16, 'eim_Tmin': 5.336803302756711e-05, 'eim_Tratio': 42.740434825993454, 'eim_moves': 11053}. Best is trial 1 with value: -3.282569044538164e-05.
[F2b_tau_rel0.6__hlns__b10] trial 4: -0.00001 [-2.001102080473327e-05, 0.0] {"eim_R": 4, "eim_Tmax": 0.184234527622064, "eim_Tmin": 8.449999440828861e-05, "eim_moves": 83132, "hl_frac_sel": 0.0740179160228525, "hl_nmax": 1654, "hl_p_block": 0.5855978916741029, "hl_p_milp": 0.
[I 2026-09-28 16:50:21,195] Trial 4 finished with value: -1.0005510402366635e-05 and parameters: {'start': 'pgreedy', 'hl_nmax': 1654, 'hl_slice': 0.14516578117571163, 'hl_q': 7, 'hl_p_block': 0.5855978916741029, 'hl_frac_sel': 0.0740179160228525, 'hl_p_milp': 0.17546190186032246, 'eim_R': 4, 'eim_Tmin': 8.449999440828861e-05, 'eim_Tratio': 2180.290411995488, 'eim_moves': 83132}. Best is trial 1 with value: -3.282569044538164e-05.
[F2b_tau_rel0.6__hlns__b10] trial 5: -0.00005 [-7.898412680562572e-06, -8.252842128619875e-05] {"eim_R": 4, "eim_Tmax": 4.753629081986275e-05, "eim_Tmin": 7.868657790837972e-06, "eim_moves": 96465, "hl_frac_sel": 0.1509512926377876, "hl_nmax": 6490, "hl_p_block": 0.2385581128702557, "hl_p_milp"
[I 2026-09-28 16:50:43,071] Trial 5 finished with value: -4.521341698338066e-05 and parameters: {'start': 'pgreedy', 'hl_nmax': 6490, 'hl_slice': 1.4198088199172951, 'hl_q': 11, 'hl_p_block': 0.2385581128702557, 'hl_frac_sel': 0.1509512926377876, 'hl_p_milp': 0.01272302833985367, 'eim_R': 4, 'eim_Tmin': 7.868657790837972e-06, 'eim_Tratio': 6.041219745915572, 'eim_moves': 96465}. Best is trial 5 with value: -4.521341698338066e-05.
[F2b_tau_rel0.6__hlns__b10] trial 6: +0.00000 [0.0, 0.0] {"eim_R": 4, "eim_Tmax": 0.006160485507694245, "eim_Tmin": 5.302149932757018e-05, "eim_moves": 13815, "hl_frac_sel": 0.059039861143505436, "hl_nmax": 5699, "hl_p_block": 0.3095167691707834, "hl_p_milp
[I 2026-09-28 16:51:04,793] Trial 6 finished with value: 0.0 and parameters: {'start': 'pgreedy', 'hl_nmax': 5699, 'hl_slice': 1.6340155810335355, 'hl_q': 25, 'hl_p_block': 0.3095167691707834, 'hl_frac_sel': 0.059039861143505436, 'hl_p_milp': 0.07509178070746522, 'eim_R': 4, 'eim_Tmin': 5.302149932757018e-05, 'eim_Tratio': 116.18844404294144, 'eim_moves': 13815}. Best is trial 5 with value: -4.521341698338066e-05.
[F2b_tau_rel0.6__hlns__b10] trial 7: -0.00008 [-5.560460389997246e-05, -0.00010961187018199148] {"eim_R": 4, "eim_Tmax": 2.3160023485701185e-05, "eim_Tmin": 1.6605414256086762e-06, "eim_moves": 72310, "hl_frac_sel": 0.11780220662895499, "hl_nmax": 6565, "hl_p_block": 0.25377576982478034, "hl_p_m
[I 2026-09-28 16:51:26,538] Trial 7 finished with value: -8.260823704098197e-05 and parameters: {'start': 'pgreedy', 'hl_nmax': 6565, 'hl_slice': 0.08227468084128184, 'hl_q': 31, 'hl_p_block': 0.25377576982478034, 'hl_frac_sel': 0.11780220662895499, 'hl_p_milp': 0.12055794770172312, 'eim_R': 4, 'eim_Tmin': 1.6605414256086762e-06, 'eim_Tratio': 13.947272334510902, 'eim_moves': 72310}. Best is trial 7 with value: -8.260823704098197e-05.
[F2b_tau_rel0.6__hlns__b10] trial 8: -0.00023 [-4.163195871009773e-05, -0.0004093305717064455] {"eim_R": 4, "eim_Tmax": 1.1496448520528694e-05, "eim_Tmin": 3.7212480628215847e-07, "eim_moves": 83450, "hl_frac_sel": 0.5352496268116972, "hl_nmax": 885, "hl_p_block": 0.4011308291545138, "hl_p_milp
[I 2026-09-28 16:51:48,324] Trial 8 finished with value: -0.0002254812652082716 and parameters: {'start': 'pgreedy', 'hl_nmax': 885, 'hl_slice': 0.45079906794924024, 'hl_q': 14, 'hl_p_block': 0.4011308291545138, 'hl_frac_sel': 0.5352496268116972, 'hl_p_milp': 0.10003840486024333, 'eim_R': 4, 'eim_Tmin': 3.7212480628215847e-07, 'eim_Tratio': 30.89406652404589, 'eim_moves': 83450}. Best is trial 8 with value: -0.0002254812652082716.
[F2b_tau_rel0.6__hlns__b10] trial 9: -0.00059 [-0.000456718309048032, -0.000730088002732443] {"eim_R": 4, "eim_Tmax": 1.3634424241269136e-05, "eim_Tmin": 1.9712947654928525e-06, "eim_moves": 2664, "hl_frac_sel": 0.7463316723057934, "hl_nmax": 2055, "hl_p_block": 0.5334676571643976, "hl_p_milp
[I 2026-09-28 16:52:10,004] Trial 9 finished with value: -0.0005934031558902375 and parameters: {'start': 'pgreedy', 'hl_nmax': 2055, 'hl_slice': 0.15185070244922075, 'hl_q': 3, 'hl_p_block': 0.5334676571643976, 'hl_frac_sel': 0.7463316723057934, 'hl_p_milp': 0.17773626833619632, 'eim_R': 4, 'eim_Tmin': 1.9712947654928525e-06, 'eim_Tratio': 6.916481735728817, 'eim_moves': 2664}. Best is trial 9 with value: -0.0005934031558902375.
[F2b_tau_rel0.6__hlns__b10] BEST -0.00059 cfg={"eim_R": 4, "eim_Tmax": 1.3634424241269136e-05, "eim_Tmin": 1.9712947654928525e-06, "eim_moves": 2664, "hl_frac_sel": 0.7463316723057934, "hl_nmax": 2055, "hl_p_block": 0.5334676571643976, "hl_p_milp": 0.17773626833619632, "hl_q": 3, "hl_slice": 0.15185070244922075, "start": "pgreedy"}
[I 2026-09-28 16:52:10,048] A new study created in RDB with name: F2b_tau_rel0.6__lp__b10
[F2b_tau_rel0.6__lp__b10] trial 0: +0.00603 [0.006003137340540032, 0.006058631525951652] {"J": 12, "lexi": false}
[I 2026-09-28 16:52:14,636] Trial 0 finished with value: 0.006030884433245842 and parameters: {'start': 'pgreedy', 'lexi': False, 'J': 12}. Best is trial 0 with value: 0.006030884433245842.
[F2b_tau_rel0.6__lp__b10] trial 1: -0.00013 [-8.001174674199252e-05, -0.00017300936327413474] {"J": 24, "lexi": true}
[I 2026-09-28 16:52:33,366] Trial 1 finished with value: -0.00012651055500806363 and parameters: {'start': 'lp', 'lexi': True, 'J': 24}. Best is trial 1 with value: -0.00012651055500806363.
[F2b_tau_rel0.6__lp__b10] trial 2: +0.18210 [0.12526030651994424, 0.23893984726571138] {"J": 6, "lexi": true}
[I 2026-09-28 16:52:50,509] Trial 2 finished with value: 0.1821000768928278 and parameters: {'start': 'pgreedy', 'lexi': True, 'J': 6}. Best is trial 1 with value: -0.00012651055500806363.
[F2b_tau_rel0.6__lp__b10] trial 3: +0.17408 [0.13032786291166487, 0.21783739894116483] {"J": 6, "lexi": true}
[I 2026-09-28 16:53:07,616] Trial 3 finished with value: 0.17408263092641485 and parameters: {'start': 'pgreedy', 'lexi': True, 'J': 6}. Best is trial 1 with value: -0.00012651055500806363.
[F2b_tau_rel0.6__lp__b10] trial 4: -0.00020 [-8.001174674199252e-05, -0.0003108418850037431] {"J": 24, "lexi": true}
[I 2026-09-28 16:53:27,043] Trial 4 finished with value: -0.0001954268158728678 and parameters: {'start': 'lp', 'lexi': True, 'J': 24}. Best is trial 4 with value: -0.0001954268158728678.
[F2b_tau_rel0.6__lp__b10] trial 5: -0.00012 [-8.001174674199252e-05, -0.00015811517339892056] {"J": 24, "lexi": false}
[I 2026-09-28 16:53:32,901] Trial 5 finished with value: -0.00011906346007045654 and parameters: {'start': 'lp', 'lexi': False, 'J': 24}. Best is trial 4 with value: -0.0001954268158728678.
[F2b_tau_rel0.6__lp__b10] trial 6: +0.00601 [0.005963806750098888, 0.0060627256457845835] {"J": 12, "lexi": true}
[I 2026-09-28 16:53:50,775] Trial 6 finished with value: 0.006013266197941736 and parameters: {'start': 'lp', 'lexi': True, 'J': 12}. Best is trial 4 with value: -0.0001954268158728678.
[F2b_tau_rel0.6__lp__b10] trial 7: +0.18154 [0.1306119464209583, 0.23245808764246556] {"J": 6, "lexi": false}
[I 2026-09-28 16:53:54,268] Trial 7 finished with value: 0.18153501703171193 and parameters: {'start': 'lp', 'lexi': False, 'J': 6}. Best is trial 4 with value: -0.0001954268158728678.
[F2b_tau_rel0.6__lp__b10] trial 8: -0.00020 [-8.001174674199252e-05, -0.00031834661229745986] {"J": 24, "lexi": true}
[I 2026-09-28 16:54:13,426] Trial 8 finished with value: -0.0001991791795197262 and parameters: {'start': 'pgreedy', 'lexi': True, 'J': 24}. Best is trial 8 with value: -0.0001991791795197262.
[F2b_tau_rel0.6__lp__b10] trial 9: -0.00013 [-7.926826872317605e-05, -0.00017300936327413474] {"J": 24, "lexi": true}
[I 2026-09-28 16:54:32,258] Trial 9 finished with value: -0.0001261388159986554 and parameters: {'start': 'pgreedy', 'lexi': True, 'J': 24}. Best is trial 8 with value: -0.0001991791795197262.
[F2b_tau_rel0.6__lp__b10] BEST -0.00020 cfg={"J": 24, "lexi": true}
[I 2026-09-28 16:54:32,291] A new study created in RDB with name: F2b_tau_rel0.6__sb__b10
[F2b_tau_rel0.6__sb__b10] trial 0: +0.00603 [0.006003137340540032, 0.006058631525951652] {"sb_agents": 32, "sb_alpha_floor": 0.0, "sb_dt": 1.0, "sb_eta_mu": 1.0, "sb_heat": 0.06, "sb_steps": 400, "sb_variant": "ballistic", "sb_warm": 0.0, "sb_xi": 0.7, "start": "lp"}
[I 2026-09-28 16:54:56,672] Trial 0 finished with value: 0.006030884433245842 and parameters: {'start': 'lp', 'sb_agents': 32, 'sb_steps': 400, 'sb_dt': 1.0, 'sb_variant': 'ballistic', 'sb_heat': 0.06, 'sb_xi': 0.7, 'sb_warm': 0.0, 'sb_eta_mu': 1.0, 'sb_alpha_floor': 0.0}. Best is trial 0 with value: 0.006030884433245842.
[F2b_tau_rel0.6__sb__b10] trial 1: +0.00000 [0.0, 0.0] {"sb_agents": 64, "sb_alpha_floor": 0.017425859940308142, "sb_dt": 1.3593049010167038, "sb_eta_mu": 0.0163345876110695, "sb_heat": 0.060428515788450606, "sb_steps": 250, "sb_variant": "ballistic", "sb
[I 2026-09-28 16:55:20,964] Trial 1 finished with value: 0.0 and parameters: {'start': 'pgreedy', 'sb_agents': 64, 'sb_steps': 250, 'sb_dt': 1.3593049010167038, 'sb_variant': 'ballistic', 'sb_heat': 0.060428515788450606, 'sb_xi': 0.5117279648784191, 'sb_warm': 0.8793168063780279, 'sb_eta_mu': 0.0163345876110695, 'sb_alpha_floor': 0.017425859940308142}. Best is trial 1 with value: 0.0.
[F2b_tau_rel0.6__sb__b10] trial 2: +0.00000 [0.0, 0.0] {"sb_agents": 32, "sb_alpha_floor": 0.15484673788684333, "sb_dt": 1.214687929172392, "sb_eta_mu": 0.06218230782016853, "sb_heat": 0.24853670483449902, "sb_steps": 273, "sb_variant": "discrete", "sb_wa
[I 2026-09-28 16:55:45,311] Trial 2 finished with value: 0.0 and parameters: {'start': 'pgreedy', 'sb_agents': 32, 'sb_steps': 273, 'sb_dt': 1.214687929172392, 'sb_variant': 'discrete', 'sb_heat': 0.24853670483449902, 'sb_xi': 0.4235407976345083, 'sb_warm': 0.3939288429909974, 'sb_eta_mu': 0.06218230782016853, 'sb_alpha_floor': 0.15484673788684333}. Best is trial 1 with value: 0.0.
[F2b_tau_rel0.6__sb__b10] trial 3: +0.00000 [0.0, 0.0] {"sb_agents": 16, "sb_alpha_floor": 0.02578525953097066, "sb_dt": 1.0863663888345285, "sb_eta_mu": 0.0427708304996207, "sb_heat": 0.012273271012844034, "sb_steps": 1625, "sb_variant": "heated", "sb_wa
[I 2026-09-28 16:56:09,889] Trial 3 finished with value: 0.0 and parameters: {'start': 'pgreedy', 'sb_agents': 16, 'sb_steps': 1625, 'sb_dt': 1.0863663888345285, 'sb_variant': 'heated', 'sb_heat': 0.012273271012844034, 'sb_xi': 0.7666234032273203, 'sb_warm': 0.6371059761372514, 'sb_eta_mu': 0.0427708304996207, 'sb_alpha_floor': 0.02578525953097066}. Best is trial 1 with value: 0.0.
[F2b_tau_rel0.6__sb__b10] trial 4: +0.00000 [0.0, 0.0] {"sb_agents": 64, "sb_alpha_floor": 0.10309851026405195, "sb_dt": 0.6547553491462884, "sb_eta_mu": 0.4589433026215744, "sb_heat": 0.22344186631776727, "sb_steps": 564, "sb_variant": "ballistic", "sb_w
[I 2026-09-28 16:56:35,021] Trial 4 finished with value: 0.0 and parameters: {'start': 'pgreedy', 'sb_agents': 64, 'sb_steps': 564, 'sb_dt': 0.6547553491462884, 'sb_variant': 'ballistic', 'sb_heat': 0.22344186631776727, 'sb_xi': 0.4056004110439779, 'sb_warm': 0.9110797114690506, 'sb_eta_mu': 0.4589433026215744, 'sb_alpha_floor': 0.10309851026405195}. Best is trial 1 with value: 0.0.
[F2b_tau_rel0.6__sb__b10] trial 5: +0.00000 [0.0, 0.0] {"sb_agents": 64, "sb_alpha_floor": 0.1629973906471776, "sb_dt": 1.3518798049246434, "sb_eta_mu": 1.5423979778329577, "sb_heat": 0.026313042205482584, "sb_steps": 570, "sb_variant": "ballistic", "sb_w
[I 2026-09-28 16:56:59,167] Trial 5 finished with value: 0.0 and parameters: {'start': 'pgreedy', 'sb_agents': 64, 'sb_steps': 570, 'sb_dt': 1.3518798049246434, 'sb_variant': 'ballistic', 'sb_heat': 0.026313042205482584, 'sb_xi': 0.052372490154992, 'sb_warm': 0.35249649824283646, 'sb_eta_mu': 1.5423979778329577, 'sb_alpha_floor': 0.1629973906471776}. Best is trial 1 with value: 0.0.
[F2b_tau_rel0.6__sb__b10] trial 6: +0.00000 [0.0, 0.0] {"sb_agents": 64, "sb_alpha_floor": 0.020395068626972046, "sb_dt": 0.8292241742611886, "sb_eta_mu": 0.01929182922163699, "sb_heat": 0.01343460600595445, "sb_steps": 188, "sb_variant": "ballistic", "sb
[I 2026-09-28 16:57:23,344] Trial 6 finished with value: 0.0 and parameters: {'start': 'pgreedy', 'sb_agents': 64, 'sb_steps': 188, 'sb_dt': 0.8292241742611886, 'sb_variant': 'ballistic', 'sb_heat': 0.01343460600595445, 'sb_xi': 0.10243095236279803, 'sb_warm': 0.4119236202156892, 'sb_eta_mu': 0.01929182922163699, 'sb_alpha_floor': 0.020395068626972046}. Best is trial 1 with value: 0.0.
[F2b_tau_rel0.6__sb__b10] trial 7: +0.00000 [0.0, 0.0] {"sb_agents": 64, "sb_alpha_floor": 0.009898997058028863, "sb_dt": 1.2958386968342557, "sb_eta_mu": 3.6391222668043945, "sb_heat": 0.0675854099875873, "sb_steps": 56, "sb_variant": "ballistic", "sb_wa
[I 2026-09-28 16:57:47,623] Trial 7 finished with value: 0.0 and parameters: {'start': 'pgreedy', 'sb_agents': 64, 'sb_steps': 56, 'sb_dt': 1.2958386968342557, 'sb_variant': 'ballistic', 'sb_heat': 0.0675854099875873, 'sb_xi': 0.1536484086419294, 'sb_warm': 0.08799663300715477, 'sb_eta_mu': 3.6391222668043945, 'sb_alpha_floor': 0.009898997058028863}. Best is trial 1 with value: 0.0.
[F2b_tau_rel0.6__sb__b10] trial 8: +0.00000 [0.0, 0.0] {"sb_agents": 64, "sb_alpha_floor": 0.003153686122105207, "sb_dt": 1.3489045180351462, "sb_eta_mu": 0.013573268050001334, "sb_heat": 0.04235250057128964, "sb_steps": 704, "sb_variant": "ballistic", "s
[I 2026-09-28 16:58:12,201] Trial 8 finished with value: 0.0 and parameters: {'start': 'pgreedy', 'sb_agents': 64, 'sb_steps': 704, 'sb_dt': 1.3489045180351462, 'sb_variant': 'ballistic', 'sb_heat': 0.04235250057128964, 'sb_xi': 1.134005008519199, 'sb_warm': 0.9359644473723686, 'sb_eta_mu': 0.013573268050001334, 'sb_alpha_floor': 0.003153686122105207}. Best is trial 1 with value: 0.0.
[F2b_tau_rel0.6__sb__b10] trial 9: +0.00000 [0.0, 0.0] {"sb_agents": 64, "sb_alpha_floor": 0.08135397637543632, "sb_dt": 1.4811218099413979, "sb_eta_mu": 0.6569339112013449, "sb_heat": 0.2758246619450391, "sb_steps": 1114, "sb_variant": "ballistic", "sb_w
[I 2026-09-28 16:58:36,608] Trial 9 finished with value: 0.0 and parameters: {'start': 'pgreedy', 'sb_agents': 64, 'sb_steps': 1114, 'sb_dt': 1.4811218099413979, 'sb_variant': 'ballistic', 'sb_heat': 0.2758246619450391, 'sb_xi': 1.1329830822842206, 'sb_warm': 0.07765792843736197, 'sb_eta_mu': 0.6569339112013449, 'sb_alpha_floor': 0.08135397637543632}. Best is trial 1 with value: 0.0.
[F2b_tau_rel0.6__sb__b10] BEST +0.00000 cfg={"sb_agents": 64, "sb_alpha_floor": 0.017425859940308142, "sb_dt": 1.3593049010167038, "sb_eta_mu": 0.0163345876110695, "sb_heat": 0.060428515788450606, "sb_steps": 250, "sb_variant": "ballistic", "sb_warm": 0.8793168063780279, "sb_xi": 0.5117279648784191, "start": "pgreedy"}
[I 2026-09-28 16:58:36,646] A new study created in RDB with name: F2b_tau_rel0.6__scip__b10
[F2b_tau_rel0.6__scip__b10] trial 0: +0.00603 [0.006003137340540032, 0.006058631525951652] {"emphasis": "default", "start": "lp"}
[I 2026-09-28 16:58:58,192] Trial 0 finished with value: 0.006030884433245842 and parameters: {'start': 'lp', 'emphasis': 'default'}. Best is trial 0 with value: 0.006030884433245842.
[F2b_tau_rel0.6__scip__b10] trial 1: +0.00000 [0.0, 0.0] {"emphasis": "default", "start": "pgreedy"}
[I 2026-09-28 16:59:19,675] Trial 1 finished with value: 0.0 and parameters: {'start': 'pgreedy', 'emphasis': 'default'}. Best is trial 1 with value: 0.0.
[F2b_tau_rel0.6__scip__b10] trial 2: +0.00601 [0.005971286385699992, 0.006058631525951652] {"emphasis": "aggressive", "start": "lp"}
[I 2026-09-28 16:59:41,112] Trial 2 finished with value: 0.006014958955825822 and parameters: {'start': 'lp', 'emphasis': 'aggressive'}. Best is trial 1 with value: 0.0.
[F2b_tau_rel0.6__scip__b10] trial 3: +0.00603 [0.006004005669767665, 0.006058631525951652] {"emphasis": "aggressive", "start": "lp"}
[I 2026-09-28 17:00:02,490] Trial 3 finished with value: 0.006031318597859658 and parameters: {'start': 'lp', 'emphasis': 'aggressive'}. Best is trial 1 with value: 0.0.
[F2b_tau_rel0.6__scip__b10] trial 4: +0.00000 [0.0, 0.0] {"emphasis": "default", "start": "pgreedy"}
[I 2026-09-28 17:00:23,959] Trial 4 finished with value: 0.0 and parameters: {'start': 'pgreedy', 'emphasis': 'default'}. Best is trial 1 with value: 0.0.
[F2b_tau_rel0.6__scip__b10] trial 5: +0.00000 [0.0, 0.0] {"emphasis": "fast", "start": "pgreedy"}
[I 2026-09-28 17:00:45,369] Trial 5 finished with value: 0.0 and parameters: {'start': 'pgreedy', 'emphasis': 'fast'}. Best is trial 1 with value: 0.0.
[F2b_tau_rel0.6__scip__b10] trial 6: +0.00000 [0.0, 0.0] {"emphasis": "default", "start": "pgreedy"}
[I 2026-09-28 17:01:06,825] Trial 6 finished with value: 0.0 and parameters: {'start': 'pgreedy', 'emphasis': 'default'}. Best is trial 1 with value: 0.0.
[F2b_tau_rel0.6__scip__b10] trial 7: +0.00000 [0.0, 0.0] {"emphasis": "aggressive", "start": "pgreedy"}
[I 2026-09-28 17:01:28,173] Trial 7 finished with value: 0.0 and parameters: {'start': 'pgreedy', 'emphasis': 'aggressive'}. Best is trial 1 with value: 0.0.
[F2b_tau_rel0.6__scip__b10] trial 8: +0.00600 [0.005936394171321968, 0.006058631525951652] {"emphasis": "fast", "start": "lp"}
[I 2026-09-28 17:01:49,563] Trial 8 finished with value: 0.00599751284863681 and parameters: {'start': 'lp', 'emphasis': 'fast'}. Best is trial 1 with value: 0.0.
[F2b_tau_rel0.6__scip__b10] trial 9: +0.00000 [0.0, 0.0] {"emphasis": "default", "start": "pgreedy"}
[I 2026-09-28 17:02:10,916] Trial 9 finished with value: 0.0 and parameters: {'start': 'pgreedy', 'emphasis': 'default'}. Best is trial 1 with value: 0.0.
[F2b_tau_rel0.6__scip__b10] BEST +0.00000 cfg={"emphasis": "default", "start": "pgreedy"}
[I 2026-09-28 17:02:10,956] A new study created in RDB with name: F2b_tau_rel0.6__mq__b10
[F2b_tau_rel0.6__mq__b10] trial 0: +0.00603 [0.006003137340540032, 0.006058631525951652] {"mq_dt": 1.0, "mq_iters": 300, "mq_ksamp": 4, "mq_nmax": 800, "mq_pen": 0.05, "mq_q": 6, "mq_reads": 16, "mq_solver": "mq_dsb", "mq_xi": 0.5, "start": "lp"}
[I 2026-09-28 17:02:34,144] Trial 0 finished with value: 0.006030884433245842 and parameters: {'start': 'lp', 'mq_solver': 'mq_dsb', 'mq_nmax': 800, 'mq_reads': 16, 'mq_iters': 300, 'mq_dt': 1.0, 'mq_xi': 0.5, 'mq_pen': 0.05, 'mq_q': 6, 'mq_ksamp': 4}. Best is trial 0 with value: 0.006030884433245842.
[F2b_tau_rel0.6__mq__b10] trial 1: +0.00000 [0.0, 0.0] {"mq_dt": 1.1646313382487206, "mq_iters": 405, "mq_ksamp": 7, "mq_nmax": 1119, "mq_pen": 0.001825525480239901, "mq_q": 2, "mq_reads": 4, "mq_solver": "dwave_sa", "mq_xi": 0.06687793579777104, "start":
[I 2026-09-28 17:02:55,960] Trial 1 finished with value: 0.0 and parameters: {'start': 'pgreedy', 'mq_solver': 'dwave_sa', 'mq_nmax': 1119, 'mq_reads': 4, 'mq_iters': 405, 'mq_dt': 1.1646313382487206, 'mq_xi': 0.06687793579777104, 'mq_pen': 0.001825525480239901, 'mq_q': 2, 'mq_ksamp': 7}. Best is trial 1 with value: 0.0.
[F2b_tau_rel0.6__mq__b10] trial 2: -0.00010 [0.0, -0.0001945517173993494] {"mq_dt": 0.6959964799137436, "mq_iters": 132, "mq_ksamp": 5, "mq_nmax": 565, "mq_pen": 0.05073432032394333, "mq_q": 2, "mq_reads": 8, "mq_solver": "mq_bsb", "mq_xi": 0.3236490137439119, "start": "pgr
[I 2026-09-28 17:03:18,608] Trial 2 finished with value: -9.72758586996747e-05 and parameters: {'start': 'pgreedy', 'mq_solver': 'mq_bsb', 'mq_nmax': 565, 'mq_reads': 8, 'mq_iters': 132, 'mq_dt': 0.6959964799137436, 'mq_xi': 0.3236490137439119, 'mq_pen': 0.05073432032394333, 'mq_q': 2, 'mq_ksamp': 5}. Best is trial 2 with value: -9.72758586996747e-05.
[F2b_tau_rel0.6__mq__b10] trial 3: -0.00019 [-0.00023832815857449674, -0.0001403575318478234] {"mq_dt": 0.17227208685390633, "mq_iters": 159, "mq_ksamp": 1, "mq_nmax": 117, "mq_pen": 0.02069209865653834, "mq_q": 31, "mq_reads": 8, "mq_solver": "mq_bsb", "mq_xi": 0.5162571798019395, "start": "p
[I 2026-09-28 17:03:41,151] Trial 3 finished with value: -0.00018934284521116007 and parameters: {'start': 'pgreedy', 'mq_solver': 'mq_bsb', 'mq_nmax': 117, 'mq_reads': 8, 'mq_iters': 159, 'mq_dt': 0.17227208685390633, 'mq_xi': 0.5162571798019395, 'mq_pen': 0.02069209865653834, 'mq_q': 31, 'mq_ksamp': 1}. Best is trial 3 with value: -0.00018934284521116007.
[F2b_tau_rel0.6__mq__b10] trial 4: -0.00004 [0.0, -8.276192617029388e-05] {"mq_dt": 0.10969086993596948, "mq_iters": 84, "mq_ksamp": 7, "mq_nmax": 159, "mq_pen": 0.0012022631938673073, "mq_q": 27, "mq_reads": 16, "mq_solver": "mq_bsb", "mq_xi": 1.111479412759992, "start": "
[I 2026-09-28 17:04:03,858] Trial 4 finished with value: -4.138096308514694e-05 and parameters: {'start': 'pgreedy', 'mq_solver': 'mq_bsb', 'mq_nmax': 159, 'mq_reads': 16, 'mq_iters': 84, 'mq_dt': 0.10969086993596948, 'mq_xi': 1.111479412759992, 'mq_pen': 0.0012022631938673073, 'mq_q': 27, 'mq_ksamp': 7}. Best is trial 3 with value: -0.00018934284521116007.
[F2b_tau_rel0.6__mq__b10] trial 5: -0.00004 [-1.589407488233885e-05, -6.736930699735577e-05] {"mq_dt": 0.97082874736767, "mq_iters": 121, "mq_ksamp": 1, "mq_nmax": 234, "mq_pen": 0.005467268720503918, "mq_q": 30, "mq_reads": 4, "mq_solver": "mq_bsb", "mq_xi": 1.0182128739641982, "start": "pgr
[I 2026-09-28 17:04:26,610] Trial 5 finished with value: -4.163169093984731e-05 and parameters: {'start': 'pgreedy', 'mq_solver': 'mq_bsb', 'mq_nmax': 234, 'mq_reads': 4, 'mq_iters': 121, 'mq_dt': 0.97082874736767, 'mq_xi': 1.0182128739641982, 'mq_pen': 0.005467268720503918, 'mq_q': 30, 'mq_ksamp': 1}. Best is trial 3 with value: -0.00018934284521116007.
[F2b_tau_rel0.6__mq__b10] trial 6: -0.00006 [-9.325195612697179e-06, -0.00011365958488773753] {"mq_dt": 0.07448044762885073, "mq_iters": 208, "mq_ksamp": 1, "mq_nmax": 116, "mq_pen": 0.012106718952367564, "mq_q": 6, "mq_reads": 8, "mq_solver": "mq_bsb", "mq_xi": 0.1024984864100098, "start": "p
[I 2026-09-28 17:04:49,324] Trial 6 finished with value: -6.149239025021735e-05 and parameters: {'start': 'pgreedy', 'mq_solver': 'mq_bsb', 'mq_nmax': 116, 'mq_reads': 8, 'mq_iters': 208, 'mq_dt': 0.07448044762885073, 'mq_xi': 0.1024984864100098, 'mq_pen': 0.012106718952367564, 'mq_q': 6, 'mq_ksamp': 1}. Best is trial 3 with value: -0.00018934284521116007.
[F2b_tau_rel0.6__mq__b10] trial 7: -0.00002 [-1.4819702041646288e-05, -2.012342378820975e-05] {"mq_dt": 0.834852499565282, "mq_iters": 463, "mq_ksamp": 3, "mq_nmax": 117, "mq_pen": 0.005184318833808465, "mq_q": 8, "mq_reads": 8, "mq_solver": "mq_bsb", "mq_xi": 0.10379277955913387, "start": "pg
[I 2026-09-28 17:05:11,950] Trial 7 finished with value: -1.7471562914928018e-05 and parameters: {'start': 'pgreedy', 'mq_solver': 'mq_bsb', 'mq_nmax': 117, 'mq_reads': 8, 'mq_iters': 463, 'mq_dt': 0.834852499565282, 'mq_xi': 0.10379277955913387, 'mq_pen': 0.005184318833808465, 'mq_q': 8, 'mq_ksamp': 3}. Best is trial 3 with value: -0.00018934284521116007.
[F2b_tau_rel0.6__mq__b10] trial 8: +0.00000 [0.0, 0.0] {"mq_dt": 0.1725975876714125, "mq_iters": 330, "mq_ksamp": 5, "mq_nmax": 142, "mq_pen": 0.011682909697246035, "mq_q": 28, "mq_reads": 8, "mq_solver": "mq_bsb", "mq_xi": 0.878574376927204, "start": "pg
[I 2026-09-28 17:05:34,687] Trial 8 finished with value: 0.0 and parameters: {'start': 'pgreedy', 'mq_solver': 'mq_bsb', 'mq_nmax': 142, 'mq_reads': 8, 'mq_iters': 330, 'mq_dt': 0.1725975876714125, 'mq_xi': 0.878574376927204, 'mq_pen': 0.011682909697246035, 'mq_q': 28, 'mq_ksamp': 5}. Best is trial 3 with value: -0.00018934284521116007.
[F2b_tau_rel0.6__mq__b10] trial 9: -0.00017 [-0.00021440494684243916, -0.0001165706953220047] {"mq_dt": 0.39691260063316103, "mq_iters": 141, "mq_ksamp": 8, "mq_nmax": 377, "mq_pen": 0.8432169904639403, "mq_q": 21, "mq_reads": 8, "mq_solver": "mq_bsb", "mq_xi": 1.139407416383334, "start": "pgr
[I 2026-09-28 17:05:57,224] Trial 9 finished with value: -0.00016548782108222193 and parameters: {'start': 'pgreedy', 'mq_solver': 'mq_bsb', 'mq_nmax': 377, 'mq_reads': 8, 'mq_iters': 141, 'mq_dt': 0.39691260063316103, 'mq_xi': 1.139407416383334, 'mq_pen': 0.8432169904639403, 'mq_q': 21, 'mq_ksamp': 8}. Best is trial 3 with value: -0.00018934284521116007.
[F2b_tau_rel0.6__mq__b10] BEST -0.00019 cfg={"mq_dt": 0.17227208685390633, "mq_iters": 159, "mq_ksamp": 1, "mq_nmax": 117, "mq_pen": 0.02069209865653834, "mq_q": 31, "mq_reads": 8, "mq_solver": "mq_bsb", "mq_xi": 0.5162571798019395, "start": "pgreedy"}
