reused 18 phase-1 rows
[solve] Region4_s0 lp (13s) {"instance": "full_Region4_s0", "solver": "lp", "budget": 300.0, "seed": 0, "wall": 2.446, "objective": 17.761197714323302, "peak_W_util": 17.7086732711744, "status": "ok", "over_budget": 0}
[solve] Region4_s0 cpsat (10s) {"instance": "full_Region4_s0", "solver": "cpsat", "budget": 300.0, "seed": 0, "wall": 1.378, "objective": 17.674290986791323, "peak_W_util": 17.674290986791323, "status": "ok", "over_budget": 0}
[solve] Region4_s0 pt (317s) {"instance": "full_Region4_s0", "solver": "pt", "budget": 300.0, "seed": 0, "wall": 300.021, "objective": 17.674290986791323, "peak_W_util": 17.674290986791323, "status": "ok", "over_budget": 0}
[solve] Region5_s0 lp (15s) {"instance": "full_Region5_s0", "solver": "lp", "budget": 300.0, "seed": 0, "wall": 5.73, "objective": 22.120938956876465, "peak_W_util": 22.079383579383588, "status": "ok", "over_budget": 0}
[solve] Region5_s0 cpsat (22s) {"instance": "full_Region5_s0", "solver": "cpsat", "budget": 300.0, "seed": 0, "wall": 4.022, "objective": 21.865562678062645, "peak_W_util": 21.865562678062645, "status": "ok", "over_budget": 0}
[solve] Region4_s0 lp (8s) {"instance": "full_Region4_s0", "solver": "lp", "budget": 300.0, "seed": 0, "wall": 2.182, "objective": 17.761197714323302, "peak_W_util": 17.7086732711744, "status": "ok", "over_budget": 0}
[solve] Region4_s0 cpsat (36s) {"instance": "full_Region4_s0", "solver": "cpsat", "budget": 300.0, "seed": 0, "wall": 1.403, "objective": 17.674290986791323, "peak_W_util": 17.674290986791323, "status": "ok", "over_budget": 0}
[solve] Region4_s0 pt (450s) {"instance": "full_Region4_s0", "solver": "pt", "budget": 300.0, "seed": 0, "wall": 300.013, "objective": 17.674290986791323, "peak_W_util": 17.674290986791323, "status": "ok", "over_budget": 0}
[solve] Region7_s0 lp (40s) {"instance": "full_Region7_s0", "solver": "lp", "budget": 300.0, "seed": 0, "wall": 6.313, "objective": 24.40604360916865, "peak_W_util": 24.20964452214452, "status": "ok", "over_budget": 0}
[solve] Region7_s0 cpsat (55s) {"instance": "full_Region7_s0", "solver": "cpsat", "budget": 300.0, "seed": 0, "wall": 9.078, "objective": 24.087525900025927, "peak_W_util": 24.087525900025927, "status": "ok", "over_budget": 0}
[solve] Region7_s0 pt (342s) {"instance": "full_Region7_s0", "solver": "pt", "budget": 300.0, "seed": 0, "wall": 300.009, "objective": 24.087525900025927, "peak_W_util": 24.087525900025927, "status": "ok", "over_budget": 0}
[solve] Region6_s0 lp (38s) {"instance": "full_Region6_s0", "solver": "lp", "budget": 300.0, "seed": 0, "wall": 3.891, "objective": 22.985346250971308, "peak_W_util": 22.596720409220488, "status": "ok", "over_budget": 0}
[solve] Region6_s0 cpsat (300s) {"instance": "full_Region6_s0", "solver": "cpsat", "budget": 300.0, "seed": 0, "wall": 295.671, "objective": 21.874326194638712, "peak_W_util": 21.21383708883713, "status": "ok", "over_budget": 0}
[solve] Region6_s0 pt (306s) {"instance": "full_Region6_s0", "solver": "pt", "budget": 300.0, "seed": 0, "wall": 300.008, "objective": 22.169877865190376, "peak_W_util": 21.501052188552197, "status": "ok", "over_budget": 0}
[solve] Region5_s0.1 lp (79s) {"instance": "full_Region5_s0.1", "solver": "lp", "budget": 300.0, "seed": 0, "wall": 3.877, "objective": 22.924157439782423, "peak_W_util": 22.855235042735103, "status": "ok", "over_budget": 0}
[solve] Region5_s0.1 cpsat (45s) {"instance": "full_Region5_s0.1", "solver": "cpsat", "budget": 300.0, "seed": 0, "wall": 1.688, "objective": 22.569832944832864, "peak_W_util": 22.569832944832864, "status": "ok", "over_budget": 0}
[solve] Region5_s0.1 pt (313s) {"instance": "full_Region5_s0.1", "solver": "pt", "budget": 300.0, "seed": 0, "wall": 300.02, "objective": 22.569832944832864, "peak_W_util": 22.569832944832864, "status": "ok", "over_budget": 0}
[solve] Region4_s0.2 lp (14s) {"instance": "full_Region4_s0.2", "solver": "lp", "budget": 300.0, "seed": 0, "wall": 4.48, "objective": 27.873069638695476, "peak_W_util": 27.83861046361174, "status": "ok", "over_budget": 0}
[solve] Region4_s0.2 cpsat (12s) {"instance": "full_Region4_s0.2", "solver": "cpsat", "budget": 300.0, "seed": 0, "wall": 2.268, "objective": 27.83861046361174, "peak_W_util": 27.83861046361174, "status": "ok", "over_budget": 0}
[solve] Region4_s0.2 pt (310s) {"instance": "full_Region4_s0.2", "solver": "pt", "budget": 300.0, "seed": 0, "wall": 300.01, "objective": 27.83861046361174, "peak_W_util": 27.83861046361174, "status": "ok", "over_budget": 0}
[solve] Region5_s0.2 lp (8s) {"instance": "full_Region5_s0.2", "solver": "lp", "budget": 300.0, "seed": 0, "wall": 6.544, "objective": 24.199213691401226, "peak_W_util": 24.180830743330713, "status": "ok", "over_budget": 0}
[solve] Region5_s0.2 cpsat (8s) {"instance": "full_Region5_s0.2", "solver": "cpsat", "budget": 300.0, "seed": 0, "wall": 1.451, "objective": 24.120645558145487, "peak_W_util": 24.120645558145487, "status": "ok", "over_budget": 0}
[solve] Region5_s0.2 pt (336s) {"instance": "full_Region5_s0.2", "solver": "pt", "budget": 300.0, "seed": 0, "wall": 300.006, "objective": 24.120645558145487, "peak_W_util": 24.120645558145487, "status": "ok", "over_budget": 0}
[solve] Region4_s0.3 lp (96s) {"instance": "full_Region4_s0.3", "solver": "lp", "budget": 300.0, "seed": 0, "wall": 5.861, "objective": 28.637183129370637, "peak_W_util": 27.848679098679213, "status": "ok", "over_budget": 0}
[solve] Region4_s0.3 cpsat (257s) {"instance": "full_Region4_s0.3", "solver": "cpsat", "budget": 300.0, "seed": 0, "wall": 221.764, "objective": 27.651994706682157, "peak_W_util": 27.081844081844096, "status": "ok", "over_budget": 0}
[solve] Region4_s0.3 pt (373s) {"instance": "full_Region4_s0.3", "solver": "pt", "budget": 300.0, "seed": 0, "wall": 300.013, "objective": 27.967169693732206, "peak_W_util": 27.169871794872083, "status": "ok", "over_budget": 0}
[solve] Region5_s0.3 lp (29s) {"instance": "full_Region5_s0.3", "solver": "lp", "budget": 300.0, "seed": 0, "wall": 4.021, "objective": 22.721170033670024, "peak_W_util": 22.721170033670024, "status": "ok", "over_budget": 0}
[solve] Region5_s0.3 cpsat (27s) {"instance": "full_Region5_s0.3", "solver": "cpsat", "budget": 300.0, "seed": 0, "wall": 1.599, "objective": 22.397452084952093, "peak_W_util": 22.397452084952093, "status": "ok", "over_budget": 0}
[solve] Region5_s0.3 pt (337s) {"instance": "full_Region5_s0.3", "solver": "pt", "budget": 300.0, "seed": 0, "wall": 300.009, "objective": 22.397452084952093, "peak_W_util": 22.397452084952093, "status": "ok", "over_budget": 0}
[solve] Region4_s0.4 lp (74s) {"instance": "full_Region4_s0.4", "solver": "lp", "budget": 300.0, "seed": 0, "wall": 5.679, "objective": 29.34365894522139, "peak_W_util": 29.29118104118083, "status": "ok", "over_budget": 0}
[solve] Region4_s0.4 cpsat (20s) {"instance": "full_Region4_s0.4", "solver": "cpsat", "budget": 300.0, "seed": 0, "wall": 11.702, "objective": 29.064555814555604, "peak_W_util": 29.064555814555604, "status": "ok", "over_budget": 0}
[solve] Region4_s0.4 pt (325s) {"instance": "full_Region4_s0.4", "solver": "pt", "budget": 300.0, "seed": 0, "wall": 300.015, "objective": 29.064555814555604, "peak_W_util": 29.064555814555604, "status": "ok", "over_budget": 0}
[solve] Region5_s0.4 lp (61s) {"instance": "full_Region5_s0.4", "solver": "lp", "budget": 300.0, "seed": 0, "wall": 2.344, "objective": 18.483320788008243, "peak_W_util": 18.46072908572905, "status": "ok", "over_budget": 0}
[solve] Region5_s0.4 cpsat (27s) {"instance": "full_Region5_s0.4", "solver": "cpsat", "budget": 300.0, "seed": 0, "wall": 1.403, "objective": 18.414351851851798, "peak_W_util": 18.414351851851798, "status": "ok", "over_budget": 0}
[solve] Region5_s0.4 pt (331s) {"instance": "full_Region5_s0.4", "solver": "pt", "budget": 300.0, "seed": 0, "wall": 300.012, "objective": 18.414351851851798, "peak_W_util": 18.414351851851798, "status": "ok", "over_budget": 0}
[solve] Region7_s0.4 lp (125s) {"instance": "full_Region7_s0.4", "solver": "lp", "budget": 300.0, "seed": 0, "wall": 5.667, "objective": 24.10144311706813, "peak_W_util": 23.93167249417246, "status": "ok", "over_budget": 0}
[solve] Region7_s0.4 cpsat (103s) {"instance": "full_Region7_s0.4", "solver": "cpsat", "budget": 300.0, "seed": 0, "wall": 2.127, "objective": 23.87657018907011, "peak_W_util": 23.87657018907011, "status": "ok", "over_budget": 0}
[solve] Region7_s0.4 pt (310s) {"instance": "full_Region7_s0.4", "solver": "pt", "budget": 300.0, "seed": 0, "wall": 300.013, "objective": 23.87657018907011, "peak_W_util": 23.87657018907011, "status": "ok", "over_budget": 0}
[solve] Region6_s0.4 lp (94s) {"instance": "full_Region6_s0.4", "solver": "lp", "budget": 300.0, "seed": 0, "wall": 3.417, "objective": 23.13762019230768, "peak_W_util": 21.759793447293525, "status": "ok", "over_budget": 0}
[solve] Region6_s0.4 cpsat (207s) {"instance": "full_Region6_s0.4", "solver": "cpsat", "budget": 300.0, "seed": 0, "wall": 187.789, "objective": 21.525116954804467, "peak_W_util": 21.247539497539467, "status": "ok", "over_budget": 0}
[solve] Region6_s0.4 pt (356s) {"instance": "full_Region6_s0.4", "solver": "pt", "budget": 300.0, "seed": 0, "wall": 300.022, "objective": 21.751145266770248, "peak_W_util": 21.247539497539467, "status": "ok", "over_budget": 0}
[solve] Region4_s0.5 lp (24s) {"instance": "full_Region4_s0.5", "solver": "lp", "budget": 300.0, "seed": 0, "wall": 3.622, "objective": 23.85066409285196, "peak_W_util": 23.832831520332164, "status": "ok", "over_budget": 0}
[solve] Region4_s0.5 cpsat (40s) {"instance": "full_Region4_s0.5", "solver": "cpsat", "budget": 300.0, "seed": 0, "wall": 1.905, "objective": 23.825369075369718, "peak_W_util": 23.825369075369718, "status": "ok", "over_budget": 0}
[solve] Region4_s0.5 pt (326s) {"instance": "full_Region4_s0.5", "solver": "pt", "budget": 300.0, "seed": 0, "wall": 300.022, "objective": 23.825369075369718, "peak_W_util": 23.825369075369718, "status": "ok", "over_budget": 0}
[solve] Region5_s0.5 lp (28s) {"instance": "full_Region5_s0.5", "solver": "lp", "budget": 300.0, "seed": 0, "wall": 3.029, "objective": 21.874949414011898, "peak_W_util": 21.795810670810617, "status": "ok", "over_budget": 0}
[solve] Region5_s0.5 cpsat (50s) {"instance": "full_Region5_s0.5", "solver": "cpsat", "budget": 300.0, "seed": 0, "wall": 3.421, "objective": 21.627169127169097, "peak_W_util": 21.627169127169097, "status": "ok", "over_budget": 0}
[solve] Region5_s0.5 pt (335s) {"instance": "full_Region5_s0.5", "solver": "pt", "budget": 300.0, "seed": 0, "wall": 300.01, "objective": 21.627169127169097, "peak_W_util": 21.627169127169097, "status": "ok", "over_budget": 0}
[solve] Region7_s0.5 lp (17s) {"instance": "full_Region7_s0.5", "solver": "lp", "budget": 300.0, "seed": 0, "wall": 7.325, "objective": 23.369876651126724, "peak_W_util": 23.037198912199, "status": "ok", "over_budget": 0}
[solve] Region7_s0.5 cpsat (73s) {"instance": "full_Region7_s0.5", "solver": "cpsat", "budget": 300.0, "seed": 0, "wall": 62.661, "objective": 22.866256717819013, "peak_W_util": 22.860431235431, "status": "ok", "over_budget": 0}
[solve] Region7_s0.5 pt (310s) {"instance": "full_Region7_s0.5", "solver": "pt", "budget": 300.0, "seed": 0, "wall": 300.023, "objective": 22.896235997798264, "peak_W_util": 22.860431235431, "status": "ok", "over_budget": 0}
[solve] Region6_s0.5 lp (72s) {"instance": "full_Region6_s0.5", "solver": "lp", "budget": 300.0, "seed": 0, "wall": 2.637, "objective": 24.07067874255376, "peak_W_util": 23.9222027972027, "status": "ok", "over_budget": 0}
[solve] Region6_s0.5 cpsat (101s) {"instance": "full_Region6_s0.5", "solver": "cpsat", "budget": 300.0, "seed": 0, "wall": 4.563, "objective": 23.6721056721057, "peak_W_util": 23.6721056721057, "status": "ok", "over_budget": 0}
[solve] Region6_s0.5 pt (326s) {"instance": "full_Region6_s0.5", "solver": "pt", "budget": 300.0, "seed": 0, "wall": 300.009, "objective": 23.6721056721057, "peak_W_util": 23.6721056721057, "status": "ok", "over_budget": 0}
[solve] Region4_s0.6 lp (38s) {"instance": "full_Region4_s0.6", "solver": "lp", "budget": 300.0, "seed": 0, "wall": 2.727, "objective": 19.117070140507835, "peak_W_util": 19.086991711991953, "status": "ok", "over_budget": 0}
[solve] Region4_s0.6 cpsat (17s) {"instance": "full_Region4_s0.6", "solver": "cpsat", "budget": 300.0, "seed": 0, "wall": 10.093, "objective": 18.882753820253008, "peak_W_util": 18.882753820253008, "status": "ok", "over_budget": 0}
[solve] Region4_s0.6 pt (335s) {"instance": "full_Region4_s0.6", "solver": "pt", "budget": 300.0, "seed": 0, "wall": 300.017, "objective": 18.907067469566854, "peak_W_util": 18.907067469566854, "status": "ok", "over_budget": 0}
[solve] Region5_s0.6 lp (27s) {"instance": "full_Region5_s0.6", "solver": "lp", "budget": 300.0, "seed": 0, "wall": 4.855, "objective": 23.40028490028489, "peak_W_util": 23.282051282051178, "status": "ok", "over_budget": 0}
[solve] Region5_s0.6 cpsat (32s) {"instance": "full_Region5_s0.6", "solver": "cpsat", "budget": 300.0, "seed": 0, "wall": 1.634, "objective": 23.219340844340806, "peak_W_util": 23.219340844340806, "status": "ok", "over_budget": 0}
[solve] Region5_s0.6 pt (331s) {"instance": "full_Region5_s0.6", "solver": "pt", "budget": 300.0, "seed": 0, "wall": 300.005, "objective": 23.219340844340806, "peak_W_util": 23.219340844340806, "status": "ok", "over_budget": 0}
[solve] Region7_s0.6 lp (49s) {"instance": "full_Region7_s0.6", "solver": "lp", "budget": 300.0, "seed": 0, "wall": 7.365, "objective": 22.963875534188123, "peak_W_util": 22.79398148148161, "status": "ok", "over_budget": 0}
[solve] Region7_s0.6 cpsat (125s) {"instance": "full_Region7_s0.6", "solver": "cpsat", "budget": 300.0, "seed": 0, "wall": 92.5, "objective": 22.482667217042163, "peak_W_util": 22.448280885780804, "status": "ok", "over_budget": 0}
[solve] Region7_s0.6 pt (368s) {"instance": "full_Region7_s0.6", "solver": "pt", "budget": 300.0, "seed": 0, "wall": 300.018, "objective": 22.56173716329964, "peak_W_util": 22.4685152810152, "status": "ok", "over_budget": 0}
[solve] Region6_s0.6 lp (5s) {"instance": "full_Region6_s0.6", "solver": "lp", "budget": 300.0, "seed": 0, "wall": 3.029, "objective": 21.34027373089892, "peak_W_util": 20.615821678322224, "status": "ok", "over_budget": 0}
[solve] Region6_s0.6 cpsat (182s) {"instance": "full_Region6_s0.6", "solver": "cpsat", "budget": 300.0, "seed": 0, "wall": 158.269, "objective": 20.4316563066563, "peak_W_util": 20.193716006215947, "status": "ok", "over_budget": 0}
[solve] Region6_s0.6 pt (322s) {"instance": "full_Region6_s0.6", "solver": "pt", "budget": 300.0, "seed": 0, "wall": 300.009, "objective": 20.67810719373216, "peak_W_util": 20.2989348614348, "status": "ok", "over_budget": 0}
[solve] Region4_s0.7 lp (30s) {"instance": "full_Region4_s0.7", "solver": "lp", "budget": 300.0, "seed": 0, "wall": 5.817, "objective": 32.3800889504014, "peak_W_util": 32.315284252784195, "status": "ok", "over_budget": 0}
[solve] Region4_s0.7 cpsat (28s) {"instance": "full_Region4_s0.7", "solver": "cpsat", "budget": 300.0, "seed": 0, "wall": 2.934, "objective": 32.301541051541, "peak_W_util": 32.301541051541, "status": "ok", "over_budget": 0}
[solve] Region4_s0.7 pt (324s) {"instance": "full_Region4_s0.7", "solver": "pt", "budget": 300.0, "seed": 0, "wall": 300.017, "objective": 32.301541051541, "peak_W_util": 32.301541051541, "status": "ok", "over_budget": 0}
[solve] Region5_s0.7 lp (26s) {"instance": "full_Region5_s0.7", "solver": "lp", "budget": 300.0, "seed": 0, "wall": 1.99, "objective": 16.384087266899762, "peak_W_util": 16.335259647759646, "status": "ok", "over_budget": 0}
[solve] Region5_s0.7 cpsat (28s) {"instance": "full_Region5_s0.7", "solver": "cpsat", "budget": 300.0, "seed": 0, "wall": 2.002, "objective": 16.157714970214993, "peak_W_util": 16.157714970214993, "status": "ok", "over_budget": 0}
[solve] Region5_s0.7 pt (324s) {"instance": "full_Region5_s0.7", "solver": "pt", "budget": 300.0, "seed": 0, "wall": 300.024, "objective": 16.157714970214993, "peak_W_util": 16.157714970214993, "status": "ok", "over_budget": 0}
[solve] Region7_s0.7 lp (29s) {"instance": "full_Region7_s0.7", "solver": "lp", "budget": 300.0, "seed": 0, "wall": 5.351, "objective": 21.406830727143255, "peak_W_util": 21.338772338772376, "status": "ok", "over_budget": 0}
[solve] Region7_s0.7 cpsat (32s) {"instance": "full_Region7_s0.7", "solver": "cpsat", "budget": 300.0, "seed": 0, "wall": 8.075, "objective": 21.16961279461274, "peak_W_util": 21.16961279461274, "status": "ok", "over_budget": 0}
[solve] Region7_s0.7 pt (324s) {"instance": "full_Region7_s0.7", "solver": "pt", "budget": 300.0, "seed": 0, "wall": 300.016, "objective": 21.16961279461274, "peak_W_util": 21.16961279461274, "status": "ok", "over_budget": 0}
[solve] Region6_s0.7 lp (28s) {"instance": "full_Region6_s0.7", "solver": "lp", "budget": 300.0, "seed": 0, "wall": 3.305, "objective": 22.99615141802641, "peak_W_util": 21.991210178710205, "status": "ok", "over_budget": 0}
[solve] Region6_s0.7 cpsat (240s) {"instance": "full_Region6_s0.7", "solver": "cpsat", "budget": 300.0, "seed": 0, "wall": 215.425, "objective": 21.68017514892514, "peak_W_util": 21.285596348096327, "status": "ok", "over_budget": 0}
[solve] Region6_s0.7 pt (324s) {"instance": "full_Region6_s0.7", "solver": "pt", "budget": 300.0, "seed": 0, "wall": 300.006, "objective": 21.96069671069688, "peak_W_util": 21.29822261072397, "status": "ok", "over_budget": 0}
[solve] Region4_s0.8 lp (30s) {"instance": "full_Region4_s0.8", "solver": "lp", "budget": 300.0, "seed": 0, "wall": 4.995, "objective": 27.945338804714037, "peak_W_util": 27.897986272986234, "status": "ok", "over_budget": 0}
[solve] Region4_s0.8 cpsat (29s) {"instance": "full_Region4_s0.8", "solver": "cpsat", "budget": 300.0, "seed": 0, "wall": 3.42, "objective": 27.649297461797048, "peak_W_util": 27.649297461797048, "status": "ok", "over_budget": 0}
[solve] Region4_s0.8 pt (325s) {"instance": "full_Region4_s0.8", "solver": "pt", "budget": 300.0, "seed": 0, "wall": 300.017, "objective": 27.649297461797048, "peak_W_util": 27.649297461797048, "status": "ok", "over_budget": 0}
[solve] Region5_s0.8 lp (27s) {"instance": "full_Region5_s0.8", "solver": "lp", "budget": 300.0, "seed": 0, "wall": 1.977, "objective": 14.604850589225588, "peak_W_util": 14.570334757834752, "status": "ok", "over_budget": 0}
[solve] Region5_s0.8 cpsat (26s) {"instance": "full_Region5_s0.8", "solver": "cpsat", "budget": 300.0, "seed": 0, "wall": 1.037, "objective": 14.499384874384832, "peak_W_util": 14.499384874384832, "status": "ok", "over_budget": 0}
[solve] Region5_s0.8 pt (325s) {"instance": "full_Region5_s0.8", "solver": "pt", "budget": 300.0, "seed": 0, "wall": 300.018, "objective": 14.499384874384832, "peak_W_util": 14.499384874384832, "status": "ok", "over_budget": 0}
[solve] Region7_s0.8 lp (32s) {"instance": "full_Region7_s0.8", "solver": "lp", "budget": 300.0, "seed": 0, "wall": 6.387, "objective": 23.961257203444667, "peak_W_util": 23.89832621082615, "status": "ok", "over_budget": 0}
[solve] Region7_s0.8 cpsat (38s) {"instance": "full_Region7_s0.8", "solver": "cpsat", "budget": 300.0, "seed": 0, "wall": 11.914, "objective": 23.498947811447753, "peak_W_util": 23.498947811447753, "status": "ok", "over_budget": 0}
[solve] Region7_s0.8 pt (325s) {"instance": "full_Region7_s0.8", "solver": "pt", "budget": 300.0, "seed": 0, "wall": 300.019, "objective": 23.50704156954151, "peak_W_util": 23.50704156954151, "status": "ok", "over_budget": 0}
[solve] Region6_s0.8 lp (28s) {"instance": "full_Region6_s0.8", "solver": "lp", "budget": 300.0, "seed": 0, "wall": 2.18, "objective": 23.038908718596225, "peak_W_util": 22.97159090909091, "status": "ok", "over_budget": 0}
[solve] Region6_s0.8 cpsat (34s) {"instance": "full_Region6_s0.8", "solver": "cpsat", "budget": 300.0, "seed": 0, "wall": 8.263, "objective": 22.87765475265473, "peak_W_util": 22.87765475265473, "status": "ok", "over_budget": 0}
[solve] Region6_s0.8 pt (325s) {"instance": "full_Region6_s0.8", "solver": "pt", "budget": 300.0, "seed": 0, "wall": 300.012, "objective": 22.87765475265473, "peak_W_util": 22.87765475265473, "status": "ok", "over_budget": 0}
[solve] Region4_s0.9 lp (110s) {"instance": "full_Region4_s0.9", "solver": "lp", "budget": 300.0, "seed": 0, "wall": 3.801, "objective": 24.35551427738917, "peak_W_util": 24.309359621859628, "status": "ok", "over_budget": 0}
[solve] Region4_s0.9 cpsat (32s) {"instance": "full_Region4_s0.9", "solver": "cpsat", "budget": 300.0, "seed": 0, "wall": 6.264, "objective": 24.125097125096904, "peak_W_util": 24.125097125096904, "status": "ok", "over_budget": 0}
[solve] Region4_s0.9 pt (408s) {"instance": "full_Region4_s0.9", "solver": "pt", "budget": 300.0, "seed": 0, "wall": 300.014, "objective": 24.125097125096904, "peak_W_util": 24.125097125096904, "status": "ok", "over_budget": 0}
[solve] Region5_s0.9 lp (29s) {"instance": "full_Region5_s0.9", "solver": "lp", "budget": 300.0, "seed": 0, "wall": 3.909, "objective": 21.842693764568768, "peak_W_util": 21.65052771302769, "status": "ok", "over_budget": 0}
[solve] Region5_s0.9 cpsat (28s) {"instance": "full_Region5_s0.9", "solver": "cpsat", "budget": 300.0, "seed": 0, "wall": 1.983, "objective": 21.470344470344408, "peak_W_util": 21.470344470344408, "status": "ok", "over_budget": 0}
[solve] Region5_s0.9 pt (381s) {"instance": "full_Region5_s0.9", "solver": "pt", "budget": 300.0, "seed": 0, "wall": 300.011, "objective": 21.470344470344408, "peak_W_util": 21.470344470344408, "status": "ok", "over_budget": 0}
[solve] Region7_s0.9 lp (114s) {"instance": "full_Region7_s0.9", "solver": "lp", "budget": 300.0, "seed": 0, "wall": 7.695, "objective": 23.404173951049007, "peak_W_util": 23.15719696969703, "status": "ok", "over_budget": 0}
[solve] Region7_s0.9 cpsat (417s) {"instance": "full_Region7_s0.9", "solver": "cpsat", "budget": 300.0, "seed": 0, "wall": 96.791, "objective": 22.872743864931284, "peak_W_util": 22.808971121471018, "status": "ok", "over_budget": 0}
[solve] Region7_s0.9 pt (486s) {"instance": "full_Region7_s0.9", "solver": "pt", "budget": 300.0, "seed": 0, "wall": 300.02, "objective": 22.958323216135657, "peak_W_util": 22.808971121471018, "status": "ok", "over_budget": 0}
[solve] Region6_s0.9 lp (28s) {"instance": "full_Region6_s0.9", "solver": "lp", "budget": 300.0, "seed": 0, "wall": 3.333, "objective": 22.628476269101306, "peak_W_util": 22.362406112406156, "status": "ok", "over_budget": 0}
[solve] Region6_s0.9 cpsat (206s) {"instance": "full_Region6_s0.9", "solver": "cpsat", "budget": 300.0, "seed": 0, "wall": 124.351, "objective": 21.962165727790733, "peak_W_util": 21.8359718984719, "status": "ok", "over_budget": 0}
[solve] Region6_s0.9 pt (405s) {"instance": "full_Region6_s0.9", "solver": "pt", "budget": 300.0, "seed": 0, "wall": 300.025, "objective": 22.09673862017615, "peak_W_util": 21.8359718984719, "status": "ok", "over_budget": 0}
